02-22 15:00:51.886 V/WLAN_PSA(  366): NL MSG, PID: 366
02-22 15:00:52.576 V/WLAN_PSA(  366): NL MSG, len[4004], NL type[0x1C] WNI type[0x5900] len[35855]
02-22 15:00:52.576 V/WLAN_PSA(  366): NL MSG, PID: 366
02-22 15:00:52.636 I/SurfaceFlinger(  307): FPS: 2
02-22 15:00:52.736 W/        (18053): [ColorAdjust] gammamode=2, cemode=10
02-22 15:00:52.736 W/        (18053): [ColorAdjust] temp_gammavalue=2, temp_cevalue=10
02-22 15:00:52.736 W/        (18053): [ColorAdjust] Don't setGamma!
02-22 15:00:52.736 W/        (18053): [ColorAdjust] Don't setCe!
02-22 15:00:52.776 W/        (18053): [ColorAdjust] Set temp_prefer temp_ce!
02-22 15:00:52.856 E/anti    (18454): anti once
02-22 15:00:53.366 I/Atfwd_Sendcmd(15634): AtCmdFwd service not ready - Exhausted retry attempts - :6
02-22 15:00:53.366 I/Atfwd_Daemon(15634): result : -1 	 ,Init step :2 	 ,qmiErrorCode: 0
02-22 15:00:53.876 E/anti    (18454): anti once
02-22 15:00:54.886 E/anti    (18454): anti once
02-22 15:00:55.896 E/anti    (18454): anti once
02-22 15:00:56.896 V/WLAN_PSA(  366): NL MSG, len[048], NL type[0x11] WNI type[0x5050] len[028]
02-22 15:00:56.896 V/WLAN_PSA(  366): NL MSG, PID: 366
02-22 15:00:56.906 E/anti    (18454): anti once
02-22 15:00:57.006 V/WLAN_PSA(  366): NL MSG, len[4033], NL type[0x1C] WNI type[0x5900] len[43279]
02-22 15:00:57.006 V/WLAN_PSA(  366): NL MSG, PID: 366
02-22 15:00:57.036 I/SurfaceFlinger(  307): FPS: 3
02-22 15:00:57.426 I/XiaomiFirewall( 5196): firewall pkgName:com.wanda.app.wanhui, result:0x0
02-22 15:00:57.786 W/        (18059): [ColorAdjust] gammamode=2, cemode=10
02-22 15:00:57.786 W/        (18059): [ColorAdjust] temp_gammavalue=2, temp_cevalue=10
02-22 15:00:57.786 W/        (18059): [ColorAdjust] Don't setGamma!
02-22 15:00:57.786 W/        (18059): [ColorAdjust] Don't setCe!
02-22 15:00:57.806 W/        (18059): [ColorAdjust] Set temp_prefer temp_ce!
02-22 15:00:57.916 E/anti    (18454): anti once
02-22 15:00:58.036 I/SurfaceFlinger(  307): FPS: 2
02-22 15:00:58.926 E/anti    (18454): anti once
02-22 15:00:59.136 W/ActivityManager( 2395): getRunningAppProcesses: caller 10170 does not hold REAL_GET_TASKS; limiting output
02-22 15:00:59.246 D/ConnectivityService( 2395): returning Blocked NetworkInfo for ifname=wlan0, uid=10122
02-22 15:00:59.646 I/SurfaceFlinger(  307): FPS: 3
02-22 15:00:59.946 E/anti    (18454): anti once
02-22 15:01:00.036 D/SizeAdaptiveLayout( 4430): com.android.internal.widget.SizeAdaptiveLayout{16a21ce5 V.E..... ......ID 0,0-658,130 #70800d9 com.android.systemui:id/adaptive}child view android.widget.LinearLayout{5f243ba V.E..... ......ID 0,0-658,129 #7090005 com.android.providers.downloads:id/status_bar_latest_event_content} measured out of bounds at 129px clamped to 130px
02-22 15:01:00.036 D/SizeAdaptiveLayout( 4430): com.android.internal.widget.SizeAdaptiveLayout{56c0e1b V.E..... ......ID 0,0-658,130 #70800d9 com.android.systemui:id/adaptive}child view android.widget.FrameLayout{1c8f002a V.E..... ......ID 0,0-658,129 #1020335 android:id/status_bar_latest_event_content} measured out of bounds at 129px clamped to 130px
02-22 15:01:00.776 D/AndroidRuntime(18068): >>>>>> START com.android.internal.os.RuntimeInit uid 2000 <<<<<<
02-22 15:01:00.776 D/AndroidRuntime(18068): CheckJNI is OFF
02-22 15:01:00.956 E/anti    (18454): anti once
02-22 15:01:00.986 D/AndroidRuntime(18068): Calling main entry com.android.commands.am.Am
02-22 15:01:00.996 D/AndroidRuntime(18068): Shutting down VM
02-22 15:01:01.606 V/WLAN_PSA(  366): NL MSG, len[4066], NL type[0x1C] WNI type[0x5900] len[51727]
02-22 15:01:01.606 V/WLAN_PSA(  366): NL MSG, PID: 366
02-22 15:01:01.906 V/WLAN_PSA(  366): NL MSG, len[048], NL type[0x11] WNI type[0x5050] len[028]
02-22 15:01:01.906 V/WLAN_PSA(  366): NL MSG, PID: 366
02-22 15:01:01.966 E/anti    (18454): anti once
02-22 15:01:02.816 W/        (18085): [ColorAdjust] gammamode=2, cemode=10
02-22 15:01:02.816 W/        (18085): [ColorAdjust] temp_gammavalue=2, temp_cevalue=10
02-22 15:01:02.816 W/        (18085): [ColorAdjust] Don't setGamma!
02-22 15:01:02.816 W/        (18085): [ColorAdjust] Don't setCe!
02-22 15:01:02.826 W/        (18085): [ColorAdjust] Set temp_prefer temp_ce!
02-22 15:01:02.986 E/anti    (18454): anti once
02-22 15:01:03.056 I/SurfaceFlinger(  307): FPS: 3
