02-22 14:59:45.906 V/WLAN_PSA(  366): NL MSG, len[914], NL type[0x11] WNI type[0x5050] len[894]
02-22 14:59:45.906 V/WLAN_PSA(  366): NL MSG, PID: 366
02-22 14:59:45.906 V/WLAN_PSA(  366): NL MSG, len[4063], NL type[0x1C] WNI type[0x5900] len[50959]
02-22 14:59:45.906 V/WLAN_PSA(  366): NL MSG, PID: 366
02-22 14:59:45.926 I/ThermalEngine(  370): Sensor:tsens_tz_sensor2:45000 mC
02-22 14:59:45.926 I/ThermalEngine(  370): Sensor:tsens_tz_sensor2:45000 mC
02-22 14:59:45.926 I/ThermalEngine(  370): TM Id 'CHARGING_MONITOR' Sensor 'pop_mem' - alarm raised 2 at 45.0 degC
02-22 14:59:45.926 I/ThermalEngine(  370): Mitigation:Battery:2
02-22 14:59:45.996 V/WLAN_PSA(  366): NL MSG, len[914], NL type[0x11] WNI type[0x5050] len[894]
02-22 14:59:45.996 V/WLAN_PSA(  366): NL MSG, PID: 366
02-22 14:59:45.996 V/WLAN_PSA(  366): NL MSG, len[048], NL type[0x11] WNI type[0x5050] len[028]
02-22 14:59:45.996 V/WLAN_PSA(  366): NL MSG, PID: 366
02-22 14:59:45.996 V/WLAN_PSA(  366): NL MSG, len[4012], NL type[0x1C] WNI type[0x5900] len[37903]
02-22 14:59:45.996 V/WLAN_PSA(  366): NL MSG, PID: 366
02-22 14:59:46.036 V/WLAN_PSA(  366): NL MSG, len[4091], NL type[0x1C] WNI type[0x5900] len[58127]
02-22 14:59:46.036 V/WLAN_PSA(  366): NL MSG, PID: 366
02-22 14:59:46.076 E/anti    (18454): anti once
02-22 14:59:46.086 V/WLAN_PSA(  366): NL MSG, len[4095], NL type[0x1C] WNI type[0x5900] len[59151]
02-22 14:59:46.086 V/WLAN_PSA(  366): NL MSG, PID: 366
02-22 14:59:46.116 V/WLAN_PSA(  366): NL MSG, len[914], NL type[0x11] WNI type[0x5050] len[894]
02-22 14:59:46.116 V/WLAN_PSA(  366): NL MSG, PID: 366
02-22 14:59:46.116 V/WLAN_PSA(  366): NL MSG, len[4039], NL type[0x1C] WNI type[0x5900] len[44815]
02-22 14:59:46.116 V/WLAN_PSA(  366): NL MSG, PID: 366
02-22 14:59:46.156 I/XiaomiFirewall( 5196): firewall pkgName:com.wanda.app.wanhui, result:0x0
02-22 14:59:46.196 E/GsmCellLocation Error(17795): GsmCellLocation is null
02-22 14:59:46.196 E/commonUtil(17795): imsi is null
02-22 14:59:46.206 V/WLAN_PSA(  366): NL MSG, len[914], NL type[0x11] WNI type[0x5050] len[894]
02-22 14:59:46.206 V/WLAN_PSA(  366): NL MSG, PID: 366
02-22 14:59:46.206 V/WLAN_PSA(  366): NL MSG, len[048], NL type[0x11] WNI type[0x5050] len[028]
02-22 14:59:46.206 V/WLAN_PSA(  366): NL MSG, PID: 366
02-22 14:59:46.216 V/WLAN_PSA(  366): NL MSG, len[3958], NL type[0x1C] WNI type[0x5900] len[24079]
02-22 14:59:46.216 V/WLAN_PSA(  366): NL MSG, PID: 366
02-22 14:59:46.246 V/WLAN_PSA(  366): NL MSG, len[048], NL type[0x11] WNI type[0x5050] len[028]
02-22 14:59:46.246 V/WLAN_PSA(  366): NL MSG, PID: 366
02-22 14:59:46.256 V/WLAN_PSA(  366): NL MSG, len[914], NL type[0x11] WNI type[0x5050] len[894]
02-22 14:59:46.256 V/WLAN_PSA(  366): NL MSG, PID: 366
02-22 14:59:46.256 V/WLAN_PSA(  366): NL MSG, len[3994], NL type[0x1C] WNI type[0x5900] len[33295]
02-22 14:59:46.256 V/WLAN_PSA(  366): NL MSG, PID: 366
02-22 14:59:46.256 I/WifiHAL ( 2395): Poll result = 1
02-22 14:59:46.256 I/WifiHAL ( 2395): Found some events!!!
02-22 14:59:46.256 D/WifiHAL ( 2395): no_seq_check received
02-22 14:59:46.256 I/WifiHAL ( 2395): event received NL80211_CMD_NEW_SCAN_RESULTS
02-22 14:59:46.256 I/WifiHAL ( 2395): event received NL80211_CMD_NEW_SCAN_RESULTS, vendor_id = 0x0
02-22 14:59:46.256 I/WifiHAL ( 2395): event ignored!!
02-22 14:59:46.256 V/WLAN_PSA(  366): NL MSG, len[4032], NL type[0x1C] WNI type[0x5900] len[43023]
02-22 14:59:46.256 V/WLAN_PSA(  366): NL MSG, PID: 366
02-22 14:59:46.266 W/linker  (17795): libFFIndoorLocateDeobfuscator.so: unused DT entry: type 0x6ffffffe arg 0x243c
02-22 14:59:46.266 W/linker  (17795): libFFIndoorLocateDeobfuscator.so: unused DT entry: type 0x6fffffff arg 0x2
02-22 14:59:46.276 D/LBSSystemMonitorService( 2395): handleMessage what - 4
02-22 14:59:46.276 D/Wiper_jni( 2395): Send Network Location.
02-22 14:59:46.276 E/TAG     ( 8012): {}
02-22 14:59:46.276 E/TAG     ( 8012): {}
02-22 14:59:46.276 D/WifiScanServices( 8012): scanResult:[]
02-22 14:59:46.286 E/WifiScanServices( 8012): start process end time - 24
02-22 14:59:46.286 D/LocationPolicy( 2395): [uid = 10108, op = 2] is blocked by location policy
02-22 14:59:46.286 D/WifiService( 2395): uid=10108 wifi scan blocked
02-22 14:59:46.316 D/Sensors ( 2395): batch called handle:4 sample_ns:5000000 latency_ns:0
02-22 14:59:46.316 D/Sensors ( 2395): activate called handle:4 enable:1
02-22 14:59:46.316 D/Sensors ( 2395): kxtj9-accel calling driver setDelay 5 ms
02-22 14:59:46.316 D/Sensors ( 2395): kxtj9-accel calling driver enable
02-22 14:59:46.376 I/XiaomiFirewall( 5196): firewall pkgName:com.amap.android.location, result:0x0
02-22 14:59:46.456 E/test    (17795): level---- 100 voltage---4357
02-22 14:59:46.576 W/ActivityManager( 2395): getRunningAppProcesses: caller 10175 does not hold REAL_GET_TASKS; limiting output
02-22 14:59:46.576 W/ActivityManager( 2395): getRunningAppProcesses: caller 10175 does not hold REAL_GET_TASKS; limiting output
02-22 14:59:46.576 W/ActivityManager( 2395): getRunningAppProcesses: caller 10175 does not hold REAL_GET_TASKS; limiting output
02-22 14:59:46.576 W/ActivityManager( 2395): getRunningAppProcesses: caller 10175 does not hold REAL_GET_TASKS; limiting output
02-22 14:59:46.756 V/WLAN_PSA(  366): NL MSG, len[048], NL type[0x11] WNI type[0x5050] len[028]
02-22 14:59:46.756 V/WLAN_PSA(  366): NL MSG, PID: 366
02-22 14:59:47.086 E/anti    (18454): anti once
02-22 14:59:48.096 E/anti    (18454): anti once
02-22 14:59:48.266 W/BackupManagerService( 2395): dataChanged but no participant pkg='com.android.providers.settings' uid=10175
02-22 14:59:48.276 W/        (17940): [ColorAdjust] gammamode=2, cemode=10
02-22 14:59:48.276 W/        (17940): [ColorAdjust] temp_gammavalue=2, temp_cevalue=10
02-22 14:59:48.276 W/        (17940): [ColorAdjust] Don't setGamma!
02-22 14:59:48.276 W/        (17940): [ColorAdjust] Don't setCe!
02-22 14:59:48.296 W/        (17940): [ColorAdjust] Set temp_prefer temp_ce!
02-22 14:59:48.326 I/XiaomiFirewall( 5196): firewall pkgName:com.wanda.app.wanhui, result:0x0
02-22 14:59:49.106 E/anti    (18454): anti once
02-22 14:59:49.186 I/ThermalEngine(  370): Sensor:tsens_tz_sensor2:44000 mC
02-22 14:59:49.316 V/WLAN_PSA(  366): NL MSG, len[4028], NL type[0x1C] WNI type[0x5900] len[41999]
02-22 14:59:49.316 V/WLAN_PSA(  366): NL MSG, PID: 366
02-22 14:59:49.336 W/Metok_Tag( 5342): < metok_app > invalid network operator 
02-22 14:59:49.336 W/Metok_Tag( 5342): < metok_app > invalid network operator 
02-22 14:59:50.116 E/anti    (18454): anti once
02-22 14:59:50.206 D/BatteryService( 2395): Processing new values: chargerAcOnline=false, chargerUsbOnline=true, chargerWirelessOnline=false, batteryStatus=5, batteryHealth=2, batteryPresent=true, batteryLevel=100, batteryTechnology=Li-ion, batteryVoltage=4365, batteryTemperature=322, mBatteryLevelCritical=false, mPlugType=2
02-22 14:59:50.206 D/BatteryService( 2395): Sending ACTION_BATTERY_CHANGED.  level:100, scale:100, status:5, health:2, present:true, voltage: 4365, temperature: 322, technology: Li-ion, AC powered:false, USB powered:true, Wireless powered:false, icon:17303157, invalid charger:0
02-22 14:59:50.206 D/BatteryService( 2395): zhaoqf_sh batteryServices call state : 0 mPlugType : 2
02-22 14:59:50.236 I/SurfaceFlinger(  307): FPS: 2
02-22 14:59:50.276 W/DnsProxyListener(  352): GetHostByAddrHandler: Error writing DNS result to client
02-22 14:59:50.276 W/SocketClient(  352): write error (Broken pipe)
02-22 14:59:50.396 I/ThermalEngine(  370): Sensor:tsens_tz_sensor2:43000 mC
02-22 14:59:50.396 I/ThermalEngine(  370): Sensor:tsens_tz_sensor2:43000 mC
02-22 14:59:50.396 I/ThermalEngine(  370): TM Id 'CHARGING_MONITOR' Sensor 'pop_mem' - alarm cleared 2 at 43.0 degC
02-22 14:59:50.396 I/ThermalEngine(  370): Mitigation:Battery:1
02-22 14:59:51.126 E/anti    (18454): anti once
02-22 14:59:51.526 I/SurfaceFlinger(  307): FPS: 3
02-22 14:59:51.766 V/WLAN_PSA(  366): NL MSG, len[048], NL type[0x11] WNI type[0x5050] len[028]
02-22 14:59:51.766 V/WLAN_PSA(  366): NL MSG, PID: 366
02-22 14:59:52.136 E/anti    (18454): anti once
02-22 14:59:52.866 V/WLAN_PSA(  366): NL MSG, len[4063], NL type[0x1C] WNI type[0x5900] len[50959]
02-22 14:59:52.866 V/WLAN_PSA(  366): NL MSG, PID: 366
02-22 14:59:53.156 E/anti    (18454): anti once
02-22 14:59:53.306 W/        (17950): [ColorAdjust] gammamode=2, cemode=10
02-22 14:59:53.306 W/        (17950): [ColorAdjust] temp_gammavalue=2, temp_cevalue=10
02-22 14:59:53.306 W/        (17950): [ColorAdjust] Don't setGamma!
02-22 14:59:53.306 W/        (17950): [ColorAdjust] Don't setCe!
02-22 14:59:53.336 W/        (17950): [ColorAdjust] Set temp_prefer temp_ce!
02-22 14:59:54.166 E/anti    (18454): anti once
02-22 14:59:54.186 I/ThermalEngine(  370): Sensor:tsens_tz_sensor2:42000 mC
02-22 14:59:54.186 I/ThermalEngine(  370): Mitigation:CLUSTER[1]:1497600 Khz
02-22 14:59:54.186 I/ThermalEngine(  370): Sensor:tsens_tz_sensor2:42000 mC
02-22 14:59:54.916 I/SurfaceFlinger(  307): FPS: 3
02-22 14:59:55.176 E/anti    (18454): anti once
02-22 14:59:56.186 E/anti    (18454): anti once
02-22 14:59:56.396 I/XiaomiFirewall( 5196): firewall pkgName:com.amap.android.location, result:0x0
02-22 14:59:56.526 I/SurfaceFlinger(  307): FPS: 3
02-22 14:59:56.776 V/WLAN_PSA(  366): NL MSG, len[048], NL type[0x11] WNI type[0x5050] len[028]
02-22 14:59:56.776 V/WLAN_PSA(  366): NL MSG, PID: 366
02-22 14:59:57.196 E/anti    (18454): anti once
02-22 14:59:57.876 V/WLAN_PSA(  366): NL MSG, len[4072], NL type[0x1C] WNI type[0x5900] len[53263]
02-22 14:59:57.876 V/WLAN_PSA(  366): NL MSG, PID: 366
02-22 14:59:58.206 E/anti    (18454): anti once
02-22 14:59:58.346 W/        (17958): [ColorAdjust] gammamode=2, cemode=10
02-22 14:59:58.346 W/        (17958): [ColorAdjust] temp_gammavalue=2, temp_cevalue=10
02-22 14:59:58.346 W/        (17958): [ColorAdjust] Don't setGamma!
02-22 14:59:58.346 W/        (17958): [ColorAdjust] Don't setCe!
02-22 14:59:58.356 I/ServiceManager(15634): Waiting for service AtCmdFwd...
02-22 14:59:58.366 W/        (17958): [ColorAdjust] Set temp_prefer temp_ce!
02-22 14:59:58.916 I/SurfaceFlinger(  307): FPS: 1
02-22 14:59:59.136 W/ActivityManager( 2395): getRunningAppProcesses: caller 10170 does not hold REAL_GET_TASKS; limiting output
02-22 14:59:59.226 E/anti    (18454): anti once
02-22 14:59:59.246 D/ConnectivityService( 2395): returning Blocked NetworkInfo for ifname=wlan0, uid=10122
02-22 14:59:59.356 I/ServiceManager(15634): Waiting for service AtCmdFwd...
02-22 15:00:00.016 I/SurfaceFlinger(  307): FPS: 3
02-22 15:00:00.036 D/SizeAdaptiveLayout( 4430): com.android.internal.widget.SizeAdaptiveLayout{16a21ce5 V.E..... ......ID 0,0-658,130 #70800d9 com.android.systemui:id/adaptive}child view android.widget.LinearLayout{5f243ba V.E..... ......ID 0,0-658,129 #7090005 com.android.providers.downloads:id/status_bar_latest_event_content} measured out of bounds at 129px clamped to 130px
02-22 15:00:00.036 D/SizeAdaptiveLayout( 4430): com.android.internal.widget.SizeAdaptiveLayout{56c0e1b V.E..... ......ID 0,0-658,130 #70800d9 com.android.systemui:id/adaptive}child view android.widget.FrameLayout{1c8f002a V.E..... ......ID 0,0-658,129 #1020335 android:id/status_bar_latest_event_content} measured out of bounds at 129px clamped to 130px
02-22 15:00:00.226 D/BatteryService( 2395): Processing new values: chargerAcOnline=false, chargerUsbOnline=true, chargerWirelessOnline=false, batteryStatus=5, batteryHealth=2, batteryPresent=true, batteryLevel=100, batteryTechnology=Li-ion, batteryVoltage=4366, batteryTemperature=322, mBatteryLevelCritical=false, mPlugType=2
02-22 15:00:00.226 D/BatteryService( 2395): Sending ACTION_BATTERY_CHANGED.  level:100, scale:100, status:5, health:2, present:true, voltage: 4366, temperature: 322, technology: Li-ion, AC powered:false, USB powered:true, Wireless powered:false, icon:17303157, invalid charger:0
02-22 15:00:00.226 D/BatteryService( 2395): zhaoqf_sh batteryServices call state : 0 mPlugType : 2
02-22 15:00:00.236 E/anti    (18454): anti once
02-22 15:00:00.356 I/ServiceManager(15634): Waiting for service AtCmdFwd...
02-22 15:00:01.246 E/anti    (18454): anti once
02-22 15:00:01.356 I/ServiceManager(15634): Waiting for service AtCmdFwd...
02-22 15:00:01.376 V/WLAN_PSA(  366): NL MSG, len[4094], NL type[0x1C] WNI type[0x5900] len[58895]
02-22 15:00:01.376 V/WLAN_PSA(  366): NL MSG, PID: 366
02-22 15:00:01.426 D/MSF.D.QLog( 5843): QLog init
02-22 15:00:01.526 I/SurfaceFlinger(  307): FPS: 4
02-22 15:00:01.786 V/WLAN_PSA(  366): NL MSG, len[048], NL type[0x11] WNI type[0x5050] len[028]
02-22 15:00:01.786 V/WLAN_PSA(  366): NL MSG, PID: 366
02-22 15:00:02.256 E/anti    (18454): anti once
02-22 15:00:02.356 I/ServiceManager(15634): Waiting for service AtCmdFwd...
02-22 15:00:02.936 I/SurfaceFlinger(  307): FPS: 1
02-22 15:00:03.276 E/anti    (18454): anti once
02-22 15:00:03.356 D/qdlights( 2395): persist.sys.display_eyecare:0
02-22 15:00:03.356 D/qdlights( 2395): disable night mode:0
02-22 15:00:03.356 E/PPDaemon( 2395): DisplayConfigPPMode_float: strength select:0 ,local 0
02-22 15:00:03.356 D/PPDaemon( 2395): DisplayConfigPPMode_float: Mode:0 applied successfully
02-22 15:00:03.356 W/Atfwd_Sendcmd(15634): AtCmdFwd service not published, waiting... retryCnt : 4
02-22 15:00:03.366 D/qdlights( 2395): persist.sys.display_eyecare:0
02-22 15:00:03.366 D/qdlights( 2395): disable night mode:0
02-22 15:00:03.366 E/PPDaemon( 2395): DisplayConfigPPMode_float: strength select:0 ,local 0
02-22 15:00:03.376 W/        (17968): [ColorAdjust] gammamode=2, cemode=10
02-22 15:00:03.376 W/        (17968): [ColorAdjust] temp_gammavalue=2, temp_cevalue=10
02-22 15:00:03.376 W/        (17968): [ColorAdjust] Don't setGamma!
02-22 15:00:03.376 W/        (17968): [ColorAdjust] Don't setCe!
02-22 15:00:03.386 D/PPDaemon( 2395): DisplayConfigPPMode_float: Mode:0 applied successfully
02-22 15:00:03.386 D/qdlights( 2395): persist.sys.display_eyecare:0
02-22 15:00:03.386 D/qdlights( 2395): disable night mode:0
02-22 15:00:03.386 E/PPDaemon( 2395): DisplayConfigPPMode_float: strength select:0 ,local 0
02-22 15:00:03.396 D/PPDaemon( 2395): DisplayConfigPPMode_float: Mode:0 applied successfully
02-22 15:00:03.406 D/qdlights( 2395): persist.sys.display_eyecare:0
02-22 15:00:03.406 D/qdlights( 2395): disable night mode:0
02-22 15:00:03.406 E/PPDaemon( 2395): DisplayConfigPPMode_float: strength select:0 ,local 0
02-22 15:00:03.406 W/        (17968): [ColorAdjust] Set temp_prefer temp_ce!
02-22 15:00:03.416 D/PPDaemon( 2395): DisplayConfigPPMode_float: Mode:0 applied successfully
02-22 15:00:03.416 D/qdlights( 2395): persist.sys.display_eyecare:0
02-22 15:00:03.416 D/qdlights( 2395): disable night mode:0
02-22 15:00:03.416 E/PPDaemon( 2395): DisplayConfigPPMode_float: strength select:0 ,local 0
02-22 15:00:03.436 D/PPDaemon( 2395): DisplayConfigPPMode_float: Mode:0 applied successfully
02-22 15:00:03.436 D/qdlights( 2395): persist.sys.display_eyecare:0
02-22 15:00:03.436 D/qdlights( 2395): disable night mode:0
02-22 15:00:03.436 E/PPDaemon( 2395): DisplayConfigPPMode_float: strength select:0 ,local 0
02-22 15:00:03.446 D/PPDaemon( 2395): DisplayConfigPPMode_float: Mode:0 applied successfully
02-22 15:00:03.456 D/qdlights( 2395): persist.sys.display_eyecare:0
02-22 15:00:03.456 D/qdlights( 2395): disable night mode:0
02-22 15:00:03.456 E/PPDaemon( 2395): DisplayConfigPPMode_float: strength select:0 ,local 0
02-22 15:00:03.466 D/PPDaemon( 2395): DisplayConfigPPMode_float: Mode:0 applied successfully
02-22 15:00:03.466 D/qdlights( 2395): persist.sys.display_eyecare:0
02-22 15:00:03.466 D/qdlights( 2395): disable night mode:0
02-22 15:00:03.466 E/PPDaemon( 2395): DisplayConfigPPMode_float: strength select:0 ,local 0
02-22 15:00:03.486 D/PPDaemon( 2395): DisplayConfigPPMode_float: Mode:0 applied successfully
02-22 15:00:03.486 D/qdlights( 2395): persist.sys.display_eyecare:0
02-22 15:00:03.486 D/qdlights( 2395): disable night mode:0
02-22 15:00:03.486 E/PPDaemon( 2395): DisplayConfigPPMode_float: strength select:0 ,local 0
02-22 15:00:03.496 D/PPDaemon( 2395): DisplayConfigPPMode_float: Mode:0 applied successfully
02-22 15:00:03.506 D/qdlights( 2395): persist.sys.display_eyecare:0
02-22 15:00:03.506 D/qdlights( 2395): disable night mode:0
02-22 15:00:03.506 E/PPDaemon( 2395): DisplayConfigPPMode_float: strength select:0 ,local 0
02-22 15:00:03.516 D/PPDaemon( 2395): DisplayConfigPPMode_float: Mode:0 applied successfully
02-22 15:00:03.536 D/qdlights( 2395): persist.sys.display_eyecare:0
02-22 15:00:03.536 D/qdlights( 2395): disable night mode:0
02-22 15:00:03.536 E/PPDaemon( 2395): DisplayConfigPPMode_float: strength select:0 ,local 0
02-22 15:00:03.556 D/PPDaemon( 2395): DisplayConfigPPMode_float: Mode:0 applied successfully
02-22 15:00:03.566 D/qdlights( 2395): persist.sys.display_eyecare:0
02-22 15:00:03.566 D/qdlights( 2395): disable night mode:0
02-22 15:00:03.566 E/PPDaemon( 2395): DisplayConfigPPMode_float: strength select:0 ,local 0
02-22 15:00:03.586 D/PPDaemon( 2395): DisplayConfigPPMode_float: Mode:0 applied successfully
02-22 15:00:03.586 D/qdlights( 2395): persist.sys.display_eyecare:0
02-22 15:00:03.586 D/qdlights( 2395): disable night mode:0
02-22 15:00:03.586 E/PPDaemon( 2395): DisplayConfigPPMode_float: strength select:0 ,local 0
02-22 15:00:03.596 D/PPDaemon( 2395): DisplayConfigPPMode_float: Mode:0 applied successfully
02-22 15:00:03.606 D/qdlights( 2395): persist.sys.display_eyecare:0
02-22 15:00:03.606 D/qdlights( 2395): disable night mode:0
02-22 15:00:03.606 E/PPDaemon( 2395): DisplayConfigPPMode_float: strength select:0 ,local 0
02-22 15:00:03.606 D/PPDaemon( 2395): DisplayConfigPPMode_float: Mode:0 applied successfully
02-22 15:00:03.616 D/qdlights( 2395): persist.sys.display_eyecare:0
02-22 15:00:03.616 D/qdlights( 2395): disable night mode:0
02-22 15:00:03.616 E/PPDaemon( 2395): DisplayConfigPPMode_float: strength select:0 ,local 0
02-22 15:00:03.636 D/PPDaemon( 2395): DisplayConfigPPMode_float: Mode:0 applied successfully
02-22 15:00:03.636 D/qdlights( 2395): persist.sys.display_eyecare:0
02-22 15:00:03.636 D/qdlights( 2395): disable night mode:0
02-22 15:00:03.636 E/PPDaemon( 2395): DisplayConfigPPMode_float: strength select:0 ,local 0
02-22 15:00:03.646 D/PPDaemon( 2395): DisplayConfigPPMode_float: Mode:0 applied successfully
02-22 15:00:03.656 D/qdlights( 2395): persist.sys.display_eyecare:0
02-22 15:00:03.656 D/qdlights( 2395): disable night mode:0
02-22 15:00:03.656 E/PPDaemon( 2395): DisplayConfigPPMode_float: strength select:0 ,local 0
02-22 15:00:03.666 D/PPDaemon( 2395): DisplayConfigPPMode_float: Mode:0 applied successfully
02-22 15:00:03.666 D/qdlights( 2395): persist.sys.display_eyecare:0
02-22 15:00:03.666 D/qdlights( 2395): disable night mode:0
02-22 15:00:03.666 E/PPDaemon( 2395): DisplayConfigPPMode_float: strength select:0 ,local 0
02-22 15:00:03.686 D/PPDaemon( 2395): DisplayConfigPPMode_float: Mode:0 applied successfully
02-22 15:00:03.686 D/qdlights( 2395): persist.sys.display_eyecare:0
02-22 15:00:03.686 D/qdlights( 2395): disable night mode:0
02-22 15:00:03.686 E/PPDaemon( 2395): DisplayConfigPPMode_float: strength select:0 ,local 0
02-22 15:00:03.696 D/PPDaemon( 2395): DisplayConfigPPMode_float: Mode:0 applied successfully
02-22 15:00:03.706 D/qdlights( 2395): persist.sys.display_eyecare:0
02-22 15:00:03.706 D/qdlights( 2395): disable night mode:0
02-22 15:00:03.706 E/PPDaemon( 2395): DisplayConfigPPMode_float: strength select:0 ,local 0
02-22 15:00:03.716 D/PPDaemon( 2395): DisplayConfigPPMode_float: Mode:0 applied successfully
02-22 15:00:03.716 D/qdlights( 2395): persist.sys.display_eyecare:0
02-22 15:00:03.716 D/qdlights( 2395): disable night mode:0
02-22 15:00:03.716 E/PPDaemon( 2395): DisplayConfigPPMode_float: strength select:0 ,local 0
02-22 15:00:03.736 D/PPDaemon( 2395): DisplayConfigPPMode_float: Mode:0 applied successfully
02-22 15:00:03.736 D/qdlights( 2395): persist.sys.display_eyecare:0
02-22 15:00:03.736 D/qdlights( 2395): disable night mode:0
02-22 15:00:03.736 E/PPDaemon( 2395): DisplayConfigPPMode_float: strength select:0 ,local 0
02-22 15:00:03.746 D/PPDaemon( 2395): DisplayConfigPPMode_float: Mode:0 applied successfully
02-22 15:00:03.766 D/qdlights( 2395): persist.sys.display_eyecare:0
02-22 15:00:03.766 D/qdlights( 2395): disable night mode:0
02-22 15:00:03.766 E/PPDaemon( 2395): DisplayConfigPPMode_float: strength select:0 ,local 0
02-22 15:00:03.786 D/PPDaemon( 2395): DisplayConfigPPMode_float: Mode:0 applied successfully
02-22 15:00:03.786 D/qdlights( 2395): persist.sys.display_eyecare:0
02-22 15:00:03.786 D/qdlights( 2395): disable night mode:0
02-22 15:00:03.786 E/PPDaemon( 2395): DisplayConfigPPMode_float: strength select:0 ,local 0
02-22 15:00:03.796 D/PPDaemon( 2395): DisplayConfigPPMode_float: Mode:0 applied successfully
02-22 15:00:03.806 D/qdlights( 2395): persist.sys.display_eyecare:0
02-22 15:00:03.806 D/qdlights( 2395): disable night mode:0
02-22 15:00:03.806 E/PPDaemon( 2395): DisplayConfigPPMode_float: strength select:0 ,local 0
02-22 15:00:03.816 D/PPDaemon( 2395): DisplayConfigPPMode_float: Mode:0 applied successfully
02-22 15:00:03.836 D/qdlights( 2395): persist.sys.display_eyecare:0
02-22 15:00:03.836 D/qdlights( 2395): disable night mode:0
02-22 15:00:03.836 E/PPDaemon( 2395): DisplayConfigPPMode_float: strength select:0 ,local 0
02-22 15:00:03.856 D/PPDaemon( 2395): DisplayConfigPPMode_float: Mode:0 applied successfully
02-22 15:00:03.856 D/qdlights( 2395): persist.sys.display_eyecare:0
02-22 15:00:03.856 D/qdlights( 2395): disable night mode:0
02-22 15:00:03.856 E/PPDaemon( 2395): DisplayConfigPPMode_float: strength select:0 ,local 0
02-22 15:00:03.886 D/PPDaemon( 2395): DisplayConfigPPMode_float: Mode:0 applied successfully
02-22 15:00:03.886 D/qdlights( 2395): persist.sys.display_eyecare:0
02-22 15:00:03.886 D/qdlights( 2395): disable night mode:0
02-22 15:00:03.886 E/PPDaemon( 2395): DisplayConfigPPMode_float: strength select:0 ,local 0
02-22 15:00:03.906 D/PPDaemon( 2395): DisplayConfigPPMode_float: Mode:0 applied successfully
02-22 15:00:03.906 D/qdlights( 2395): persist.sys.display_eyecare:0
02-22 15:00:03.906 D/qdlights( 2395): disable night mode:0
02-22 15:00:03.906 E/PPDaemon( 2395): DisplayConfigPPMode_float: strength select:0 ,local 0
02-22 15:00:03.916 D/PPDaemon( 2395): DisplayConfigPPMode_float: Mode:0 applied successfully
02-22 15:00:03.916 D/qdlights( 2395): persist.sys.display_eyecare:0
02-22 15:00:03.916 D/qdlights( 2395): disable night mode:0
02-22 15:00:03.916 E/PPDaemon( 2395): DisplayConfigPPMode_float: strength select:0 ,local 0
02-22 15:00:03.936 D/PPDaemon( 2395): DisplayConfigPPMode_float: Mode:0 applied successfully
02-22 15:00:03.936 D/qdlights( 2395): persist.sys.display_eyecare:0
02-22 15:00:03.936 D/qdlights( 2395): disable night mode:0
02-22 15:00:03.936 E/PPDaemon( 2395): DisplayConfigPPMode_float: strength select:0 ,local 0
02-22 15:00:03.946 D/PPDaemon( 2395): DisplayConfigPPMode_float: Mode:0 applied successfully
02-22 15:00:03.956 I/SurfaceFlinger(  307): FPS: 36
02-22 15:00:03.956 D/qdlights( 2395): persist.sys.display_eyecare:0
02-22 15:00:03.956 D/qdlights( 2395): disable night mode:0
02-22 15:00:03.956 E/PPDaemon( 2395): DisplayConfigPPMode_float: strength select:0 ,local 0
02-22 15:00:03.966 D/PPDaemon( 2395): DisplayConfigPPMode_float: Mode:0 applied successfully
02-22 15:00:03.966 D/qdlights( 2395): persist.sys.display_eyecare:0
02-22 15:00:03.966 D/qdlights( 2395): disable night mode:0
02-22 15:00:03.966 I/qdlights( 2395): In void night_mode_switch(int),brightness = 5, mode=55
02-22 15:00:03.966 E/PPDaemon( 2395): DisplayConfigPPMode_float: strength select:55 ,local 18022
02-22 15:00:03.986 D/PPDaemon( 2395): DisplayConfigPPMode_float: Mode:55 applied successfully
02-22 15:00:03.986 D/qdlights( 2395): persist.sys.display_eyecare:0
02-22 15:00:03.986 D/qdlights( 2395): disable night mode:0
02-22 15:00:03.986 I/qdlights( 2395): In void night_mode_switch(int),brightness = 2, mode=15
02-22 15:00:03.986 E/PPDaemon( 2395): DisplayConfigPPMode_float: strength select:15 ,local 4915
02-22 15:00:03.996 D/PPDaemon( 2395): DisplayConfigPPMode_float: Mode:15 applied successfully
02-22 15:00:04.286 E/anti    (18454): anti once
02-22 15:00:04.966 I/SurfaceFlinger(  307): FPS: 61
02-22 15:00:05.296 E/anti    (18454): anti once
02-22 15:00:05.346 E/WifiStateMachine( 2395): WifiStateMachine CMD_START_SCAN source -2 txSuccessRate=2.99 rxSuccessRate=80.78 targetRoamBSSID=any RSSI=-45
02-22 15:00:05.896 V/WLAN_PSA(  366): NL MSG, len[4089], NL type[0x1C] WNI type[0x5900] len[57615]
02-22 15:00:05.896 V/WLAN_PSA(  366): NL MSG, PID: 366
02-22 15:00:05.986 I/SurfaceFlinger(  307): FPS: 59
02-22 15:00:06.306 E/anti    (18454): anti once
02-22 15:00:06.796 V/WLAN_PSA(  366): NL MSG, len[048], NL type[0x11] WNI type[0x5050] len[028]
02-22 15:00:06.796 V/WLAN_PSA(  366): NL MSG, PID: 366
02-22 15:00:07.006 I/SurfaceFlinger(  307): FPS: 60
02-22 15:00:07.136 I/XiaomiFirewall( 5196): firewall pkgName:com.wanda.app.wanhui, result:0x0
02-22 15:00:07.316 E/anti    (18454): anti once
02-22 15:00:08.016 I/SurfaceFlinger(  307): FPS: 61
02-22 15:00:08.326 E/anti    (18454): anti once
02-22 15:00:08.416 W/        (17972): [ColorAdjust] gammamode=2, cemode=10
02-22 15:00:08.416 W/        (17972): [ColorAdjust] temp_gammavalue=2, temp_cevalue=10
02-22 15:00:08.416 W/        (17972): [ColorAdjust] Don't setGamma!
02-22 15:00:08.416 W/        (17972): [ColorAdjust] Don't setCe!
02-22 15:00:08.446 W/        (17972): [ColorAdjust] Set temp_prefer temp_ce!
02-22 15:00:09.336 E/anti    (18454): anti once
02-22 15:00:09.346 W/ActivityManager( 2395): getRunningAppProcesses: caller 10122 does not hold REAL_GET_TASKS; limiting output
02-22 15:00:09.536 I/SurfaceFlinger(  307): FPS: 19
02-22 15:00:10.346 E/anti    (18454): anti once
02-22 15:00:10.406 V/WLAN_PSA(  366): NL MSG, len[4074], NL type[0x1C] WNI type[0x5900] len[53775]
02-22 15:00:10.406 V/WLAN_PSA(  366): NL MSG, PID: 366
02-22 15:00:10.936 I/SurfaceFlinger(  307): FPS: 3
02-22 15:00:11.366 E/anti    (18454): anti once
02-22 15:00:11.806 V/WLAN_PSA(  366): NL MSG, len[048], NL type[0x11] WNI type[0x5050] len[028]
02-22 15:00:11.806 V/WLAN_PSA(  366): NL MSG, PID: 366
02-22 15:00:12.376 E/anti    (18454): anti once
02-22 15:00:12.536 I/SurfaceFlinger(  307): FPS: 3
02-22 15:00:13.386 E/anti    (18454): anti once
02-22 15:00:13.446 V/WLAN_PSA(  366): NL MSG, len[4004], NL type[0x1C] WNI type[0x5900] len[35855]
02-22 15:00:13.446 V/WLAN_PSA(  366): NL MSG, PID: 366
02-22 15:00:13.456 W/        (17982): [ColorAdjust] gammamode=2, cemode=10
02-22 15:00:13.456 W/        (17982): [ColorAdjust] temp_gammavalue=2, temp_cevalue=10
02-22 15:00:13.456 W/        (17982): [ColorAdjust] Don't setGamma!
02-22 15:00:13.456 W/        (17982): [ColorAdjust] Don't setCe!
02-22 15:00:13.486 W/        (17982): [ColorAdjust] Set temp_prefer temp_ce!
02-22 15:00:14.026 I/ThermalEngine(  370): Sensor:tsens_tz_sensor2:40000 mC
02-22 15:00:14.026 I/ThermalEngine(  370): Sensor:tsens_tz_sensor2:40000 mC
02-22 15:00:14.026 I/ThermalEngine(  370): TM Id 'CHARGING_MONITOR' Sensor 'pop_mem' - alarm cleared 1 at 40.0 degC
02-22 15:00:14.026 I/ThermalEngine(  370): Mitigation:Battery:0
02-22 15:00:14.406 E/anti    (18454): anti once
02-22 15:00:14.956 I/SurfaceFlinger(  307): FPS: 3
02-22 15:00:15.416 E/anti    (18454): anti once
02-22 15:00:16.426 E/anti    (18454): anti once
02-22 15:00:16.816 V/WLAN_PSA(  366): NL MSG, len[048], NL type[0x11] WNI type[0x5050] len[028]
02-22 15:00:16.816 V/WLAN_PSA(  366): NL MSG, PID: 366
02-22 15:00:16.916 V/WLAN_PSA(  366): NL MSG, len[4057], NL type[0x1C] WNI type[0x5900] len[49423]
02-22 15:00:16.916 V/WLAN_PSA(  366): NL MSG, PID: 366
02-22 15:00:17.446 E/anti    (18454): anti once
02-22 15:00:17.956 I/SurfaceFlinger(  307): FPS: 2
02-22 15:00:18.456 E/anti    (18454): anti once
02-22 15:00:18.496 W/        (17992): [ColorAdjust] gammamode=2, cemode=10
02-22 15:00:18.496 W/        (17992): [ColorAdjust] temp_gammavalue=2, temp_cevalue=10
02-22 15:00:18.496 W/        (17992): [ColorAdjust] Don't setGamma!
02-22 15:00:18.496 W/        (17992): [ColorAdjust] Don't setCe!
02-22 15:00:18.526 W/        (17992): [ColorAdjust] Set temp_prefer temp_ce!
02-22 15:00:19.246 D/ConnectivityService( 2395): returning Blocked NetworkInfo for ifname=wlan0, uid=10122
02-22 15:00:19.466 E/anti    (18454): anti once
02-22 15:00:20.476 E/anti    (18454): anti once
02-22 15:00:21.496 E/anti    (18454): anti once
02-22 15:00:21.826 V/WLAN_PSA(  366): NL MSG, len[048], NL type[0x11] WNI type[0x5050] len[028]
02-22 15:00:21.826 V/WLAN_PSA(  366): NL MSG, PID: 366
02-22 15:00:21.926 V/WLAN_PSA(  366): NL MSG, len[4073], NL type[0x1C] WNI type[0x5900] len[53519]
02-22 15:00:21.926 V/WLAN_PSA(  366): NL MSG, PID: 366
02-22 15:00:21.956 I/SurfaceFlinger(  307): FPS: 2
02-22 15:00:22.266 D/VM_BMS  (  556): wake_lock acquired
02-22 15:00:22.266 D/VM_BMS  (  556): New BMS data - Size=56
02-22 15:00:22.266 D/VM_BMS  (  556): Start process_bms_data
02-22 15:00:22.266 D/VM_BMS  (  556): For batt_temp=323 fcc_mah=4049
02-22 15:00:22.266 D/VM_BMS  (  556): For ocv=4371278 batt_temp=323 soc=100
02-22 15:00:22.266 D/VM_BMS  (  556): fifo_count=5 acc_count=0
02-22 15:00:22.266 D/VM_BMS  (  556): INIT: ocv=4371278 last_ocv=4371278 batt_temp=323 soc=100
02-22 15:00:22.266 D/VM_BMS  (  556): For soc=100 batt_temp=323 slope=12600
02-22 15:00:22.266 D/VM_BMS  (  556): For soc=100 batt_temp=323 rbatt_sf=91
02-22 15:00:22.266 D/VM_BMS  (  556): rbatt_mohm_default=112, rbatt_mohm=101, sf=91 batt_temp=323
02-22 15:00:22.266 D/VM_BMS  (  556): For ocv=4371210 batt_temp=323 soc=100
02-22 15:00:22.266 D/VM_BMS  (  556): FIFO=0 fifo_avg=4.358136 rbatt=0.151000 slope=1.260000 ibatt=0.086808 ocv=4.371211 soc=100 fcc_ah=4.049000 sample_count=128 sample_interval=70 seq_num=2897
02-22 15:00:22.266 D/VM_BMS  (  556): For soc=100 batt_temp=323 slope=12600
02-22 15:00:22.266 D/VM_BMS  (  556): For soc=100 batt_temp=323 rbatt_sf=91
02-22 15:00:22.266 D/VM_BMS  (  556): rbatt_mohm_default=112, rbatt_mohm=101, sf=91 batt_temp=323
02-22 15:00:22.266 D/VM_BMS  (  556): For ocv=4371142 batt_temp=323 soc=100
02-22 15:00:22.266 D/VM_BMS  (  556): FIFO=1 fifo_avg=4.357845 rbatt=0.151000 slope=1.260000 ibatt=0.088285 ocv=4.371142 soc=100 fcc_ah=4.049000 sample_count=128 sample_interval=70 seq_num=2897
02-22 15:00:22.266 D/VM_BMS  (  556): For soc=100 batt_temp=323 slope=12600
02-22 15:00:22.266 D/VM_BMS  (  556): For soc=100 batt_temp=323 rbatt_sf=91
02-22 15:00:22.266 D/VM_BMS  (  556): rbatt_mohm_default=112, rbatt_mohm=101, sf=91 batt_temp=323
02-22 15:00:22.266 D/VM_BMS  (  556): For ocv=4371128 batt_temp=323 soc=100
02-22 15:00:22.266 D/VM_BMS  (  556): FIFO=2 fifo_avg=4.368429 rbatt=0.151000 slope=1.260000 ibatt=0.017919 ocv=4.371128 soc=100 fcc_ah=4.049000 sample_count=128 sample_interval=70 seq_num=2897
02-22 15:00:22.266 D/VM_BMS  (  556): For soc=100 batt_temp=323 slope=12600
02-22 15:00:22.266 D/VM_BMS  (  556): For soc=100 batt_temp=323 rbatt_sf=91
02-22 15:00:22.266 D/VM_BMS  (  556): rbatt_mohm_default=112, rbatt_mohm=101, sf=91 batt_temp=323
02-22 15:00:22.266 D/VM_BMS  (  556): For ocv=4371115 batt_temp=323 soc=100
02-22 15:00:22.266 D/VM_BMS  (  556): FIFO=3 fifo_avg=4.368723 rbatt=0.151000 slope=1.260000 ibatt=0.015888 ocv=4.371116 soc=100 fcc_ah=4.049000 sample_count=128 sample_interval=70 seq_num=2897
02-22 15:00:22.266 D/VM_BMS  (  556): For soc=100 batt_temp=323 slope=12600
02-22 15:00:22.266 D/VM_BMS  (  556): For soc=100 batt_temp=323 rbatt_sf=91
02-22 15:00:22.266 D/VM_BMS  (  556): rbatt_mohm_default=112, rbatt_mohm=101, sf=91 batt_temp=323
02-22 15:00:22.266 D/VM_BMS  (  556): For ocv=4371104 batt_temp=323 soc=100
02-22 15:00:22.266 D/VM_BMS  (  556): FIFO=4 fifo_avg=4.369017 rbatt=0.151000 slope=1.260000 ibatt=0.013859 ocv=4.371104 soc=100 fcc_ah=4.049000 sample_count=128 sample_interval=70 seq_num=2897
02-22 15:00:22.266 I/VM_BMS  (  556): power_supply_update: ocv_uv=4371104 ibatt=13859 soc=100 seq_num=2897
02-22 15:00:22.266 D/VM_BMS  (  556): End process_bms_data
02-22 15:00:22.266 D/VM_BMS  (  556): wake_lock released
02-22 15:00:22.506 E/anti    (18454): anti once
02-22 15:00:23.356 I/ServiceManager(15634): Waiting for service AtCmdFwd...
02-22 15:00:23.516 E/anti    (18454): anti once
02-22 15:00:23.536 W/        (17996): [ColorAdjust] gammamode=2, cemode=10
02-22 15:00:23.536 W/        (17996): [ColorAdjust] temp_gammavalue=2, temp_cevalue=10
02-22 15:00:23.536 W/        (17996): [ColorAdjust] Don't setGamma!
02-22 15:00:23.536 W/        (17996): [ColorAdjust] Don't setCe!
02-22 15:00:23.556 W/        (17996): [ColorAdjust] Set temp_prefer temp_ce!
02-22 15:00:23.966 I/SurfaceFlinger(  307): FPS: 2
02-22 15:00:24.356 I/ServiceManager(15634): Waiting for service AtCmdFwd...
02-22 15:00:24.526 E/anti    (18454): anti once
02-22 15:00:25.356 E/WifiStateMachine( 2395): WifiStateMachine CMD_START_SCAN source -2 txSuccessRate=2.19 rxSuccessRate=122.75 targetRoamBSSID=any RSSI=-46
02-22 15:00:25.356 I/ServiceManager(15634): Waiting for service AtCmdFwd...
02-22 15:00:25.486 V/WLAN_PSA(  366): NL MSG, len[4030], NL type[0x1C] WNI type[0x5900] len[42511]
02-22 15:00:25.486 V/WLAN_PSA(  366): NL MSG, PID: 366
02-22 15:00:25.546 E/anti    (18454): anti once
02-22 15:00:25.576 I/SurfaceFlinger(  307): FPS: 3
02-22 15:00:26.356 I/ServiceManager(15634): Waiting for service AtCmdFwd...
02-22 15:00:26.376 I/XiaomiFirewall( 5196): firewall pkgName:com.wanda.app.wanhui, result:0x0
02-22 15:00:26.556 E/anti    (18454): anti once
02-22 15:00:26.836 V/WLAN_PSA(  366): NL MSG, len[048], NL type[0x11] WNI type[0x5050] len[028]
02-22 15:00:26.836 V/WLAN_PSA(  366): NL MSG, PID: 366
02-22 15:00:26.986 I/SurfaceFlinger(  307): FPS: 3
02-22 15:00:27.356 I/PowerKeeperBackgroundService( 5386): onStartCommand()
02-22 15:00:27.356 I/PowerKeeperService( 5386): onAlarm
02-22 15:00:27.356 I/ServiceManager(15634): Waiting for service AtCmdFwd...
02-22 15:00:27.566 E/anti    (18454): anti once
02-22 15:00:28.356 W/Atfwd_Sendcmd(15634): AtCmdFwd service not published, waiting... retryCnt : 5
02-22 15:00:28.566 W/        (18008): [ColorAdjust] gammamode=2, cemode=10
02-22 15:00:28.566 W/        (18008): [ColorAdjust] temp_gammavalue=2, temp_cevalue=10
02-22 15:00:28.566 W/        (18008): [ColorAdjust] Don't setGamma!
02-22 15:00:28.566 W/        (18008): [ColorAdjust] Don't setCe!
02-22 15:00:28.576 I/SurfaceFlinger(  307): FPS: 3
02-22 15:00:28.576 E/anti    (18454): anti once
02-22 15:00:28.596 W/        (18008): [ColorAdjust] Set temp_prefer temp_ce!
02-22 15:00:28.946 V/WLAN_PSA(  366): NL MSG, len[4067], NL type[0x1C] WNI type[0x5900] len[51983]
02-22 15:00:28.946 V/WLAN_PSA(  366): NL MSG, PID: 366
02-22 15:00:29.136 W/ActivityManager( 2395): getRunningAppProcesses: caller 10170 does not hold REAL_GET_TASKS; limiting output
02-22 15:00:29.586 E/anti    (18454): anti once
02-22 15:00:30.286 D/BatteryService( 2395): Processing new values: chargerAcOnline=false, chargerUsbOnline=true, chargerWirelessOnline=false, batteryStatus=5, batteryHealth=2, batteryPresent=true, batteryLevel=100, batteryTechnology=Li-ion, batteryVoltage=4367, batteryTemperature=323, mBatteryLevelCritical=false, mPlugType=2
02-22 15:00:30.286 D/BatteryService( 2395): Sending ACTION_BATTERY_CHANGED.  level:100, scale:100, status:5, health:2, present:true, voltage: 4367, temperature: 323, technology: Li-ion, AC powered:false, USB powered:true, Wireless powered:false, icon:17303157, invalid charger:0
02-22 15:00:30.286 D/BatteryService( 2395): zhaoqf_sh batteryServices call state : 0 mPlugType : 2
02-22 15:00:30.316 I/SurfaceFlinger(  307): FPS: 1
02-22 15:00:30.606 E/anti    (18454): anti once
02-22 15:00:31.616 E/anti    (18454): anti once
02-22 15:00:31.846 V/WLAN_PSA(  366): NL MSG, len[048], NL type[0x11] WNI type[0x5050] len[028]
02-22 15:00:31.846 V/WLAN_PSA(  366): NL MSG, PID: 366
02-22 15:00:31.986 I/SurfaceFlinger(  307): FPS: 2
02-22 15:00:32.626 E/anti    (18454): anti once
02-22 15:00:33.606 W/        (18015): [ColorAdjust] gammamode=2, cemode=10
02-22 15:00:33.606 W/        (18015): [ColorAdjust] temp_gammavalue=2, temp_cevalue=10
02-22 15:00:33.606 W/        (18015): [ColorAdjust] Don't setGamma!
02-22 15:00:33.606 W/        (18015): [ColorAdjust] Don't setCe!
02-22 15:00:33.606 I/SurfaceFlinger(  307): FPS: 3
02-22 15:00:33.626 W/        (18015): [ColorAdjust] Set temp_prefer temp_ce!
02-22 15:00:33.636 E/anti    (18454): anti once
02-22 15:00:34.096 V/WLAN_PSA(  366): NL MSG, len[4074], NL type[0x1C] WNI type[0x5900] len[53775]
02-22 15:00:34.096 V/WLAN_PSA(  366): NL MSG, PID: 366
02-22 15:00:34.546 W/ActivityManager( 2395): getRunningAppProcesses: caller 10175 does not hold REAL_GET_TASKS; limiting output
02-22 15:00:34.576 E/baidumapsdk(17795): Authentication Error errorcode: -1 uid: -1 appid -1 msg: Connect timeout exception:Connect to /111.202.114.74:443 timed out
02-22 15:00:34.646 E/anti    (18454): anti once
02-22 15:00:35.006 I/SurfaceFlinger(  307): FPS: 1
02-22 15:00:35.656 E/anti    (18454): anti once
02-22 15:00:36.426 E/WifiStateMachine( 2395): WifiStateMachine CMD_START_SCAN source 10031 txSuccessRate=0.64 rxSuccessRate=115.73 targetRoamBSSID=any RSSI=-45
02-22 15:00:36.426 V/WLAN_PSA(  366): NL MSG, len[914], NL type[0x11] WNI type[0x5050] len[894]
02-22 15:00:36.426 V/WLAN_PSA(  366): NL MSG, PID: 366
02-22 15:00:36.426 I/WifiHAL ( 2395): Poll result = 1
02-22 15:00:36.426 I/WifiHAL ( 2395): Found some events!!!
02-22 15:00:36.426 D/WifiHAL ( 2395): no_seq_check received
02-22 15:00:36.426 I/WifiHAL ( 2395): event received NL80211_CMD_TRIGGER_SCAN
02-22 15:00:36.426 I/WifiHAL ( 2395): event received NL80211_CMD_TRIGGER_SCAN, vendor_id = 0x0
02-22 15:00:36.426 I/WifiHAL ( 2395): event ignored!!
02-22 15:00:36.426 V/WLAN_PSA(  366): NL MSG, len[048], NL type[0x11] WNI type[0x5050] len[028]
02-22 15:00:36.426 V/WLAN_PSA(  366): NL MSG, PID: 366
02-22 15:00:36.436 V/WLAN_PSA(  366): NL MSG, len[4070], NL type[0x1C] WNI type[0x5900] len[52751]
02-22 15:00:36.436 V/WLAN_PSA(  366): NL MSG, PID: 366
02-22 15:00:36.446 V/WLAN_PSA(  366): NL MSG, len[4023], NL type[0x1C] WNI type[0x5900] len[40719]
02-22 15:00:36.446 V/WLAN_PSA(  366): NL MSG, PID: 366
02-22 15:00:36.496 V/WLAN_PSA(  366): NL MSG, len[4033], NL type[0x1C] WNI type[0x5900] len[43279]
02-22 15:00:36.496 V/WLAN_PSA(  366): NL MSG, PID: 366
02-22 15:00:36.536 V/WLAN_PSA(  366): NL MSG, len[4034], NL type[0x1C] WNI type[0x5900] len[43535]
02-22 15:00:36.536 V/WLAN_PSA(  366): NL MSG, PID: 366
02-22 15:00:36.556 V/WLAN_PSA(  366): NL MSG, len[914], NL type[0x11] WNI type[0x5050] len[894]
02-22 15:00:36.556 V/WLAN_PSA(  366): NL MSG, PID: 366
02-22 15:00:36.556 V/WLAN_PSA(  366): NL MSG, len[3998], NL type[0x1C] WNI type[0x5900] len[34319]
02-22 15:00:36.556 V/WLAN_PSA(  366): NL MSG, PID: 366
02-22 15:00:36.606 I/SurfaceFlinger(  307): FPS: 3
02-22 15:00:36.656 V/WLAN_PSA(  366): NL MSG, len[914], NL type[0x11] WNI type[0x5050] len[894]
02-22 15:00:36.656 V/WLAN_PSA(  366): NL MSG, PID: 366
02-22 15:00:36.656 V/WLAN_PSA(  366): NL MSG, len[048], NL type[0x11] WNI type[0x5050] len[028]
02-22 15:00:36.656 V/WLAN_PSA(  366): NL MSG, PID: 366
02-22 15:00:36.666 V/WLAN_PSA(  366): NL MSG, len[4066], NL type[0x1C] WNI type[0x5900] len[51727]
02-22 15:00:36.666 V/WLAN_PSA(  366): NL MSG, PID: 366
02-22 15:00:36.666 E/anti    (18454): anti once
02-22 15:00:36.706 V/WLAN_PSA(  366): NL MSG, len[4037], NL type[0x1C] WNI type[0x5900] len[44303]
02-22 15:00:36.706 V/WLAN_PSA(  366): NL MSG, PID: 366
02-22 15:00:36.766 V/WLAN_PSA(  366): NL MSG, len[4086], NL type[0x1C] WNI type[0x5900] len[56847]
02-22 15:00:36.766 V/WLAN_PSA(  366): NL MSG, PID: 366
02-22 15:00:36.786 V/WLAN_PSA(  366): NL MSG, len[914], NL type[0x11] WNI type[0x5050] len[894]
02-22 15:00:36.786 V/WLAN_PSA(  366): NL MSG, PID: 366
02-22 15:00:36.786 V/WLAN_PSA(  366): NL MSG, len[4050], NL type[0x1C] WNI type[0x5900] len[47631]
02-22 15:00:36.786 V/WLAN_PSA(  366): NL MSG, PID: 366
02-22 15:00:36.856 V/WLAN_PSA(  366): NL MSG, len[048], NL type[0x11] WNI type[0x5050] len[028]
02-22 15:00:36.856 V/WLAN_PSA(  366): NL MSG, PID: 366
02-22 15:00:36.886 V/WLAN_PSA(  366): NL MSG, len[914], NL type[0x11] WNI type[0x5050] len[894]
02-22 15:00:36.886 V/WLAN_PSA(  366): NL MSG, PID: 366
02-22 15:00:36.886 V/WLAN_PSA(  366): NL MSG, len[048], NL type[0x11] WNI type[0x5050] len[028]
02-22 15:00:36.886 V/WLAN_PSA(  366): NL MSG, PID: 366
02-22 15:00:36.896 V/WLAN_PSA(  366): NL MSG, len[4027], NL type[0x1C] WNI type[0x5900] len[41743]
02-22 15:00:36.896 V/WLAN_PSA(  366): NL MSG, PID: 366
02-22 15:00:36.956 V/WLAN_PSA(  366): NL MSG, len[4047], NL type[0x1C] WNI type[0x5900] len[46863]
02-22 15:00:36.956 V/WLAN_PSA(  366): NL MSG, PID: 366
02-22 15:00:36.986 V/WLAN_PSA(  366): NL MSG, len[4083], NL type[0x1C] WNI type[0x5900] len[56079]
02-22 15:00:36.986 V/WLAN_PSA(  366): NL MSG, PID: 366
02-22 15:00:37.056 V/WLAN_PSA(  366): NL MSG, len[914], NL type[0x11] WNI type[0x5050] len[894]
02-22 15:00:37.056 V/WLAN_PSA(  366): NL MSG, PID: 366
02-22 15:00:37.056 V/WLAN_PSA(  366): NL MSG, len[4053], NL type[0x1C] WNI type[0x5900] len[48399]
02-22 15:00:37.056 V/WLAN_PSA(  366): NL MSG, PID: 366
02-22 15:00:37.156 V/WLAN_PSA(  366): NL MSG, len[914], NL type[0x11] WNI type[0x5050] len[894]
02-22 15:00:37.156 V/WLAN_PSA(  366): NL MSG, PID: 366
02-22 15:00:37.156 V/WLAN_PSA(  366): NL MSG, len[048], NL type[0x11] WNI type[0x5050] len[028]
02-22 15:00:37.156 V/WLAN_PSA(  366): NL MSG, PID: 366
02-22 15:00:37.156 V/WLAN_PSA(  366): NL MSG, len[4018], NL type[0x1C] WNI type[0x5900] len[39439]
02-22 15:00:37.156 V/WLAN_PSA(  366): NL MSG, PID: 366
02-22 15:00:37.186 V/WLAN_PSA(  366): NL MSG, len[4014], NL type[0x1C] WNI type[0x5900] len[38415]
02-22 15:00:37.186 V/WLAN_PSA(  366): NL MSG, PID: 366
02-22 15:00:37.226 V/WLAN_PSA(  366): NL MSG, len[4068], NL type[0x1C] WNI type[0x5900] len[52239]
02-22 15:00:37.226 V/WLAN_PSA(  366): NL MSG, PID: 366
02-22 15:00:37.236 V/WLAN_PSA(  366): NL MSG, len[914], NL type[0x11] WNI type[0x5050] len[894]
02-22 15:00:37.236 V/WLAN_PSA(  366): NL MSG, PID: 366
02-22 15:00:37.246 V/WLAN_PSA(  366): NL MSG, len[4047], NL type[0x1C] WNI type[0x5900] len[46863]
02-22 15:00:37.246 V/WLAN_PSA(  366): NL MSG, PID: 366
02-22 15:00:37.336 V/WLAN_PSA(  366): NL MSG, len[914], NL type[0x11] WNI type[0x5050] len[894]
02-22 15:00:37.336 V/WLAN_PSA(  366): NL MSG, PID: 366
02-22 15:00:37.336 V/WLAN_PSA(  366): NL MSG, len[048], NL type[0x11] WNI type[0x5050] len[028]
02-22 15:00:37.336 V/WLAN_PSA(  366): NL MSG, PID: 366
02-22 15:00:37.356 V/WLAN_PSA(  366): NL MSG, len[4036], NL type[0x1C] WNI type[0x5900] len[44047]
02-22 15:00:37.356 V/WLAN_PSA(  366): NL MSG, PID: 366
02-22 15:00:37.376 V/WLAN_PSA(  366): NL MSG, len[048], NL type[0x11] WNI type[0x5050] len[028]
02-22 15:00:37.376 V/WLAN_PSA(  366): NL MSG, PID: 366
02-22 15:00:37.376 V/WLAN_PSA(  366): NL MSG, len[914], NL type[0x11] WNI type[0x5050] len[894]
02-22 15:00:37.376 V/WLAN_PSA(  366): NL MSG, PID: 366
02-22 15:00:37.386 V/WLAN_PSA(  366): NL MSG, len[4085], NL type[0x1C] WNI type[0x5900] len[56591]
02-22 15:00:37.386 V/WLAN_PSA(  366): NL MSG, PID: 366
02-22 15:00:37.386 I/WifiHAL ( 2395): Poll result = 1
02-22 15:00:37.386 I/WifiHAL ( 2395): Found some events!!!
02-22 15:00:37.386 D/WifiHAL ( 2395): no_seq_check received
02-22 15:00:37.386 I/WifiHAL ( 2395): event received NL80211_CMD_NEW_SCAN_RESULTS
02-22 15:00:37.386 I/WifiHAL ( 2395): event received NL80211_CMD_NEW_SCAN_RESULTS, vendor_id = 0x0
02-22 15:00:37.386 I/WifiHAL ( 2395): event ignored!!
02-22 15:00:37.396 D/LBSSystemMonitorService( 2395): handleMessage what - 4
02-22 15:00:37.396 D/Wiper_jni( 2395): Send Network Location.
02-22 15:00:37.406 E/TAG     ( 8012): {}
02-22 15:00:37.406 E/TAG     ( 8012): {}
02-22 15:00:37.406 D/WifiScanServices( 8012): scanResult:[]
02-22 15:00:37.416 E/WifiScanServices( 8012): start process end time - 16
02-22 15:00:37.466 I/XiaomiFirewall( 5196): firewall pkgName:com.miui.analytics, result:0x0
02-22 15:00:37.516 I/XiaomiFirewall( 5196): firewall pkgName:com.amap.android.location, result:0x0
02-22 15:00:37.526 V/WLAN_PSA(  366): NL MSG, len[4038], NL type[0x1C] WNI type[0x5900] len[44559]
02-22 15:00:37.526 V/WLAN_PSA(  366): NL MSG, PID: 366
02-22 15:00:37.676 E/anti    (18454): anti once
02-22 15:00:38.646 W/        (18037): [ColorAdjust] gammamode=2, cemode=10
02-22 15:00:38.646 W/        (18037): [ColorAdjust] temp_gammavalue=2, temp_cevalue=10
02-22 15:00:38.646 W/        (18037): [ColorAdjust] Don't setGamma!
02-22 15:00:38.646 W/        (18037): [ColorAdjust] Don't setCe!
02-22 15:00:38.666 W/        (18037): [ColorAdjust] Set temp_prefer temp_ce!
02-22 15:00:38.696 E/anti    (18454): anti once
02-22 15:00:39.246 D/ConnectivityService( 2395): returning Blocked NetworkInfo for ifname=wlan0, uid=10122
02-22 15:00:39.346 W/ActivityManager( 2395): getRunningAppProcesses: caller 10122 does not hold REAL_GET_TASKS; limiting output
02-22 15:00:39.356 V/LocationPolicy( 2395): writePolicyLocked()
02-22 15:00:39.356 D/LocationManagerInjector( 2395): backup receiver:Reciever[3ba39050 listener UpdateRecord[network com.wanda.app.wanhui(10175) Request[POWER_LOW network requested=+3s0ms fastest=+3s0ms]] UpdateRecord[passive com.wanda.app.wanhui(10175) Request[POWER_NONE passive fastest=+1s0ms]]]
02-22 15:00:39.706 E/anti    (18454): anti once
02-22 15:00:40.006 I/SurfaceFlinger(  307): FPS: 3
02-22 15:00:40.306 D/BatteryService( 2395): Processing new values: chargerAcOnline=false, chargerUsbOnline=true, chargerWirelessOnline=false, batteryStatus=5, batteryHealth=2, batteryPresent=true, batteryLevel=100, batteryTechnology=Li-ion, batteryVoltage=4366, batteryTemperature=323, mBatteryLevelCritical=false, mPlugType=2
02-22 15:00:40.306 D/BatteryService( 2395): Sending ACTION_BATTERY_CHANGED.  level:100, scale:100, status:5, health:2, present:true, voltage: 4366, temperature: 323, technology: Li-ion, AC powered:false, USB powered:true, Wireless powered:false, icon:17303157, invalid charger:0
02-22 15:00:40.306 D/BatteryService( 2395): zhaoqf_sh batteryServices call state : 0 mPlugType : 2
02-22 15:00:40.506 W/Metok_Tag( 5342): < metok_app > invalid network operator 
02-22 15:00:40.516 W/Metok_Tag( 5342): < metok_app > invalid network operator 
02-22 15:00:40.716 E/anti    (18454): anti once
02-22 15:00:41.096 V/WLAN_PSA(  366): NL MSG, len[4061], NL type[0x1C] WNI type[0x5900] len[50447]
02-22 15:00:41.096 V/WLAN_PSA(  366): NL MSG, PID: 366
02-22 15:00:41.606 I/SurfaceFlinger(  307): FPS: 4
02-22 15:00:41.726 E/anti    (18454): anti once
02-22 15:00:41.866 V/WLAN_PSA(  366): NL MSG, len[048], NL type[0x11] WNI type[0x5050] len[028]
02-22 15:00:41.866 V/WLAN_PSA(  366): NL MSG, PID: 366
02-22 15:00:42.476 I/XiaomiFirewall( 5196): firewall pkgName:com.miui.analytics, result:0x0
02-22 15:00:42.736 E/anti    (18454): anti once
02-22 15:00:43.676 W/        (18042): [ColorAdjust] gammamode=2, cemode=10
02-22 15:00:43.676 W/        (18042): [ColorAdjust] temp_gammavalue=2, temp_cevalue=10
02-22 15:00:43.676 W/        (18042): [ColorAdjust] Don't setGamma!
02-22 15:00:43.676 W/        (18042): [ColorAdjust] Don't setCe!
02-22 15:00:43.696 W/        (18042): [ColorAdjust] Set temp_prefer temp_ce!
02-22 15:00:43.756 E/anti    (18454): anti once
02-22 15:00:44.766 E/anti    (18454): anti once
02-22 15:00:45.356 E/WifiStateMachine( 2395): WifiStateMachine CMD_START_SCAN source -2 txSuccessRate=3.52 rxSuccessRate=111.71 targetRoamBSSID=any RSSI=-45
02-22 15:00:45.776 E/anti    (18454): anti once
02-22 15:00:46.056 V/WLAN_PSA(  366): NL MSG, len[4073], NL type[0x1C] WNI type[0x5900] len[53519]
02-22 15:00:46.056 V/WLAN_PSA(  366): NL MSG, PID: 366
02-22 15:00:46.156 I/XiaomiFirewall( 5196): firewall pkgName:com.wanda.app.wanhui, result:0x0
02-22 15:00:46.786 E/anti    (18454): anti once
02-22 15:00:46.876 V/WLAN_PSA(  366): NL MSG, len[048], NL type[0x11] WNI type[0x5050] len[028]
02-22 15:00:46.876 V/WLAN_PSA(  366): NL MSG, PID: 366
02-22 15:00:47.476 W/Analytics-Core-ConfigServer( 5555): HttpResponse is empty
02-22 15:00:47.536 I/XiaomiFirewall( 5196): firewall pkgName:com.amap.android.location, result:0x0
02-22 15:00:47.706 W/        (18046): [ColorAdjust] gammamode=2, cemode=10
02-22 15:00:47.706 W/        (18046): [ColorAdjust] temp_gammavalue=2, temp_cevalue=10
02-22 15:00:47.706 W/        (18046): [ColorAdjust] Don't setGamma!
02-22 15:00:47.706 W/        (18046): [ColorAdjust] Don't setCe!
02-22 15:00:47.726 W/        (18046): [ColorAdjust] Set temp_prefer temp_ce!
02-22 15:00:47.796 E/anti    (18454): anti once
02-22 15:00:48.806 E/anti    (18454): anti once
02-22 15:00:49.556 V/WLAN_PSA(  366): NL MSG, len[4055], NL type[0x1C] WNI type[0x5900] len[48911]
02-22 15:00:49.556 V/WLAN_PSA(  366): NL MSG, PID: 366
02-22 15:00:49.816 E/anti    (18454): anti once
02-22 15:00:50.016 I/SurfaceFlinger(  307): FPS: 1
02-22 15:00:50.326 D/BatteryService( 2395): Processing new values: chargerAcOnline=false, chargerUsbOnline=true, chargerWirelessOnline=false, batteryStatus=5, batteryHealth=2, batteryPresent=true, batteryLevel=100, batteryTechnology=Li-ion, batteryVoltage=4367, batteryTemperature=323, mBatteryLevelCritical=false, mPlugType=2
02-22 15:00:50.326 D/BatteryService( 2395): Sending ACTION_BATTERY_CHANGED.  level:100, scale:100, status:5, health:2, present:true, voltage: 4367, temperature: 323, technology: Li-ion, AC powered:false, USB powered:true, Wireless powered:false, icon:17303157, invalid charger:0
02-22 15:00:50.326 D/BatteryService( 2395): zhaoqf_sh batteryServices call state : 0 mPlugType : 2
02-22 15:00:50.836 E/anti    (18454): anti once
02-22 15:00:51.626 I/SurfaceFlinger(  307): FPS: 4
02-22 15:00:51.846 E/anti    (18454): anti once
02-22 15:00:51.886 V/WLAN_PSA(  366): NL MSG, len[048], NL type[0x11] WNI type[0x5050] len[028]
