02-22 14:59:37.856 W/art     (17129): Attempt to remove local handle scope entry from IRT, ignoring
02-22 14:59:37.856 W/art     (17129): Attempt to remove local handle scope entry from IRT, ignoring
02-22 14:59:37.856 W/art     (17129): Attempt to remove local handle scope entry from IRT, ignoring
02-22 14:59:37.856 W/art     (17129): Attempt to remove local handle scope entry from IRT, ignoring
02-22 14:59:37.856 W/art     (17129): Attempt to remove local handle scope entry from IRT, ignoring
02-22 14:59:37.856 W/art     (17129): Attempt to remove local handle scope entry from IRT, ignoring
02-22 14:59:37.866 W/art     (17129): Attempt to remove local handle scope entry from IRT, ignoring
02-22 14:59:37.866 W/art     (17129): Attempt to remove local handle scope entry from IRT, ignoring
02-22 14:59:37.866 W/art     (17129): Attempt to remove local handle scope entry from IRT, ignoring
02-22 14:59:37.866 W/art     (17129): Attempt to remove local handle scope entry from IRT, ignoring
02-22 14:59:37.876 W/art     (17129): Attempt to remove local handle scope entry from IRT, ignoring
02-22 14:59:37.876 W/art     (17129): Attempt to remove local handle scope entry from IRT, ignoring
02-22 14:59:37.876 W/art     (17129): Attempt to remove local handle scope entry from IRT, ignoring
02-22 14:59:37.876 W/art     (17129): Attempt to remove local handle scope entry from IRT, ignoring
02-22 14:59:37.886 W/art     (17129): Attempt to remove local handle scope entry from IRT, ignoring
02-22 14:59:37.886 W/art     (17129): Attempt to remove local handle scope entry from IRT, ignoring
02-22 14:59:37.886 W/art     (17129): Attempt to remove local handle scope entry from IRT, ignoring
02-22 14:59:37.886 W/art     (17129): Attempt to remove local handle scope entry from IRT, ignoring
02-22 14:59:37.886 W/art     (17129): Attempt to remove local handle scope entry from IRT, ignoring
02-22 14:59:37.896 W/art     (17129): Attempt to remove local handle scope entry from IRT, ignoring
02-22 14:59:37.896 W/art     (17129): Attempt to remove local handle scope entry from IRT, ignoring
02-22 14:59:37.896 W/art     (17129): Attempt to remove local handle scope entry from IRT, ignoring
02-22 14:59:37.896 W/art     (17129): Attempt to remove local handle scope entry from IRT, ignoring
02-22 14:59:37.896 W/art     (17129): Attempt to remove local handle scope entry from IRT, ignoring
02-22 14:59:37.896 W/art     (17129): Attempt to remove local handle scope entry from IRT, ignoring
02-22 14:59:37.896 W/art     (17129): Attempt to remove local handle scope entry from IRT, ignoring
02-22 14:59:37.906 W/art     (17129): Attempt to remove local handle scope entry from IRT, ignoring
02-22 14:59:37.906 W/art     (17129): Attempt to remove local handle scope entry from IRT, ignoring
02-22 14:59:37.906 W/art     (17129): Attempt to remove local handle scope entry from IRT, ignoring
02-22 14:59:37.906 W/art     (17129): Attempt to remove local handle scope entry from IRT, ignoring
02-22 14:59:37.916 W/art     (17129): Attempt to remove local handle scope entry from IRT, ignoring
02-22 14:59:37.916 W/art     (17129): Attempt to remove local handle scope entry from IRT, ignoring
02-22 14:59:37.916 W/art     (17129): Attempt to remove local handle scope entry from IRT, ignoring
02-22 14:59:37.916 W/art     (17129): Attempt to remove local handle scope entry from IRT, ignoring
02-22 14:59:37.926 W/art     (17129): Attempt to remove local handle scope entry from IRT, ignoring
02-22 14:59:37.926 W/art     (17129): Attempt to remove local handle scope entry from IRT, ignoring
02-22 14:59:37.926 W/art     (17129): Attempt to remove local handle scope entry from IRT, ignoring
02-22 14:59:37.926 W/art     (17129): Attempt to remove local handle scope entry from IRT, ignoring
02-22 14:59:37.926 W/art     (17129): Attempt to remove local handle scope entry from IRT, ignoring
02-22 14:59:37.926 W/art     (17129): Attempt to remove local handle scope entry from IRT, ignoring
02-22 14:59:37.936 W/art     (17129): Attempt to remove local handle scope entry from IRT, ignoring
02-22 14:59:37.936 W/art     (17129): Attempt to remove local handle scope entry from IRT, ignoring
02-22 14:59:37.936 W/art     (17129): Attempt to remove local handle scope entry from IRT, ignoring
02-22 14:59:37.936 W/art     (17129): Attempt to remove local handle scope entry from IRT, ignoring
02-22 14:59:37.936 W/art     (17129): Attempt to remove local handle scope entry from IRT, ignoring
02-22 14:59:37.936 W/art     (17129): Attempt to remove local handle scope entry from IRT, ignoring
02-22 14:59:37.946 W/art     (17129): Attempt to remove local handle scope entry from IRT, ignoring
02-22 14:59:37.946 W/art     (17129): Attempt to remove local handle scope entry from IRT, ignoring
02-22 14:59:37.946 W/art     (17129): Attempt to remove local handle scope entry from IRT, ignoring
02-22 14:59:37.946 W/art     (17129): Attempt to remove local handle scope entry from IRT, ignoring
02-22 14:59:37.956 W/art     (17129): Attempt to remove local handle scope entry from IRT, ignoring
02-22 14:59:37.956 W/art     (17129): Attempt to remove local handle scope entry from IRT, ignoring
02-22 14:59:37.956 W/art     (17129): Attempt to remove local handle scope entry from IRT, ignoring
02-22 14:59:37.956 W/art     (17129): Attempt to remove local handle scope entry from IRT, ignoring
02-22 14:59:37.956 I/ThermalEngine(  370): Sensor:tsens_tz_sensor2:42000 mC
02-22 14:59:37.956 I/ThermalEngine(  370): Sensor:tsens_tz_sensor2:42000 mC
02-22 14:59:37.966 W/art     (17129): Attempt to remove local handle scope entry from IRT, ignoring
02-22 14:59:37.966 W/art     (17129): Attempt to remove local handle scope entry from IRT, ignoring
02-22 14:59:37.966 W/art     (17129): Attempt to remove local handle scope entry from IRT, ignoring
02-22 14:59:37.966 W/art     (17129): Attempt to remove local handle scope entry from IRT, ignoring
02-22 14:59:37.966 E/anti    (18454): anti once
02-22 14:59:37.966 W/art     (17129): Attempt to remove local handle scope entry from IRT, ignoring
02-22 14:59:37.966 W/art     (17129): Attempt to remove local handle scope entry from IRT, ignoring
02-22 14:59:37.966 W/art     (17129): Attempt to remove local handle scope entry from IRT, ignoring
02-22 14:59:37.966 W/art     (17129): Attempt to remove local handle scope entry from IRT, ignoring
02-22 14:59:37.976 W/art     (17129): Attempt to remove local handle scope entry from IRT, ignoring
02-22 14:59:37.976 W/art     (17129): Attempt to remove local handle scope entry from IRT, ignoring
02-22 14:59:37.976 W/art     (17129): Attempt to remove local handle scope entry from IRT, ignoring
02-22 14:59:37.976 W/art     (17129): Attempt to remove local handle scope entry from IRT, ignoring
02-22 14:59:37.986 W/art     (17129): Attempt to remove local handle scope entry from IRT, ignoring
02-22 14:59:37.996 W/art     (17129): Attempt to remove local handle scope entry from IRT, ignoring
02-22 14:59:37.996 W/art     (17129): Attempt to remove local handle scope entry from IRT, ignoring
02-22 14:59:37.996 W/art     (17129): Attempt to remove local handle scope entry from IRT, ignoring
02-22 14:59:37.996 W/art     (17129): Attempt to remove local handle scope entry from IRT, ignoring
02-22 14:59:37.996 W/art     (17129): Attempt to remove local handle scope entry from IRT, ignoring
02-22 14:59:37.996 W/art     (17129): Attempt to remove local handle scope entry from IRT, ignoring
02-22 14:59:37.996 W/art     (17129): Attempt to remove local handle scope entry from IRT, ignoring
02-22 14:59:38.006 W/art     (17129): Attempt to remove local handle scope entry from IRT, ignoring
02-22 14:59:38.006 W/art     (17129): Attempt to remove local handle scope entry from IRT, ignoring
02-22 14:59:38.006 W/art     (17129): Attempt to remove local handle scope entry from IRT, ignoring
02-22 14:59:38.006 W/art     (17129): Attempt to remove local handle scope entry from IRT, ignoring
02-22 14:59:38.016 W/art     (17129): Attempt to remove local handle scope entry from IRT, ignoring
02-22 14:59:38.016 W/art     (17129): Attempt to remove local handle scope entry from IRT, ignoring
02-22 14:59:38.016 W/art     (17129): Attempt to remove local handle scope entry from IRT, ignoring
02-22 14:59:38.016 W/art     (17129): Attempt to remove local handle scope entry from IRT, ignoring
02-22 14:59:38.016 W/art     (17129): Attempt to remove local handle scope entry from IRT, ignoring
02-22 14:59:38.016 W/art     (17129): Attempt to remove local handle scope entry from IRT, ignoring
02-22 14:59:38.016 W/art     (17129): Attempt to remove local handle scope entry from IRT, ignoring
02-22 14:59:38.016 W/art     (17129): Attempt to remove local handle scope entry from IRT, ignoring
02-22 14:59:38.026 W/art     (17129): Attempt to remove local handle scope entry from IRT, ignoring
02-22 14:59:38.026 W/art     (17129): Attempt to remove local handle scope entry from IRT, ignoring
02-22 14:59:38.026 W/art     (17129): Attempt to remove local handle scope entry from IRT, ignoring
02-22 14:59:38.026 W/art     (17129): Attempt to remove local handle scope entry from IRT, ignoring
02-22 14:59:38.036 W/art     (17129): Attempt to remove local handle scope entry from IRT, ignoring
02-22 14:59:38.036 W/art     (17129): Attempt to remove local handle scope entry from IRT, ignoring
02-22 14:59:38.036 W/art     (17129): Attempt to remove local handle scope entry from IRT, ignoring
02-22 14:59:38.036 W/art     (17129): Attempt to remove local handle scope entry from IRT, ignoring
02-22 14:59:38.036 W/art     (17129): Attempt to remove local handle scope entry from IRT, ignoring
02-22 14:59:38.036 W/art     (17129): Attempt to remove local handle scope entry from IRT, ignoring
02-22 14:59:38.036 W/art     (17129): Attempt to remove local handle scope entry from IRT, ignoring
02-22 14:59:38.036 W/art     (17129): Attempt to remove local handle scope entry from IRT, ignoring
02-22 14:59:38.046 W/art     (17129): Attempt to remove local handle scope entry from IRT, ignoring
02-22 14:59:38.046 W/art     (17129): Attempt to remove local handle scope entry from IRT, ignoring
02-22 14:59:38.046 W/art     (17129): Attempt to remove local handle scope entry from IRT, ignoring
02-22 14:59:38.046 W/art     (17129): Attempt to remove local handle scope entry from IRT, ignoring
02-22 14:59:38.056 W/art     (17129): Attempt to remove local handle scope entry from IRT, ignoring
02-22 14:59:38.056 W/art     (17129): Attempt to remove local handle scope entry from IRT, ignoring
02-22 14:59:38.056 W/art     (17129): Attempt to remove local handle scope entry from IRT, ignoring
02-22 14:59:38.056 W/art     (17129): Attempt to remove local handle scope entry from IRT, ignoring
02-22 14:59:38.056 W/art     (17129): Attempt to remove local handle scope entry from IRT, ignoring
02-22 14:59:38.066 W/art     (17129): Attempt to remove local handle scope entry from IRT, ignoring
02-22 14:59:38.066 W/art     (17129): Attempt to remove local handle scope entry from IRT, ignoring
02-22 14:59:38.066 W/art     (17129): Attempt to remove local handle scope entry from IRT, ignoring
02-22 14:59:38.066 W/art     (17129): Attempt to remove local handle scope entry from IRT, ignoring
02-22 14:59:38.066 W/art     (17129): Attempt to remove local handle scope entry from IRT, ignoring
02-22 14:59:38.066 W/art     (17129): Attempt to remove local handle scope entry from IRT, ignoring
02-22 14:59:38.066 W/art     (17129): Attempt to remove local handle scope entry from IRT, ignoring
02-22 14:59:38.076 W/art     (17129): Attempt to remove local handle scope entry from IRT, ignoring
02-22 14:59:38.076 W/art     (17129): Attempt to remove local handle scope entry from IRT, ignoring
02-22 14:59:38.076 W/art     (17129): Attempt to remove local handle scope entry from IRT, ignoring
02-22 14:59:38.076 W/art     (17129): Attempt to remove local handle scope entry from IRT, ignoring
02-22 14:59:38.086 W/art     (17129): Attempt to remove local handle scope entry from IRT, ignoring
02-22 14:59:38.086 W/art     (17129): Attempt to remove local handle scope entry from IRT, ignoring
02-22 14:59:38.086 W/art     (17129): Attempt to remove local handle scope entry from IRT, ignoring
02-22 14:59:38.086 W/art     (17129): Attempt to remove local handle scope entry from IRT, ignoring
02-22 14:59:38.086 W/art     (17129): Attempt to remove local handle scope entry from IRT, ignoring
02-22 14:59:38.086 W/art     (17129): Attempt to remove local handle scope entry from IRT, ignoring
02-22 14:59:38.096 W/art     (17129): Attempt to remove local handle scope entry from IRT, ignoring
02-22 14:59:38.096 W/art     (17129): Attempt to remove local handle scope entry from IRT, ignoring
02-22 14:59:38.096 W/art     (17129): Attempt to remove local handle scope entry from IRT, ignoring
02-22 14:59:38.096 W/art     (17129): Attempt to remove local handle scope entry from IRT, ignoring
02-22 14:59:38.096 W/art     (17129): Attempt to remove local handle scope entry from IRT, ignoring
02-22 14:59:38.096 W/art     (17129): Attempt to remove local handle scope entry from IRT, ignoring
02-22 14:59:38.106 W/art     (17129): Attempt to remove local handle scope entry from IRT, ignoring
02-22 14:59:38.106 W/art     (17129): Attempt to remove local handle scope entry from IRT, ignoring
02-22 14:59:38.106 W/art     (17129): Attempt to remove local handle scope entry from IRT, ignoring
02-22 14:59:38.106 W/art     (17129): Attempt to remove local handle scope entry from IRT, ignoring
02-22 14:59:38.116 W/art     (17129): Attempt to remove local handle scope entry from IRT, ignoring
02-22 14:59:38.116 W/art     (17129): Attempt to remove local handle scope entry from IRT, ignoring
02-22 14:59:38.116 W/art     (17129): Attempt to remove local handle scope entry from IRT, ignoring
02-22 14:59:38.116 W/art     (17129): Attempt to remove local handle scope entry from IRT, ignoring
02-22 14:59:38.116 W/art     (17129): Attempt to remove local handle scope entry from IRT, ignoring
02-22 14:59:38.116 W/art     (17129): Attempt to remove local handle scope entry from IRT, ignoring
02-22 14:59:38.116 W/art     (17129): Attempt to remove local handle scope entry from IRT, ignoring
02-22 14:59:38.116 W/art     (17129): Attempt to remove local handle scope entry from IRT, ignoring
02-22 14:59:38.126 W/art     (17129): Attempt to remove local handle scope entry from IRT, ignoring
02-22 14:59:38.126 W/art     (17129): Attempt to remove local handle scope entry from IRT, ignoring
02-22 14:59:38.126 W/art     (17129): Attempt to remove local handle scope entry from IRT, ignoring
02-22 14:59:38.126 W/art     (17129): Attempt to remove local handle scope entry from IRT, ignoring
02-22 14:59:38.136 W/art     (17129): Attempt to remove local handle scope entry from IRT, ignoring
02-22 14:59:38.136 W/art     (17129): Attempt to remove local handle scope entry from IRT, ignoring
02-22 14:59:38.136 W/art     (17129): Attempt to remove local handle scope entry from IRT, ignoring
02-22 14:59:38.136 W/art     (17129): Attempt to remove local handle scope entry from IRT, ignoring
02-22 14:59:38.136 W/art     (17129): Attempt to remove local handle scope entry from IRT, ignoring
02-22 14:59:38.136 W/art     (17129): Attempt to remove local handle scope entry from IRT, ignoring
02-22 14:59:38.136 W/art     (17129): Attempt to remove local handle scope entry from IRT, ignoring
02-22 14:59:38.136 W/art     (17129): Attempt to remove local handle scope entry from IRT, ignoring
02-22 14:59:38.146 W/art     (17129): Attempt to remove local handle scope entry from IRT, ignoring
02-22 14:59:38.146 W/art     (17129): Attempt to remove local handle scope entry from IRT, ignoring
02-22 14:59:38.146 W/art     (17129): Attempt to remove local handle scope entry from IRT, ignoring
02-22 14:59:38.146 W/art     (17129): Attempt to remove local handle scope entry from IRT, ignoring
02-22 14:59:38.166 W/art     (17129): Attempt to remove local handle scope entry from IRT, ignoring
02-22 14:59:38.166 W/art     (17129): Attempt to remove local handle scope entry from IRT, ignoring
02-22 14:59:38.166 W/art     (17129): Attempt to remove local handle scope entry from IRT, ignoring
02-22 14:59:38.166 W/art     (17129): Attempt to remove local handle scope entry from IRT, ignoring
02-22 14:59:38.166 W/art     (17129): Attempt to remove local handle scope entry from IRT, ignoring
02-22 14:59:38.166 W/art     (17129): Attempt to remove local handle scope entry from IRT, ignoring
02-22 14:59:38.166 W/art     (17129): Attempt to remove local handle scope entry from IRT, ignoring
02-22 14:59:38.166 W/art     (17129): Attempt to remove local handle scope entry from IRT, ignoring
02-22 14:59:38.176 I/XiaomiFirewall( 5196): firewall pkgName:com.wanda.app.wanhui, result:0x0
02-22 14:59:38.176 W/art     (17129): Attempt to remove local handle scope entry from IRT, ignoring
02-22 14:59:38.176 W/art     (17129): Attempt to remove local handle scope entry from IRT, ignoring
02-22 14:59:38.176 W/art     (17129): Attempt to remove local handle scope entry from IRT, ignoring
02-22 14:59:38.176 W/art     (17129): Attempt to remove local handle scope entry from IRT, ignoring
02-22 14:59:38.186 W/art     (17129): Attempt to remove local handle scope entry from IRT, ignoring
02-22 14:59:38.186 W/art     (17129): Attempt to remove local handle scope entry from IRT, ignoring
02-22 14:59:38.186 W/art     (17129): Attempt to remove local handle scope entry from IRT, ignoring
02-22 14:59:38.186 W/art     (17129): Attempt to remove local handle scope entry from IRT, ignoring
02-22 14:59:38.196 W/art     (17129): Attempt to remove local handle scope entry from IRT, ignoring
02-22 14:59:38.196 W/art     (17129): Attempt to remove local handle scope entry from IRT, ignoring
02-22 14:59:38.196 W/art     (17129): Attempt to remove local handle scope entry from IRT, ignoring
02-22 14:59:38.196 W/art     (17129): Attempt to remove local handle scope entry from IRT, ignoring
02-22 14:59:38.206 W/art     (17129): Attempt to remove local handle scope entry from IRT, ignoring
02-22 14:59:38.206 W/art     (17129): Attempt to remove local handle scope entry from IRT, ignoring
02-22 14:59:38.206 W/art     (17129): Attempt to remove local handle scope entry from IRT, ignoring
02-22 14:59:38.206 W/art     (17129): Attempt to remove local handle scope entry from IRT, ignoring
02-22 14:59:38.206 W/art     (17129): Attempt to remove local handle scope entry from IRT, ignoring
02-22 14:59:38.216 W/art     (17129): Attempt to remove local handle scope entry from IRT, ignoring
02-22 14:59:38.216 W/art     (17129): Attempt to remove local handle scope entry from IRT, ignoring
02-22 14:59:38.216 W/art     (17129): Attempt to remove local handle scope entry from IRT, ignoring
02-22 14:59:38.216 W/art     (17129): Attempt to remove local handle scope entry from IRT, ignoring
02-22 14:59:38.216 W/art     (17129): Attempt to remove local handle scope entry from IRT, ignoring
02-22 14:59:38.216 W/art     (17129): Attempt to remove local handle scope entry from IRT, ignoring
02-22 14:59:38.216 W/art     (17129): Attempt to remove local handle scope entry from IRT, ignoring
02-22 14:59:38.226 W/art     (17129): Attempt to remove local handle scope entry from IRT, ignoring
02-22 14:59:38.226 W/art     (17129): Attempt to remove local handle scope entry from IRT, ignoring
02-22 14:59:38.226 W/art     (17129): Attempt to remove local handle scope entry from IRT, ignoring
02-22 14:59:38.226 W/art     (17129): Attempt to remove local handle scope entry from IRT, ignoring
02-22 14:59:38.226 W/art     (17129): Attempt to remove local handle scope entry from IRT, ignoring
02-22 14:59:38.236 W/art     (17129): Attempt to remove local handle scope entry from IRT, ignoring
02-22 14:59:38.236 W/art     (17129): Attempt to remove local handle scope entry from IRT, ignoring
02-22 14:59:38.236 W/art     (17129): Attempt to remove local handle scope entry from IRT, ignoring
02-22 14:59:38.236 W/art     (17129): Attempt to remove local handle scope entry from IRT, ignoring
02-22 14:59:38.236 W/art     (17129): Attempt to remove local handle scope entry from IRT, ignoring
02-22 14:59:38.236 W/art     (17129): Attempt to remove local handle scope entry from IRT, ignoring
02-22 14:59:38.236 W/art     (17129): Attempt to remove local handle scope entry from IRT, ignoring
02-22 14:59:38.246 W/art     (17129): Attempt to remove local handle scope entry from IRT, ignoring
02-22 14:59:38.246 W/art     (17129): Attempt to remove local handle scope entry from IRT, ignoring
02-22 14:59:38.246 W/art     (17129): Attempt to remove local handle scope entry from IRT, ignoring
02-22 14:59:38.246 W/art     (17129): Attempt to remove local handle scope entry from IRT, ignoring
02-22 14:59:38.256 W/art     (17129): Attempt to remove local handle scope entry from IRT, ignoring
02-22 14:59:38.256 W/art     (17129): Attempt to remove local handle scope entry from IRT, ignoring
02-22 14:59:38.256 W/art     (17129): Attempt to remove local handle scope entry from IRT, ignoring
02-22 14:59:38.256 W/art     (17129): Attempt to remove local handle scope entry from IRT, ignoring
02-22 14:59:38.256 W/art     (17129): Attempt to remove local handle scope entry from IRT, ignoring
02-22 14:59:38.256 W/art     (17129): Attempt to remove local handle scope entry from IRT, ignoring
02-22 14:59:38.256 W/art     (17129): Attempt to remove local handle scope entry from IRT, ignoring
02-22 14:59:38.256 W/art     (17129): Attempt to remove local handle scope entry from IRT, ignoring
02-22 14:59:38.266 W/art     (17129): Attempt to remove local handle scope entry from IRT, ignoring
02-22 14:59:38.266 W/art     (17129): Attempt to remove local handle scope entry from IRT, ignoring
02-22 14:59:38.266 W/art     (17129): Attempt to remove local handle scope entry from IRT, ignoring
02-22 14:59:38.266 W/art     (17129): Attempt to remove local handle scope entry from IRT, ignoring
02-22 14:59:38.276 W/art     (17129): Attempt to remove local handle scope entry from IRT, ignoring
02-22 14:59:38.276 W/art     (17129): Attempt to remove local handle scope entry from IRT, ignoring
02-22 14:59:38.276 W/art     (17129): Attempt to remove local handle scope entry from IRT, ignoring
02-22 14:59:38.276 W/art     (17129): Attempt to remove local handle scope entry from IRT, ignoring
02-22 14:59:38.276 W/art     (17129): Attempt to remove local handle scope entry from IRT, ignoring
02-22 14:59:38.276 W/art     (17129): Attempt to remove local handle scope entry from IRT, ignoring
02-22 14:59:38.276 W/art     (17129): Attempt to remove local handle scope entry from IRT, ignoring
02-22 14:59:38.276 W/art     (17129): Attempt to remove local handle scope entry from IRT, ignoring
02-22 14:59:38.286 W/art     (17129): Attempt to remove local handle scope entry from IRT, ignoring
02-22 14:59:38.286 W/art     (17129): Attempt to remove local handle scope entry from IRT, ignoring
02-22 14:59:38.286 W/art     (17129): Attempt to remove local handle scope entry from IRT, ignoring
02-22 14:59:38.286 W/art     (17129): Attempt to remove local handle scope entry from IRT, ignoring
02-22 14:59:38.296 W/art     (17129): Attempt to remove local handle scope entry from IRT, ignoring
02-22 14:59:38.296 W/art     (17129): Attempt to remove local handle scope entry from IRT, ignoring
02-22 14:59:38.296 W/art     (17129): Attempt to remove local handle scope entry from IRT, ignoring
02-22 14:59:38.296 W/art     (17129): Attempt to remove local handle scope entry from IRT, ignoring
02-22 14:59:38.306 W/art     (17129): Attempt to remove local handle scope entry from IRT, ignoring
02-22 14:59:38.306 W/art     (17129): Attempt to remove local handle scope entry from IRT, ignoring
02-22 14:59:38.306 W/art     (17129): Attempt to remove local handle scope entry from IRT, ignoring
02-22 14:59:38.306 W/art     (17129): Attempt to remove local handle scope entry from IRT, ignoring
02-22 14:59:38.306 D/BaseMiuiPhoneWindowManager( 2395): keyCode:4 down:true 45410628 45410628
02-22 14:59:38.316 W/art     (17129): Attempt to remove local handle scope entry from IRT, ignoring
02-22 14:59:38.316 W/art     (17129): Attempt to remove local handle scope entry from IRT, ignoring
02-22 14:59:38.316 W/art     (17129): Attempt to remove local handle scope entry from IRT, ignoring
02-22 14:59:38.316 W/art     (17129): Attempt to remove local handle scope entry from IRT, ignoring
02-22 14:59:38.316 I/AppiumUnicodeIME( 4641): onKeyDown (keyCode='4', event.keyCode='4', metaState='0')
02-22 14:59:38.316 W/art     (17129): Attempt to remove local handle scope entry from IRT, ignoring
02-22 14:59:38.316 W/art     (17129): Attempt to remove local handle scope entry from IRT, ignoring
02-22 14:59:38.316 W/art     (17129): Attempt to remove local handle scope entry from IRT, ignoring
02-22 14:59:38.326 W/art     (17129): Attempt to remove local handle scope entry from IRT, ignoring
02-22 14:59:38.326 W/art     (17129): Attempt to remove local handle scope entry from IRT, ignoring
02-22 14:59:38.326 W/art     (17129): Attempt to remove local handle scope entry from IRT, ignoring
02-22 14:59:38.326 W/art     (17129): Attempt to remove local handle scope entry from IRT, ignoring
02-22 14:59:38.326 W/art     (17129): Attempt to remove local handle scope entry from IRT, ignoring
02-22 14:59:38.326 W/art     (17129): Attempt to remove local handle scope entry from IRT, ignoring
02-22 14:59:38.326 W/art     (17129): Attempt to remove local handle scope entry from IRT, ignoring
02-22 14:59:38.326 W/art     (17129): Attempt to remove local handle scope entry from IRT, ignoring
02-22 14:59:38.336 W/art     (17129): Attempt to remove local handle scope entry from IRT, ignoring
02-22 14:59:38.336 W/art     (17129): Attempt to remove local handle scope entry from IRT, ignoring
02-22 14:59:38.336 W/art     (17129): Attempt to remove local handle scope entry from IRT, ignoring
02-22 14:59:38.336 W/art     (17129): Attempt to remove local handle scope entry from IRT, ignoring
02-22 14:59:38.346 W/art     (17129): Attempt to remove local handle scope entry from IRT, ignoring
02-22 14:59:38.346 W/art     (17129): Attempt to remove local handle scope entry from IRT, ignoring
02-22 14:59:38.346 W/art     (17129): Attempt to remove local handle scope entry from IRT, ignoring
02-22 14:59:38.346 W/art     (17129): Attempt to remove local handle scope entry from IRT, ignoring
02-22 14:59:38.356 I/ServiceManager(15634): Waiting for service AtCmdFwd...
02-22 14:59:38.356 W/art     (17129): Attempt to remove local handle scope entry from IRT, ignoring
02-22 14:59:38.356 W/art     (17129): Attempt to remove local handle scope entry from IRT, ignoring
02-22 14:59:38.356 W/art     (17129): Attempt to remove local handle scope entry from IRT, ignoring
02-22 14:59:38.356 W/art     (17129): Attempt to remove local handle scope entry from IRT, ignoring
02-22 14:59:38.366 W/art     (17129): Attempt to remove local handle scope entry from IRT, ignoring
02-22 14:59:38.366 W/art     (17129): Attempt to remove local handle scope entry from IRT, ignoring
02-22 14:59:38.366 W/art     (17129): Attempt to remove local handle scope entry from IRT, ignoring
02-22 14:59:38.366 W/art     (17129): Attempt to remove local handle scope entry from IRT, ignoring
02-22 14:59:38.366 W/        (17778): [ColorAdjust] gammamode=2, cemode=10
02-22 14:59:38.366 W/        (17778): [ColorAdjust] temp_gammavalue=2, temp_cevalue=10
02-22 14:59:38.366 W/        (17778): [ColorAdjust] Don't setGamma!
02-22 14:59:38.366 W/        (17778): [ColorAdjust] Don't setCe!
02-22 14:59:38.366 W/art     (17129): Attempt to remove local handle scope entry from IRT, ignoring
02-22 14:59:38.366 W/art     (17129): Attempt to remove local handle scope entry from IRT, ignoring
02-22 14:59:38.366 W/art     (17129): Attempt to remove local handle scope entry from IRT, ignoring
02-22 14:59:38.366 W/art     (17129): Attempt to remove local handle scope entry from IRT, ignoring
02-22 14:59:38.376 W/art     (17129): Attempt to remove local handle scope entry from IRT, ignoring
02-22 14:59:38.376 W/art     (17129): Attempt to remove local handle scope entry from IRT, ignoring
02-22 14:59:38.376 W/art     (17129): Attempt to remove local handle scope entry from IRT, ignoring
02-22 14:59:38.376 W/art     (17129): Attempt to remove local handle scope entry from IRT, ignoring
02-22 14:59:38.386 W/art     (17129): Attempt to remove local handle scope entry from IRT, ignoring
02-22 14:59:38.386 W/art     (17129): Attempt to remove local handle scope entry from IRT, ignoring
02-22 14:59:38.386 W/art     (17129): Attempt to remove local handle scope entry from IRT, ignoring
02-22 14:59:38.386 W/art     (17129): Attempt to remove local handle scope entry from IRT, ignoring
02-22 14:59:38.386 W/art     (17129): Attempt to remove local handle scope entry from IRT, ignoring
02-22 14:59:38.386 W/art     (17129): Attempt to remove local handle scope entry from IRT, ignoring
02-22 14:59:38.386 W/art     (17129): Attempt to remove local handle scope entry from IRT, ignoring
02-22 14:59:38.396 W/art     (17129): Attempt to remove local handle scope entry from IRT, ignoring
02-22 14:59:38.396 W/        (17778): [ColorAdjust] Set temp_prefer temp_ce!
02-22 14:59:38.396 D/BaseMiuiPhoneWindowManager( 2395): keyCode:4 down:false 45410712 45410628
02-22 14:59:38.396 I/AppiumUnicodeIME( 4641): onKeyUp (keyCode='4', event.keyCode='4', metaState='0')
02-22 14:59:38.396 W/art     (17129): Attempt to remove local handle scope entry from IRT, ignoring
02-22 14:59:38.396 W/art     (17129): Attempt to remove local handle scope entry from IRT, ignoring
02-22 14:59:38.396 W/art     (17129): Attempt to remove local handle scope entry from IRT, ignoring
02-22 14:59:38.396 W/art     (17129): Attempt to remove local handle scope entry from IRT, ignoring
02-22 14:59:38.396 W/art     (17129): Attempt to remove local handle scope entry from IRT, ignoring
02-22 14:59:38.396 W/art     (17129): Attempt to remove local handle scope entry from IRT, ignoring
02-22 14:59:38.406 W/art     (17129): Attempt to remove local handle scope entry from IRT, ignoring
02-22 14:59:38.406 W/art     (17129): Attempt to remove local handle scope entry from IRT, ignoring
02-22 14:59:38.406 W/art     (17129): Attempt to remove local handle scope entry from IRT, ignoring
02-22 14:59:38.406 W/art     (17129): Attempt to remove local handle scope entry from IRT, ignoring
02-22 14:59:38.406 W/art     (17129): Attempt to remove local handle scope entry from IRT, ignoring
02-22 14:59:38.416 W/art     (17129): Attempt to remove local handle scope entry from IRT, ignoring
02-22 14:59:38.416 W/art     (17129): Attempt to remove local handle scope entry from IRT, ignoring
02-22 14:59:38.416 D/PowerKeeperEventLogManager( 5386): notifyForegroundCompomentChanged ComponentInfo{com.wanda.app.wanhui/com.feifan.o2o.business.classic.activity.ClassicActivity}
02-22 14:59:38.416 I/Timeline( 2395): Timeline: App_transition_ready time:45410738
02-22 14:59:38.416 I/Timeline( 2395): Timeline: App_transition_stopped time:45410738
02-22 14:59:38.446 E/commonUtil(17129): imsi is null
02-22 14:59:38.456 E/commonUtil(17129): imsi is null
02-22 14:59:38.456 E/commonUtil(17129): imsi is null
02-22 14:59:38.466 I/AppiumUnicodeIME( 4641): onFinishInput
02-22 14:59:38.466 I/AppiumUnicodeIME( 4641): onStartInput
02-22 14:59:38.466 W/art     (17129): Attempt to remove local handle scope entry from IRT, ignoring
02-22 14:59:38.466 W/art     (17129): Attempt to remove local handle scope entry from IRT, ignoring
02-22 14:59:38.466 W/art     (17129): Attempt to remove local handle scope entry from IRT, ignoring
02-22 14:59:38.466 W/art     (17129): Attempt to remove local handle scope entry from IRT, ignoring
02-22 14:59:38.466 W/art     (17129): Attempt to remove local handle scope entry from IRT, ignoring
02-22 14:59:38.466 W/art     (17129): Attempt to remove local handle scope entry from IRT, ignoring
02-22 14:59:38.496 W/art     (17129): Attempt to remove local handle scope entry from IRT, ignoring
02-22 14:59:38.496 W/art     (17129): Attempt to remove local handle scope entry from IRT, ignoring
02-22 14:59:38.496 W/art     (17129): Attempt to remove local handle scope entry from IRT, ignoring
02-22 14:59:38.496 W/art     (17129): Attempt to remove local handle scope entry from IRT, ignoring
02-22 14:59:38.496 W/art     (17129): Attempt to remove local handle scope entry from IRT, ignoring
02-22 14:59:38.496 W/art     (17129): Attempt to remove local handle scope entry from IRT, ignoring
02-22 14:59:38.506 W/art     (17129): Attempt to remove local handle scope entry from IRT, ignoring
02-22 14:59:38.556 I/SurfaceFlinger(  307): FPS: 26
02-22 14:59:38.766 D/BaseMiuiPhoneWindowManager( 2395): keyCode:4 down:true 45411084 45411084
02-22 14:59:38.766 I/AppiumUnicodeIME( 4641): onKeyDown (keyCode='4', event.keyCode='4', metaState='0')
02-22 14:59:38.776 W/ActivityManager( 2395): getRunningAppProcesses: caller 10175 does not hold REAL_GET_TASKS; limiting output
02-22 14:59:38.826 D/BaseMiuiPhoneWindowManager( 2395): keyCode:4 down:false 45411141 45411084
02-22 14:59:38.826 V/RenderScript(17129): Application requested CPU execution
02-22 14:59:38.826 V/RenderScript(17129): 0xace49d18 Launching thread(s), CPUs 8
02-22 14:59:38.846 I/AppiumUnicodeIME( 4641): onKeyUp (keyCode='4', event.keyCode='4', metaState='0')
02-22 14:59:38.976 E/anti    (18454): anti once
02-22 14:59:38.986 D/BaseMiuiPhoneWindowManager( 2395): keyCode:4 down:true 45411306 45411306
02-22 14:59:38.996 I/AppiumUnicodeIME( 4641): onKeyDown (keyCode='4', event.keyCode='4', metaState='0')
02-22 14:59:39.036 D/BaseMiuiPhoneWindowManager( 2395): keyCode:4 down:false 45411350 45411306
02-22 14:59:39.036 I/AppiumUnicodeIME( 4641): onKeyUp (keyCode='4', event.keyCode='4', metaState='0')
02-22 14:59:39.036 E/ActivityManager( 2395): Invalid thumbnail dimensions: 0x0
02-22 14:59:39.046 D/PowerKeeperEventLogManager( 5386): notifyForegroundCompomentChanged ComponentInfo{com.miui.home/com.miui.home.launcher.Launcher}
02-22 14:59:39.046 D/PowerKeeperExecutor( 5386): notify state home_state enter...
02-22 14:59:39.046 D/PowerKeeperExecutor( 5386): foreground_change:
02-22 14:59:39.046 D/PowerKeeperExecutor( 5386): set_cpu_powermode(middle)
02-22 14:59:39.046 I/PowerKeeperExecutor( 5386): no local quick execution method for set_cpu_powermode
02-22 14:59:39.046 D/PowerKeeperExecutor( 5386): set_lcd_mode(ui)
02-22 14:59:39.046 I/PowerKeeperExecutor( 5386): no local quick execution method for set_lcd_mode
02-22 14:59:39.046 I/octvm_power( 6278): power mode [home] start 1487746779
02-22 14:59:39.046 I/octvm_drv( 6278): common drv: get_current_battery_uAh will return 0
02-22 14:59:39.046 I/octvm_power( 6278): Action: set_cpu_powermode(middle) for [foreground_change]
02-22 14:59:39.046 I/octvm_drv( 6278): common drv: platform_set_power_profile -> platform not support
02-22 14:59:39.046 I/octvm_power( 6278): Action: set_lcd_mode(ui) for [foreground_change]
02-22 14:59:39.046 I/octvm_drv( 6278): common drv: platform_set_lcd_mode -> platform not support
02-22 14:59:39.046 I/octvm   ( 5119): task pid 5171 have been add to group sys_app_fg.
02-22 14:59:39.046 I/octvm   ( 5119): [sys_app_fg]cgroup_add_tasks max single write time: 0ms
02-22 14:59:39.046 I/octvm   ( 5119): [sys_app_fg]cgroup_add_tasks total time consume: 0ms
02-22 14:59:39.046 I/octvm_drv( 6278): common drv: get_current_battery_uAh will return 0
02-22 14:59:39.046 I/octvm_power( 6278): onPowerModeChanged[home] called
02-22 14:59:39.046 I/Timeline( 2395): Timeline: App_transition_ready time:45411366
02-22 14:59:39.056 I/Timeline( 2395): Timeline: App_transition_ready time:45411374
02-22 14:59:39.066 I/RenderThread( 5171): RenderThread resumed
02-22 14:59:39.066 I/RenderThread( 5171): All controllers paused.
02-22 14:59:39.066 I/RenderThread( 5171): RenderThread paused, waiting for signal
02-22 14:59:39.066 I/RenderThread( 5171): RenderThread resumed
02-22 14:59:39.066 I/RenderThread( 5171): All controllers paused.
02-22 14:59:39.066 I/RenderThread( 5171): RenderThread paused, waiting for signal
02-22 14:59:39.076 I/Timeline( 2395): Timeline: App_transition_ready time:45411391
02-22 14:59:39.086 I/AppiumUnicodeIME( 4641): onFinishInput
02-22 14:59:39.086 I/AppiumUnicodeIME( 4641): onStartInput
02-22 14:59:39.096 I/Timeline( 5171): Timeline: Activity_idle id: android.os.BinderProxy@28bdc2f9 time:45411414
02-22 14:59:39.096 I/Timeline( 2395): Timeline: App_transition_ready time:45411419
02-22 14:59:39.126 D/BaseMiuiPhoneWindowManager( 2395): keyCode:4 down:true 45411446 45411446
02-22 14:59:39.126 I/AppiumUnicodeIME( 4641): onKeyDown (keyCode='4', event.keyCode='4', metaState='0')
02-22 14:59:39.186 D/BaseMiuiPhoneWindowManager( 2395): keyCode:4 down:false 45411505 45411446
02-22 14:59:39.186 I/AppiumUnicodeIME( 4641): onKeyUp (keyCode='4', event.keyCode='4', metaState='0')
02-22 14:59:39.186 I/ThermalEngine(  370): Sensor:tsens_tz_sensor2:43000 mC
02-22 14:59:39.186 I/ThermalEngine(  370): Sensor:tsens_tz_sensor2:43000 mC
02-22 14:59:39.246 D/ConnectivityService( 2395): returning Blocked NetworkInfo for ifname=wlan0, uid=10122
02-22 14:59:39.286 I/Timeline( 2395): Timeline: Activity_windows_visible id: ActivityRecord{b86021b u0 com.miui.home/.launcher.Launcher t28} time:45411605
02-22 14:59:39.286 I/Timeline( 2395): Timeline: App_transition_stopped time:45411608
02-22 14:59:39.296 D/BaseMiuiPhoneWindowManager( 2395): keyCode:4 down:true 45411613 45411613
02-22 14:59:39.296 I/AppiumUnicodeIME( 4641): onKeyDown (keyCode='4', event.keyCode='4', metaState='0')
02-22 14:59:39.306 E/commonUtil(17129): imsi is null
02-22 14:59:39.326 E/commonUtil(17129): imsi is null
02-22 14:59:39.336 D/BaseMiuiPhoneWindowManager( 2395): keyCode:4 down:false 45411653 45411613
02-22 14:59:39.336 I/AppiumUnicodeIME( 4641): onKeyUp (keyCode='4', event.keyCode='4', metaState='0')
02-22 14:59:39.346 E/commonUtil(17129): imsi is null
02-22 14:59:39.346 I/Process (17129): Sending signal. PID: 17129 SIG: 9
02-22 14:59:39.346 W/ActivityManager( 2395): getRunningAppProcesses: caller 10122 does not hold REAL_GET_TASKS; limiting output
02-22 14:59:39.356 I/ServiceManager(15634): Waiting for service AtCmdFwd...
02-22 14:59:39.516 D/Sensors ( 2395): activate called handle:4 enable:0
02-22 14:59:39.516 D/Sensors ( 2395): kxtj9-accel calling driver disable
02-22 14:59:39.516 I/WindowState( 2395): WIN DEATH: Window{1b4d4924 u0 com.wanda.app.wanhui/com.feifan.o2o.business.classic.activity.ClassicActivity}
02-22 14:59:39.516 D/WifiService( 2395): Client connection lost with reason: 4
02-22 14:59:39.516 I/WindowState( 2395): WIN DEATH: Window{174b2489 u0 com.wanda.app.wanhui/com.feifan.o2o.business.classic.activity.ClassicActivity}
02-22 14:59:39.526 I/WindowState( 2395): WIN DEATH: Window{157752a7 u0 Toast}
02-22 14:59:39.536 I/ActivityManager( 2395): Process com.wanda.app.wanhui (pid 17129) has died
02-22 14:59:39.536 W/ActivityManager( 2395): Scheduling restart of crashed service com.wanda.app.wanhui/com.wanda.morgoo.droidplugin.PluginManagerService in 1000ms
02-22 14:59:39.536 W/ActivityManager( 2395): Scheduling restart of crashed service com.wanda.app.wanhui/com.wanda.downloadmanager.download.DownloadService in 10999ms
02-22 14:59:39.566 I/SurfaceFlinger(  307): FPS: 32
02-22 14:59:39.586 I/ActivityManager( 2395): Start proc 17795:com.wanda.app.wanhui/u0a175 for service com.wanda.app.wanhui/com.wanda.morgoo.droidplugin.PluginManagerService
02-22 14:59:39.606 D/TidaProvider(17795): TidaProvider()
02-22 14:59:39.986 E/anti    (18454): anti once
02-22 14:59:40.266 V/WLAN_PSA(  366): NL MSG, len[4009], NL type[0x1C] WNI type[0x5900] len[37135]
02-22 14:59:40.266 V/WLAN_PSA(  366): NL MSG, PID: 366
02-22 14:59:40.356 I/ServiceManager(15634): Waiting for service AtCmdFwd...
02-22 14:59:40.776 W/NotificationService( 2395): Object died trying to hide notification android.app.ITransientNotification$Stub$Proxy@3a8c67d8 in package com.wanda.app.wanhui
02-22 14:59:40.886 I/SurfaceFlinger(  307): FPS: 20
02-22 14:59:41.006 E/anti    (18454): anti once
02-22 14:59:41.046 D/BatteryService( 2395): Processing new values: chargerAcOnline=false, chargerUsbOnline=true, chargerWirelessOnline=false, batteryStatus=5, batteryHealth=2, batteryPresent=true, batteryLevel=100, batteryTechnology=Li-ion, batteryVoltage=4357, batteryTemperature=321, mBatteryLevelCritical=false, mPlugType=2
02-22 14:59:41.046 D/BatteryService( 2395): Sending ACTION_BATTERY_CHANGED.  level:100, scale:100, status:5, health:2, present:true, voltage: 4357, temperature: 321, technology: Li-ion, AC powered:false, USB powered:true, Wireless powered:false, icon:17303157, invalid charger:0
02-22 14:59:41.046 D/BatteryService( 2395): zhaoqf_sh batteryServices call state : 0 mPlugType : 2
02-22 14:59:41.356 I/ServiceManager(15634): Waiting for service AtCmdFwd...
02-22 14:59:41.746 V/WLAN_PSA(  366): NL MSG, len[048], NL type[0x11] WNI type[0x5050] len[028]
02-22 14:59:41.746 V/WLAN_PSA(  366): NL MSG, PID: 366
02-22 14:59:42.026 E/anti    (18454): anti once
02-22 14:59:42.356 I/ServiceManager(15634): Waiting for service AtCmdFwd...
02-22 14:59:42.886 I/SurfaceFlinger(  307): FPS: 3
02-22 14:59:43.036 E/anti    (18454): anti once
02-22 14:59:43.356 W/Atfwd_Sendcmd(15634): AtCmdFwd service not published, waiting... retryCnt : 3
02-22 14:59:43.406 W/        (17833): [ColorAdjust] gammamode=2, cemode=10
02-22 14:59:43.406 W/        (17833): [ColorAdjust] temp_gammavalue=2, temp_cevalue=10
02-22 14:59:43.406 W/        (17833): [ColorAdjust] Don't setGamma!
02-22 14:59:43.406 W/        (17833): [ColorAdjust] Don't setCe!
02-22 14:59:43.436 W/        (17833): [ColorAdjust] Set temp_prefer temp_ce!
02-22 14:59:43.596 W/ActivityManager( 2395): getRunningAppProcesses: caller 10175 does not hold REAL_GET_TASKS; limiting output
02-22 14:59:43.696 E/ijm     (17795): register ijm005 datapath=/data/data/ param=1 version=20161110 
02-22 14:59:43.846 V/WLAN_PSA(  366): NL MSG, len[4038], NL type[0x1C] WNI type[0x5900] len[44559]
02-22 14:59:43.846 V/WLAN_PSA(  366): NL MSG, PID: 366
02-22 14:59:44.046 E/anti    (18454): anti once
02-22 14:59:44.066 W/ActivityManager( 2395): getRunningAppProcesses: caller 10175 does not hold REAL_GET_TASKS; limiting output
02-22 14:59:44.076 W/ActivityManager( 2395): getRunningAppProcesses: caller 10175 does not hold REAL_GET_TASKS; limiting output
02-22 14:59:44.106 E/Vold    (  306): Failed to find mounted volume for /storage/sdcard1/Android/data/com.wanda.app.wanhui/files/
02-22 14:59:44.106 W/Vold    (  306): Returning OperationFailed - no handler for errno 0
02-22 14:59:44.106 E/Vold    (  306): Failed to find mounted volume for /storage/sdcard1/Android/data/com.wanda.app.wanhui/files/
02-22 14:59:44.106 W/Vold    (  306): Returning OperationFailed - no handler for errno 0
02-22 14:59:44.186 I/ThermalEngine(  370): Sensor:tsens_tz_sensor2:44000 mC
02-22 14:59:44.186 I/ThermalEngine(  370): Mitigation:CLUSTER[1]:1459200 Khz
02-22 14:59:44.236 W/ActivityManager( 2395): getRunningAppProcesses: caller 10175 does not hold REAL_GET_TASKS; limiting output
02-22 14:59:44.256 E/Vold    (  306): Failed to find mounted volume for /storage/sdcard1/Android/data/com.wanda.app.wanhui/files/
02-22 14:59:44.256 W/Vold    (  306): Returning OperationFailed - no handler for errno 0
02-22 14:59:44.256 E/Vold    (  306): Failed to find mounted volume for /storage/sdcard1/Android/data/com.wanda.app.wanhui/files/
02-22 14:59:44.256 W/Vold    (  306): Returning OperationFailed - no handler for errno 0
02-22 14:59:44.436 W/ActivityManager( 2395): getRunningAppProcesses: caller 10175 does not hold REAL_GET_TASKS; limiting output
02-22 14:59:44.456 D/WifiService( 2395): New client listening to asynchronous messages
02-22 14:59:44.486 I/XiaomiFirewall( 5196): firewall pkgName:com.wanda.app.wanhui, result:0x0
02-22 14:59:44.786 E/GsmCellLocation Error(17795): GsmCellLocation is null
02-22 14:59:44.786 E/commonUtil(17795): imsi is null
02-22 14:59:44.896 E/GsmCellLocation Error(17795): GsmCellLocation is null
02-22 14:59:44.896 E/commonUtil(17795): imsi is null
02-22 14:59:44.966 E/GsmCellLocation Error(17795): GsmCellLocation is null
02-22 14:59:44.966 E/commonUtil(17795): imsi is null
02-22 14:59:44.996 D/BluetoothManagerService( 2395): Message: 20
02-22 14:59:44.996 D/BluetoothManagerService( 2395): Added callback: android.bluetooth.IBluetoothManagerCallback$Stub$Proxy@15f3fe8f:true
02-22 14:59:45.036 E/imsdk.IMCoreWrapper(17795): [E]load lib_imcore_jni_gyp.so succ
02-22 14:59:45.066 E/anti    (18454): anti once
02-22 14:59:45.076 E/QALSDKManager(17795): init qal sdk,version:1.4.1.101260
02-22 14:59:45.076 W/ActivityManager( 2395): getRunningAppProcesses: caller 10175 does not hold REAL_GET_TASKS; limiting output
02-22 14:59:45.076 W/ActivityManager( 2395): getRunningAppProcesses: caller 10175 does not hold REAL_GET_TASKS; limiting output
02-22 14:59:45.076 W/ActivityManager( 2395): getRunningAppProcesses: caller 10175 does not hold REAL_GET_TASKS; limiting output
02-22 14:59:45.136 W/ActivityManager( 2395): getRunningAppProcesses: caller 10175 does not hold REAL_GET_TASKS; limiting output
02-22 14:59:45.166 E/QALSDKManager(17795): com.wanda.app.wanhui init qal sdk done: 
02-22 14:59:45.256 E/WifiStateMachine( 2395): WifiStateMachine CMD_START_SCAN source 10031 txSuccessRate=6.63 rxSuccessRate=84.12 targetRoamBSSID=any RSSI=-44
02-22 14:59:45.256 I/WifiHAL ( 2395): Poll result = 1
02-22 14:59:45.256 I/WifiHAL ( 2395): Found some events!!!
02-22 14:59:45.256 D/WifiHAL ( 2395): no_seq_check received
02-22 14:59:45.256 I/WifiHAL ( 2395): event received NL80211_CMD_TRIGGER_SCAN
02-22 14:59:45.256 I/WifiHAL ( 2395): event received NL80211_CMD_TRIGGER_SCAN, vendor_id = 0x0
02-22 14:59:45.256 I/WifiHAL ( 2395): event ignored!!
02-22 14:59:45.256 V/WLAN_PSA(  366): NL MSG, len[914], NL type[0x11] WNI type[0x5050] len[894]
02-22 14:59:45.256 V/WLAN_PSA(  366): NL MSG, PID: 366
02-22 14:59:45.256 V/WLAN_PSA(  366): NL MSG, len[3907], NL type[0x1C] WNI type[0x5900] len[11023]
02-22 14:59:45.256 V/WLAN_PSA(  366): NL MSG, PID: 366
02-22 14:59:45.256 V/WLAN_PSA(  366): NL MSG, len[048], NL type[0x11] WNI type[0x5050] len[028]
02-22 14:59:45.256 V/WLAN_PSA(  366): NL MSG, PID: 366
02-22 14:59:45.266 W/ActivityManager( 2395): getRunningAppProcesses: caller 10175 does not hold REAL_GET_TASKS; limiting output
02-22 14:59:45.286 V/WLAN_PSA(  366): NL MSG, len[3985], NL type[0x1C] WNI type[0x5900] len[30991]
02-22 14:59:45.286 V/WLAN_PSA(  366): NL MSG, PID: 366
02-22 14:59:45.316 E/GsmCellLocation Error(17795): GsmCellLocation is null
02-22 14:59:45.316 E/commonUtil(17795): imsi is null
02-22 14:59:45.326 V/WLAN_PSA(  366): NL MSG, len[4051], NL type[0x1C] WNI type[0x5900] len[47887]
02-22 14:59:45.326 V/WLAN_PSA(  366): NL MSG, PID: 366
02-22 14:59:45.346 E/WifiStateMachine( 2395): WifiStateMachine CMD_START_SCAN source -2 txSuccessRate=17.81 rxSuccessRate=107.06 targetRoamBSSID=any RSSI=-44
02-22 14:59:45.386 V/WLAN_PSA(  366): NL MSG, len[4050], NL type[0x1C] WNI type[0x5900] len[47631]
02-22 14:59:45.386 V/WLAN_PSA(  366): NL MSG, PID: 366
02-22 14:59:45.386 E/GsmCellLocation Error(17795): GsmCellLocation is null
02-22 14:59:45.386 E/commonUtil(17795): imsi is null
02-22 14:59:45.406 V/WLAN_PSA(  366): NL MSG, len[914], NL type[0x11] WNI type[0x5050] len[894]
02-22 14:59:45.406 V/WLAN_PSA(  366): NL MSG, PID: 366
02-22 14:59:45.406 V/WLAN_PSA(  366): NL MSG, len[4070], NL type[0x1C] WNI type[0x5900] len[52751]
02-22 14:59:45.406 V/WLAN_PSA(  366): NL MSG, PID: 366
02-22 14:59:45.496 V/WLAN_PSA(  366): NL MSG, len[914], NL type[0x11] WNI type[0x5050] len[894]
02-22 14:59:45.496 V/WLAN_PSA(  366): NL MSG, PID: 366
02-22 14:59:45.496 V/WLAN_PSA(  366): NL MSG, len[048], NL type[0x11] WNI type[0x5050] len[028]
02-22 14:59:45.496 V/WLAN_PSA(  366): NL MSG, PID: 366
02-22 14:59:45.496 V/WLAN_PSA(  366): NL MSG, len[4012], NL type[0x1C] WNI type[0x5900] len[37903]
02-22 14:59:45.496 V/WLAN_PSA(  366): NL MSG, PID: 366
02-22 14:59:45.526 I/art     (17795): Background sticky concurrent mark sweep GC freed 74354(6MB) AllocSpace objects, 7(112KB) LOS objects, 23% free, 19MB/25MB, paused 8.561ms total 133.704ms
02-22 14:59:45.536 V/WLAN_PSA(  366): NL MSG, len[4084], NL type[0x1C] WNI type[0x5900] len[56335]
02-22 14:59:45.536 V/WLAN_PSA(  366): NL MSG, PID: 366
02-22 14:59:45.586 V/WLAN_PSA(  366): NL MSG, len[3996], NL type[0x1C] WNI type[0x5900] len[33807]
02-22 14:59:45.586 V/WLAN_PSA(  366): NL MSG, PID: 366
02-22 14:59:45.636 V/WLAN_PSA(  366): NL MSG, len[4041], NL type[0x1C] WNI type[0x5900] len[45327]
02-22 14:59:45.636 V/WLAN_PSA(  366): NL MSG, PID: 366
02-22 14:59:45.636 V/WLAN_PSA(  366): NL MSG, len[914], NL type[0x11] WNI type[0x5050] len[894]
02-22 14:59:45.636 V/WLAN_PSA(  366): NL MSG, PID: 366
02-22 14:59:45.736 V/WLAN_PSA(  366): NL MSG, len[914], NL type[0x11] WNI type[0x5050] len[894]
02-22 14:59:45.736 V/WLAN_PSA(  366): NL MSG, PID: 366
02-22 14:59:45.736 V/WLAN_PSA(  366): NL MSG, len[048], NL type[0x11] WNI type[0x5050] len[028]
02-22 14:59:45.736 V/WLAN_PSA(  366): NL MSG, PID: 366
02-22 14:59:45.736 V/WLAN_PSA(  366): NL MSG, len[3939], NL type[0x1C] WNI type[0x5900] len[19215]
02-22 14:59:45.736 V/WLAN_PSA(  366): NL MSG, PID: 366
02-22 14:59:45.766 V/WLAN_PSA(  366): NL MSG, len[4070], NL type[0x1C] WNI type[0x5900] len[52751]
02-22 14:59:45.766 V/WLAN_PSA(  366): NL MSG, PID: 366
02-22 14:59:45.816 V/WLAN_PSA(  366): NL MSG, len[4001], NL type[0x1C] WNI type[0x5900] len[35087]
02-22 14:59:45.816 V/WLAN_PSA(  366): NL MSG, PID: 366
02-22 14:59:45.856 V/WLAN_PSA(  366): NL MSG, len[4041], NL type[0x1C] WNI type[0x5900] len[45327]
02-22 14:59:45.856 V/WLAN_PSA(  366): NL MSG, PID: 366
