02-22 14:51:38.476 I/Timeline( 2395): Timeline: App_transition_stopped time:44930798
02-22 14:51:38.496 E/GsmCellLocation Error(15067): GsmCellLocation is null
02-22 14:51:38.506 E/commonUtil(15067): imsi is null
02-22 14:51:38.536 W/art     (15165): Suspending all threads took: 21.911ms
02-22 14:51:38.666 I/AppiumUnicodeIME( 4641): onFinishInput
02-22 14:51:38.666 I/AppiumUnicodeIME( 4641): onStartInput
02-22 14:51:38.666 E/GsmCellLocation Error(15067): GsmCellLocation is null
02-22 14:51:38.676 E/commonUtil(15067): imsi is null
02-22 14:51:38.696 I/Timeline( 2395): Timeline: Activity_windows_visible id: ActivityRecord{1e7f43a5 u0 com.wanda.app.wanhui/com.feifan.o2o.business.classic.activity.ClassicActivity t162} time:44931015
02-22 14:51:38.746 W/ActivityManager( 2395): getRunningAppProcesses: caller 10175 does not hold REAL_GET_TASKS; limiting output
02-22 14:51:38.796 E/ijm     (15334): register ijm005 datapath=/data/data/ param=1 version=20161110 
02-22 14:51:38.796 E/anti    (18454): anti once
02-22 14:51:38.826 E/GsmCellLocation Error(15067): GsmCellLocation is null
02-22 14:51:38.826 E/commonUtil(15067): imsi is null
02-22 14:51:38.936 I/Email   (15411): Observing account changes for notifications
02-22 14:51:38.946 W/linker  (15067): libimagepipeline.so: unused DT entry: type 0x6ffffffe arg 0x3440
02-22 14:51:38.946 W/linker  (15067): libimagepipeline.so: unused DT entry: type 0x6fffffff arg 0x1
02-22 14:51:39.016 W/art     (15334): Suspending all threads took: 17.595ms
02-22 14:51:39.026 I/MSM-irqbalance(  555): Decided to move IRQ57 from CPU6 to CPU4
02-22 14:51:39.026 I/art     (15334): Background sticky concurrent mark sweep GC freed 32410(1680KB) AllocSpace objects, 5(80KB) LOS objects, 11% free, 11MB/13MB, paused 19.621ms total 65.147ms
02-22 14:51:39.056 W/BitmapFactory(15067): bitmap marked for reuse (9800 bytes) can't fit new bitmap (19600 bytes)
02-22 14:51:39.056 D/skia    (15067): --- decoder->decode returned false
02-22 14:51:39.066 W/BitmapFactory(15067): bitmap marked for reuse (9800 bytes) can't fit new bitmap (19600 bytes)
02-22 14:51:39.066 D/skia    (15067): --- decoder->decode returned false
02-22 14:51:39.066 W/BitmapFactory(15067): bitmap marked for reuse (9800 bytes) can't fit new bitmap (19600 bytes)
02-22 14:51:39.066 D/skia    (15067): --- decoder->decode returned false
02-22 14:51:39.066 W/BitmapFactory(15067): bitmap marked for reuse (9800 bytes) can't fit new bitmap (19600 bytes)
02-22 14:51:39.066 D/skia    (15067): --- decoder->decode returned false
02-22 14:51:39.076 W/BitmapFactory(15067): bitmap marked for reuse (9800 bytes) can't fit new bitmap (19600 bytes)
02-22 14:51:39.076 D/skia    (15067): --- decoder->decode returned false
02-22 14:51:39.096 W/BitmapFactory(15067): bitmap marked for reuse (9800 bytes) can't fit new bitmap (19600 bytes)
02-22 14:51:39.096 W/BitmapFactory(15067): bitmap marked for reuse (9800 bytes) can't fit new bitmap (19600 bytes)
02-22 14:51:39.096 D/skia    (15067): --- decoder->decode returned false
02-22 14:51:39.096 D/skia    (15067): --- decoder->decode returned false
02-22 14:51:39.106 W/BitmapFactory(15067): bitmap marked for reuse (9800 bytes) can't fit new bitmap (19600 bytes)
02-22 14:51:39.106 D/skia    (15067): --- decoder->decode returned false
02-22 14:51:39.106 W/BitmapFactory(15067): bitmap marked for reuse (9800 bytes) can't fit new bitmap (19600 bytes)
02-22 14:51:39.106 D/skia    (15067): --- decoder->decode returned false
02-22 14:51:39.106 W/BitmapFactory(15067): bitmap marked for reuse (9800 bytes) can't fit new bitmap (19600 bytes)
02-22 14:51:39.106 D/skia    (15067): --- decoder->decode returned false
02-22 14:51:39.196 W/ActivityManager( 2395): getRunningAppProcesses: caller 10175 does not hold REAL_GET_TASKS; limiting output
02-22 14:51:39.206 D/BatteryService( 2395): Processing new values: chargerAcOnline=false, chargerUsbOnline=true, chargerWirelessOnline=false, batteryStatus=5, batteryHealth=2, batteryPresent=true, batteryLevel=100, batteryTechnology=Li-ion, batteryVoltage=4310, batteryTemperature=296, mBatteryLevelCritical=false, mPlugType=2
02-22 14:51:39.206 D/BatteryService( 2395): zhaoqf_sh batteryServices call state : 0 mPlugType : 2
02-22 14:51:39.206 D/BatteryService( 2395): Sending ACTION_BATTERY_CHANGED.  level:100, scale:100, status:5, health:2, present:true, voltage: 4310, temperature: 296, technology: Li-ion, AC powered:false, USB powered:true, Wireless powered:false, icon:17303157, invalid charger:0
02-22 14:51:39.216 W/ActivityManager( 2395): getRunningAppProcesses: caller 10175 does not hold REAL_GET_TASKS; limiting output
02-22 14:51:39.246 D/ConnectivityService( 2395): returning Blocked NetworkInfo for ifname=wlan0, uid=10122
02-22 14:51:39.326 I/SurfaceFlinger(  307): FPS: 59
02-22 14:51:39.326 I/XiaomiFirewall( 5196): firewall pkgName:com.wanda.app.wanhui, result:0x0
02-22 14:51:39.346 W/ActivityManager( 2395): getRunningAppProcesses: caller 10122 does not hold REAL_GET_TASKS; limiting output
02-22 14:51:39.366 I/ThermalEngine(  370): Sensor:tsens_tz_sensor2:45000 mC
02-22 14:51:39.366 I/ThermalEngine(  370): Sensor:tsens_tz_sensor2:45000 mC
02-22 14:51:39.366 I/ThermalEngine(  370): TM Id 'CHARGING_MONITOR' Sensor 'pop_mem' - alarm raised 2 at 45.0 degC
02-22 14:51:39.366 I/ThermalEngine(  370): Mitigation:Battery:2
02-22 14:51:39.396 E/test    (15334): level---- 100 voltage---4367
02-22 14:51:39.396 W/ActivityManager( 2395): getRunningAppProcesses: caller 10175 does not hold REAL_GET_TASKS; limiting output
02-22 14:51:39.396 W/BackupManagerService( 2395): dataChanged but no participant pkg='com.android.providers.settings' uid=10175
02-22 14:51:39.436 W/ActivityManager( 2395): getRunningAppProcesses: caller 10175 does not hold REAL_GET_TASKS; limiting output
02-22 14:51:39.436 E/Vold    (  306): Failed to find mounted volume for /storage/sdcard1/Android/data/com.wanda.app.wanhui/files/
02-22 14:51:39.436 W/Vold    (  306): Returning OperationFailed - no handler for errno 0
02-22 14:51:39.486 E/GsmCellLocation Error(15067): GsmCellLocation is null
02-22 14:51:39.486 I/art     (15067): Background sticky concurrent mark sweep GC freed 236179(13MB) AllocSpace objects, 36(576KB) LOS objects, 16% free, 40MB/48MB, paused 11.661ms total 234.327ms
02-22 14:51:39.486 E/commonUtil(15067): imsi is null
02-22 14:51:39.516 D/WifiService( 2395): New client listening to asynchronous messages
02-22 14:51:39.686 E/GsmCellLocation Error(15067): GsmCellLocation is null
02-22 14:51:39.686 E/commonUtil(15067): imsi is null
02-22 14:51:39.816 E/anti    (18454): anti once
02-22 14:51:39.836 E/Vold    (  306): Failed to find mounted volume for /storage/sdcard1/Android/data/com.wanda.app.wanhui/files/
02-22 14:51:39.836 W/Vold    (  306): Returning OperationFailed - no handler for errno 0
02-22 14:51:39.866 E/GsmCellLocation Error(15067): GsmCellLocation is null
02-22 14:51:39.866 E/commonUtil(15067): imsi is null
02-22 14:51:39.946 I/XiaomiFirewall( 5196): firewall pkgName:com.wanda.app.wanhui, result:0x0
02-22 14:51:39.986 E/GsmCellLocation Error(15067): GsmCellLocation is null
02-22 14:51:39.986 E/commonUtil(15067): imsi is null
02-22 14:51:40.106 E/GsmCellLocation Error(15067): GsmCellLocation is null
02-22 14:51:40.106 E/commonUtil(15067): imsi is null
02-22 14:51:40.246 E/GsmCellLocation Error(15067): GsmCellLocation is null
02-22 14:51:40.246 E/commonUtil(15067): imsi is null
02-22 14:51:40.686 W/BitmapFactory(15067): bitmap marked for reuse (18818 bytes) can't fit new bitmap (37636 bytes)
02-22 14:51:40.686 D/skia    (15067): --- decoder->decode returned false
02-22 14:51:40.696 W/BitmapFactory(15067): bitmap marked for reuse (18818 bytes) can't fit new bitmap (37636 bytes)
02-22 14:51:40.696 D/skia    (15067): --- decoder->decode returned false
02-22 14:51:40.696 W/BitmapFactory(15067): bitmap marked for reuse (18818 bytes) can't fit new bitmap (37636 bytes)
02-22 14:51:40.696 D/skia    (15067): --- decoder->decode returned false
02-22 14:51:40.716 W/BitmapFactory(15067): bitmap marked for reuse (18818 bytes) can't fit new bitmap (37636 bytes)
02-22 14:51:40.716 D/skia    (15067): --- decoder->decode returned false
02-22 14:51:40.726 W/BitmapFactory(15067): bitmap marked for reuse (18818 bytes) can't fit new bitmap (37636 bytes)
02-22 14:51:40.726 D/skia    (15067): --- decoder->decode returned false
02-22 14:51:40.726 W/BitmapFactory(15067): bitmap marked for reuse (18818 bytes) can't fit new bitmap (37636 bytes)
02-22 14:51:40.726 D/skia    (15067): --- decoder->decode returned false
02-22 14:51:40.726 W/BitmapFactory(15067): bitmap marked for reuse (18818 bytes) can't fit new bitmap (37636 bytes)
02-22 14:51:40.726 D/skia    (15067): --- decoder->decode returned false
02-22 14:51:40.736 W/BitmapFactory(15067): bitmap marked for reuse (1600 bytes) can't fit new bitmap (3200 bytes)
02-22 14:51:40.736 D/skia    (15067): --- decoder->decode returned false
02-22 14:51:40.746 W/BitmapFactory(15067): bitmap marked for reuse (1600 bytes) can't fit new bitmap (3200 bytes)
02-22 14:51:40.746 D/skia    (15067): --- decoder->decode returned false
02-22 14:51:40.756 W/BitmapFactory(15067): bitmap marked for reuse (18818 bytes) can't fit new bitmap (37636 bytes)
02-22 14:51:40.756 D/skia    (15067): --- decoder->decode returned false
02-22 14:51:40.776 I/SurfaceFlinger(  307): FPS: 31
02-22 14:51:40.786 V/WLAN_PSA(  366): NL MSG, len[048], NL type[0x11] WNI type[0x5050] len[028]
02-22 14:51:40.786 V/WLAN_PSA(  366): NL MSG, PID: 366
02-22 14:51:40.826 E/anti    (18454): anti once
02-22 14:51:40.866 E/GsmCellLocation Error(15067): GsmCellLocation is null
02-22 14:51:40.866 E/commonUtil(15067): imsi is null
02-22 14:51:40.876 E/GsmCellLocation Error(15067): GsmCellLocation is null
02-22 14:51:40.876 E/commonUtil(15067): imsi is null
02-22 14:51:40.916 V/MI_STAT (15411): Begin to packing data from local DB
02-22 14:51:40.916 V/MI_STAT (15411): No data available to be packed
02-22 14:51:41.016 I/ThermalEngine(  370): Sensor:tsens_tz_sensor2:45000 mC
02-22 14:51:41.016 I/ThermalEngine(  370): Mitigation:CLUSTER[1]:1459200 Khz
02-22 14:51:41.346 I/art     (15067): Background sticky concurrent mark sweep GC freed 35438(1675KB) AllocSpace objects, 9(138KB) LOS objects, 2% free, 47MB/48MB, paused 8.447ms total 42.150ms
02-22 14:51:41.846 E/anti    (18454): anti once
02-22 14:51:41.866 I/art     (15067): Background partial concurrent mark sweep GC freed 65497(3MB) AllocSpace objects, 6(303KB) LOS objects, 26% free, 45MB/61MB, paused 2.646ms total 126.428ms
02-22 14:51:41.926 I/SurfaceFlinger(  307): FPS: 1
02-22 14:51:42.856 E/anti    (18454): anti once
02-22 14:51:42.896 W/PushService( 4842): 2017-02-22 14:51:42,900 - [WARN::PushService] - [Thread:1] Service called on timer
02-22 14:51:42.896 W/PushService( 4842): 2017-02-22 14:51:42,902 - [WARN::PushService] - [Thread:76] JOB: do reconnect..
02-22 14:51:42.896 W/PushService( 4842): 2017-02-22 14:51:42,905 - [WARN::PushService] - [Thread:76] update the connection status. disconnected -> connecting : ERROR_OK 
02-22 14:51:42.896 W/PushService( 4842): 2017-02-22 14:51:42,908 - [WARN::PushService] - [Thread:76] begin to connect to 42.62.94.2:443
02-22 14:51:42.906 I/XiaomiFirewall( 5196): firewall pkgName:com.xiaomi.xmsf, result:0x0
02-22 14:51:42.916 I/XiaomiFirewall( 5196): firewall pkgName:com.amap.android.location, result:0x0
02-22 14:51:43.066 V/WLAN_PSA(  366): NL MSG, len[4012], NL type[0x1C] WNI type[0x5900] len[37903]
02-22 14:51:43.066 V/WLAN_PSA(  366): NL MSG, PID: 366
02-22 14:51:43.256 E/QC-QMI  (14181): qmi_client [14181] 78: failed to locate client data
02-22 14:51:43.256 E/QC-QMI  (  554): qmuxd: RX on fd=20 returned error=0 errno[2:No such file or directory]
02-22 14:51:43.256 E/QC-QMI  (  554): QMUX qmux_client_id=78 not found in qmux client list, unable to remove
02-22 14:51:43.256 I/Atfwd_Daemon(14181): Stop the daemon....
02-22 14:51:43.266 W/        (15633): [ColorAdjust] gammamode=2, cemode=10
02-22 14:51:43.266 W/        (15633): [ColorAdjust] temp_gammavalue=2, temp_cevalue=10
02-22 14:51:43.266 W/        (15633): [ColorAdjust] Don't setGamma!
02-22 14:51:43.266 W/        (15633): [ColorAdjust] Don't setCe!
02-22 14:51:43.276 I/libmdmdetect(15634): ESOC framework not supported
02-22 14:51:43.276 I/libmdmdetect(15634): Found internal modem: modem
02-22 14:51:43.276 I/Atfwd_Daemon(15634): result : 255 	 ,Init step :0 	 ,qmiErrorCode: 0
02-22 14:51:43.276 I/libmdmdetect(15634): ESOC framework not supported
02-22 14:51:43.276 I/libmdmdetect(15634): Found internal modem: modem
02-22 14:51:43.276 I/Atfwd_Daemon(15634): result : 0 	 ,Init step :1 	 ,qmiErrorCode: 0
02-22 14:51:43.276 I/ServiceManager(15634): Waiting for service AtCmdFwd...
02-22 14:51:43.286 W/        (15633): [ColorAdjust] Set temp_prefer temp_ce!
02-22 14:51:43.766 I/ThermalEngine(  370): Sensor:tsens_tz_sensor2:43000 mC
02-22 14:51:43.766 I/ThermalEngine(  370): Sensor:tsens_tz_sensor2:43000 mC
02-22 14:51:43.766 I/ThermalEngine(  370): TM Id 'CHARGING_MONITOR' Sensor 'pop_mem' - alarm cleared 2 at 43.0 degC
02-22 14:51:43.766 I/ThermalEngine(  370): Mitigation:Battery:1
02-22 14:51:43.866 E/anti    (18454): anti once
02-22 14:51:44.026 I/MSM-irqbalance(  555): Decided to move IRQ104 from CPU5 to CPU4
02-22 14:51:44.276 I/ServiceManager(15634): Waiting for service AtCmdFwd...
02-22 14:51:44.376 I/SurfaceFlinger(  307): FPS: 2
02-22 14:51:44.876 E/anti    (18454): anti once
02-22 14:51:45.276 I/ServiceManager(15634): Waiting for service AtCmdFwd...
02-22 14:51:45.286 E/WifiStateMachine( 2395): WifiStateMachine CMD_START_SCAN source -2 txSuccessRate=34.29 rxSuccessRate=131.43 targetRoamBSSID=any RSSI=-45
02-22 14:51:45.796 V/WLAN_PSA(  366): NL MSG, len[048], NL type[0x11] WNI type[0x5050] len[028]
02-22 14:51:45.796 V/WLAN_PSA(  366): NL MSG, PID: 366
02-22 14:51:45.866 I/SurfaceFlinger(  307): FPS: 44
02-22 14:51:45.886 E/anti    (18454): anti once
02-22 14:51:46.016 I/ThermalEngine(  370): Sensor:tsens_tz_sensor2:41000 mC
02-22 14:51:46.026 I/ThermalEngine(  370): Mitigation:CLUSTER[1]:1497600 Khz
02-22 14:51:46.026 I/ThermalEngine(  370): Sensor:tsens_tz_sensor2:41000 mC
02-22 14:51:46.276 I/ServiceManager(15634): Waiting for service AtCmdFwd...
02-22 14:51:46.336 I/XiaomiFirewall( 5196): firewall pkgName:com.wanda.app.wanhui, result:0x0
02-22 14:51:46.896 E/anti    (18454): anti once
02-22 14:51:47.116 V/WLAN_PSA(  366): NL MSG, len[4009], NL type[0x1C] WNI type[0x5900] len[37135]
02-22 14:51:47.116 V/WLAN_PSA(  366): NL MSG, PID: 366
02-22 14:51:47.276 I/ServiceManager(15634): Waiting for service AtCmdFwd...
02-22 14:51:47.906 E/anti    (18454): anti once
02-22 14:51:47.926 I/ThermalEngine(  370): Sensor:tsens_tz_sensor2:40000 mC
02-22 14:51:47.926 I/ThermalEngine(  370): Sensor:tsens_tz_sensor2:40000 mC
02-22 14:51:47.926 I/ThermalEngine(  370): TM Id 'CHARGING_MONITOR' Sensor 'pop_mem' - alarm cleared 1 at 40.0 degC
02-22 14:51:47.926 I/ThermalEngine(  370): Mitigation:Battery:0
02-22 14:51:47.946 I/SurfaceFlinger(  307): FPS: 1
02-22 14:51:48.236 I/art     (15067): Background sticky concurrent mark sweep GC freed 281504(10MB) AllocSpace objects, 6(96KB) LOS objects, 13% free, 49MB/57MB, paused 4.149ms total 112.267ms
02-22 14:51:48.276 W/Atfwd_Sendcmd(15634): AtCmdFwd service not published, waiting... retryCnt : 1
02-22 14:51:48.286 W/        (15656): [ColorAdjust] gammamode=2, cemode=10
02-22 14:51:48.286 W/        (15656): [ColorAdjust] temp_gammavalue=2, temp_cevalue=10
02-22 14:51:48.286 W/        (15656): [ColorAdjust] Don't setGamma!
02-22 14:51:48.286 W/        (15656): [ColorAdjust] Don't setCe!
02-22 14:51:48.316 W/        (15656): [ColorAdjust] Set temp_prefer temp_ce!
02-22 14:51:48.916 E/anti    (18454): anti once
02-22 14:51:49.006 I/SurfaceFlinger(  307): FPS: 2
02-22 14:51:49.026 I/MSM-irqbalance(  555): Decided to move IRQ177 from CPU6 to CPU4
02-22 14:51:49.206 D/BatteryService( 2395): zhaoqf_sh batteryServices call state : 0 mPlugType : 2
02-22 14:51:49.206 D/BatteryService( 2395): Processing new values: chargerAcOnline=false, chargerUsbOnline=true, chargerWirelessOnline=false, batteryStatus=5, batteryHealth=2, batteryPresent=true, batteryLevel=100, batteryTechnology=Li-ion, batteryVoltage=4366, batteryTemperature=297, mBatteryLevelCritical=false, mPlugType=2
02-22 14:51:49.206 D/BatteryService( 2395): Sending ACTION_BATTERY_CHANGED.  level:100, scale:100, status:5, health:2, present:true, voltage: 4366, temperature: 297, technology: Li-ion, AC powered:false, USB powered:true, Wireless powered:false, icon:17303157, invalid charger:0
02-22 14:51:49.816 I/XiaomiFirewall( 5196): firewall pkgName:com.wanda.app.wanhui, result:0x0
02-22 14:51:49.926 E/anti    (18454): anti once
02-22 14:51:50.616 I/SurfaceFlinger(  307): FPS: 4
02-22 14:51:50.806 V/WLAN_PSA(  366): NL MSG, len[048], NL type[0x11] WNI type[0x5050] len[028]
02-22 14:51:50.806 V/WLAN_PSA(  366): NL MSG, PID: 366
02-22 14:51:50.916 W/PushService( 4842): 2017-02-22 14:51:50,920 - [WARN::PushService] - SMACK: Could not connect to:42.62.94.2:443
02-22 14:51:50.916 W/PushService( 4842): 2017-02-22 14:51:50,922 - [WARN::PushService] - [Thread:76] begin to connect to 114.54.23.2
02-22 14:51:50.916 I/XiaomiFirewall( 5196): firewall pkgName:com.xiaomi.xmsf, result:0x0
02-22 14:51:50.936 W/BitmapFactory(15067): bitmap marked for reuse (256000 bytes) can't fit new bitmap (512000 bytes)
02-22 14:51:50.936 D/skia    (15067): --- decoder->decode returned false
02-22 14:51:50.956 E/anti    (18454): anti once
02-22 14:51:50.976 V/WLAN_PSA(  366): NL MSG, len[4038], NL type[0x1C] WNI type[0x5900] len[44559]
02-22 14:51:50.976 V/WLAN_PSA(  366): NL MSG, PID: 366
02-22 14:51:51.866 I/SurfaceFlinger(  307): FPS: 21
02-22 14:51:51.956 I/XiaomiFirewall( 5196): firewall pkgName:com.wanda.app.wanhui, result:0x0
02-22 14:51:51.966 E/anti    (18454): anti once
02-22 14:51:52.976 E/anti    (18454): anti once
02-22 14:51:53.276 I/ServiceManager(15634): Waiting for service AtCmdFwd...
02-22 14:51:53.326 W/        (15672): [ColorAdjust] gammamode=2, cemode=10
02-22 14:51:53.326 W/        (15672): [ColorAdjust] temp_gammavalue=2, temp_cevalue=10
02-22 14:51:53.326 W/        (15672): [ColorAdjust] Don't setGamma!
02-22 14:51:53.326 W/        (15672): [ColorAdjust] Don't setCe!
02-22 14:51:53.356 W/        (15672): [ColorAdjust] Set temp_prefer temp_ce!
02-22 14:51:53.956 I/SurfaceFlinger(  307): FPS: 1
02-22 14:51:53.986 E/anti    (18454): anti once
02-22 14:51:54.026 I/MSM-irqbalance(  555): Decided to move IRQ166 from CPU6 to CPU4
02-22 14:51:54.046 I/XiaomiFirewall( 5196): firewall pkgName:com.wanda.app.wanhui, result:0x0
02-22 14:51:54.106 E/GsmCellLocation Error(15067): GsmCellLocation is null
02-22 14:51:54.106 E/commonUtil(15067): imsi is null
02-22 14:51:54.276 I/ServiceManager(15634): Waiting for service AtCmdFwd...
02-22 14:51:54.996 E/anti    (18454): anti once
02-22 14:51:55.276 I/ServiceManager(15634): Waiting for service AtCmdFwd...
02-22 14:51:55.816 V/WLAN_PSA(  366): NL MSG, len[048], NL type[0x11] WNI type[0x5050] len[028]
02-22 14:51:55.816 V/WLAN_PSA(  366): NL MSG, PID: 366
02-22 14:51:55.986 V/WLAN_PSA(  366): NL MSG, len[4074], NL type[0x1C] WNI type[0x5900] len[53775]
02-22 14:51:55.986 V/WLAN_PSA(  366): NL MSG, PID: 366
02-22 14:51:56.016 E/anti    (18454): anti once
02-22 14:51:56.286 I/ServiceManager(15634): Waiting for service AtCmdFwd...
02-22 14:51:56.956 I/SurfaceFlinger(  307): FPS: 2
02-22 14:51:57.026 E/anti    (18454): anti once
02-22 14:51:57.286 I/ServiceManager(15634): Waiting for service AtCmdFwd...
02-22 14:51:58.026 E/anti    (18454): anti once
02-22 14:51:58.286 W/Atfwd_Sendcmd(15634): AtCmdFwd service not published, waiting... retryCnt : 2
02-22 14:51:58.366 W/        (15684): [ColorAdjust] gammamode=2, cemode=10
02-22 14:51:58.366 W/        (15684): [ColorAdjust] temp_gammavalue=2, temp_cevalue=10
02-22 14:51:58.366 W/        (15684): [ColorAdjust] Don't setGamma!
02-22 14:51:58.366 W/        (15684): [ColorAdjust] Don't setCe!
02-22 14:51:58.386 W/        (15684): [ColorAdjust] Set temp_prefer temp_ce!
02-22 14:51:58.476 I/XiaomiFirewall( 5196): firewall pkgName:com.wanda.app.wanhui, result:0x0
02-22 14:51:58.926 W/PushService( 4842): 2017-02-22 14:51:58,935 - [WARN::PushService] - SMACK: Could not connect to:114.54.23.2
02-22 14:51:58.926 W/PushService( 4842): 2017-02-22 14:51:58,937 - [WARN::PushService] - [Thread:76] begin to connect to 111.13.142.2
02-22 14:51:58.926 I/XiaomiFirewall( 5196): firewall pkgName:com.xiaomi.xmsf, result:0x0
02-22 14:51:59.026 I/MSM-irqbalance(  555): Decided to move IRQ215 from CPU5 to CPU4
02-22 14:51:59.046 E/anti    (18454): anti once
02-22 14:51:59.136 W/ActivityManager( 2395): getRunningAppProcesses: caller 10170 does not hold REAL_GET_TASKS; limiting output
02-22 14:51:59.156 V/WLAN_PSA(  366): NL MSG, len[4015], NL type[0x1C] WNI type[0x5900] len[38671]
02-22 14:51:59.156 V/WLAN_PSA(  366): NL MSG, PID: 366
02-22 14:51:59.226 D/BatteryService( 2395): Processing new values: chargerAcOnline=false, chargerUsbOnline=true, chargerWirelessOnline=false, batteryStatus=5, batteryHealth=2, batteryPresent=true, batteryLevel=100, batteryTechnology=Li-ion, batteryVoltage=4366, batteryTemperature=300, mBatteryLevelCritical=false, mPlugType=2
02-22 14:51:59.226 D/BatteryService( 2395): Sending ACTION_BATTERY_CHANGED.  level:100, scale:100, status:5, health:2, present:true, voltage: 4366, temperature: 300, technology: Li-ion, AC powered:false, USB powered:true, Wireless powered:false, icon:17303157, invalid charger:0
02-22 14:51:59.226 D/BatteryService( 2395): zhaoqf_sh batteryServices call state : 0 mPlugType : 2
02-22 14:51:59.246 D/ConnectivityService( 2395): returning Blocked NetworkInfo for ifname=wlan0, uid=10122
02-22 14:51:59.256 I/SurfaceFlinger(  307): FPS: 2
02-22 14:52:00.046 D/SizeAdaptiveLayout( 4430): com.android.internal.widget.SizeAdaptiveLayout{16a21ce5 V.E..... ......ID 0,0-658,130 #70800d9 com.android.systemui:id/adaptive}child view android.widget.LinearLayout{5f243ba V.E..... ......ID 0,0-658,129 #7090005 com.android.providers.downloads:id/status_bar_latest_event_content} measured out of bounds at 129px clamped to 130px
02-22 14:52:00.046 D/SizeAdaptiveLayout( 4430): com.android.internal.widget.SizeAdaptiveLayout{56c0e1b V.E..... ......ID 0,0-658,130 #70800d9 com.android.systemui:id/adaptive}child view android.widget.FrameLayout{1c8f002a V.E..... ......ID 0,0-658,129 #1020335 android:id/status_bar_latest_event_content} measured out of bounds at 129px clamped to 130px
02-22 14:52:00.056 E/anti    (18454): anti once
02-22 14:52:00.636 I/SurfaceFlinger(  307): FPS: 5
02-22 14:52:00.826 V/WLAN_PSA(  366): NL MSG, len[048], NL type[0x11] WNI type[0x5050] len[028]
02-22 14:52:00.826 V/WLAN_PSA(  366): NL MSG, PID: 366
02-22 14:52:01.066 E/anti    (18454): anti once
02-22 14:52:01.136 I/art     (15067): Background sticky concurrent mark sweep GC freed 169955(6MB) AllocSpace objects, 1(16KB) LOS objects, 11% free, 51MB/57MB, paused 5.670ms total 77.249ms
02-22 14:52:01.826 I/XiaomiFirewall( 5196): firewall pkgName:com.wanda.app.wanhui, result:0x0
02-22 14:52:02.026 I/SurfaceFlinger(  307): FPS: 3
02-22 14:52:02.076 E/anti    (18454): anti once
02-22 14:52:03.086 E/anti    (18454): anti once
02-22 14:52:03.396 W/        (15697): [ColorAdjust] gammamode=2, cemode=10
02-22 14:52:03.396 W/        (15697): [ColorAdjust] temp_gammavalue=2, temp_cevalue=10
02-22 14:52:03.396 W/        (15697): [ColorAdjust] Don't setGamma!
02-22 14:52:03.396 W/        (15697): [ColorAdjust] Don't setCe!
02-22 14:52:03.416 W/        (15697): [ColorAdjust] Set temp_prefer temp_ce!
02-22 14:52:03.596 I/SurfaceFlinger(  307): FPS: 3
02-22 14:52:03.986 I/XiaomiFirewall( 5196): firewall pkgName:com.wanda.app.wanhui, result:0x0
02-22 14:52:03.996 V/WLAN_PSA(  366): NL MSG, len[4089], NL type[0x1C] WNI type[0x5900] len[57615]
02-22 14:52:03.996 V/WLAN_PSA(  366): NL MSG, PID: 366
02-22 14:52:04.026 I/MSM-irqbalance(  555): Decided to move IRQ65 from CPU5 to CPU4
02-22 14:52:04.096 E/anti    (18454): anti once
02-22 14:52:04.366 W/art     (15029): Suspending all threads took: 9.965ms
02-22 14:52:04.366 I/art     (15029): Background sticky concurrent mark sweep GC freed 1(48B) AllocSpace objects, 0(0B) LOS objects, 49% free, 827KB/1632KB, paused 11.274ms total 14.347ms
02-22 14:52:05.106 E/anti    (18454): anti once
02-22 14:52:05.286 E/WifiStateMachine( 2395): WifiStateMachine CMD_START_SCAN source -2 txSuccessRate=9.67 rxSuccessRate=134.53 targetRoamBSSID=any RSSI=-47
02-22 14:52:05.836 V/WLAN_PSA(  366): NL MSG, len[048], NL type[0x11] WNI type[0x5050] len[028]
02-22 14:52:05.836 V/WLAN_PSA(  366): NL MSG, PID: 366
02-22 14:52:05.976 I/SurfaceFlinger(  307): FPS: 1
02-22 14:52:06.126 E/anti    (18454): anti once
02-22 14:52:06.936 W/PushService( 4842): 2017-02-22 14:52:06,947 - [WARN::PushService] - SMACK: Could not connect to:111.13.142.2
02-22 14:52:06.946 W/PushService( 4842): 2017-02-22 14:52:06,949 - [WARN::PushService] - [Thread:76] begin to connect to 111.206.200.2
02-22 14:52:06.946 I/XiaomiFirewall( 5196): firewall pkgName:com.xiaomi.xmsf, result:0x0
02-22 14:52:07.136 E/anti    (18454): anti once
02-22 14:52:08.146 E/anti    (18454): anti once
02-22 14:52:08.176 V/WLAN_PSA(  366): NL MSG, len[4074], NL type[0x1C] WNI type[0x5900] len[53775]
02-22 14:52:08.176 V/WLAN_PSA(  366): NL MSG, PID: 366
02-22 14:52:08.286 I/ServiceManager(15634): Waiting for service AtCmdFwd...
02-22 14:52:08.426 W/        (15704): [ColorAdjust] gammamode=2, cemode=10
02-22 14:52:08.426 W/        (15704): [ColorAdjust] temp_gammavalue=2, temp_cevalue=10
02-22 14:52:08.426 W/        (15704): [ColorAdjust] Don't setGamma!
02-22 14:52:08.426 W/        (15704): [ColorAdjust] Don't setCe!
02-22 14:52:08.446 W/        (15704): [ColorAdjust] Set temp_prefer temp_ce!
02-22 14:52:08.606 I/XiaomiFirewall( 5196): firewall pkgName:com.wanda.app.wanhui, result:0x0
02-22 14:52:08.976 I/SurfaceFlinger(  307): FPS: 2
02-22 14:52:09.156 E/anti    (18454): anti once
02-22 14:52:09.236 D/BatteryService( 2395): Processing new values: chargerAcOnline=false, chargerUsbOnline=true, chargerWirelessOnline=false, batteryStatus=5, batteryHealth=2, batteryPresent=true, batteryLevel=100, batteryTechnology=Li-ion, batteryVoltage=4367, batteryTemperature=301, mBatteryLevelCritical=false, mPlugType=2
02-22 14:52:09.246 D/BatteryService( 2395): Sending ACTION_BATTERY_CHANGED.  level:100, scale:100, status:5, health:2, present:true, voltage: 4367, temperature: 301, technology: Li-ion, AC powered:false, USB powered:true, Wireless powered:false, icon:17303157, invalid charger:0
02-22 14:52:09.246 D/BatteryService( 2395): zhaoqf_sh batteryServices call state : 0 mPlugType : 2
02-22 14:52:09.286 I/ServiceManager(15634): Waiting for service AtCmdFwd...
02-22 14:52:09.346 W/ActivityManager( 2395): getRunningAppProcesses: caller 10122 does not hold REAL_GET_TASKS; limiting output
02-22 14:52:10.176 E/anti    (18454): anti once
02-22 14:52:10.286 I/ServiceManager(15634): Waiting for service AtCmdFwd...
02-22 14:52:10.846 V/WLAN_PSA(  366): NL MSG, len[048], NL type[0x11] WNI type[0x5050] len[028]
02-22 14:52:10.846 V/WLAN_PSA(  366): NL MSG, PID: 366
02-22 14:52:11.176 E/anti    (18454): anti once
02-22 14:52:11.186 V/WLAN_PSA(  366): NL MSG, len[4004], NL type[0x1C] WNI type[0x5900] len[35855]
02-22 14:52:11.186 V/WLAN_PSA(  366): NL MSG, PID: 366
02-22 14:52:11.286 I/ServiceManager(15634): Waiting for service AtCmdFwd...
02-22 14:52:12.016 I/SurfaceFlinger(  307): FPS: 3
02-22 14:52:12.196 E/anti    (18454): anti once
02-22 14:52:12.286 I/ServiceManager(15634): Waiting for service AtCmdFwd...
02-22 14:52:13.026 I/SurfaceFlinger(  307): FPS: 2
02-22 14:52:13.206 E/anti    (18454): anti once
02-22 14:52:13.286 W/Atfwd_Sendcmd(15634): AtCmdFwd service not published, waiting... retryCnt : 3
02-22 14:52:13.456 W/        (15712): [ColorAdjust] gammamode=2, cemode=10
02-22 14:52:13.456 W/        (15712): [ColorAdjust] temp_gammavalue=2, temp_cevalue=10
02-22 14:52:13.456 W/        (15712): [ColorAdjust] Don't setGamma!
02-22 14:52:13.456 W/        (15712): [ColorAdjust] Don't setCe!
02-22 14:52:13.486 W/        (15712): [ColorAdjust] Set temp_prefer temp_ce!
02-22 14:52:13.846 I/XiaomiFirewall( 5196): firewall pkgName:com.wanda.app.wanhui, result:0x0
02-22 14:52:14.216 E/anti    (18454): anti once
02-22 14:52:14.636 I/SurfaceFlinger(  307): FPS: 3
02-22 14:52:14.956 W/PushService( 4842): 2017-02-22 14:52:14,959 - [WARN::PushService] - SMACK: Could not connect to:111.206.200.2
02-22 14:52:14.956 W/PushService( 4842): 2017-02-22 14:52:14,961 - [WARN::PushService] - [Thread:76] begin to connect to app.chat.xiaomi.net:80
02-22 14:52:14.956 I/XiaomiFirewall( 5196): firewall pkgName:com.xiaomi.xmsf, result:0x0
02-22 14:52:15.216 E/anti    (18454): anti once
02-22 14:52:15.856 V/WLAN_PSA(  366): NL MSG, len[048], NL type[0x11] WNI type[0x5050] len[028]
02-22 14:52:15.856 V/WLAN_PSA(  366): NL MSG, PID: 366
02-22 14:52:16.006 V/WLAN_PSA(  366): NL MSG, len[4034], NL type[0x1C] WNI type[0x5900] len[43535]
02-22 14:52:16.006 V/WLAN_PSA(  366): NL MSG, PID: 366
02-22 14:52:16.226 E/anti    (18454): anti once
02-22 14:52:17.246 E/anti    (18454): anti once
02-22 14:52:18.016 I/SurfaceFlinger(  307): FPS: 3
02-22 14:52:18.256 E/anti    (18454): anti once
02-22 14:52:18.496 W/        (15722): [ColorAdjust] gammamode=2, cemode=10
02-22 14:52:18.496 W/        (15722): [ColorAdjust] temp_gammavalue=2, temp_cevalue=10
02-22 14:52:18.496 W/        (15722): [ColorAdjust] Don't setGamma!
02-22 14:52:18.496 W/        (15722): [ColorAdjust] Don't setCe!
02-22 14:52:18.526 W/        (15722): [ColorAdjust] Set temp_prefer temp_ce!
02-22 14:52:18.846 D/VM_BMS  (  556): wake_lock acquired
02-22 14:52:18.846 D/VM_BMS  (  556): New BMS data - Size=56
02-22 14:52:18.846 D/VM_BMS  (  556): Start process_bms_data
02-22 14:52:18.846 D/VM_BMS  (  556): For batt_temp=302 fcc_mah=4049
02-22 14:52:18.846 D/VM_BMS  (  556): For ocv=4372912 batt_temp=302 soc=100
02-22 14:52:18.846 D/VM_BMS  (  556): fifo_count=5 acc_count=0
02-22 14:52:18.846 D/VM_BMS  (  556): INIT: ocv=4372912 last_ocv=4372912 batt_temp=302 soc=100
02-22 14:52:18.846 D/VM_BMS  (  556): For soc=100 batt_temp=302 slope=12800
02-22 14:52:18.846 D/VM_BMS  (  556): For soc=100 batt_temp=302 rbatt_sf=94
02-22 14:52:18.846 D/VM_BMS  (  556): rbatt_mohm_default=112, rbatt_mohm=105, sf=94 batt_temp=302
02-22 14:52:18.846 D/VM_BMS  (  556): For ocv=4372641 batt_temp=302 soc=100
02-22 14:52:18.846 D/VM_BMS  (  556): FIFO=0 fifo_avg=4.319433 rbatt=0.155000 slope=1.280000 ibatt=0.344150 ocv=4.372641 soc=100 fcc_ah=4.049000 sample_count=128 sample_interval=70 seq_num=2887
02-22 14:52:18.846 D/VM_BMS  (  556): For soc=100 batt_temp=302 slope=12800
02-22 14:52:18.846 D/VM_BMS  (  556): For soc=100 batt_temp=302 rbatt_sf=94
02-22 14:52:18.846 D/VM_BMS  (  556): rbatt_mohm_default=112, rbatt_mohm=105, sf=94 batt_temp=302
02-22 14:52:18.846 D/VM_BMS  (  556): For ocv=4372572 batt_temp=302 soc=100
02-22 14:52:18.846 D/VM_BMS  (  556): FIFO=1 fifo_avg=4.359123 rbatt=0.155000 slope=1.280000 ibatt=0.086991 ocv=4.372572 soc=100 fcc_ah=4.049000 sample_count=128 sample_interval=70 seq_num=2887
02-22 14:52:18.846 D/VM_BMS  (  556): For soc=100 batt_temp=302 slope=12800
02-22 14:52:18.846 D/VM_BMS  (  556): For soc=100 batt_temp=302 rbatt_sf=94
02-22 14:52:18.846 D/VM_BMS  (  556): rbatt_mohm_default=112, rbatt_mohm=105, sf=94 batt_temp=302
02-22 14:52:18.846 D/VM_BMS  (  556): For ocv=4372553 batt_temp=302 soc=100
02-22 14:52:18.846 D/VM_BMS  (  556): FIFO=2 fifo_avg=4.368822 rbatt=0.155000 slope=1.280000 ibatt=0.024131 ocv=4.372553 soc=100 fcc_ah=4.049000 sample_count=128 sample_interval=70 seq_num=2887
02-22 14:52:18.846 D/VM_BMS  (  556): For soc=100 batt_temp=302 slope=12800
02-22 14:52:18.846 D/VM_BMS  (  556): For soc=100 batt_temp=302 rbatt_sf=94
02-22 14:52:18.846 D/VM_BMS  (  556): rbatt_mohm_default=112, rbatt_mohm=105, sf=94 batt_temp=302
02-22 14:52:18.846 D/VM_BMS  (  556): For ocv=4372537 batt_temp=302 soc=100
02-22 14:52:18.846 D/VM_BMS  (  556): FIFO=3 fifo_avg=4.369413 rbatt=0.155000 slope=1.280000 ibatt=0.020207 ocv=4.372537 soc=100 fcc_ah=4.049000 sample_count=128 sample_interval=70 seq_num=2887
02-22 14:52:18.846 D/VM_BMS  (  556): For soc=100 batt_temp=302 slope=12800
02-22 14:52:18.846 D/VM_BMS  (  556): For soc=100 batt_temp=302 rbatt_sf=94
02-22 14:52:18.846 D/VM_BMS  (  556): rbatt_mohm_default=112, rbatt_mohm=105, sf=94 batt_temp=302
02-22 14:52:18.846 D/VM_BMS  (  556): For ocv=4372525 batt_temp=302 soc=100
02-22 14:52:18.846 D/VM_BMS  (  556): FIFO=4 fifo_avg=4.370295 rbatt=0.155000 slope=1.280000 ibatt=0.014428 ocv=4.372526 soc=100 fcc_ah=4.049000 sample_count=128 sample_interval=70 seq_num=2887
02-22 14:52:18.846 I/VM_BMS  (  556): power_supply_update: ocv_uv=4372525 ibatt=14428 soc=100 seq_num=2887
02-22 14:52:18.846 D/VM_BMS  (  556): End process_bms_data
02-22 14:52:18.846 D/VM_BMS  (  556): wake_lock released
02-22 14:52:19.026 I/MSM-irqbalance(  555): Decided to move IRQ222 from CPU6 to CPU5
02-22 14:52:19.046 I/SurfaceFlinger(  307): FPS: 2
02-22 14:52:19.246 D/ConnectivityService( 2395): returning Blocked NetworkInfo for ifname=wlan0, uid=10122
02-22 14:52:19.266 E/anti    (18454): anti once
02-22 14:52:19.266 D/BatteryService( 2395): zhaoqf_sh batteryServices call state : 0 mPlugType : 2
02-22 14:52:19.266 D/BatteryService( 2395): Processing new values: chargerAcOnline=false, chargerUsbOnline=true, chargerWirelessOnline=false, batteryStatus=5, batteryHealth=2, batteryPresent=true, batteryLevel=100, batteryTechnology=Li-ion, batteryVoltage=4362, batteryTemperature=302, mBatteryLevelCritical=false, mPlugType=2
02-22 14:52:19.266 D/BatteryService( 2395): Sending ACTION_BATTERY_CHANGED.  level:100, scale:100, status:5, health:2, present:true, voltage: 4362, temperature: 302, technology: Li-ion, AC powered:false, USB powered:true, Wireless powered:false, icon:17303157, invalid charger:0
02-22 14:52:20.196 V/WLAN_PSA(  366): NL MSG, len[4041], NL type[0x1C] WNI type[0x5900] len[45327]
02-22 14:52:20.196 V/WLAN_PSA(  366): NL MSG, PID: 366
02-22 14:52:20.276 E/anti    (18454): anti once
02-22 14:52:20.866 V/WLAN_PSA(  366): NL MSG, len[048], NL type[0x11] WNI type[0x5050] len[028]
02-22 14:52:20.866 V/WLAN_PSA(  366): NL MSG, PID: 366
02-22 14:52:21.006 I/SurfaceFlinger(  307): FPS: 3
02-22 14:52:21.206 W/ActivityManager( 2395): getRunningAppProcesses: caller 10175 does not hold REAL_GET_TASKS; limiting output
02-22 14:52:21.226 E/baidumapsdk(15067): Authentication Error errorcode: -1 uid: -1 appid -1 msg: Connect timeout exception:Connect to /111.202.114.74:443 timed out
02-22 14:52:21.286 E/anti    (18454): anti once
02-22 14:52:22.296 E/anti    (18454): anti once
02-22 14:52:22.966 E/WifiStateMachine( 2395): WifiStateMachine CMD_START_SCAN source 10031 txSuccessRate=3.21 rxSuccessRate=118.83 targetRoamBSSID=any RSSI=-48
02-22 14:52:22.966 W/PushService( 4842): 2017-02-22 14:52:22,972 - [WARN::PushService] - SMACK: Could not connect to:app.chat.xiaomi.net:80
02-22 14:52:22.966 V/WLAN_PSA(  366): NL MSG, len[914], NL type[0x11] WNI type[0x5050] len[894]
02-22 14:52:22.966 V/WLAN_PSA(  366): NL MSG, PID: 366
02-22 14:52:22.966 V/WLAN_PSA(  366): NL MSG, len[4009], NL type[0x1C] WNI type[0x5900] len[37135]
02-22 14:52:22.966 V/WLAN_PSA(  366): NL MSG, PID: 366
02-22 14:52:22.966 I/WifiHAL ( 2395): Poll result = 1
02-22 14:52:22.966 I/WifiHAL ( 2395): Found some events!!!
02-22 14:52:22.966 D/WifiHAL ( 2395): no_seq_check received
02-22 14:52:22.966 I/WifiHAL ( 2395): event received NL80211_CMD_TRIGGER_SCAN
02-22 14:52:22.966 I/WifiHAL ( 2395): event received NL80211_CMD_TRIGGER_SCAN, vendor_id = 0x0
02-22 14:52:22.966 I/WifiHAL ( 2395): event ignored!!
02-22 14:52:22.966 V/WLAN_PSA(  366): NL MSG, len[048], NL type[0x11] WNI type[0x5050] len[028]
02-22 14:52:22.966 V/WLAN_PSA(  366): NL MSG, PID: 366
02-22 14:52:22.966 W/PushService( 4842): 2017-02-22 14:52:22,974 - [WARN::PushService] - [Thread:76] begin to connect to app.chat.xiaomi.net
02-22 14:52:22.966 I/XiaomiFirewall( 5196): firewall pkgName:com.xiaomi.xmsf, result:0x0
02-22 14:52:22.986 V/WLAN_PSA(  366): NL MSG, len[4082], NL type[0x1C] WNI type[0x5900] len[55823]
02-22 14:52:22.986 V/WLAN_PSA(  366): NL MSG, PID: 366
02-22 14:52:23.036 V/WLAN_PSA(  366): NL MSG, len[3962], NL type[0x1C] WNI type[0x5900] len[25103]
02-22 14:52:23.036 V/WLAN_PSA(  366): NL MSG, PID: 366
02-22 14:52:23.066 V/WLAN_PSA(  366): NL MSG, len[4074], NL type[0x1C] WNI type[0x5900] len[53775]
02-22 14:52:23.066 V/WLAN_PSA(  366): NL MSG, PID: 366
02-22 14:52:23.096 V/WLAN_PSA(  366): NL MSG, len[914], NL type[0x11] WNI type[0x5050] len[894]
02-22 14:52:23.096 V/WLAN_PSA(  366): NL MSG, PID: 366
02-22 14:52:23.096 V/WLAN_PSA(  366): NL MSG, len[3988], NL type[0x1C] WNI type[0x5900] len[31759]
02-22 14:52:23.096 V/WLAN_PSA(  366): NL MSG, PID: 366
02-22 14:52:23.196 V/WLAN_PSA(  366): NL MSG, len[914], NL type[0x11] WNI type[0x5050] len[894]
02-22 14:52:23.196 V/WLAN_PSA(  366): NL MSG, PID: 366
02-22 14:52:23.196 V/WLAN_PSA(  366): NL MSG, len[048], NL type[0x11] WNI type[0x5050] len[028]
02-22 14:52:23.196 V/WLAN_PSA(  366): NL MSG, PID: 366
02-22 14:52:23.206 V/WLAN_PSA(  366): NL MSG, len[4091], NL type[0x1C] WNI type[0x5900] len[58127]
02-22 14:52:23.206 V/WLAN_PSA(  366): NL MSG, PID: 366
02-22 14:52:23.236 V/WLAN_PSA(  366): NL MSG, len[4020], NL type[0x1C] WNI type[0x5900] len[39951]
02-22 14:52:23.236 V/WLAN_PSA(  366): NL MSG, PID: 366
02-22 14:52:23.286 V/WLAN_PSA(  366): NL MSG, len[4087], NL type[0x1C] WNI type[0x5900] len[57103]
02-22 14:52:23.286 V/WLAN_PSA(  366): NL MSG, PID: 366
02-22 14:52:23.306 E/anti    (18454): anti once
02-22 14:52:23.316 V/WLAN_PSA(  366): NL MSG, len[914], NL type[0x11] WNI type[0x5050] len[894]
02-22 14:52:23.316 V/WLAN_PSA(  366): NL MSG, PID: 366
02-22 14:52:23.316 V/WLAN_PSA(  366): NL MSG, len[3950], NL type[0x1C] WNI type[0x5900] len[22031]
02-22 14:52:23.316 V/WLAN_PSA(  366): NL MSG, PID: 366
02-22 14:52:23.416 V/WLAN_PSA(  366): NL MSG, len[914], NL type[0x11] WNI type[0x5050] len[894]
02-22 14:52:23.416 V/WLAN_PSA(  366): NL MSG, PID: 366
02-22 14:52:23.416 V/WLAN_PSA(  366): NL MSG, len[048], NL type[0x11] WNI type[0x5050] len[028]
02-22 14:52:23.416 V/WLAN_PSA(  366): NL MSG, PID: 366
02-22 14:52:23.416 V/WLAN_PSA(  366): NL MSG, len[3976], NL type[0x1C] WNI type[0x5900] len[28687]
02-22 14:52:23.416 V/WLAN_PSA(  366): NL MSG, PID: 366
02-22 14:52:23.456 V/WLAN_PSA(  366): NL MSG, len[4080], NL type[0x1C] WNI type[0x5900] len[55311]
02-22 14:52:23.456 V/WLAN_PSA(  366): NL MSG, PID: 366
02-22 14:52:23.496 V/WLAN_PSA(  366): NL MSG, len[4005], NL type[0x1C] WNI type[0x5900] len[36111]
02-22 14:52:23.496 V/WLAN_PSA(  366): NL MSG, PID: 366
02-22 14:52:23.536 W/        (15734): [ColorAdjust] gammamode=2, cemode=10
02-22 14:52:23.536 W/        (15734): [ColorAdjust] temp_gammavalue=2, temp_cevalue=10
02-22 14:52:23.536 W/        (15734): [ColorAdjust] Don't setGamma!
02-22 14:52:23.536 W/        (15734): [ColorAdjust] Don't setCe!
02-22 14:52:23.556 V/WLAN_PSA(  366): NL MSG, len[914], NL type[0x11] WNI type[0x5050] len[894]
02-22 14:52:23.556 V/WLAN_PSA(  366): NL MSG, PID: 366
02-22 14:52:23.556 V/WLAN_PSA(  366): NL MSG, len[4080], NL type[0x1C] WNI type[0x5900] len[55311]
02-22 14:52:23.556 V/WLAN_PSA(  366): NL MSG, PID: 366
02-22 14:52:23.566 W/        (15734): [ColorAdjust] Set temp_prefer temp_ce!
02-22 14:52:23.646 V/WLAN_PSA(  366): NL MSG, len[914], NL type[0x11] WNI type[0x5050] len[894]
02-22 14:52:23.646 V/WLAN_PSA(  366): NL MSG, PID: 366
02-22 14:52:23.646 V/WLAN_PSA(  366): NL MSG, len[048], NL type[0x11] WNI type[0x5050] len[028]
02-22 14:52:23.646 V/WLAN_PSA(  366): NL MSG, PID: 366
02-22 14:52:23.646 V/WLAN_PSA(  366): NL MSG, len[4078], NL type[0x1C] WNI type[0x5900] len[54799]
02-22 14:52:23.646 V/WLAN_PSA(  366): NL MSG, PID: 366
02-22 14:52:23.686 V/WLAN_PSA(  366): NL MSG, len[4009], NL type[0x1C] WNI type[0x5900] len[37135]
02-22 14:52:23.686 V/WLAN_PSA(  366): NL MSG, PID: 366
02-22 14:52:23.736 V/WLAN_PSA(  366): NL MSG, len[4026], NL type[0x1C] WNI type[0x5900] len[41487]
02-22 14:52:23.736 V/WLAN_PSA(  366): NL MSG, PID: 366
02-22 14:52:23.766 V/WLAN_PSA(  366): NL MSG, len[914], NL type[0x11] WNI type[0x5050] len[894]
02-22 14:52:23.766 V/WLAN_PSA(  366): NL MSG, PID: 366
02-22 14:52:23.776 V/WLAN_PSA(  366): NL MSG, len[3995], NL type[0x1C] WNI type[0x5900] len[33551]
02-22 14:52:23.776 V/WLAN_PSA(  366): NL MSG, PID: 366
02-22 14:52:23.866 V/WLAN_PSA(  366): NL MSG, len[914], NL type[0x11] WNI type[0x5050] len[894]
02-22 14:52:23.866 V/WLAN_PSA(  366): NL MSG, PID: 366
02-22 14:52:23.866 V/WLAN_PSA(  366): NL MSG, len[048], NL type[0x11] WNI type[0x5050] len[028]
02-22 14:52:23.866 V/WLAN_PSA(  366): NL MSG, PID: 366
02-22 14:52:23.866 V/WLAN_PSA(  366): NL MSG, len[4021], NL type[0x1C] WNI type[0x5900] len[40207]
02-22 14:52:23.866 V/WLAN_PSA(  366): NL MSG, PID: 366
02-22 14:52:23.896 V/WLAN_PSA(  366): NL MSG, len[4067], NL type[0x1C] WNI type[0x5900] len[51983]
02-22 14:52:23.896 V/WLAN_PSA(  366): NL MSG, PID: 366
02-22 14:52:23.916 V/WLAN_PSA(  366): NL MSG, len[048], NL type[0x11] WNI type[0x5050] len[028]
02-22 14:52:23.916 V/WLAN_PSA(  366): NL MSG, PID: 366
02-22 14:52:23.916 V/WLAN_PSA(  366): NL MSG, len[914], NL type[0x11] WNI type[0x5050] len[894]
02-22 14:52:23.916 V/WLAN_PSA(  366): NL MSG, PID: 366
02-22 14:52:23.916 I/WifiHAL ( 2395): Poll result = 1
02-22 14:52:23.916 I/WifiHAL ( 2395): Found some events!!!
02-22 14:52:23.916 D/WifiHAL ( 2395): no_seq_check received
02-22 14:52:23.916 I/WifiHAL ( 2395): event received NL80211_CMD_NEW_SCAN_RESULTS
02-22 14:52:23.916 I/WifiHAL ( 2395): event received NL80211_CMD_NEW_SCAN_RESULTS, vendor_id = 0x0
02-22 14:52:23.916 I/WifiHAL ( 2395): event ignored!!
02-22 14:52:23.916 V/WLAN_PSA(  366): NL MSG, len[3946], NL type[0x1C] WNI type[0x5900] len[21007]
02-22 14:52:23.916 V/WLAN_PSA(  366): NL MSG, PID: 366
02-22 14:52:23.926 D/LBSSystemMonitorService( 2395): handleMessage what - 4
02-22 14:52:23.926 D/Wiper_jni( 2395): Send Network Location.
02-22 14:52:23.926 E/TAG     ( 8012): {}
02-22 14:52:23.936 E/TAG     ( 8012): {}
02-22 14:52:23.936 D/WifiScanServices( 8012): scanResult:[]
02-22 14:52:23.946 E/WifiScanServices( 8012): start process end time - 24
02-22 14:52:24.006 I/SurfaceFlinger(  307): FPS: 4
02-22 14:52:24.026 I/MSM-irqbalance(  555): Decided to move IRQ104 from CPU4 to CPU5
02-22 14:52:24.066 I/XiaomiFirewall( 5196): firewall pkgName:com.amap.android.location, result:0x0
02-22 14:52:24.316 E/anti    (18454): anti once
02-22 14:52:25.286 E/WifiStateMachine( 2395): WifiStateMachine CMD_START_SCAN source -2 txSuccessRate=1.65 rxSuccessRate=42.23 targetRoamBSSID=any RSSI=-53
02-22 14:52:25.326 E/anti    (18454): anti once
02-22 14:52:25.376 I/XiaomiFirewall( 5196): firewall pkgName:com.wanda.app.wanhui, result:0x0
02-22 14:52:25.876 V/WLAN_PSA(  366): NL MSG, len[048], NL type[0x11] WNI type[0x5050] len[028]
02-22 14:52:25.876 V/WLAN_PSA(  366): NL MSG, PID: 366
02-22 14:52:26.316 V/WLAN_PSA(  366): NL MSG, len[4024], NL type[0x1C] WNI type[0x5900] len[40975]
02-22 14:52:26.316 V/WLAN_PSA(  366): NL MSG, PID: 366
02-22 14:52:26.336 E/anti    (18454): anti once
02-22 14:52:27.026 I/SurfaceFlinger(  307): FPS: 2
02-22 14:52:27.046 W/Metok_Tag( 5342): < metok_app > invalid network operator 
02-22 14:52:27.046 W/Metok_Tag( 5342): < metok_app > invalid network operator 
02-22 14:52:27.356 E/anti    (18454): anti once
02-22 14:52:28.286 I/ServiceManager(15634): Waiting for service AtCmdFwd...
02-22 14:52:28.366 E/anti    (18454): anti once
02-22 14:52:28.576 W/        (15749): [ColorAdjust] gammamode=2, cemode=10
02-22 14:52:28.576 W/        (15749): [ColorAdjust] temp_gammavalue=2, temp_cevalue=10
02-22 14:52:28.576 W/        (15749): [ColorAdjust] Don't setGamma!
02-22 14:52:28.576 W/        (15749): [ColorAdjust] Don't setCe!
02-22 14:52:28.606 W/        (15749): [ColorAdjust] Set temp_prefer temp_ce!
02-22 14:52:29.026 I/MSM-irqbalance(  555): Decided to move IRQ215 from CPU4 to CPU5
02-22 14:52:29.136 W/ActivityManager( 2395): getRunningAppProcesses: caller 10170 does not hold REAL_GET_TASKS; limiting output
02-22 14:52:29.276 D/BatteryService( 2395): Processing new values: chargerAcOnline=false, chargerUsbOnline=true, chargerWirelessOnline=false, batteryStatus=5, batteryHealth=2, batteryPresent=true, batteryLevel=100, batteryTechnology=Li-ion, batteryVoltage=4367, batteryTemperature=303, mBatteryLevelCritical=false, mPlugType=2
02-22 14:52:29.286 I/ServiceManager(15634): Waiting for service AtCmdFwd...
02-22 14:52:29.286 D/BatteryService( 2395): Sending ACTION_BATTERY_CHANGED.  level:100, scale:100, status:5, health:2, present:true, voltage: 4367, temperature: 303, technology: Li-ion, AC powered:false, USB powered:true, Wireless powered:false, icon:17303157, invalid charger:0
02-22 14:52:29.286 D/BatteryService( 2395): zhaoqf_sh batteryServices call state : 0 mPlugType : 2
02-22 14:52:29.316 I/SurfaceFlinger(  307): FPS: 2
02-22 14:52:29.376 E/anti    (18454): anti once
02-22 14:52:30.026 V/WLAN_PSA(  366): NL MSG, len[4022], NL type[0x1C] WNI type[0x5900] len[40463]
02-22 14:52:30.026 V/WLAN_PSA(  366): NL MSG, PID: 366
02-22 14:52:30.286 I/ServiceManager(15634): Waiting for service AtCmdFwd...
02-22 14:52:30.386 E/anti    (18454): anti once
02-22 14:52:30.626 I/SurfaceFlinger(  307): FPS: 3
02-22 14:52:30.886 V/WLAN_PSA(  366): NL MSG, len[048], NL type[0x11] WNI type[0x5050] len[028]
02-22 14:52:30.886 V/WLAN_PSA(  366): NL MSG, PID: 366
02-22 14:52:30.976 W/PushService( 4842): 2017-02-22 14:52:30,986 - [WARN::PushService] - SMACK: Could not connect to:app.chat.xiaomi.net
02-22 14:52:30.986 W/PushService( 4842): 2017-02-22 14:52:30,991 - [WARN::PushService] - fail to create xmpp connection
02-22 14:52:30.986 W/PushService( 4842): 
02-22 14:52:30.986 W/PushService( 4842): SMACK: Could not connect to 42.62.94.2:443 port:5222 failed to connect to /42.62.94.2 (port 443) after 8000ms
02-22 14:52:30.986 W/PushService( 4842): SMACK: Could not connect to 114.54.23.2 port:5222 failed to connect to /114.54.23.2 (port 5222) after 8000ms
02-22 14:52:30.986 W/PushService( 4842): SMACK: Could not connect to 111.13.142.2 port:5222 failed to connect to /111.13.142.2 (port 5222) after 8000ms
02-22 14:52:30.986 W/PushService( 4842): SMACK: Could not connect to 111.206.200.2 port:5222 failed to connect to /111.206.200.2 (port 5222) after 8000ms
02-22 14:52:30.986 W/PushService( 4842): SMACK: Could not connect to app.chat.xiaomi.net:80 port:5222 failed to connect to app.chat.xiaomi.net/123.125.102.13 (port 80) after 8000ms
02-22 14:52:30.986 W/PushService( 4842): SMACK: Could not connect to app.chat.xiaomi.net port:5222 failed to connect to app.chat.xiaomi.net/123.125.102.13 (port 5222) after 8000ms
02-22 14:52:30.986 W/PushService( 4842): : 
02-22 14:52:30.986 W/PushService( 4842): 	at com.xiaomi.smack.XMPPConnection.connectDirectly(XMPPConnection.java:416)
02-22 14:52:30.986 W/PushService( 4842): 	at com.xiaomi.smack.XMPPConnection.connectUsingConfiguration(XMPPConnection.java:322)
02-22 14:52:30.986 W/PushService( 4842): 	at com.xiaomi.smack.XMPPConnection.connect(XMPPConnection.java:499)
02-22 14:52:30.986 W/PushService( 4842): 	at com.xiaomi.push.service.XMPushService.connectByXMPP(XMPushService.java:1143)
02-22 14:52:30.986 W/PushService( 4842): 	at com.xiaomi.push.service.XMPushService.connect(XMPushService.java:1121)
02-22 14:52:30.986 W/PushService( 4842): 	at com.xiaomi.push.service.XMPushService.access$800(XMPushService.java:70)
02-22 14:52:30.986 W/PushService( 4842): 	at com.xiaomi.push.service.XMPushService$ConnectJob.process(XMPushService.java:1410)
02-22 14:52:30.986 W/PushService( 4842): 	at com.xiaomi.push.service.XMPushService$Job.run(XMPushService.java:1213)
02-22 14:52:30.986 W/PushService( 4842): 	at com.xiaomi.push.service.JobScheduler$SchedulerImpl.run(JobScheduler.java:389)
02-22 14:52:30.986 W/PushService( 4842): 2017-02-22 14:52:30,993 - [WARN::PushService] - [Thread:76] update the connection status. connecting -> disconnected : ERROR_NETWORK_FAILED 
02-22 14:52:30.986 W/PushService( 4842): 2017-02-22 14:52:30,995 - [WARN::PushService] - [Thread:76] schedule reconnect in 300000ms
02-22 14:52:30.986 I/TrafficManageService( 5196): mExtraNetworkReceiver tag = miui.intent.action.NETWORK_BLOCKED
02-22 14:52:30.996 I/NetworkDiagnostics_CheckStateManager( 5196): networkBlocked
02-22 14:52:31.286 I/ServiceManager(15634): Waiting for service AtCmdFwd...
02-22 14:52:31.396 E/anti    (18454): anti once
02-22 14:52:31.666 I/SurfaceFlinger(  307): FPS: 2
02-22 14:52:32.286 I/ServiceManager(15634): Waiting for service AtCmdFwd...
02-22 14:52:32.406 E/anti    (18454): anti once
02-22 14:52:32.686 I/SurfaceFlinger(  307): FPS: 2
02-22 14:52:33.286 W/Atfwd_Sendcmd(15634): AtCmdFwd service not published, waiting... retryCnt : 4
02-22 14:52:33.416 E/anti    (18454): anti once
02-22 14:52:33.626 W/        (15761): [ColorAdjust] gammamode=2, cemode=10
02-22 14:52:33.626 W/        (15761): [ColorAdjust] temp_gammavalue=2, temp_cevalue=10
02-22 14:52:33.626 W/        (15761): [ColorAdjust] Don't setGamma!
02-22 14:52:33.626 W/        (15761): [ColorAdjust] Don't setCe!
02-22 14:52:33.646 W/        (15761): [ColorAdjust] Set temp_prefer temp_ce!
02-22 14:52:34.026 I/MSM-irqbalance(  555): Decided to move IRQ65 from CPU4 to CPU5
02-22 14:52:34.066 I/SurfaceFlinger(  307): FPS: 3
02-22 14:52:34.066 V/WLAN_PSA(  366): NL MSG, len[4082], NL type[0x1C] WNI type[0x5900] len[55823]
02-22 14:52:34.066 V/WLAN_PSA(  366): NL MSG, PID: 366
02-22 14:52:34.086 I/XiaomiFirewall( 5196): firewall pkgName:com.amap.android.location, result:0x0
02-22 14:52:34.426 E/anti    (18454): anti once
02-22 14:52:35.446 E/anti    (18454): anti once
