02-22 14:53:40.546 D/qdlights( 2395): disable night mode:0
02-22 14:53:40.546 E/PPDaemon( 2395): DisplayConfigPPMode_float: strength select:0 ,local 0
02-22 14:53:40.556 D/PPDaemon( 2395): DisplayConfigPPMode_float: Mode:0 applied successfully
02-22 14:53:40.566 D/qdlights( 2395): persist.sys.display_eyecare:0
02-22 14:53:40.566 D/qdlights( 2395): disable night mode:0
02-22 14:53:40.566 E/PPDaemon( 2395): DisplayConfigPPMode_float: strength select:0 ,local 0
02-22 14:53:40.576 D/PPDaemon( 2395): DisplayConfigPPMode_float: Mode:0 applied successfully
02-22 14:53:40.576 D/qdlights( 2395): persist.sys.display_eyecare:0
02-22 14:53:40.576 D/qdlights( 2395): disable night mode:0
02-22 14:53:40.576 E/PPDaemon( 2395): DisplayConfigPPMode_float: strength select:0 ,local 0
02-22 14:53:40.596 D/PPDaemon( 2395): DisplayConfigPPMode_float: Mode:0 applied successfully
02-22 14:53:40.596 D/qdlights( 2395): persist.sys.display_eyecare:0
02-22 14:53:40.596 D/qdlights( 2395): disable night mode:0
02-22 14:53:40.596 E/PPDaemon( 2395): DisplayConfigPPMode_float: strength select:0 ,local 0
02-22 14:53:40.606 D/PPDaemon( 2395): DisplayConfigPPMode_float: Mode:0 applied successfully
02-22 14:53:40.616 D/qdlights( 2395): persist.sys.display_eyecare:0
02-22 14:53:40.616 D/qdlights( 2395): disable night mode:0
02-22 14:53:40.616 E/PPDaemon( 2395): DisplayConfigPPMode_float: strength select:0 ,local 0
02-22 14:53:40.626 D/PPDaemon( 2395): DisplayConfigPPMode_float: Mode:0 applied successfully
02-22 14:53:40.626 D/qdlights( 2395): persist.sys.display_eyecare:0
02-22 14:53:40.626 D/qdlights( 2395): disable night mode:0
02-22 14:53:40.626 E/PPDaemon( 2395): DisplayConfigPPMode_float: strength select:0 ,local 0
02-22 14:53:40.646 D/PPDaemon( 2395): DisplayConfigPPMode_float: Mode:0 applied successfully
02-22 14:53:40.646 D/qdlights( 2395): persist.sys.display_eyecare:0
02-22 14:53:40.646 D/qdlights( 2395): disable night mode:0
02-22 14:53:40.646 E/PPDaemon( 2395): DisplayConfigPPMode_float: strength select:0 ,local 0
02-22 14:53:40.646 E/GsmCellLocation Error(15067): GsmCellLocation is null
02-22 14:53:40.656 E/commonUtil(15067): imsi is null
02-22 14:53:40.656 D/PPDaemon( 2395): DisplayConfigPPMode_float: Mode:0 applied successfully
02-22 14:53:40.666 D/qdlights( 2395): persist.sys.display_eyecare:0
02-22 14:53:40.666 D/qdlights( 2395): disable night mode:0
02-22 14:53:40.666 E/PPDaemon( 2395): DisplayConfigPPMode_float: strength select:0 ,local 0
02-22 14:53:40.676 D/PPDaemon( 2395): DisplayConfigPPMode_float: Mode:0 applied successfully
02-22 14:53:40.676 D/qdlights( 2395): persist.sys.display_eyecare:0
02-22 14:53:40.676 D/qdlights( 2395): disable night mode:0
02-22 14:53:40.676 E/PPDaemon( 2395): DisplayConfigPPMode_float: strength select:0 ,local 0
02-22 14:53:40.696 D/PPDaemon( 2395): DisplayConfigPPMode_float: Mode:0 applied successfully
02-22 14:53:40.696 D/qdlights( 2395): persist.sys.display_eyecare:0
02-22 14:53:40.696 D/qdlights( 2395): disable night mode:0
02-22 14:53:40.696 E/PPDaemon( 2395): DisplayConfigPPMode_float: strength select:0 ,local 0
02-22 14:53:40.706 I/art     (15067): Background sticky concurrent mark sweep GC freed 378809(15MB) AllocSpace objects, 0(0B) LOS objects, 13% free, 49MB/57MB, paused 2.512ms total 139.715ms
02-22 14:53:40.706 D/PPDaemon( 2395): DisplayConfigPPMode_float: Mode:0 applied successfully
02-22 14:53:40.716 D/qdlights( 2395): persist.sys.display_eyecare:0
02-22 14:53:40.716 D/qdlights( 2395): disable night mode:0
02-22 14:53:40.716 E/PPDaemon( 2395): DisplayConfigPPMode_float: strength select:0 ,local 0
02-22 14:53:40.726 D/PPDaemon( 2395): DisplayConfigPPMode_float: Mode:0 applied successfully
02-22 14:53:40.726 D/qdlights( 2395): persist.sys.display_eyecare:0
02-22 14:53:40.726 D/qdlights( 2395): disable night mode:0
02-22 14:53:40.726 E/PPDaemon( 2395): DisplayConfigPPMode_float: strength select:0 ,local 0
02-22 14:53:40.746 D/PPDaemon( 2395): DisplayConfigPPMode_float: Mode:0 applied successfully
02-22 14:53:40.746 D/qdlights( 2395): persist.sys.display_eyecare:0
02-22 14:53:40.746 D/qdlights( 2395): disable night mode:0
02-22 14:53:40.746 E/PPDaemon( 2395): DisplayConfigPPMode_float: strength select:0 ,local 0
02-22 14:53:40.756 D/PPDaemon( 2395): DisplayConfigPPMode_float: Mode:0 applied successfully
02-22 14:53:40.766 D/qdlights( 2395): persist.sys.display_eyecare:0
02-22 14:53:40.766 D/qdlights( 2395): disable night mode:0
02-22 14:53:40.766 E/PPDaemon( 2395): DisplayConfigPPMode_float: strength select:0 ,local 0
02-22 14:53:40.776 D/PPDaemon( 2395): DisplayConfigPPMode_float: Mode:0 applied successfully
02-22 14:53:40.776 D/qdlights( 2395): persist.sys.display_eyecare:0
02-22 14:53:40.776 D/qdlights( 2395): disable night mode:0
02-22 14:53:40.776 E/PPDaemon( 2395): DisplayConfigPPMode_float: strength select:0 ,local 0
02-22 14:53:40.796 D/PPDaemon( 2395): DisplayConfigPPMode_float: Mode:0 applied successfully
02-22 14:53:40.796 D/qdlights( 2395): persist.sys.display_eyecare:0
02-22 14:53:40.796 D/qdlights( 2395): disable night mode:0
02-22 14:53:40.796 E/PPDaemon( 2395): DisplayConfigPPMode_float: strength select:0 ,local 0
02-22 14:53:40.806 D/PPDaemon( 2395): DisplayConfigPPMode_float: Mode:0 applied successfully
02-22 14:53:40.816 D/qdlights( 2395): persist.sys.display_eyecare:0
02-22 14:53:40.816 D/qdlights( 2395): disable night mode:0
02-22 14:53:40.816 E/PPDaemon( 2395): DisplayConfigPPMode_float: strength select:0 ,local 0
02-22 14:53:40.826 D/PPDaemon( 2395): DisplayConfigPPMode_float: Mode:0 applied successfully
02-22 14:53:40.826 D/qdlights( 2395): persist.sys.display_eyecare:0
02-22 14:53:40.826 D/qdlights( 2395): disable night mode:0
02-22 14:53:40.826 E/PPDaemon( 2395): DisplayConfigPPMode_float: strength select:0 ,local 0
02-22 14:53:40.846 D/PPDaemon( 2395): DisplayConfigPPMode_float: Mode:0 applied successfully
02-22 14:53:40.846 D/qdlights( 2395): persist.sys.display_eyecare:0
02-22 14:53:40.846 D/qdlights( 2395): disable night mode:0
02-22 14:53:40.846 E/PPDaemon( 2395): DisplayConfigPPMode_float: strength select:0 ,local 0
02-22 14:53:40.856 D/PPDaemon( 2395): DisplayConfigPPMode_float: Mode:0 applied successfully
02-22 14:53:40.866 D/qdlights( 2395): persist.sys.display_eyecare:0
02-22 14:53:40.866 D/qdlights( 2395): disable night mode:0
02-22 14:53:40.866 E/PPDaemon( 2395): DisplayConfigPPMode_float: strength select:0 ,local 0
02-22 14:53:40.876 D/PPDaemon( 2395): DisplayConfigPPMode_float: Mode:0 applied successfully
02-22 14:53:40.896 D/qdlights( 2395): persist.sys.display_eyecare:0
02-22 14:53:40.896 D/qdlights( 2395): disable night mode:0
02-22 14:53:40.896 E/PPDaemon( 2395): DisplayConfigPPMode_float: strength select:0 ,local 0
02-22 14:53:40.906 D/PPDaemon( 2395): DisplayConfigPPMode_float: Mode:0 applied successfully
02-22 14:53:41.026 V/WLAN_PSA(  366): NL MSG, len[048], NL type[0x11] WNI type[0x5050] len[028]
02-22 14:53:41.026 V/WLAN_PSA(  366): NL MSG, PID: 366
02-22 14:53:41.126 E/GsmCellLocation Error(15067): GsmCellLocation is null
02-22 14:53:41.126 E/commonUtil(15067): imsi is null
02-22 14:53:41.136 E/anti    (18454): anti once
02-22 14:53:41.206 E/GsmCellLocation Error(15067): GsmCellLocation is null
02-22 14:53:41.206 E/commonUtil(15067): imsi is null
02-22 14:53:41.266 E/GsmCellLocation Error(15067): GsmCellLocation is null
02-22 14:53:41.276 E/commonUtil(15067): imsi is null
02-22 14:53:41.306 I/ServiceManager(15634): Waiting for service AtCmdFwd...
02-22 14:53:41.326 I/SurfaceFlinger(  307): FPS: 61
02-22 14:53:41.346 E/GsmCellLocation Error(15067): GsmCellLocation is null
02-22 14:53:41.346 E/commonUtil(15067): imsi is null
02-22 14:53:41.406 E/GsmCellLocation Error(15067): GsmCellLocation is null
02-22 14:53:41.406 E/commonUtil(15067): imsi is null
02-22 14:53:41.466 E/GsmCellLocation Error(15067): GsmCellLocation is null
02-22 14:53:41.466 E/commonUtil(15067): imsi is null
02-22 14:53:42.146 E/anti    (18454): anti once
02-22 14:53:42.166 I/QueryController(15029): Matched selector: UiSelector[INSTANCE=0, RESOURCE_ID=com.wanda.app.wanhui:id/txt_user_nick_name] <<==>> [android.view.accessibility.AccessibilityNodeInfo@80011396; boundsInParent: Rect(524151, 0 - 524445, 60); boundsInScreen: Rect(213, 360 - 507, 420); packageName: com.wanda.app.wanhui; className: android.widget.TextView; text: Wanda; error: null; maxTextLength: -1; contentDescription: null; viewIdResName: com.wanda.app.wanhui:id/txt_user_nick_name; checkable: false; checked: false; focusable: false; focused: false; selected: false; clickable: true; longClickable: false; enabled: true; password: false; scrollable: false; actions: [AccessibilityAction: ACTION_SELECT - null, AccessibilityAction: ACTION_CLEAR_SELECTION - null, AccessibilityAction: ACTION_CLICK - null, AccessibilityAction: ACTION_ACCESSIBILITY_FOCUS - null, AccessibilityAction: ACTION_NEXT_AT_MOVEMENT_GRANULARITY - null, AccessibilityAction: ACTION_PREVIOUS_AT_MOVEMENT_GRANULARITY - null, AccessibilityAction: ACTION_SET_SELECTION - null]]
02-22 14:53:42.276 I/QueryController(15029): Matched selector: UiSelector[TEXT=爱逛街] <<==>> [android.view.accessibility.AccessibilityNodeInfo@8000b5bd; boundsInParent: Rect(524255, 0 - 524321, 25); boundsInScreen: Rect(39, 1241 - 105, 1266); packageName: com.wanda.app.wanhui; className: android.widget.TextView; text: 爱逛街; error: null; maxTextLength: -1; contentDescription: null; viewIdResName: com.wanda.app.wanhui:id/bottom_text; checkable: false; checked: false; focusable: false; focused: false; selected: false; clickable: false; longClickable: false; enabled: true; password: false; scrollable: false; actions: [AccessibilityAction: ACTION_SELECT - null, AccessibilityAction: ACTION_CLEAR_SELECTION - null, AccessibilityAction: ACTION_ACCESSIBILITY_FOCUS - null, AccessibilityAction: ACTION_NEXT_AT_MOVEMENT_GRANULARITY - null, AccessibilityAction: ACTION_PREVIOUS_AT_MOVEMENT_GRANULARITY - null, AccessibilityAction: ACTION_SET_SELECTION - null]]
02-22 14:53:42.306 I/ServiceManager(15634): Waiting for service AtCmdFwd...
02-22 14:53:42.346 I/SurfaceFlinger(  307): FPS: 61
02-22 14:53:43.046 I/QueryController(15029): Matched selector: UiSelector[TEXT=爱逛街] <<==>> [android.view.accessibility.AccessibilityNodeInfo@8000b5bd; boundsInParent: Rect(524255, 0 - 524321, 25); boundsInScreen: Rect(39, 1241 - 105, 1266); packageName: com.wanda.app.wanhui; className: android.widget.TextView; text: 爱逛街; error: null; maxTextLength: -1; contentDescription: null; viewIdResName: com.wanda.app.wanhui:id/bottom_text; checkable: false; checked: false; focusable: false; focused: false; selected: false; clickable: false; longClickable: false; enabled: true; password: false; scrollable: false; actions: [AccessibilityAction: ACTION_SELECT - null, AccessibilityAction: ACTION_CLEAR_SELECTION - null, AccessibilityAction: ACTION_ACCESSIBILITY_FOCUS - null, AccessibilityAction: ACTION_NEXT_AT_MOVEMENT_GRANULARITY - null, AccessibilityAction: ACTION_PREVIOUS_AT_MOVEMENT_GRANULARITY - null, AccessibilityAction: ACTION_SET_SELECTION - null]]
02-22 14:53:43.046 D/InteractionController(15029): clickAndSync(72, 1253)
02-22 14:53:43.076 W/        (15904): [ColorAdjust] gammamode=2, cemode=10
02-22 14:53:43.076 W/        (15904): [ColorAdjust] temp_gammavalue=2, temp_cevalue=10
02-22 14:53:43.076 W/        (15904): [ColorAdjust] Don't setGamma!
02-22 14:53:43.076 W/        (15904): [ColorAdjust] Don't setCe!
02-22 14:53:43.096 W/        (15904): [ColorAdjust] Set temp_prefer temp_ce!
02-22 14:53:43.166 E/anti    (18454): anti once
02-22 14:53:43.206 E/commonUtil(15067): imsi is null
02-22 14:53:43.216 E/commonUtil(15067): imsi is null
02-22 14:53:43.226 E/commonUtil(15067): imsi is null
02-22 14:53:43.306 W/Atfwd_Sendcmd(15634): AtCmdFwd service not published, waiting... retryCnt : 2
02-22 14:53:43.366 I/SurfaceFlinger(  307): FPS: 61
02-22 14:53:43.946 I/QueryController(15029): Matched selector: UiSelector[INSTANCE=0, RESOURCE_ID=com.wanda.app.wanhui:id/iv_center_tab] <<==>> [android.view.accessibility.AccessibilityNodeInfo@8007477d; boundsInParent: Rect(0, 0 - 104, 104); boundsInScreen: Rect(308, 1157 - 412, 1261); packageName: com.wanda.app.wanhui; className: android.widget.ImageView; text: null; error: null; maxTextLength: -1; contentDescription: null; viewIdResName: com.wanda.app.wanhui:id/iv_center_tab; checkable: false; checked: false; focusable: false; focused: false; selected: false; clickable: true; longClickable: false; enabled: true; password: false; scrollable: false; actions: [AccessibilityAction: ACTION_SELECT - null, AccessibilityAction: ACTION_CLEAR_SELECTION - null, AccessibilityAction: ACTION_CLICK - null, AccessibilityAction: ACTION_ACCESSIBILITY_FOCUS - null]]
02-22 14:53:44.036 I/QueryController(15029): Matched selector: UiSelector[INSTANCE=0, RESOURCE_ID=com.wanda.app.wanhui:id/tv_city] <<==>> [android.view.accessibility.AccessibilityNodeInfo@8000f58e; boundsInParent: Rect(0, 0 - 204, 112); boundsInScreen: Rect(0, 50 - 204, 162); packageName: com.wanda.app.wanhui; className: android.widget.TextView; text: 北京市; error: null; maxTextLength: 7; contentDescription: null; viewIdResName: com.wanda.app.wanhui:id/tv_city; checkable: false; checked: false; focusable: false; focused: false; selected: false; clickable: true; longClickable: false; enabled: true; password: false; scrollable: false; actions: [AccessibilityAction: ACTION_SELECT - null, AccessibilityAction: ACTION_CLEAR_SELECTION - null, AccessibilityAction: ACTION_CLICK - null, AccessibilityAction: ACTION_ACCESSIBILITY_FOCUS - null, AccessibilityAction: ACTION_NEXT_AT_MOVEMENT_GRANULARITY - null, AccessibilityAction: ACTION_PREVIOUS_AT_MOVEMENT_GRANULARITY - null, AccessibilityAction: ACTION_SET_SELECTION - null]]
02-22 14:53:44.096 I/QueryController(15029): Matched selector: UiSelector[INSTANCE=0, RESOURCE_ID=com.wanda.app.wanhui:id/tv_city] <<==>> [android.view.accessibility.AccessibilityNodeInfo@8000f58e; boundsInParent: Rect(0, 0 - 204, 112); boundsInScreen: Rect(0, 50 - 204, 162); packageName: com.wanda.app.wanhui; className: android.widget.TextView; text: 北京市; error: null; maxTextLength: 7; contentDescription: null; viewIdResName: com.wanda.app.wanhui:id/tv_city; checkable: false; checked: false; focusable: false; focused: false; selected: false; clickable: true; longClickable: false; enabled: true; password: false; scrollable: false; actions: [AccessibilityAction: ACTION_SELECT - null, AccessibilityAction: ACTION_CLEAR_SELECTION - null, AccessibilityAction: ACTION_CLICK - null, AccessibilityAction: ACTION_ACCESSIBILITY_FOCUS - null, AccessibilityAction: ACTION_NEXT_AT_MOVEMENT_GRANULARITY - null, AccessibilityAction: ACTION_PREVIOUS_AT_MOVEMENT_GRANULARITY - null, AccessibilityAction: ACTION_SET_SELECTION - null]]
02-22 14:53:44.096 D/InteractionController(15029): clickAndSync(102, 106)
02-22 14:53:44.136 V/WLAN_PSA(  366): NL MSG, len[4082], NL type[0x1C] WNI type[0x5900] len[55823]
02-22 14:53:44.136 V/WLAN_PSA(  366): NL MSG, PID: 366
02-22 14:53:44.176 E/anti    (18454): anti once
02-22 14:53:44.226 E/commonUtil(15067): imsi is null
02-22 14:53:44.246 I/ActivityManager( 2395): START u0 {cmp=com.wanda.app.wanhui/com.feifan.o2o.business.hotcity.activity.HotCitySearchActivity} from uid 10175 on display 0
02-22 14:53:44.246 V/WindowManager( 2395): addAppToken: AppWindowToken{a033689 token=Token{29cced90 ActivityRecord{25749053 u0 com.wanda.app.wanhui/com.feifan.o2o.business.hotcity.activity.HotCitySearchActivity t162}}} to stack=1 task=162 at 1
02-22 14:53:44.266 E/commonUtil(15067): imsi is null
02-22 14:53:44.276 D/PowerKeeperEventLogManager( 5386): notifyForegroundCompomentChanged ComponentInfo{com.wanda.app.wanhui/com.feifan.o2o.business.hotcity.activity.HotCitySearchActivity}
02-22 14:53:44.276 I/Timeline( 2395): Timeline: App_transition_ready time:45056596
02-22 14:53:44.296 E/commonUtil(15067): imsi is null
02-22 14:53:44.336 E/commonUtil(15067): imsi is null
02-22 14:53:44.376 I/SurfaceFlinger(  307): FPS: 61
02-22 14:53:44.426 V/WindowManager( 2395): Adding window Window{32addeaf u0 com.wanda.app.wanhui/com.feifan.o2o.business.hotcity.activity.HotCitySearchActivity} at 4 of 11 (after Window{78d765c u0 com.wanda.app.wanhui/com.feifan.o2o.business.classic.activity.ClassicActivity})
02-22 14:53:44.466 I/Timeline( 2395): Timeline: App_transition_ready time:45056780
02-22 14:53:44.466 I/Timeline( 2395): Timeline: App_transition_ready time:45056782
02-22 14:53:44.476 E/RecyclerView(15067): No adapter attached; skipping layout
02-22 14:53:44.486 I/AppiumUnicodeIME( 4641): onFinishInput
02-22 14:53:44.486 I/AppiumUnicodeIME( 4641): onStartInput
02-22 14:53:44.506 E/RecyclerView(15067): No adapter attached; skipping layout
02-22 14:53:44.526 I/Timeline( 2395): Timeline: App_transition_ready time:45056845
02-22 14:53:44.536 I/ActivityManager( 2395): Displayed com.wanda.app.wanhui/com.feifan.o2o.business.hotcity.activity.HotCitySearchActivity: +260ms
02-22 14:53:44.756 E/Vold    (  306): Failed to find mounted volume for /storage/sdcard1/Android/data/com.wanda.app.wanhui/files/
02-22 14:53:44.756 W/Vold    (  306): Returning OperationFailed - no handler for errno 0
02-22 14:53:44.846 I/XiaomiFirewall( 5196): firewall pkgName:com.wanda.app.wanhui, result:0x0
02-22 14:53:45.066 I/Timeline( 2395): Timeline: Activity_windows_visible id: ActivityRecord{25749053 u0 com.wanda.app.wanhui/com.feifan.o2o.business.hotcity.activity.HotCitySearchActivity t162} time:45057381
02-22 14:53:45.066 I/Timeline( 2395): Timeline: App_transition_stopped time:45057383
02-22 14:53:45.186 E/anti    (18454): anti once
02-22 14:53:45.296 E/WifiStateMachine( 2395): WifiStateMachine CMD_START_SCAN source -2 txSuccessRate=15.46 rxSuccessRate=128.63 targetRoamBSSID=any RSSI=-46
02-22 14:53:45.576 I/SurfaceFlinger(  307): FPS: 51
02-22 14:53:46.036 V/WLAN_PSA(  366): NL MSG, len[048], NL type[0x11] WNI type[0x5050] len[028]
02-22 14:53:46.036 V/WLAN_PSA(  366): NL MSG, PID: 366
02-22 14:53:46.206 E/anti    (18454): anti once
02-22 14:53:46.856 I/XiaomiFirewall( 5196): firewall pkgName:com.wanda.app.wanhui, result:0x0
02-22 14:53:47.076 I/SurfaceFlinger(  307): FPS: 21
02-22 14:53:47.216 E/anti    (18454): anti once
02-22 14:53:47.676 V/WLAN_PSA(  366): NL MSG, len[4014], NL type[0x1C] WNI type[0x5900] len[38415]
02-22 14:53:47.676 V/WLAN_PSA(  366): NL MSG, PID: 366
02-22 14:53:48.106 W/        (15937): [ColorAdjust] gammamode=2, cemode=10
02-22 14:53:48.106 W/        (15937): [ColorAdjust] temp_gammavalue=2, temp_cevalue=10
02-22 14:53:48.106 W/        (15937): [ColorAdjust] Don't setGamma!
02-22 14:53:48.106 W/        (15937): [ColorAdjust] Don't setCe!
02-22 14:53:48.136 W/        (15937): [ColorAdjust] Set temp_prefer temp_ce!
02-22 14:53:48.226 E/anti    (18454): anti once
02-22 14:53:48.326 I/SurfaceFlinger(  307): FPS: 3
02-22 14:53:49.246 E/anti    (18454): anti once
02-22 14:53:49.266 I/QueryController(15029): Matched selector: UiSelector[INSTANCE=0, RESOURCE_ID=com.wanda.app.wanhui:id/name] <<==>> [android.view.accessibility.AccessibilityNodeInfo@800c0b84; boundsInParent: Rect(0, 0 - 720, 88); boundsInScreen: Rect(0, 889 - 720, 977); packageName: com.wanda.app.wanhui; className: android.widget.TextView; text: 安阳市; error: null; maxTextLength: -1; contentDescription: null; viewIdResName: com.wanda.app.wanhui:id/name; checkable: false; checked: false; focusable: false; focused: false; selected: false; clickable: true; longClickable: false; enabled: true; password: false; scrollable: false; actions: [AccessibilityAction: ACTION_SELECT - null, AccessibilityAction: ACTION_CLEAR_SELECTION - null, AccessibilityAction: ACTION_CLICK - null, AccessibilityAction: ACTION_ACCESSIBILITY_FOCUS - null, AccessibilityAction: ACTION_NEXT_AT_MOVEMENT_GRANULARITY - null, AccessibilityAction: ACTION_PREVIOUS_AT_MOVEMENT_GRANULARITY - null, AccessibilityAction: ACTION_SET_SELECTION - null]]
02-22 14:53:49.296 I/QueryController(15029): Matched selector: UiSelector[INSTANCE=0, RESOURCE_ID=com.wanda.app.wanhui:id/name] <<==>> [android.view.accessibility.AccessibilityNodeInfo@800c0b84; boundsInParent: Rect(0, 0 - 720, 88); boundsInScreen: Rect(0, 889 - 720, 977); packageName: com.wanda.app.wanhui; className: android.widget.TextView; text: 安阳市; error: null; maxTextLength: -1; contentDescription: null; viewIdResName: com.wanda.app.wanhui:id/name; checkable: false; checked: false; focusable: false; focused: false; selected: false; clickable: true; longClickable: false; enabled: true; password: false; scrollable: false; actions: [AccessibilityAction: ACTION_SELECT - null, AccessibilityAction: ACTION_CLEAR_SELECTION - null, AccessibilityAction: ACTION_CLICK - null, AccessibilityAction: ACTION_ACCESSIBILITY_FOCUS - null, AccessibilityAction: ACTION_NEXT_AT_MOVEMENT_GRANULARITY - null, AccessibilityAction: ACTION_PREVIOUS_AT_MOVEMENT_GRANULARITY - null, AccessibilityAction: ACTION_SET_SELECTION - null]]
02-22 14:53:49.296 D/InteractionController(15029): clickAndSync(360, 933)
02-22 14:53:49.436 E/commonUtil(15067): imsi is null
02-22 14:53:49.436 I/XiaomiFirewall( 5196): firewall pkgName:com.wanda.app.wanhui, result:0x0
02-22 14:53:49.446 D/BatteryService( 2395): Processing new values: chargerAcOnline=false, chargerUsbOnline=true, chargerWirelessOnline=false, batteryStatus=5, batteryHealth=2, batteryPresent=true, batteryLevel=100, batteryTechnology=Li-ion, batteryVoltage=4365, batteryTemperature=309, mBatteryLevelCritical=false, mPlugType=2
02-22 14:53:49.446 D/BatteryService( 2395): Sending ACTION_BATTERY_CHANGED.  level:100, scale:100, status:5, health:2, present:true, voltage: 4365, temperature: 309, technology: Li-ion, AC powered:false, USB powered:true, Wireless powered:false, icon:17303157, invalid charger:0
02-22 14:53:49.446 D/BatteryService( 2395): zhaoqf_sh batteryServices call state : 0 mPlugType : 2
02-22 14:53:49.476 I/SurfaceFlinger(  307): FPS: 4
02-22 14:53:49.496 E/GsmCellLocation Error(15067): GsmCellLocation is null
02-22 14:53:49.496 E/commonUtil(15067): imsi is null
02-22 14:53:49.566 E/GsmCellLocation Error(15067): GsmCellLocation is null
02-22 14:53:49.576 E/commonUtil(15067): imsi is null
02-22 14:53:49.646 D/PowerKeeperEventLogManager( 5386): notifyForegroundCompomentChanged ComponentInfo{com.wanda.app.wanhui/com.feifan.o2o.business.classic.activity.ClassicActivity}
02-22 14:53:49.656 I/Timeline( 2395): Timeline: App_transition_ready time:45061970
02-22 14:53:49.686 E/commonUtil(15067): imsi is null
02-22 14:53:49.686 E/commonUtil(15067): imsi is null
02-22 14:53:49.696 E/commonUtil(15067): imsi is null
02-22 14:53:49.706 I/AppiumUnicodeIME( 4641): onFinishInput
02-22 14:53:49.706 I/AppiumUnicodeIME( 4641): onStartInput
02-22 14:53:49.736 E/GsmCellLocation Error(15067): GsmCellLocation is null
02-22 14:53:49.736 E/GsmCellLocation Error(15067): GsmCellLocation is null
02-22 14:53:49.746 E/GsmCellLocation Error(15067): GsmCellLocation is null
02-22 14:53:49.746 E/commonUtil(15067): imsi is null
02-22 14:53:49.746 E/commonUtil(15067): imsi is null
02-22 14:53:49.746 E/GsmCellLocation Error(15067): GsmCellLocation is null
02-22 14:53:49.756 E/commonUtil(15067): imsi is null
02-22 14:53:49.756 E/GsmCellLocation Error(15067): GsmCellLocation is null
02-22 14:53:49.756 E/commonUtil(15067): imsi is null
02-22 14:53:49.776 E/GsmCellLocation Error(15067): GsmCellLocation is null
02-22 14:53:49.776 E/commonUtil(15067): imsi is null
02-22 14:53:49.776 I/Timeline( 2395): Timeline: App_transition_stopped time:45062099
02-22 14:53:49.776 V/WindowManager( 2395): not Base app: Adding window Window{3153e8bb u0 com.wanda.app.wanhui/com.feifan.o2o.business.classic.activity.ClassicActivity} at 3 of 11
02-22 14:53:49.786 E/commonUtil(15067): imsi is null
02-22 14:53:50.026 E/GsmCellLocation Error(15067): GsmCellLocation is null
02-22 14:53:50.026 E/commonUtil(15067): imsi is null
02-22 14:53:50.146 E/GsmCellLocation Error(15067): GsmCellLocation is null
02-22 14:53:50.146 E/commonUtil(15067): imsi is null
02-22 14:53:50.156 I/AppiumUnicodeIME( 4641): onFinishInput
02-22 14:53:50.166 I/AppiumUnicodeIME( 4641): onStartInput
02-22 14:53:50.166 E/commonUtil(15067): imsi is null
02-22 14:53:50.256 E/anti    (18454): anti once
02-22 14:53:50.316 W/BitmapFactory(15067): bitmap marked for reuse (9800 bytes) can't fit new bitmap (19600 bytes)
02-22 14:53:50.316 D/skia    (15067): --- decoder->decode returned false
02-22 14:53:50.466 E/GsmCellLocation Error(15067): GsmCellLocation is null
02-22 14:53:50.466 E/commonUtil(15067): imsi is null
02-22 14:53:50.496 I/SurfaceFlinger(  307): FPS: 41
02-22 14:53:50.606 E/GsmCellLocation Error(15067): GsmCellLocation is null
02-22 14:53:50.616 E/commonUtil(15067): imsi is null
02-22 14:53:50.806 E/GsmCellLocation Error(15067): GsmCellLocation is null
02-22 14:53:50.806 E/commonUtil(15067): imsi is null
02-22 14:53:51.046 V/WLAN_PSA(  366): NL MSG, len[048], NL type[0x11] WNI type[0x5050] len[028]
02-22 14:53:51.046 V/WLAN_PSA(  366): NL MSG, PID: 366
02-22 14:53:51.046 V/WLAN_PSA(  366): NL MSG, len[4003], NL type[0x1C] WNI type[0x5900] len[35599]
02-22 14:53:51.046 V/WLAN_PSA(  366): NL MSG, PID: 366
02-22 14:53:51.196 I/XiaomiFirewall( 5196): firewall pkgName:com.wanda.app.wanhui, result:0x0
02-22 14:53:51.266 E/GsmCellLocation Error(15067): GsmCellLocation is null
02-22 14:53:51.266 E/GsmCellLocation Error(15067): GsmCellLocation is null
02-22 14:53:51.276 E/commonUtil(15067): imsi is null
02-22 14:53:51.276 E/commonUtil(15067): imsi is null
02-22 14:53:51.276 E/anti    (18454): anti once
02-22 14:53:51.836 I/SurfaceFlinger(  307): FPS: 25
02-22 14:53:52.286 E/anti    (18454): anti once
02-22 14:53:53.146 W/        (15966): [ColorAdjust] gammamode=2, cemode=10
02-22 14:53:53.146 W/        (15966): [ColorAdjust] temp_gammavalue=2, temp_cevalue=10
02-22 14:53:53.146 W/        (15966): [ColorAdjust] Don't setGamma!
02-22 14:53:53.146 W/        (15966): [ColorAdjust] Don't setCe!
02-22 14:53:53.176 W/        (15966): [ColorAdjust] Set temp_prefer temp_ce!
02-22 14:53:53.176 I/SurfaceFlinger(  307): FPS: 1
02-22 14:53:53.296 E/anti    (18454): anti once
02-22 14:53:53.306 I/ServiceManager(15634): Waiting for service AtCmdFwd...
02-22 14:53:54.306 I/ServiceManager(15634): Waiting for service AtCmdFwd...
02-22 14:53:54.316 E/anti    (18454): anti once
02-22 14:53:54.716 I/XiaomiFirewall( 5196): firewall pkgName:com.wanda.app.wanhui, result:0x0
02-22 14:53:54.936 I/QueryController(15029): Matched selector: UiSelector[TEXT=电影] <<==>> [android.view.accessibility.AccessibilityNodeInfo@800d250d; boundsInParent: Rect(524264, 0 - 524312, 28); boundsInScreen: Rect(192, 357 - 240, 385); packageName: com.wanda.app.wanhui; className: android.widget.TextView; text: 电影; error: null; maxTextLength: -1; contentDescription: null; viewIdResName: com.wanda.app.wanhui:id/tv_text; checkable: false; checked: false; focusable: false; focused: false; selected: false; clickable: false; longClickable: false; enabled: true; password: false; scrollable: false; actions: [AccessibilityAction: ACTION_SELECT - null, AccessibilityAction: ACTION_CLEAR_SELECTION - null, AccessibilityAction: ACTION_ACCESSIBILITY_FOCUS - null, AccessibilityAction: ACTION_NEXT_AT_MOVEMENT_GRANULARITY - null, AccessibilityAction: ACTION_PREVIOUS_AT_MOVEMENT_GRANULARITY - null, AccessibilityAction: ACTION_SET_SELECTION - null]]
02-22 14:53:55.006 I/QueryController(15029): Matched selector: UiSelector[TEXT=电影] <<==>> [android.view.accessibility.AccessibilityNodeInfo@800d250d; boundsInParent: Rect(524264, 0 - 524312, 28); boundsInScreen: Rect(192, 357 - 240, 385); packageName: com.wanda.app.wanhui; className: android.widget.TextView; text: 电影; error: null; maxTextLength: -1; contentDescription: null; viewIdResName: com.wanda.app.wanhui:id/tv_text; checkable: false; checked: false; focusable: false; focused: false; selected: false; clickable: false; longClickable: false; enabled: true; password: false; scrollable: false; actions: [AccessibilityAction: ACTION_SELECT - null, AccessibilityAction: ACTION_CLEAR_SELECTION - null, AccessibilityAction: ACTION_ACCESSIBILITY_FOCUS - null, AccessibilityAction: ACTION_NEXT_AT_MOVEMENT_GRANULARITY - null, AccessibilityAction: ACTION_PREVIOUS_AT_MOVEMENT_GRANULARITY - null, AccessibilityAction: ACTION_SET_SELECTION - null]]
02-22 14:53:55.006 D/InteractionController(15029): clickAndSync(216, 371)
02-22 14:53:55.156 E/commonUtil(15067): imsi is null
02-22 14:53:55.166 I/SurfaceFlinger(  307): FPS: 2
02-22 14:53:55.166 I/ActivityManager( 2395): START u0 {cmp=com.wanda.app.wanhui/com.feifan.movie.activity.MovieTabActivity (has extras)} from uid 10175 on display 0
02-22 14:53:55.166 V/WindowManager( 2395): addAppToken: AppWindowToken{9900816 token=Token{59d0931 ActivityRecord{d4541d8 u0 com.wanda.app.wanhui/com.feifan.movie.activity.MovieTabActivity t162}}} to stack=1 task=162 at 1
02-22 14:53:55.176 E/commonUtil(15067): imsi is null
02-22 14:53:55.206 D/PowerKeeperEventLogManager( 5386): notifyForegroundCompomentChanged ComponentInfo{com.wanda.app.wanhui/com.feifan.movie.activity.MovieTabActivity}
02-22 14:53:55.216 I/Timeline( 2395): Timeline: App_transition_ready time:45067530
02-22 14:53:55.306 I/ServiceManager(15634): Waiting for service AtCmdFwd...
02-22 14:53:55.316 E/commonUtil(15067): imsi is null
02-22 14:53:55.326 V/WindowManager( 2395): Adding window Window{2eb8a384 u0 com.wanda.app.wanhui/com.feifan.movie.activity.MovieTabActivity} at 4 of 11 (after Window{3153e8bb u0 com.wanda.app.wanhui/com.feifan.o2o.business.classic.activity.ClassicActivity})
02-22 14:53:55.336 E/anti    (18454): anti once
02-22 14:53:55.346 V/WindowManager( 2395): Adding window Window{117c8fa2 u0 com.wanda.app.wanhui/com.feifan.movie.activity.MovieTabActivity} at 4 of 12 (before Window{2eb8a384 u0 com.wanda.app.wanhui/com.feifan.movie.activity.MovieTabActivity})
02-22 14:53:55.376 I/Timeline( 2395): Timeline: App_transition_ready time:45067697
02-22 14:53:55.386 I/Timeline( 2395): Timeline: App_transition_ready time:45067701
02-22 14:53:55.436 I/XiaomiFirewall( 5196): firewall pkgName:com.wanda.app.wanhui, result:0x0
02-22 14:53:55.496 E/GsmCellLocation Error(15067): GsmCellLocation is null
02-22 14:53:55.496 E/commonUtil(15067): imsi is null
02-22 14:53:55.536 D/VM_BMS  (  556): wake_lock acquired
02-22 14:53:55.536 D/VM_BMS  (  556): New BMS data - Size=56
02-22 14:53:55.536 D/VM_BMS  (  556): Start process_bms_data
02-22 14:53:55.546 D/VM_BMS  (  556): For batt_temp=309 fcc_mah=4049
02-22 14:53:55.546 D/VM_BMS  (  556): For ocv=4372452 batt_temp=309 soc=100
02-22 14:53:55.546 D/VM_BMS  (  556): fifo_count=5 acc_count=0
02-22 14:53:55.546 D/VM_BMS  (  556): INIT: ocv=4372452 last_ocv=4372452 batt_temp=309 soc=100
02-22 14:53:55.546 D/VM_BMS  (  556): For soc=100 batt_temp=309 slope=12800
02-22 14:53:55.546 D/VM_BMS  (  556): For soc=100 batt_temp=309 rbatt_sf=93
02-22 14:53:55.546 D/VM_BMS  (  556): rbatt_mohm_default=112, rbatt_mohm=104, sf=93 batt_temp=309
02-22 14:53:55.546 D/VM_BMS  (  556): For ocv=4372441 batt_temp=309 soc=100
02-22 14:53:55.546 D/VM_BMS  (  556): FIFO=0 fifo_avg=4.370391 rbatt=0.154000 slope=1.280000 ibatt=0.013348 ocv=4.372441 soc=100 fcc_ah=4.049000 sample_count=128 sample_interval=70 seq_num=2889
02-22 14:53:55.546 D/VM_BMS  (  556): For soc=100 batt_temp=309 slope=12800
02-22 14:53:55.546 D/VM_BMS  (  556): For soc=100 batt_temp=309 rbatt_sf=93
02-22 14:53:55.546 D/VM_BMS  (  556): rbatt_mohm_default=112, rbatt_mohm=104, sf=93 batt_temp=309
02-22 14:53:55.546 D/VM_BMS  (  556): For ocv=4372430 batt_temp=309 soc=100
02-22 14:53:55.546 D/VM_BMS  (  556): FIFO=1 fifo_avg=4.370391 rbatt=0.154000 slope=1.280000 ibatt=0.013277 ocv=4.372430 soc=100 fcc_ah=4.049000 sample_count=128 sample_interval=70 seq_num=2889
02-22 14:53:55.546 D/VM_BMS  (  556): For soc=100 batt_temp=309 slope=12800
02-22 14:53:55.546 D/VM_BMS  (  556): For soc=100 batt_temp=309 rbatt_sf=93
02-22 14:53:55.546 D/VM_BMS  (  556): rbatt_mohm_default=112, rbatt_mohm=104, sf=93 batt_temp=309
02-22 14:53:55.546 D/VM_BMS  (  556): For ocv=4372419 batt_temp=309 soc=100
02-22 14:53:55.546 D/VM_BMS  (  556): FIFO=2 fifo_avg=4.370391 rbatt=0.154000 slope=1.280000 ibatt=0.013206 ocv=4.372419 soc=100 fcc_ah=4.049000 sample_count=128 sample_interval=70 seq_num=2889
02-22 14:53:55.546 D/VM_BMS  (  556): For soc=100 batt_temp=309 slope=12800
02-22 14:53:55.546 D/VM_BMS  (  556): For soc=100 batt_temp=309 rbatt_sf=93
02-22 14:53:55.546 D/VM_BMS  (  556): rbatt_mohm_default=112, rbatt_mohm=104, sf=93 batt_temp=309
02-22 14:53:55.546 D/VM_BMS  (  556): For ocv=4372404 batt_temp=309 soc=100
02-22 14:53:55.546 D/VM_BMS  (  556): FIFO=3 fifo_avg=4.369509 rbatt=0.154000 slope=1.280000 ibatt=0.018846 ocv=4.372404 soc=100 fcc_ah=4.049000 sample_count=128 sample_interval=70 seq_num=2889
02-22 14:53:55.546 D/VM_BMS  (  556): For soc=100 batt_temp=309 slope=12800
02-22 14:53:55.546 D/VM_BMS  (  556): For soc=100 batt_temp=309 rbatt_sf=93
02-22 14:53:55.546 D/VM_BMS  (  556): rbatt_mohm_default=112, rbatt_mohm=104, sf=93 batt_temp=309
02-22 14:53:55.546 D/VM_BMS  (  556): For ocv=4372379 batt_temp=309 soc=100
02-22 14:53:55.546 D/VM_BMS  (  556): FIFO=4 fifo_avg=4.367451 rbatt=0.154000 slope=1.280000 ibatt=0.032080 ocv=4.372379 soc=100 fcc_ah=4.049000 sample_count=128 sample_interval=70 seq_num=2889
02-22 14:53:55.546 I/VM_BMS  (  556): power_supply_update: ocv_uv=4372379 ibatt=32079 soc=100 seq_num=2889
02-22 14:53:55.546 D/VM_BMS  (  556): End process_bms_data
02-22 14:53:55.546 D/VM_BMS  (  556): wake_lock released
02-22 14:53:55.626 E/GsmCellLocation Error(15067): GsmCellLocation is null
02-22 14:53:55.626 E/commonUtil(15067): imsi is null
02-22 14:53:55.666 I/Timeline( 2395): Timeline: App_transition_ready time:45067983
02-22 14:53:55.686 I/Timeline( 2395): Timeline: App_transition_ready time:45068008
02-22 14:53:55.726 I/Timeline( 2395): Timeline: App_transition_ready time:45068042
02-22 14:53:55.726 I/ActivityManager( 2395): Displayed com.wanda.app.wanhui/com.feifan.movie.activity.MovieTabActivity: +518ms
02-22 14:53:55.736 I/art     (15067): Background sticky concurrent mark sweep GC freed 57573(3MB) AllocSpace objects, 0(0B) LOS objects, 5% free, 53MB/57MB, paused 7.391ms total 70.881ms
02-22 14:53:55.746 I/AppiumUnicodeIME( 4641): onFinishInput
02-22 14:53:55.746 I/AppiumUnicodeIME( 4641): onStartInput
02-22 14:53:55.766 W/QueryController(15029): AccessibilityNodeInfo returned a null child (0 of 3)
02-22 14:53:55.766 W/QueryController(15029): parent = android.view.accessibility.AccessibilityNodeInfo@8001a23c; boundsInParent: Rect(0, 0 - 720, 1124); boundsInScreen: Rect(0, 50 - 720, 1174); packageName: com.wanda.app.wanhui; className: android.widget.RelativeLayout; text: null; error: null; maxTextLength: -1; contentDescription: null; viewIdResName: null; checkable: false; checked: false; focusable: false; focused: false; selected: false; clickable: false; longClickable: false; enabled: true; password: false; scrollable: false; actions: [AccessibilityAction: ACTION_SELECT - null, AccessibilityAction: ACTION_CLEAR_SELECTION - null, AccessibilityAction: ACTION_ACCESSIBILITY_FOCUS - null]
02-22 14:53:55.776 W/QueryController(15029): AccessibilityNodeInfo returned a null child (1 of 3)
02-22 14:53:55.776 W/QueryController(15029): AccessibilityNodeInfo returned a null child (2 of 3)
02-22 14:53:55.776 W/QueryController(15029): AccessibilityNodeInfo returned a null child (0 of 3)
02-22 14:53:55.776 W/QueryController(15029): parent = android.view.accessibility.AccessibilityNodeInfo@80019e7b; boundsInParent: Rect(0, 0 - 720, 142); boundsInScreen: Rect(0, 1138 - 720, 1280); packageName: com.wanda.app.wanhui; className: android.widget.RelativeLayout; text: null; error: null; maxTextLength: -1; contentDescription: null; viewIdResName: com.wanda.app.wanhui:id/bottom_bar; checkable: false; checked: false; focusable: false; focused: false; selected: false; clickable: false; longClickable: false; enabled: true; password: false; scrollable: false; actions: [AccessibilityAction: ACTION_SELECT - null, AccessibilityAction: ACTION_CLEAR_SELECTION - null, AccessibilityAction: ACTION_ACCESSIBILITY_FOCUS - null]
02-22 14:53:55.776 W/QueryController(15029): AccessibilityNodeInfo returned a null child (1 of 3)
02-22 14:53:55.776 W/QueryController(15029): AccessibilityNodeInfo returned a null child (2 of 3)
02-22 14:53:55.816 E/GsmCellLocation Error(15067): GsmCellLocation is null
02-22 14:53:55.816 E/GsmCellLocation Error(15067): GsmCellLocation is null
02-22 14:53:55.816 E/commonUtil(15067): imsi is null
02-22 14:53:55.826 E/commonUtil(15067): imsi is null
02-22 14:53:55.866 I/Timeline( 2395): Timeline: Activity_windows_visible id: ActivityRecord{d4541d8 u0 com.wanda.app.wanhui/com.feifan.movie.activity.MovieTabActivity t162} time:45068181
02-22 14:53:55.866 I/Timeline( 2395): Timeline: App_transition_stopped time:45068183
02-22 14:53:55.876 W/art     (15067): Suspending all threads took: 7.802ms
02-22 14:53:55.906 I/art     (15067): Background sticky concurrent mark sweep GC freed 60763(3MB) AllocSpace objects, 3(48KB) LOS objects, 3% free, 55MB/57MB, paused 11.255ms total 66.224ms
02-22 14:53:55.906 I/art     (15067): WaitForGcToComplete blocked for 22.077ms for cause HeapTrim
02-22 14:53:56.056 V/WLAN_PSA(  366): NL MSG, len[048], NL type[0x11] WNI type[0x5050] len[028]
02-22 14:53:56.056 V/WLAN_PSA(  366): NL MSG, PID: 366
02-22 14:53:56.056 V/WLAN_PSA(  366): NL MSG, len[3995], NL type[0x1C] WNI type[0x5900] len[33551]
02-22 14:53:56.056 V/WLAN_PSA(  366): NL MSG, PID: 366
02-22 14:53:56.176 I/SurfaceFlinger(  307): FPS: 48
02-22 14:53:56.306 I/ServiceManager(15634): Waiting for service AtCmdFwd...
02-22 14:53:56.306 I/art     (15067): Background partial concurrent mark sweep GC freed 107803(4MB) AllocSpace objects, 24(2MB) LOS objects, 24% free, 49MB/65MB, paused 2.705ms total 153.914ms
02-22 14:53:56.346 E/anti    (18454): anti once
02-22 14:53:56.506 I/AppiumUnicodeIME( 4641): onFinishInput
02-22 14:53:56.506 I/AppiumUnicodeIME( 4641): onStartInput
02-22 14:53:56.866 I/XiaomiFirewall( 5196): firewall pkgName:com.wanda.app.wanhui, result:0x0
02-22 14:53:57.306 I/ServiceManager(15634): Waiting for service AtCmdFwd...
02-22 14:53:57.356 E/anti    (18454): anti once
02-22 14:53:57.636 I/SurfaceFlinger(  307): FPS: 21
02-22 14:53:58.186 W/        (15986): [ColorAdjust] gammamode=2, cemode=10
02-22 14:53:58.186 W/        (15986): [ColorAdjust] temp_gammavalue=2, temp_cevalue=10
02-22 14:53:58.186 W/        (15986): [ColorAdjust] Don't setGamma!
02-22 14:53:58.186 W/        (15986): [ColorAdjust] Don't setCe!
02-22 14:53:58.206 W/        (15986): [ColorAdjust] Set temp_prefer temp_ce!
02-22 14:53:58.306 W/Atfwd_Sendcmd(15634): AtCmdFwd service not published, waiting... retryCnt : 3
02-22 14:53:58.376 E/anti    (18454): anti once
02-22 14:53:58.846 I/SurfaceFlinger(  307): FPS: 1
02-22 14:53:59.136 W/ActivityManager( 2395): getRunningAppProcesses: caller 10170 does not hold REAL_GET_TASKS; limiting output
02-22 14:53:59.246 D/ConnectivityService( 2395): returning Blocked NetworkInfo for ifname=wlan0, uid=10122
02-22 14:53:59.386 E/anti    (18454): anti once
02-22 14:53:59.466 D/BatteryService( 2395): Processing new values: chargerAcOnline=false, chargerUsbOnline=true, chargerWirelessOnline=false, batteryStatus=5, batteryHealth=2, batteryPresent=true, batteryLevel=100, batteryTechnology=Li-ion, batteryVoltage=4368, batteryTemperature=310, mBatteryLevelCritical=false, mPlugType=2
02-22 14:53:59.466 D/BatteryService( 2395): Sending ACTION_BATTERY_CHANGED.  level:100, scale:100, status:5, health:2, present:true, voltage: 4368, temperature: 310, technology: Li-ion, AC powered:false, USB powered:true, Wireless powered:false, icon:17303157, invalid charger:0
02-22 14:53:59.466 D/BatteryService( 2395): zhaoqf_sh batteryServices call state : 0 mPlugType : 2
02-22 14:53:59.726 V/WLAN_PSA(  366): NL MSG, len[4016], NL type[0x1C] WNI type[0x5900] len[38927]
02-22 14:53:59.726 V/WLAN_PSA(  366): NL MSG, PID: 366
02-22 14:54:00.016 I/SurfaceFlinger(  307): FPS: 4
02-22 14:54:00.026 D/SizeAdaptiveLayout( 4430): com.android.internal.widget.SizeAdaptiveLayout{16a21ce5 V.E..... ......ID 0,0-658,130 #70800d9 com.android.systemui:id/adaptive}child view android.widget.LinearLayout{5f243ba V.E..... ......ID 0,0-658,129 #7090005 com.android.providers.downloads:id/status_bar_latest_event_content} measured out of bounds at 129px clamped to 130px
02-22 14:54:00.026 D/SizeAdaptiveLayout( 4430): com.android.internal.widget.SizeAdaptiveLayout{56c0e1b V.E..... ......ID 0,0-658,130 #70800d9 com.android.systemui:id/adaptive}child view android.widget.FrameLayout{1c8f002a V.E..... ......ID 0,0-658,129 #1020335 android:id/status_bar_latest_event_content} measured out of bounds at 129px clamped to 130px
02-22 14:54:00.396 E/anti    (18454): anti once
02-22 14:54:01.066 V/WLAN_PSA(  366): NL MSG, len[048], NL type[0x11] WNI type[0x5050] len[028]
02-22 14:54:01.066 V/WLAN_PSA(  366): NL MSG, PID: 366
02-22 14:54:01.196 I/SurfaceFlinger(  307): FPS: 3
02-22 14:54:01.266 I/QueryController(15029): Matched selector: UiSelector[TEXT=选座] <<==>> [android.view.accessibility.AccessibilityNodeInfo@80108478; boundsInParent: Rect(0, 0 - 110, 50); boundsInScreen: Rect(590, 1158 - 700, 1208); packageName: com.wanda.app.wanhui; className: android.widget.TextView; text: 选座; error: null; maxTextLength: -1; contentDescription: null; viewIdResName: com.wanda.app.wanhui:id/tv_buy_ticket; checkable: false; checked: false; focusable: false; focused: false; selected: false; clickable: true; longClickable: false; enabled: true; password: false; scrollable: false; actions: [AccessibilityAction: ACTION_SELECT - null, AccessibilityAction: ACTION_CLEAR_SELECTION - null, AccessibilityAction: ACTION_CLICK - null, AccessibilityAction: ACTION_ACCESSIBILITY_FOCUS - null, AccessibilityAction: ACTION_NEXT_AT_MOVEMENT_GRANULARITY - null, AccessibilityAction: ACTION_PREVIOUS_AT_MOVEMENT_GRANULARITY - null, AccessibilityAction: ACTION_SET_SELECTION - null]]
02-22 14:54:01.386 I/QueryController(15029): Matched selector: UiSelector[TEXT=选座] <<==>> [android.view.accessibility.AccessibilityNodeInfo@80108478; boundsInParent: Rect(0, 0 - 110, 50); boundsInScreen: Rect(590, 1158 - 700, 1208); packageName: com.wanda.app.wanhui; className: android.widget.TextView; text: 选座; error: null; maxTextLength: -1; contentDescription: null; viewIdResName: com.wanda.app.wanhui:id/tv_buy_ticket; checkable: false; checked: false; focusable: false; focused: false; selected: false; clickable: true; longClickable: false; enabled: true; password: false; scrollable: false; actions: [AccessibilityAction: ACTION_SELECT - null, AccessibilityAction: ACTION_CLEAR_SELECTION - null, AccessibilityAction: ACTION_CLICK - null, AccessibilityAction: ACTION_ACCESSIBILITY_FOCUS - null, AccessibilityAction: ACTION_NEXT_AT_MOVEMENT_GRANULARITY - null, AccessibilityAction: ACTION_PREVIOUS_AT_MOVEMENT_GRANULARITY - null, AccessibilityAction: ACTION_SET_SELECTION - null]]
02-22 14:54:01.386 D/InteractionController(15029): clickAndSync(645, 1183)
02-22 14:54:01.406 E/anti    (18454): anti once
02-22 14:54:01.526 E/commonUtil(15067): imsi is null
02-22 14:54:01.536 I/ActivityManager( 2395): START u0 {flg=0x10000000 cmp=com.wanda.app.wanhui/com.feifan.movie.activity.CinemaSelectActivity (has extras)} from uid 10175 on display 0
02-22 14:54:01.546 V/WindowManager( 2395): addAppToken: AppWindowToken{ba0608f token=Token{4b803ee ActivityRecord{1faaad69 u0 com.wanda.app.wanhui/com.feifan.movie.activity.CinemaSelectActivity t162}}} to stack=1 task=162 at 2
02-22 14:54:01.566 D/PowerKeeperEventLogManager( 5386): notifyForegroundCompomentChanged ComponentInfo{com.wanda.app.wanhui/com.feifan.movie.activity.CinemaSelectActivity}
02-22 14:54:01.566 I/Timeline( 2395): Timeline: App_transition_ready time:45073886
02-22 14:54:01.626 I/XiaomiFirewall( 5196): firewall pkgName:com.wanda.app.wanhui, result:0x0
02-22 14:54:01.736 E/commonUtil(15067): imsi is null
02-22 14:54:01.836 E/commonUtil(15067): imsi is null
02-22 14:54:01.846 V/WindowManager( 2395): Adding window Window{b37b725 u0 com.wanda.app.wanhui/com.feifan.movie.activity.CinemaSelectActivity} at 6 of 13 (after Window{2eb8a384 u0 com.wanda.app.wanhui/com.feifan.movie.activity.MovieTabActivity})
02-22 14:54:01.876 I/Timeline( 2395): Timeline: App_transition_ready time:45074198
02-22 14:54:01.886 I/Timeline( 2395): Timeline: App_transition_ready time:45074200
02-22 14:54:01.966 I/AppiumUnicodeIME( 4641): onFinishInput
02-22 14:54:01.966 I/AppiumUnicodeIME( 4641): onStartInput
02-22 14:54:01.996 I/Timeline( 2395): Timeline: App_transition_ready time:45074313
02-22 14:54:01.996 I/ActivityManager( 2395): Displayed com.wanda.app.wanhui/com.feifan.movie.activity.CinemaSelectActivity: +435ms
02-22 14:54:02.116 E/GsmCellLocation Error(15067): GsmCellLocation is null
02-22 14:54:02.126 E/commonUtil(15067): imsi is null
02-22 14:54:02.126 I/Timeline( 2395): Timeline: Activity_windows_visible id: ActivityRecord{1faaad69 u0 com.wanda.app.wanhui/com.feifan.movie.activity.CinemaSelectActivity t162} time:45074449
02-22 14:54:02.136 I/Timeline( 2395): Timeline: App_transition_stopped time:45074451
02-22 14:54:02.216 I/SurfaceFlinger(  307): FPS: 20
02-22 14:54:02.426 E/anti    (18454): anti once
02-22 14:54:02.576 E/GsmCellLocation Error(15067): GsmCellLocation is null
02-22 14:54:02.576 E/commonUtil(15067): imsi is null
02-22 14:54:02.876 I/art     (15067): Background sticky concurrent mark sweep GC freed 299309(12MB) AllocSpace objects, 7(112KB) LOS objects, 12% free, 54MB/62MB, paused 2.780ms total 119.874ms
02-22 14:54:02.936 E/GsmCellLocation Error(15067): GsmCellLocation is null
02-22 14:54:02.946 E/commonUtil(15067): imsi is null
02-22 14:54:03.116 I/XiaomiFirewall( 5196): firewall pkgName:com.wanda.app.wanhui, result:0x0
02-22 14:54:03.166 V/WLAN_PSA(  366): NL MSG, len[4050], NL type[0x1C] WNI type[0x5900] len[47631]
02-22 14:54:03.166 V/WLAN_PSA(  366): NL MSG, PID: 366
02-22 14:54:03.216 I/SurfaceFlinger(  307): FPS: 54
02-22 14:54:03.216 W/        (16007): [ColorAdjust] gammamode=2, cemode=10
02-22 14:54:03.216 W/        (16007): [ColorAdjust] temp_gammavalue=2, temp_cevalue=10
02-22 14:54:03.216 W/        (16007): [ColorAdjust] Don't setGamma!
02-22 14:54:03.216 W/        (16007): [ColorAdjust] Don't setCe!
02-22 14:54:03.246 W/        (16007): [ColorAdjust] Set temp_prefer temp_ce!
02-22 14:54:03.436 E/anti    (18454): anti once
02-22 14:54:03.646 I/AppiumUnicodeIME( 4641): onFinishInput
02-22 14:54:03.646 I/AppiumUnicodeIME( 4641): onStartInput
02-22 14:54:04.296 I/SurfaceFlinger(  307): FPS: 22
02-22 14:54:04.446 E/anti    (18454): anti once
02-22 14:54:05.306 E/WifiStateMachine( 2395): WifiStateMachine CMD_START_SCAN source -2 txSuccessRate=17.71 rxSuccessRate=114.07 targetRoamBSSID=any RSSI=-45
02-22 14:54:05.456 E/anti    (18454): anti once
02-22 14:54:05.516 I/SurfaceFlinger(  307): FPS: 2
02-22 14:54:06.076 V/WLAN_PSA(  366): NL MSG, len[048], NL type[0x11] WNI type[0x5050] len[028]
02-22 14:54:06.076 V/WLAN_PSA(  366): NL MSG, PID: 366
02-22 14:54:06.466 E/anti    (18454): anti once
02-22 14:54:06.736 I/XiaomiFirewall( 5196): firewall pkgName:com.wanda.app.wanhui, result:0x0
02-22 14:54:06.886 I/QueryController(15029): Matched selector: UiSelector[INSTANCE=0, RESOURCE_ID=com.wanda.app.wanhui:id/tv_price] <<==>> [android.view.accessibility.AccessibilityNodeInfo@80135539; boundsInParent: Rect(0, 0 - 81, 38); boundsInScreen: Rect(593, 345 - 674, 383); packageName: com.wanda.app.wanhui; className: android.widget.TextView; text: ¥16.8; error: null; maxTextLength: -1; contentDescription: null; viewIdResName: com.wanda.app.wanhui:id/tv_price; checkable: false; checked: false; focusable: false; focused: false; selected: false; clickable: false; longClickable: false; enabled: true; password: false; scrollable: false; actions: [AccessibilityAction: ACTION_SELECT - null, AccessibilityAction: ACTION_CLEAR_SELECTION - null, AccessibilityAction: ACTION_ACCESSIBILITY_FOCUS - null, AccessibilityAction: ACTION_NEXT_AT_MOVEMENT_GRANULARITY - null, AccessibilityAction: ACTION_PREVIOUS_AT_MOVEMENT_GRANULARITY - null, AccessibilityAction: ACTION_SET_SELECTION - null]]
02-22 14:54:06.906 I/QueryController(15029): Matched selector: UiSelector[INSTANCE=0, RESOURCE_ID=com.wanda.app.wanhui:id/tv_price] <<==>> [android.view.accessibility.AccessibilityNodeInfo@80135539; boundsInParent: Rect(0, 0 - 81, 38); boundsInScreen: Rect(593, 345 - 674, 383); packageName: com.wanda.app.wanhui; className: android.widget.TextView; text: ¥16.8; error: null; maxTextLength: -1; contentDescription: null; viewIdResName: com.wanda.app.wanhui:id/tv_price; checkable: false; checked: false; focusable: false; focused: false; selected: false; clickable: false; longClickable: false; enabled: true; password: false; scrollable: false; actions: [AccessibilityAction: ACTION_SELECT - null, AccessibilityAction: ACTION_CLEAR_SELECTION - null, AccessibilityAction: ACTION_ACCESSIBILITY_FOCUS - null, AccessibilityAction: ACTION_NEXT_AT_MOVEMENT_GRANULARITY - null, AccessibilityAction: ACTION_PREVIOUS_AT_MOVEMENT_GRANULARITY - null, AccessibilityAction: ACTION_SET_SELECTION - null]]
02-22 14:54:06.906 D/InteractionController(15029): clickAndSync(633, 364)
02-22 14:54:07.036 E/commonUtil(15067): imsi is null
02-22 14:54:07.046 I/SurfaceFlinger(  307): FPS: 1
02-22 14:54:07.046 I/ActivityManager( 2395): START u0 {flg=0x10000000 cmp=com.wanda.app.wanhui/com.feifan.movie.activity.MovieHomeActivity (has extras)} from uid 10175 on display 0
02-22 14:54:07.056 V/WindowManager( 2395): addAppToken: AppWindowToken{2cf8d108 token=Token{214c76ab ActivityRecord{c2470fa u0 com.wanda.app.wanhui/com.feifan.movie.activity.MovieHomeActivity t162}}} to stack=1 task=162 at 3
