02-22 14:52:35.676 I/SurfaceFlinger(  307): FPS: 3
02-22 14:52:35.896 V/WLAN_PSA(  366): NL MSG, len[048], NL type[0x11] WNI type[0x5050] len[028]
02-22 14:52:35.896 V/WLAN_PSA(  366): NL MSG, PID: 366
02-22 14:52:36.456 E/anti    (18454): anti once
02-22 14:52:37.076 I/SurfaceFlinger(  307): FPS: 3
02-22 14:52:37.456 E/anti    (18454): anti once
02-22 14:52:38.366 V/WLAN_PSA(  366): NL MSG, len[4003], NL type[0x1C] WNI type[0x5900] len[35599]
02-22 14:52:38.366 V/WLAN_PSA(  366): NL MSG, PID: 366
02-22 14:52:38.476 E/anti    (18454): anti once
02-22 14:52:38.656 W/        (15775): [ColorAdjust] gammamode=2, cemode=10
02-22 14:52:38.656 W/        (15775): [ColorAdjust] temp_gammavalue=2, temp_cevalue=10
02-22 14:52:38.656 W/        (15775): [ColorAdjust] Don't setGamma!
02-22 14:52:38.656 W/        (15775): [ColorAdjust] Don't setCe!
02-22 14:52:38.686 I/SurfaceFlinger(  307): FPS: 3
02-22 14:52:38.686 W/        (15775): [ColorAdjust] Set temp_prefer temp_ce!
02-22 14:52:39.026 I/MSM-irqbalance(  555): Decided to move IRQ177 from CPU4 to CPU5
02-22 14:52:39.246 D/ConnectivityService( 2395): returning Blocked NetworkInfo for ifname=wlan0, uid=10122
02-22 14:52:39.346 W/ActivityManager( 2395): getRunningAppProcesses: caller 10122 does not hold REAL_GET_TASKS; limiting output
02-22 14:52:39.476 E/anti    (18454): anti once
02-22 14:52:40.486 E/anti    (18454): anti once
02-22 14:52:40.906 V/WLAN_PSA(  366): NL MSG, len[048], NL type[0x11] WNI type[0x5050] len[028]
02-22 14:52:40.906 V/WLAN_PSA(  366): NL MSG, PID: 366
02-22 14:52:41.496 E/anti    (18454): anti once
02-22 14:52:42.046 V/WLAN_PSA(  366): NL MSG, len[4063], NL type[0x1C] WNI type[0x5900] len[50959]
02-22 14:52:42.046 V/WLAN_PSA(  366): NL MSG, PID: 366
02-22 14:52:42.046 I/SurfaceFlinger(  307): FPS: 3
02-22 14:52:42.506 E/anti    (18454): anti once
02-22 14:52:42.676 I/XiaomiFirewall( 5196): firewall pkgName:com.wanda.app.wanhui, result:0x0
02-22 14:52:42.696 W/        (15782): [ColorAdjust] gammamode=2, cemode=10
02-22 14:52:42.696 W/        (15782): [ColorAdjust] temp_gammavalue=2, temp_cevalue=10
02-22 14:52:42.696 W/        (15782): [ColorAdjust] Don't setGamma!
02-22 14:52:42.696 W/        (15782): [ColorAdjust] Don't setCe!
02-22 14:52:42.716 W/        (15782): [ColorAdjust] Set temp_prefer temp_ce!
02-22 14:52:43.516 E/anti    (18454): anti once
02-22 14:52:44.076 I/SurfaceFlinger(  307): FPS: 3
02-22 14:52:44.526 E/anti    (18454): anti once
02-22 14:52:45.286 E/WifiStateMachine( 2395): WifiStateMachine CMD_START_SCAN source -2 txSuccessRate=2.37 rxSuccessRate=101.65 targetRoamBSSID=any RSSI=-46
02-22 14:52:45.536 E/anti    (18454): anti once
02-22 14:52:45.686 I/SurfaceFlinger(  307): FPS: 4
02-22 14:52:45.916 V/WLAN_PSA(  366): NL MSG, len[048], NL type[0x11] WNI type[0x5050] len[028]
02-22 14:52:45.916 V/WLAN_PSA(  366): NL MSG, PID: 366
02-22 14:52:46.546 E/anti    (18454): anti once
02-22 14:52:46.686 I/SurfaceFlinger(  307): FPS: 2
02-22 14:52:47.056 V/WLAN_PSA(  366): NL MSG, len[4072], NL type[0x1C] WNI type[0x5900] len[53263]
02-22 14:52:47.056 V/WLAN_PSA(  366): NL MSG, PID: 366
02-22 14:52:47.556 E/anti    (18454): anti once
02-22 14:52:47.726 W/        (15791): [ColorAdjust] gammamode=2, cemode=10
02-22 14:52:47.726 W/        (15791): [ColorAdjust] temp_gammavalue=2, temp_cevalue=10
02-22 14:52:47.726 W/        (15791): [ColorAdjust] Don't setGamma!
02-22 14:52:47.726 W/        (15791): [ColorAdjust] Don't setCe!
02-22 14:52:47.756 W/        (15791): [ColorAdjust] Set temp_prefer temp_ce!
02-22 14:52:48.076 I/SurfaceFlinger(  307): FPS: 3
02-22 14:52:48.566 E/anti    (18454): anti once
02-22 14:52:49.026 I/MSM-irqbalance(  555): Decided to move IRQ166 from CPU4 to CPU5
02-22 14:52:49.076 I/SurfaceFlinger(  307): FPS: 2
02-22 14:52:49.326 D/BatteryService( 2395): zhaoqf_sh batteryServices call state : 0 mPlugType : 2
02-22 14:52:49.326 D/BatteryService( 2395): Processing new values: chargerAcOnline=false, chargerUsbOnline=true, chargerWirelessOnline=false, batteryStatus=5, batteryHealth=2, batteryPresent=true, batteryLevel=100, batteryTechnology=Li-ion, batteryVoltage=4368, batteryTemperature=304, mBatteryLevelCritical=false, mPlugType=2
02-22 14:52:49.326 D/BatteryService( 2395): Sending ACTION_BATTERY_CHANGED.  level:100, scale:100, status:5, health:2, present:true, voltage: 4368, temperature: 304, technology: Li-ion, AC powered:false, USB powered:true, Wireless powered:false, icon:17303157, invalid charger:0
02-22 14:52:49.576 E/anti    (18454): anti once
02-22 14:52:50.416 V/WLAN_PSA(  366): NL MSG, len[4094], NL type[0x1C] WNI type[0x5900] len[58895]
02-22 14:52:50.416 V/WLAN_PSA(  366): NL MSG, PID: 366
02-22 14:52:50.586 E/anti    (18454): anti once
02-22 14:52:50.926 V/WLAN_PSA(  366): NL MSG, len[048], NL type[0x11] WNI type[0x5050] len[028]
02-22 14:52:50.926 V/WLAN_PSA(  366): NL MSG, PID: 366
02-22 14:52:51.076 I/SurfaceFlinger(  307): FPS: 3
02-22 14:52:51.606 E/anti    (18454): anti once
02-22 14:52:52.096 I/SurfaceFlinger(  307): FPS: 3
02-22 14:52:52.616 E/anti    (18454): anti once
02-22 14:52:52.766 W/        (15801): [ColorAdjust] gammamode=2, cemode=10
02-22 14:52:52.766 W/        (15801): [ColorAdjust] temp_gammavalue=2, temp_cevalue=10
02-22 14:52:52.766 W/        (15801): [ColorAdjust] Don't setGamma!
02-22 14:52:52.766 W/        (15801): [ColorAdjust] Don't setCe!
02-22 14:52:52.786 W/        (15801): [ColorAdjust] Set temp_prefer temp_ce!
02-22 14:52:53.286 I/ServiceManager(15634): Waiting for service AtCmdFwd...
02-22 14:52:53.626 E/anti    (18454): anti once
02-22 14:52:53.696 I/SurfaceFlinger(  307): FPS: 3
02-22 14:52:54.286 I/ServiceManager(15634): Waiting for service AtCmdFwd...
02-22 14:52:54.636 E/anti    (18454): anti once
02-22 14:52:55.066 V/WLAN_PSA(  366): NL MSG, len[4089], NL type[0x1C] WNI type[0x5900] len[57615]
02-22 14:52:55.066 V/WLAN_PSA(  366): NL MSG, PID: 366
02-22 14:52:55.296 I/ServiceManager(15634): Waiting for service AtCmdFwd...
02-22 14:52:55.646 E/anti    (18454): anti once
02-22 14:52:55.936 V/WLAN_PSA(  366): NL MSG, len[048], NL type[0x11] WNI type[0x5050] len[028]
02-22 14:52:55.936 V/WLAN_PSA(  366): NL MSG, PID: 366
02-22 14:52:56.096 I/SurfaceFlinger(  307): FPS: 3
02-22 14:52:56.296 I/ServiceManager(15634): Waiting for service AtCmdFwd...
02-22 14:52:56.656 E/anti    (18454): anti once
02-22 14:52:57.126 I/SurfaceFlinger(  307): FPS: 3
02-22 14:52:57.296 I/ServiceManager(15634): Waiting for service AtCmdFwd...
02-22 14:52:57.666 E/anti    (18454): anti once
02-22 14:52:57.796 W/        (15812): [ColorAdjust] gammamode=2, cemode=10
02-22 14:52:57.796 W/        (15812): [ColorAdjust] temp_gammavalue=2, temp_cevalue=10
02-22 14:52:57.796 W/        (15812): [ColorAdjust] Don't setGamma!
02-22 14:52:57.796 W/        (15812): [ColorAdjust] Don't setCe!
02-22 14:52:57.816 W/        (15812): [ColorAdjust] Set temp_prefer temp_ce!
02-22 14:52:58.296 W/Atfwd_Sendcmd(15634): AtCmdFwd service not published, waiting... retryCnt : 5
02-22 14:52:58.656 I/XiaomiFirewall( 5196): firewall pkgName:com.wanda.app.wanhui, result:0x0
02-22 14:52:58.676 E/anti    (18454): anti once
02-22 14:52:59.026 I/MSM-irqbalance(  555): Decided to move IRQ57 from CPU4 to CPU5
02-22 14:52:59.136 W/ActivityManager( 2395): getRunningAppProcesses: caller 10170 does not hold REAL_GET_TASKS; limiting output
02-22 14:52:59.246 D/ConnectivityService( 2395): returning Blocked NetworkInfo for ifname=wlan0, uid=10122
02-22 14:52:59.456 V/WLAN_PSA(  366): NL MSG, len[4074], NL type[0x1C] WNI type[0x5900] len[53775]
02-22 14:52:59.456 V/WLAN_PSA(  366): NL MSG, PID: 366
02-22 14:52:59.686 E/anti    (18454): anti once
02-22 14:53:00.026 I/SurfaceFlinger(  307): FPS: 2
02-22 14:53:00.046 D/SizeAdaptiveLayout( 4430): com.android.internal.widget.SizeAdaptiveLayout{16a21ce5 V.E..... ......ID 0,0-658,130 #70800d9 com.android.systemui:id/adaptive}child view android.widget.LinearLayout{5f243ba V.E..... ......ID 0,0-658,129 #7090005 com.android.providers.downloads:id/status_bar_latest_event_content} measured out of bounds at 129px clamped to 130px
02-22 14:53:00.046 D/SizeAdaptiveLayout( 4430): com.android.internal.widget.SizeAdaptiveLayout{56c0e1b V.E..... ......ID 0,0-658,130 #70800d9 com.android.systemui:id/adaptive}child view android.widget.FrameLayout{1c8f002a V.E..... ......ID 0,0-658,129 #1020335 android:id/status_bar_latest_event_content} measured out of bounds at 129px clamped to 130px
02-22 14:53:00.216 I/art     (15067): Background sticky concurrent mark sweep GC freed 87632(2MB) AllocSpace objects, 0(0B) LOS objects, 5% free, 54MB/57MB, paused 9.754ms total 71.901ms
02-22 14:53:00.696 E/anti    (18454): anti once
02-22 14:53:00.946 V/WLAN_PSA(  366): NL MSG, len[048], NL type[0x11] WNI type[0x5050] len[028]
02-22 14:53:00.946 V/WLAN_PSA(  366): NL MSG, PID: 366
02-22 14:53:01.116 I/SurfaceFlinger(  307): FPS: 3
02-22 14:53:01.706 E/anti    (18454): anti once
02-22 14:53:02.476 V/WLAN_PSA(  366): NL MSG, len[4004], NL type[0x1C] WNI type[0x5900] len[35855]
02-22 14:53:02.476 V/WLAN_PSA(  366): NL MSG, PID: 366
02-22 14:53:02.726 E/anti    (18454): anti once
02-22 14:53:02.736 I/SurfaceFlinger(  307): FPS: 3
02-22 14:53:02.826 W/        (15823): [ColorAdjust] gammamode=2, cemode=10
02-22 14:53:02.826 W/        (15823): [ColorAdjust] temp_gammavalue=2, temp_cevalue=10
02-22 14:53:02.826 W/        (15823): [ColorAdjust] Don't setGamma!
02-22 14:53:02.826 W/        (15823): [ColorAdjust] Don't setCe!
02-22 14:53:02.846 W/        (15823): [ColorAdjust] Set temp_prefer temp_ce!
02-22 14:53:03.736 E/anti    (18454): anti once
02-22 14:53:03.766 I/XiaomiFirewall( 5196): firewall pkgName:com.wanda.app.wanhui, result:0x0
02-22 14:53:03.786 I/SurfaceFlinger(  307): FPS: 4
02-22 14:53:04.746 E/anti    (18454): anti once
02-22 14:53:05.296 E/WifiStateMachine( 2395): WifiStateMachine CMD_START_SCAN source -2 txSuccessRate=2.83 rxSuccessRate=114.03 targetRoamBSSID=any RSSI=-46
02-22 14:53:05.756 E/anti    (18454): anti once
02-22 14:53:05.956 V/WLAN_PSA(  366): NL MSG, len[048], NL type[0x11] WNI type[0x5050] len[028]
02-22 14:53:05.956 V/WLAN_PSA(  366): NL MSG, PID: 366
02-22 14:53:06.116 I/SurfaceFlinger(  307): FPS: 3
02-22 14:53:06.766 E/anti    (18454): anti once
02-22 14:53:07.086 V/WLAN_PSA(  366): NL MSG, len[4060], NL type[0x1C] WNI type[0x5900] len[50191]
02-22 14:53:07.086 V/WLAN_PSA(  366): NL MSG, PID: 366
02-22 14:53:07.186 D/VM_BMS  (  556): wake_lock acquired
02-22 14:53:07.186 D/VM_BMS  (  556): New BMS data - Size=56
02-22 14:53:07.186 D/VM_BMS  (  556): Start process_bms_data
02-22 14:53:07.186 D/VM_BMS  (  556): For batt_temp=306 fcc_mah=4049
02-22 14:53:07.186 D/VM_BMS  (  556): For ocv=4372525 batt_temp=306 soc=100
02-22 14:53:07.186 D/VM_BMS  (  556): fifo_count=5 acc_count=0
02-22 14:53:07.186 D/VM_BMS  (  556): INIT: ocv=4372525 last_ocv=4372525 batt_temp=306 soc=100
02-22 14:53:07.186 D/VM_BMS  (  556): For soc=100 batt_temp=306 slope=12800
02-22 14:53:07.186 D/VM_BMS  (  556): For soc=100 batt_temp=306 rbatt_sf=93
02-22 14:53:07.186 D/VM_BMS  (  556): rbatt_mohm_default=112, rbatt_mohm=104, sf=93 batt_temp=306
02-22 14:53:07.186 D/VM_BMS  (  556): For ocv=4372508 batt_temp=306 soc=100
02-22 14:53:07.186 D/VM_BMS  (  556): FIFO=0 fifo_avg=4.369125 rbatt=0.154000 slope=1.280000 ibatt=0.022024 ocv=4.372508 soc=100 fcc_ah=4.049000 sample_count=128 sample_interval=70 seq_num=2888
02-22 14:53:07.186 D/VM_BMS  (  556): For soc=100 batt_temp=306 slope=12800
02-22 14:53:07.186 D/VM_BMS  (  556): For soc=100 batt_temp=306 rbatt_sf=93
02-22 14:53:07.186 D/VM_BMS  (  556): rbatt_mohm_default=112, rbatt_mohm=104, sf=93 batt_temp=306
02-22 14:53:07.186 D/VM_BMS  (  556): For ocv=4372493 batt_temp=306 soc=100
02-22 14:53:07.186 D/VM_BMS  (  556): FIFO=1 fifo_avg=4.369713 rbatt=0.154000 slope=1.280000 ibatt=0.018105 ocv=4.372494 soc=100 fcc_ah=4.049000 sample_count=128 sample_interval=70 seq_num=2888
02-22 14:53:07.186 D/VM_BMS  (  556): For soc=100 batt_temp=306 slope=12800
02-22 14:53:07.186 D/VM_BMS  (  556): For soc=100 batt_temp=306 rbatt_sf=93
02-22 14:53:07.186 D/VM_BMS  (  556): rbatt_mohm_default=112, rbatt_mohm=104, sf=93 batt_temp=306
02-22 14:53:07.186 D/VM_BMS  (  556): For ocv=4372478 batt_temp=306 soc=100
02-22 14:53:07.186 D/VM_BMS  (  556): FIFO=2 fifo_avg=4.369713 rbatt=0.154000 slope=1.280000 ibatt=0.018006 ocv=4.372478 soc=100 fcc_ah=4.049000 sample_count=128 sample_interval=70 seq_num=2888
02-22 14:53:07.186 D/VM_BMS  (  556): For soc=100 batt_temp=306 slope=12800
02-22 14:53:07.186 D/VM_BMS  (  556): For soc=100 batt_temp=306 rbatt_sf=93
02-22 14:53:07.186 D/VM_BMS  (  556): rbatt_mohm_default=112, rbatt_mohm=104, sf=93 batt_temp=306
02-22 14:53:07.186 D/VM_BMS  (  556): For ocv=4372465 batt_temp=306 soc=100
02-22 14:53:07.186 D/VM_BMS  (  556): FIFO=3 fifo_avg=4.370007 rbatt=0.154000 slope=1.280000 ibatt=0.016004 ocv=4.372466 soc=100 fcc_ah=4.049000 sample_count=128 sample_interval=70 seq_num=2888
02-22 14:53:07.186 D/VM_BMS  (  556): For soc=100 batt_temp=306 slope=12800
02-22 14:53:07.186 D/VM_BMS  (  556): For soc=100 batt_temp=306 rbatt_sf=93
02-22 14:53:07.186 D/VM_BMS  (  556): rbatt_mohm_default=112, rbatt_mohm=104, sf=93 batt_temp=306
02-22 14:53:07.186 D/VM_BMS  (  556): For ocv=4372452 batt_temp=306 soc=100
02-22 14:53:07.186 D/VM_BMS  (  556): FIFO=4 fifo_avg=4.370007 rbatt=0.154000 slope=1.280000 ibatt=0.015921 ocv=4.372453 soc=100 fcc_ah=4.049000 sample_count=128 sample_interval=70 seq_num=2888
02-22 14:53:07.186 I/VM_BMS  (  556): power_supply_update: ocv_uv=4372452 ibatt=15920 soc=100 seq_num=2888
02-22 14:53:07.186 D/VM_BMS  (  556): End process_bms_data
02-22 14:53:07.186 D/VM_BMS  (  556): wake_lock released
02-22 14:53:07.786 E/anti    (18454): anti once
02-22 14:53:07.856 W/        (15834): [ColorAdjust] gammamode=2, cemode=10
02-22 14:53:07.856 W/        (15834): [ColorAdjust] temp_gammavalue=2, temp_cevalue=10
02-22 14:53:07.856 W/        (15834): [ColorAdjust] Don't setGamma!
02-22 14:53:07.856 W/        (15834): [ColorAdjust] Don't setCe!
02-22 14:53:07.876 W/        (15834): [ColorAdjust] Set temp_prefer temp_ce!
02-22 14:53:08.796 E/anti    (18454): anti once
02-22 14:53:09.026 I/MSM-irqbalance(  555): Decided to move IRQ177 from CPU7 to CPU6
02-22 14:53:09.116 I/SurfaceFlinger(  307): FPS: 3
02-22 14:53:09.346 W/ActivityManager( 2395): getRunningAppProcesses: caller 10122 does not hold REAL_GET_TASKS; limiting output
02-22 14:53:09.356 D/BatteryService( 2395): Processing new values: chargerAcOnline=false, chargerUsbOnline=true, chargerWirelessOnline=false, batteryStatus=5, batteryHealth=2, batteryPresent=true, batteryLevel=100, batteryTechnology=Li-ion, batteryVoltage=4367, batteryTemperature=306, mBatteryLevelCritical=false, mPlugType=2
02-22 14:53:09.366 D/BatteryService( 2395): Sending ACTION_BATTERY_CHANGED.  level:100, scale:100, status:5, health:2, present:true, voltage: 4367, temperature: 306, technology: Li-ion, AC powered:false, USB powered:true, Wireless powered:false, icon:17303157, invalid charger:0
02-22 14:53:09.366 D/BatteryService( 2395): zhaoqf_sh batteryServices call state : 0 mPlugType : 2
02-22 14:53:09.806 E/anti    (18454): anti once
02-22 14:53:10.126 I/SurfaceFlinger(  307): FPS: 4
02-22 14:53:10.816 E/anti    (18454): anti once
02-22 14:53:10.966 V/WLAN_PSA(  366): NL MSG, len[048], NL type[0x11] WNI type[0x5050] len[028]
02-22 14:53:10.966 V/WLAN_PSA(  366): NL MSG, PID: 366
02-22 14:53:11.496 V/WLAN_PSA(  366): NL MSG, len[4055], NL type[0x1C] WNI type[0x5900] len[48911]
02-22 14:53:11.496 V/WLAN_PSA(  366): NL MSG, PID: 366
02-22 14:53:11.826 E/anti    (18454): anti once
02-22 14:53:12.196 I/SurfaceFlinger(  307): FPS: 2
02-22 14:53:12.836 E/anti    (18454): anti once
02-22 14:53:12.886 W/        (15842): [ColorAdjust] gammamode=2, cemode=10
02-22 14:53:12.886 W/        (15842): [ColorAdjust] temp_gammavalue=2, temp_cevalue=10
02-22 14:53:12.886 W/        (15842): [ColorAdjust] Don't setGamma!
02-22 14:53:12.886 W/        (15842): [ColorAdjust] Don't setCe!
02-22 14:53:12.906 W/        (15842): [ColorAdjust] Set temp_prefer temp_ce!
02-22 14:53:13.846 E/anti    (18454): anti once
02-22 14:53:14.126 I/SurfaceFlinger(  307): FPS: 2
02-22 14:53:14.856 E/anti    (18454): anti once
02-22 14:53:15.066 V/WLAN_PSA(  366): NL MSG, len[4023], NL type[0x1C] WNI type[0x5900] len[40719]
02-22 14:53:15.066 V/WLAN_PSA(  366): NL MSG, PID: 366
02-22 14:53:15.216 I/SurfaceFlinger(  307): FPS: 2
02-22 14:53:15.866 E/anti    (18454): anti once
02-22 14:53:15.976 V/WLAN_PSA(  366): NL MSG, len[048], NL type[0x11] WNI type[0x5050] len[028]
02-22 14:53:15.976 V/WLAN_PSA(  366): NL MSG, PID: 366
02-22 14:53:16.736 I/SurfaceFlinger(  307): FPS: 3
02-22 14:53:16.886 E/anti    (18454): anti once
02-22 14:53:17.896 E/anti    (18454): anti once
02-22 14:53:17.916 W/        (15850): [ColorAdjust] gammamode=2, cemode=10
02-22 14:53:17.916 W/        (15850): [ColorAdjust] temp_gammavalue=2, temp_cevalue=10
02-22 14:53:17.916 W/        (15850): [ColorAdjust] Don't setGamma!
02-22 14:53:17.916 W/        (15850): [ColorAdjust] Don't setCe!
02-22 14:53:17.946 W/        (15850): [ColorAdjust] Set temp_prefer temp_ce!
02-22 14:53:18.126 I/SurfaceFlinger(  307): FPS: 1
02-22 14:53:18.906 E/anti    (18454): anti once
02-22 14:53:19.246 D/ConnectivityService( 2395): returning Blocked NetworkInfo for ifname=wlan0, uid=10122
02-22 14:53:19.376 D/BatteryService( 2395): Processing new values: chargerAcOnline=false, chargerUsbOnline=true, chargerWirelessOnline=false, batteryStatus=5, batteryHealth=2, batteryPresent=true, batteryLevel=100, batteryTechnology=Li-ion, batteryVoltage=4368, batteryTemperature=306, mBatteryLevelCritical=false, mPlugType=2
02-22 14:53:19.386 D/BatteryService( 2395): Sending ACTION_BATTERY_CHANGED.  level:100, scale:100, status:5, health:2, present:true, voltage: 4368, temperature: 306, technology: Li-ion, AC powered:false, USB powered:true, Wireless powered:false, icon:17303157, invalid charger:0
02-22 14:53:19.386 D/BatteryService( 2395): zhaoqf_sh batteryServices call state : 0 mPlugType : 2
02-22 14:53:19.416 I/SurfaceFlinger(  307): FPS: 4
02-22 14:53:19.916 E/anti    (18454): anti once
02-22 14:53:20.066 V/WLAN_PSA(  366): NL MSG, len[4091], NL type[0x1C] WNI type[0x5900] len[58127]
02-22 14:53:20.066 V/WLAN_PSA(  366): NL MSG, PID: 366
02-22 14:53:20.926 E/anti    (18454): anti once
02-22 14:53:20.986 V/WLAN_PSA(  366): NL MSG, len[048], NL type[0x11] WNI type[0x5050] len[028]
02-22 14:53:20.986 V/WLAN_PSA(  366): NL MSG, PID: 366
02-22 14:53:21.226 I/SurfaceFlinger(  307): FPS: 2
02-22 14:53:21.936 E/anti    (18454): anti once
02-22 14:53:22.026 I/art     (15067): Background partial concurrent mark sweep GC freed 175304(6MB) AllocSpace objects, 1(3MB) LOS objects, 25% free, 47MB/63MB, paused 2.238ms total 165.307ms
02-22 14:53:22.946 E/anti    (18454): anti once
02-22 14:53:22.956 W/        (15859): [ColorAdjust] gammamode=2, cemode=10
02-22 14:53:22.956 W/        (15859): [ColorAdjust] temp_gammavalue=2, temp_cevalue=10
02-22 14:53:22.956 W/        (15859): [ColorAdjust] Don't setGamma!
02-22 14:53:22.956 W/        (15859): [ColorAdjust] Don't setCe!
02-22 14:53:22.976 W/        (15859): [ColorAdjust] Set temp_prefer temp_ce!
02-22 14:53:23.146 I/SurfaceFlinger(  307): FPS: 2
02-22 14:53:23.296 I/Atfwd_Sendcmd(15634): AtCmdFwd service not ready - Exhausted retry attempts - :6
02-22 14:53:23.296 I/Atfwd_Daemon(15634): result : -1 	 ,Init step :2 	 ,qmiErrorCode: 0
02-22 14:53:23.556 V/WLAN_PSA(  366): NL MSG, len[4093], NL type[0x1C] WNI type[0x5900] len[58639]
02-22 14:53:23.556 V/WLAN_PSA(  366): NL MSG, PID: 366
02-22 14:53:23.956 E/anti    (18454): anti once
02-22 14:53:24.266 I/SurfaceFlinger(  307): FPS: 2
02-22 14:53:24.966 E/anti    (18454): anti once
02-22 14:53:25.296 E/WifiStateMachine( 2395): WifiStateMachine CMD_START_SCAN source -2 txSuccessRate=1.37 rxSuccessRate=109.05 targetRoamBSSID=any RSSI=-42
02-22 14:53:25.976 E/anti    (18454): anti once
02-22 14:53:25.996 V/WLAN_PSA(  366): NL MSG, len[048], NL type[0x11] WNI type[0x5050] len[028]
02-22 14:53:25.996 V/WLAN_PSA(  366): NL MSG, PID: 366
02-22 14:53:26.566 V/WLAN_PSA(  366): NL MSG, len[4087], NL type[0x1C] WNI type[0x5900] len[57103]
02-22 14:53:26.566 V/WLAN_PSA(  366): NL MSG, PID: 366
02-22 14:53:26.986 E/anti    (18454): anti once
02-22 14:53:27.266 I/SurfaceFlinger(  307): FPS: 3
02-22 14:53:27.296 I/XiaomiFirewall( 5196): firewall pkgName:com.wanda.app.wanhui, result:0x0
02-22 14:53:27.986 W/        (15868): [ColorAdjust] gammamode=2, cemode=10
02-22 14:53:27.986 W/        (15868): [ColorAdjust] temp_gammavalue=2, temp_cevalue=10
02-22 14:53:27.986 W/        (15868): [ColorAdjust] Don't setGamma!
02-22 14:53:27.986 W/        (15868): [ColorAdjust] Don't setCe!
02-22 14:53:27.996 E/anti    (18454): anti once
02-22 14:53:28.006 W/        (15868): [ColorAdjust] Set temp_prefer temp_ce!
02-22 14:53:28.296 I/ServiceManager(15634): Waiting for service AtCmdFwd...
02-22 14:53:29.006 E/anti    (18454): anti once
02-22 14:53:29.136 W/ActivityManager( 2395): getRunningAppProcesses: caller 10170 does not hold REAL_GET_TASKS; limiting output
02-22 14:53:29.146 I/SurfaceFlinger(  307): FPS: 2
02-22 14:53:29.296 I/ServiceManager(15634): Waiting for service AtCmdFwd...
02-22 14:53:29.406 D/BatteryService( 2395): Processing new values: chargerAcOnline=false, chargerUsbOnline=true, chargerWirelessOnline=false, batteryStatus=5, batteryHealth=2, batteryPresent=true, batteryLevel=100, batteryTechnology=Li-ion, batteryVoltage=4369, batteryTemperature=308, mBatteryLevelCritical=false, mPlugType=2
02-22 14:53:29.406 D/BatteryService( 2395): Sending ACTION_BATTERY_CHANGED.  level:100, scale:100, status:5, health:2, present:true, voltage: 4369, temperature: 308, technology: Li-ion, AC powered:false, USB powered:true, Wireless powered:false, icon:17303157, invalid charger:0
02-22 14:53:29.406 D/BatteryService( 2395): zhaoqf_sh batteryServices call state : 0 mPlugType : 2
02-22 14:53:30.016 E/anti    (18454): anti once
02-22 14:53:30.266 I/SurfaceFlinger(  307): FPS: 4
02-22 14:53:30.296 I/ServiceManager(15634): Waiting for service AtCmdFwd...
02-22 14:53:31.006 V/WLAN_PSA(  366): NL MSG, len[048], NL type[0x11] WNI type[0x5050] len[028]
02-22 14:53:31.006 V/WLAN_PSA(  366): NL MSG, PID: 366
02-22 14:53:31.026 E/anti    (18454): anti once
02-22 14:53:31.126 V/WLAN_PSA(  366): NL MSG, len[4060], NL type[0x1C] WNI type[0x5900] len[50191]
02-22 14:53:31.126 V/WLAN_PSA(  366): NL MSG, PID: 366
02-22 14:53:31.296 I/ServiceManager(15634): Waiting for service AtCmdFwd...
02-22 14:53:31.786 I/SurfaceFlinger(  307): FPS: 3
02-22 14:53:32.036 E/anti    (18454): anti once
02-22 14:53:32.296 I/ServiceManager(15634): Waiting for service AtCmdFwd...
02-22 14:53:33.016 W/        (15877): [ColorAdjust] gammamode=2, cemode=10
02-22 14:53:33.016 W/        (15877): [ColorAdjust] temp_gammavalue=2, temp_cevalue=10
02-22 14:53:33.016 W/        (15877): [ColorAdjust] Don't setGamma!
02-22 14:53:33.016 W/        (15877): [ColorAdjust] Don't setCe!
02-22 14:53:33.036 W/        (15877): [ColorAdjust] Set temp_prefer temp_ce!
02-22 14:53:33.046 E/anti    (18454): anti once
02-22 14:53:33.276 I/SurfaceFlinger(  307): FPS: 1
02-22 14:53:33.296 W/Atfwd_Sendcmd(15634): AtCmdFwd service not published, waiting... retryCnt : 1
02-22 14:53:33.726 D/PowerCheckerService( 5386): power check cycle start...
02-22 14:53:33.756 D/PowerCheckerService( 5386): rawUptime = 45046074000 us
02-22 14:53:33.756 D/PowerCheckerService( 5386): rawRealtime = 450710869000 us
02-22 14:53:33.756 D/PowerCheckerService( 5386): batteryUptime = 2001000 us
02-22 14:53:33.756 D/PowerCheckerService( 5386): batteryRealtime = 2002000 us
02-22 14:53:33.756 D/PowerCheckerService( 5386): whichBatteryUptime = 2001000 us
02-22 14:53:33.756 D/PowerCheckerService( 5386): whichBatteryRealtime = 2002000 us
02-22 14:53:33.756 W/PowerCheckerService( 5386): Time on battery is too short since last unlugged, skip this check
02-22 14:53:33.756 D/PowerCheckerService( 5386): power check cycle done, consume time 25ms
02-22 14:53:34.066 E/anti    (18454): anti once
02-22 14:53:35.076 E/anti    (18454): anti once
02-22 14:53:35.166 I/SurfaceFlinger(  307): FPS: 2
02-22 14:53:35.606 V/WLAN_PSA(  366): NL MSG, len[4039], NL type[0x1C] WNI type[0x5900] len[44815]
02-22 14:53:35.606 V/WLAN_PSA(  366): NL MSG, PID: 366
02-22 14:53:36.016 V/WLAN_PSA(  366): NL MSG, len[048], NL type[0x11] WNI type[0x5050] len[028]
02-22 14:53:36.016 V/WLAN_PSA(  366): NL MSG, PID: 366
02-22 14:53:36.076 E/anti    (18454): anti once
02-22 14:53:36.276 I/SurfaceFlinger(  307): FPS: 3
02-22 14:53:37.096 E/anti    (18454): anti once
02-22 14:53:38.046 W/        (15887): [ColorAdjust] gammamode=2, cemode=10
02-22 14:53:38.046 W/        (15887): [ColorAdjust] temp_gammavalue=2, temp_cevalue=10
02-22 14:53:38.046 W/        (15887): [ColorAdjust] Don't setGamma!
02-22 14:53:38.046 W/        (15887): [ColorAdjust] Don't setCe!
02-22 14:53:38.066 W/        (15887): [ColorAdjust] Set temp_prefer temp_ce!
02-22 14:53:38.106 E/anti    (18454): anti once
02-22 14:53:38.306 I/ServiceManager(15634): Waiting for service AtCmdFwd...
02-22 14:53:39.066 V/WLAN_PSA(  366): NL MSG, len[4057], NL type[0x1C] WNI type[0x5900] len[49423]
02-22 14:53:39.066 V/WLAN_PSA(  366): NL MSG, PID: 366
02-22 14:53:39.116 E/anti    (18454): anti once
02-22 14:53:39.246 D/ConnectivityService( 2395): returning Blocked NetworkInfo for ifname=wlan0, uid=10122
02-22 14:53:39.296 I/SurfaceFlinger(  307): FPS: 2
02-22 14:53:39.306 I/ServiceManager(15634): Waiting for service AtCmdFwd...
02-22 14:53:39.346 W/ActivityManager( 2395): getRunningAppProcesses: caller 10122 does not hold REAL_GET_TASKS; limiting output
02-22 14:53:39.416 D/BatteryService( 2395): Processing new values: chargerAcOnline=false, chargerUsbOnline=true, chargerWirelessOnline=false, batteryStatus=5, batteryHealth=2, batteryPresent=true, batteryLevel=100, batteryTechnology=Li-ion, batteryVoltage=4367, batteryTemperature=308, mBatteryLevelCritical=false, mPlugType=2
02-22 14:53:39.426 D/BatteryService( 2395): Sending ACTION_BATTERY_CHANGED.  level:100, scale:100, status:5, health:2, present:true, voltage: 4367, temperature: 308, technology: Li-ion, AC powered:false, USB powered:true, Wireless powered:false, icon:17303157, invalid charger:0
02-22 14:53:39.426 D/BatteryService( 2395): zhaoqf_sh batteryServices call state : 0 mPlugType : 2
02-22 14:53:39.766 I/AccessibilityNodeInfoDumper(15029): Skipping invisible child: android.view.accessibility.AccessibilityNodeInfo@8002a902; boundsInParent: Rect(0, 0 - 720, 130); boundsInScreen: Rect(0, 256 - 720, 256); packageName: com.wanda.app.wanhui; className: android.widget.LinearLayout; text: null; error: null; maxTextLength: -1; contentDescription: null; viewIdResName: null; checkable: false; checked: false; focusable: false; focused: false; selected: false; clickable: false; longClickable: false; enabled: true; password: false; scrollable: false; actions: [AccessibilityAction: ACTION_SELECT - null, AccessibilityAction: ACTION_CLEAR_SELECTION - null, AccessibilityAction: ACTION_ACCESSIBILITY_FOCUS - null]
02-22 14:53:39.766 I/AccessibilityNodeInfoDumper(15029): Skipping invisible child: android.view.accessibility.AccessibilityNodeInfo@8002bbc7; boundsInParent: Rect(0, 0 - 720, 0); boundsInScreen: Rect(0, 256 - 720, 256); packageName: com.wanda.app.wanhui; className: android.widget.FrameLayout; text: null; error: null; maxTextLength: -1; contentDescription: null; viewIdResName: null; checkable: false; checked: false; focusable: false; focused: false; selected: false; clickable: false; longClickable: false; enabled: false; password: false; scrollable: false; actions: [AccessibilityAction: ACTION_SELECT - null, AccessibilityAction: ACTION_CLEAR_SELECTION - null, AccessibilityAction: ACTION_ACCESSIBILITY_FOCUS - null]
02-22 14:53:39.786 I/AccessibilityNodeInfoDumper(15029): Skipping invisible child: android.view.accessibility.AccessibilityNodeInfo@800ba266; boundsInParent: Rect(0, 0 - 720, 225); boundsInScreen: Rect(0, 556 - 0, 781); packageName: com.wanda.app.wanhui; className: android.widget.ImageView; text: null; error: null; maxTextLength: -1; contentDescription: null; viewIdResName: com.wanda.app.wanhui:id/film_gallery_item_poster; checkable: false; checked: false; focusable: false; focused: false; selected: false; clickable: true; longClickable: false; enabled: true; password: false; scrollable: false; actions: [AccessibilityAction: ACTION_SELECT - null, AccessibilityAction: ACTION_CLEAR_SELECTION - null, AccessibilityAction: ACTION_CLICK - null, AccessibilityAction: ACTION_ACCESSIBILITY_FOCUS - null]
02-22 14:53:39.786 I/AccessibilityNodeInfoDumper(15029): Skipping invisible child: android.view.accessibility.AccessibilityNodeInfo@800bb52b; boundsInParent: Rect(0, 0 - 720, 225); boundsInScreen: Rect(720, 556 - 720, 781); packageName: com.wanda.app.wanhui; className: android.widget.ImageView; text: null; error: null; maxTextLength: -1; contentDescription: null; viewIdResName: com.wanda.app.wanhui:id/film_gallery_item_poster; checkable: false; checked: false; focusable: false; focused: false; selected: false; clickable: true; longClickable: false; enabled: true; password: false; scrollable: false; actions: [AccessibilityAction: ACTION_SELECT - null, AccessibilityAction: ACTION_CLEAR_SELECTION - null, AccessibilityAction: ACTION_CLICK - null, AccessibilityAction: ACTION_ACCESSIBILITY_FOCUS - null]
02-22 14:53:39.806 I/AccessibilityNodeInfoDumper(15029): Skipping invisible child: android.view.accessibility.AccessibilityNodeInfo@8004025e; boundsInParent: Rect(0, 0 - 680, 160); boundsInScreen: Rect(720, 804 - 720, 964); packageName: com.wanda.app.wanhui; className: android.widget.RelativeLayout; text: null; error: null; maxTextLength: -1; contentDescription: null; viewIdResName: null; checkable: false; checked: false; focusable: false; focused: false; selected: false; clickable: true; longClickable: false; enabled: true; password: false; scrollable: false; actions: [AccessibilityAction: ACTION_SELECT - null, AccessibilityAction: ACTION_CLEAR_SELECTION - null, AccessibilityAction: ACTION_CLICK - null, AccessibilityAction: ACTION_ACCESSIBILITY_FOCUS - null]
02-22 14:53:39.816 I/AccessibilityNodeInfoDumper(15029): Skipping invisible child: android.view.accessibility.AccessibilityNodeInfo@8003ef99; boundsInParent: Rect(0, 0 - 0, 35); boundsInScreen: Rect(230, 1013 - 230, 1048); packageName: com.wanda.app.wanhui; className: android.widget.TextView; text: null; error: null; maxTextLength: -1; contentDescription: null; viewIdResName: com.wanda.app.wanhui:id/tv_subtitle; checkable: false; checked: false; focusable: false; focused: false; selected: false; clickable: false; longClickable: false; enabled: true; password: false; scrollable: false; actions: [AccessibilityAction: ACTION_SELECT - null, AccessibilityAction: ACTION_CLEAR_SELECTION - null, AccessibilityAction: ACTION_ACCESSIBILITY_FOCUS - null]
02-22 14:53:39.836 I/AccessibilityNodeInfoDumper(15029): Skipping invisible child: android.view.accessibility.AccessibilityNodeInfo@8003ca0f; boundsInParent: Rect(0, 0 - 87, 28); boundsInScreen: Rect(30, 1279 - 117, 1174); packageName: com.wanda.app.wanhui; className: android.widget.TextView; text: 2月25日; error: null; maxTextLength: -1; contentDescription: null; viewIdResName: com.wanda.app.wanhui:id/tv_date; checkable: false; checked: false; focusable: false; focused: false; selected: false; clickable: false; longClickable: false; enabled: true; password: false; scrollable: false; actions: [AccessibilityAction: ACTION_SELECT - null, AccessibilityAction: ACTION_CLEAR_SELECTION - null, AccessibilityAction: ACTION_ACCESSIBILITY_FOCUS - null, AccessibilityAction: ACTION_NEXT_AT_MOVEMENT_GRANULARITY - null, AccessibilityAction: ACTION_PREVIOUS_AT_MOVEMENT_GRANULARITY - null, AccessibilityAction: ACTION_SET_SELECTION - null]
02-22 14:53:39.836 I/AccessibilityNodeInfoDumper(15029): Skipping invisible child: android.view.accessibility.AccessibilityNodeInfo@80042427; boundsInParent: Rect(0, 0 - 180, 53); boundsInScreen: Rect(30, 1307 - 210, 1174); packageName: com.wanda.app.wanhui; className: android.widget.LinearLayout; text: null; error: null; maxTextLength: -1; contentDescription: null; viewIdResName: com.wanda.app.wanhui:id/time_info; checkable: false; checked: false; focusable: false; focused: false; selected: false; clickable: false; longClickable: false; enabled: true; password: false; scrollable: false; actions: [AccessibilityAction: ACTION_SELECT - null, AccessibilityAction: ACTION_CLEAR_SELECTION - null, AccessibilityAction: ACTION_ACCESSIBILITY_FOCUS - null]
02-22 14:53:39.836 I/AccessibilityNodeInfoDumper(15029): Skipping invisible child: android.view.accessibility.AccessibilityNodeInfo@8003a485; boundsInParent: Rect(0, 0 - 112, 33); boundsInScreen: Rect(30, 1360 - 142, 1174); packageName: com.wanda.app.wanhui; className: android.widget.TextView; text: 即将开始; error: null; maxTextLength: -1; contentDescription: null; viewIdResName: com.wanda.app.wanhui:id/tv_subtitle; checkable: false; checked: false; focusable: false; focused: false; selected: false; clickable: false; longClickable: false; enabled: true; password: false; scrollable: false; actions: [AccessibilityAction: ACTION_SELECT - null, AccessibilityAction: ACTION_CLEAR_SELECTION - null, AccessibilityAction: ACTION_ACCESSIBILITY_FOCUS - null, AccessibilityAction: ACTION_NEXT_AT_MOVEMENT_GRANULARITY - null, AccessibilityAction: ACTION_PREVIOUS_AT_MOVEMENT_GRANULARITY - null, AccessibilityAction: ACTION_SET_SELECTION - null]
02-22 14:53:39.836 I/AccessibilityNodeInfoDumper(15029): Skipping invisible child: android.view.accessibility.AccessibilityNodeInfo@8003cdd0; boundsInParent: Rect(0, 0 - 200, 33); boundsInScreen: Rect(260, 1317 - 460, 1174); packageName: com.wanda.app.wanhui; className: android.widget.TextView; text: 纽巴伦蓝色1996-2; error: null; maxTextLength: -1; contentDescription: null; viewIdResName: com.wanda.app.wanhui:id/goods_name; checkable: false; checked: false; focusable: false; focused: false; selected: false; clickable: false; longClickable: false; enabled: true; password: false; scrollable: false; actions: [AccessibilityAction: ACTION_SELECT - null, AccessibilityAction: ACTION_CLEAR_SELECTION - null, AccessibilityAction: ACTION_ACCESSIBILITY_FOCUS - null, AccessibilityAction: ACTION_NEXT_AT_MOVEMENT_GRANULARITY - null, AccessibilityAction: ACTION_PREVIOUS_AT_MOVEMENT_GRANULARITY - null, AccessibilityAction: ACTION_SET_SELECTION - null]
02-22 14:53:39.836 I/AccessibilityNodeInfoDumper(15029): Skipping invisible child: android.view.accessibility.AccessibilityNodeInfo@80042ba9; boundsInParent: Rect(0, 0 - 200, 33); boundsInScreen: Rect(260, 1360 - 460, 1174); packageName: com.wanda.app.wanhui; className: android.widget.LinearLayout; text: null; error: null; maxTextLength: -1; contentDescription: null; viewIdResName: null; checkable: false; checked: false; focusable: false; focused: false; selected: false; clickable: false; longClickable: false; enabled: true; password: false; scrollable: false; actions: [AccessibilityAction: ACTION_SELECT - null, AccessibilityAction: ACTION_CLEAR_SELECTION - null, AccessibilityAction: ACTION_ACCESSIBILITY_FOCUS - null]
02-22 14:53:39.836 I/AccessibilityNodeInfoDumper(15029): Skipping invisible child: android.view.accessibility.AccessibilityNodeInfo@8003ebd8; boundsInParent: Rect(0, 0 - 200, 33); boundsInScreen: Rect(500, 1317 - 700, 1174); packageName: com.wanda.app.wanhui; className: android.widget.TextView; text: 初妆玛瑙手链; error: null; maxTextLength: -1; contentDescription: null; viewIdResName: com.wanda.app.wanhui:id/goods_name; checkable: false; checked: false; focusable: false; focused: false; selected: false; clickable: false; longClickable: false; enabled: true; password: false; scrollable: false; actions: [AccessibilityAction: ACTION_SELECT - null, AccessibilityAction: ACTION_CLEAR_SELECTION - null, AccessibilityAction: ACTION_ACCESSIBILITY_FOCUS - null, AccessibilityAction: ACTION_NEXT_AT_MOVEMENT_GRANULARITY - null, AccessibilityAction: ACTION_PREVIOUS_AT_MOVEMENT_GRANULARITY - null, AccessibilityAction: ACTION_SET_SELECTION - null]
02-22 14:53:39.836 I/AccessibilityNodeInfoDumper(15029): Skipping invisible child: android.view.accessibility.AccessibilityNodeInfo@8004332b; boundsInParent: Rect(0, 0 - 200, 33); boundsInScreen: Rect(500, 1360 - 700, 1174); packageName: com.wanda.app.wanhui; className: android.widget.LinearLayout; text: null; error: null; maxTextLength: -1; contentDescription: null; viewIdResName: null; checkable: false; checked: false; focusable: false; focused: false; selected: false; clickable: false; longClickable: false; enabled: true; password: false; scrollable: false; actions: [AccessibilityAction: ACTION_SELECT - null, AccessibilityAction: ACTION_CLEAR_SELECTION - null, AccessibilityAction: ACTION_ACCESSIBILITY_FOCUS - null]
02-22 14:53:39.836 I/AccessibilityNodeInfoDumper(15029): Skipping invisible child: android.view.accessibility.AccessibilityNodeInfo@8001a5fd; boundsInParent: Rect(0, 0 - 720, 1124); boundsInScreen: Rect(720, 50 - 720, 1174); packageName: com.wanda.app.wanhui; className: android.widget.RelativeLayout; text: null; error: null; maxTextLength: -1; contentDescription: null; viewIdResName: null; checkable: false; checked: false; focusable: false; focused: false; selected: false; clickable: false; longClickable: false; enabled: true; password: false; scrollable: false; actions: [AccessibilityAction: ACTION_SELECT - null, AccessibilityAction: ACTION_CLEAR_SELECTION - null, AccessibilityAction: ACTION_ACCESSIBILITY_FOCUS - null]
02-22 14:53:39.836 I/AccessibilityNodeInfoDumper(15029): Skipping invisible child: android.view.accessibility.AccessibilityNodeInfo@8001a9be; boundsInParent: Rect(0, 0 - 720, 1124); boundsInScreen: Rect(1440, 50 - 720, 1174); packageName: com.wanda.app.wanhui; className: android.widget.FrameLayout; text: null; error: null; maxTextLength: -1; contentDescription: null; viewIdResName: null; checkable: false; checked: false; focusable: false; focused: false; selected: false; clickable: false; longClickable: false; enabled: true; password: false; scrollable: false; actions: [AccessibilityAction: ACTION_SELECT - null, AccessibilityAction: ACTION_CLEAR_SELECTION - null, AccessibilityAction: ACTION_ACCESSIBILITY_FOCUS - null]
02-22 14:53:39.836 I/AccessibilityNodeInfoDumper(15029): Skipping invisible child: android.view.accessibility.AccessibilityNodeInfo@8001ad7f; boundsInParent: Rect(0, 0 - 720, 1124); boundsInScreen: Rect(2160, 50 - 720, 1174); packageName: com.wanda.app.wanhui; className: android.widget.FrameLayout; text: null; error: null; maxTextLength: -1; contentDescription: null; viewIdResName: null; checkable: false; checked: false; focusable: false; focused: false; selected: false; clickable: false; longClickable: false; enabled: true; password: false; scrollable: false; actions: [AccessibilityAction: ACTION_SELECT - null, AccessibilityAction: ACTION_CLEAR_SELECTION - null, AccessibilityAction: ACTION_ACCESSIBILITY_FOCUS - null]
02-22 14:53:39.846 W/AccessibilityNodeInfoDumper(15029): Fetch time: 122ms
02-22 14:53:39.986 I/QueryController(15029): Matched selector: UiSelector[CLASS=android.widget.TextView, INSTANCE=0] <<==>> [android.view.accessibility.AccessibilityNodeInfo@8000f58e; boundsInParent: Rect(0, 0 - 204, 112); boundsInScreen: Rect(0, 50 - 204, 162); packageName: com.wanda.app.wanhui; className: android.widget.TextView; text: 北京市; error: null; maxTextLength: 7; contentDescription: null; viewIdResName: com.wanda.app.wanhui:id/tv_city; checkable: false; checked: false; focusable: false; focused: false; selected: false; clickable: true; longClickable: false; enabled: true; password: false; scrollable: false; actions: [AccessibilityAction: ACTION_SELECT - null, AccessibilityAction: ACTION_CLEAR_SELECTION - null, AccessibilityAction: ACTION_CLICK - null, AccessibilityAction: ACTION_ACCESSIBILITY_FOCUS - null, AccessibilityAction: ACTION_NEXT_AT_MOVEMENT_GRANULARITY - null, AccessibilityAction: ACTION_PREVIOUS_AT_MOVEMENT_GRANULARITY - null, AccessibilityAction: ACTION_SET_SELECTION - null]]
02-22 14:53:40.026 I/QueryController(15029): Matched selector: UiSelector[CLASS=android.widget.TextView, INSTANCE=0] <<==>> [android.view.accessibility.AccessibilityNodeInfo@8000f58e; boundsInParent: Rect(0, 0 - 204, 112); boundsInScreen: Rect(0, 50 - 204, 162); packageName: com.wanda.app.wanhui; className: android.widget.TextView; text: 北京市; error: null; maxTextLength: 7; contentDescription: null; viewIdResName: com.wanda.app.wanhui:id/tv_city; checkable: false; checked: false; focusable: false; focused: false; selected: false; clickable: true; longClickable: false; enabled: true; password: false; scrollable: false; actions: [AccessibilityAction: ACTION_SELECT - null, AccessibilityAction: ACTION_CLEAR_SELECTION - null, AccessibilityAction: ACTION_CLICK - null, AccessibilityAction: ACTION_ACCESSIBILITY_FOCUS - null, AccessibilityAction: ACTION_NEXT_AT_MOVEMENT_GRANULARITY - null, AccessibilityAction: ACTION_PREVIOUS_AT_MOVEMENT_GRANULARITY - null, AccessibilityAction: ACTION_SET_SELECTION - null]]
02-22 14:53:40.036 D/UiObject(15029): getText() = 北京市
02-22 14:53:40.126 E/anti    (18454): anti once
02-22 14:53:40.156 I/QueryController(15029): Matched selector: UiSelector[TEXT=我的] <<==>> [android.view.accessibility.AccessibilityNodeInfo@8000bd3f; boundsInParent: Rect(524266, 0 - 524310, 25); boundsInScreen: Rect(626, 1241 - 670, 1266); packageName: com.wanda.app.wanhui; className: android.widget.TextView; text: 我的; error: null; maxTextLength: -1; contentDescription: null; viewIdResName: com.wanda.app.wanhui:id/bottom_text; checkable: false; checked: false; focusable: false; focused: false; selected: false; clickable: false; longClickable: false; enabled: true; password: false; scrollable: false; actions: [AccessibilityAction: ACTION_SELECT - null, AccessibilityAction: ACTION_CLEAR_SELECTION - null, AccessibilityAction: ACTION_ACCESSIBILITY_FOCUS - null, AccessibilityAction: ACTION_NEXT_AT_MOVEMENT_GRANULARITY - null, AccessibilityAction: ACTION_PREVIOUS_AT_MOVEMENT_GRANULARITY - null, AccessibilityAction: ACTION_SET_SELECTION - null]]
02-22 14:53:40.226 I/QueryController(15029): Matched selector: UiSelector[TEXT=我的] <<==>> [android.view.accessibility.AccessibilityNodeInfo@8000bd3f; boundsInParent: Rect(524266, 0 - 524310, 25); boundsInScreen: Rect(626, 1241 - 670, 1266); packageName: com.wanda.app.wanhui; className: android.widget.TextView; text: 我的; error: null; maxTextLength: -1; contentDescription: null; viewIdResName: com.wanda.app.wanhui:id/bottom_text; checkable: false; checked: false; focusable: false; focused: false; selected: false; clickable: false; longClickable: false; enabled: true; password: false; scrollable: false; actions: [AccessibilityAction: ACTION_SELECT - null, AccessibilityAction: ACTION_CLEAR_SELECTION - null, AccessibilityAction: ACTION_ACCESSIBILITY_FOCUS - null, AccessibilityAction: ACTION_NEXT_AT_MOVEMENT_GRANULARITY - null, AccessibilityAction: ACTION_PREVIOUS_AT_MOVEMENT_GRANULARITY - null, AccessibilityAction: ACTION_SET_SELECTION - null]]
02-22 14:53:40.226 D/InteractionController(15029): clickAndSync(648, 1253)
02-22 14:53:40.246 D/qdlights( 2395): persist.sys.display_eyecare:0
02-22 14:53:40.246 D/qdlights( 2395): disable night mode:0
02-22 14:53:40.246 I/qdlights( 2395): In void night_mode_switch(int),brightness = 5, mode=55
02-22 14:53:40.246 E/PPDaemon( 2395): DisplayConfigPPMode_float: strength select:55 ,local 18022
02-22 14:53:40.246 D/PPDaemon( 2395): DisplayConfigPPMode_float: Mode:55 applied successfully
02-22 14:53:40.266 D/qdlights( 2395): persist.sys.display_eyecare:0
02-22 14:53:40.266 D/qdlights( 2395): disable night mode:0
02-22 14:53:40.266 I/qdlights( 2395): In void night_mode_switch(int),brightness = 9, mode=100
02-22 14:53:40.266 E/PPDaemon( 2395): DisplayConfigPPMode_float: strength select:100 ,local 32768
02-22 14:53:40.276 D/PPDaemon( 2395): DisplayConfigPPMode_float: Mode:100 applied successfully
02-22 14:53:40.276 D/qdlights( 2395): persist.sys.display_eyecare:0
02-22 14:53:40.276 D/qdlights( 2395): disable night mode:0
02-22 14:53:40.276 E/PPDaemon( 2395): DisplayConfigPPMode_float: strength select:0 ,local 0
02-22 14:53:40.296 D/PPDaemon( 2395): DisplayConfigPPMode_float: Mode:0 applied successfully
02-22 14:53:40.296 D/qdlights( 2395): persist.sys.display_eyecare:0
02-22 14:53:40.296 D/qdlights( 2395): disable night mode:0
02-22 14:53:40.296 E/PPDaemon( 2395): DisplayConfigPPMode_float: strength select:0 ,local 0
02-22 14:53:40.306 I/ServiceManager(15634): Waiting for service AtCmdFwd...
02-22 14:53:40.306 D/PPDaemon( 2395): DisplayConfigPPMode_float: Mode:0 applied successfully
02-22 14:53:40.316 I/SurfaceFlinger(  307): FPS: 7
02-22 14:53:40.316 D/qdlights( 2395): persist.sys.display_eyecare:0
02-22 14:53:40.316 D/qdlights( 2395): disable night mode:0
02-22 14:53:40.316 E/PPDaemon( 2395): DisplayConfigPPMode_float: strength select:0 ,local 0
02-22 14:53:40.326 D/PPDaemon( 2395): DisplayConfigPPMode_float: Mode:0 applied successfully
02-22 14:53:40.326 D/qdlights( 2395): persist.sys.display_eyecare:0
02-22 14:53:40.326 D/qdlights( 2395): disable night mode:0
02-22 14:53:40.326 E/PPDaemon( 2395): DisplayConfigPPMode_float: strength select:0 ,local 0
02-22 14:53:40.346 D/PPDaemon( 2395): DisplayConfigPPMode_float: Mode:0 applied successfully
02-22 14:53:40.346 D/qdlights( 2395): persist.sys.display_eyecare:0
02-22 14:53:40.346 D/qdlights( 2395): disable night mode:0
02-22 14:53:40.346 E/PPDaemon( 2395): DisplayConfigPPMode_float: strength select:0 ,local 0
02-22 14:53:40.356 D/PPDaemon( 2395): DisplayConfigPPMode_float: Mode:0 applied successfully
02-22 14:53:40.366 D/qdlights( 2395): persist.sys.display_eyecare:0
02-22 14:53:40.366 D/qdlights( 2395): disable night mode:0
02-22 14:53:40.366 E/PPDaemon( 2395): DisplayConfigPPMode_float: strength select:0 ,local 0
02-22 14:53:40.376 E/commonUtil(15067): imsi is null
02-22 14:53:40.376 D/PPDaemon( 2395): DisplayConfigPPMode_float: Mode:0 applied successfully
02-22 14:53:40.376 D/qdlights( 2395): persist.sys.display_eyecare:0
02-22 14:53:40.376 D/qdlights( 2395): disable night mode:0
02-22 14:53:40.376 E/PPDaemon( 2395): DisplayConfigPPMode_float: strength select:0 ,local 0
02-22 14:53:40.376 D/PPDaemon( 2395): DisplayConfigPPMode_float: Mode:0 applied successfully
02-22 14:53:40.396 I/XiaomiFirewall( 5196): firewall pkgName:com.wanda.app.wanhui, result:0x0
02-22 14:53:40.396 D/qdlights( 2395): persist.sys.display_eyecare:0
02-22 14:53:40.396 D/qdlights( 2395): disable night mode:0
02-22 14:53:40.396 E/PPDaemon( 2395): DisplayConfigPPMode_float: strength select:0 ,local 0
02-22 14:53:40.406 D/PPDaemon( 2395): DisplayConfigPPMode_float: Mode:0 applied successfully
02-22 14:53:40.416 D/qdlights( 2395): persist.sys.display_eyecare:0
02-22 14:53:40.416 D/qdlights( 2395): disable night mode:0
02-22 14:53:40.416 E/PPDaemon( 2395): DisplayConfigPPMode_float: strength select:0 ,local 0
02-22 14:53:40.426 D/PPDaemon( 2395): DisplayConfigPPMode_float: Mode:0 applied successfully
02-22 14:53:40.426 D/qdlights( 2395): persist.sys.display_eyecare:0
02-22 14:53:40.426 D/qdlights( 2395): disable night mode:0
02-22 14:53:40.426 E/PPDaemon( 2395): DisplayConfigPPMode_float: strength select:0 ,local 0
02-22 14:53:40.446 E/GsmCellLocation Error(15067): GsmCellLocation is null
02-22 14:53:40.446 D/PPDaemon( 2395): DisplayConfigPPMode_float: Mode:0 applied successfully
02-22 14:53:40.446 E/commonUtil(15067): imsi is null
02-22 14:53:40.446 D/qdlights( 2395): persist.sys.display_eyecare:0
02-22 14:53:40.446 D/qdlights( 2395): disable night mode:0
02-22 14:53:40.446 E/PPDaemon( 2395): DisplayConfigPPMode_float: strength select:0 ,local 0
02-22 14:53:40.456 D/PPDaemon( 2395): DisplayConfigPPMode_float: Mode:0 applied successfully
02-22 14:53:40.466 D/qdlights( 2395): persist.sys.display_eyecare:0
02-22 14:53:40.466 D/qdlights( 2395): disable night mode:0
02-22 14:53:40.466 E/PPDaemon( 2395): DisplayConfigPPMode_float: strength select:0 ,local 0
02-22 14:53:40.476 E/commonUtil(15067): imsi is null
02-22 14:53:40.476 D/PPDaemon( 2395): DisplayConfigPPMode_float: Mode:0 applied successfully
02-22 14:53:40.476 D/qdlights( 2395): persist.sys.display_eyecare:0
02-22 14:53:40.476 D/qdlights( 2395): disable night mode:0
02-22 14:53:40.476 E/PPDaemon( 2395): DisplayConfigPPMode_float: strength select:0 ,local 0
02-22 14:53:40.486 E/commonUtil(15067): imsi is null
02-22 14:53:40.496 E/commonUtil(15067): imsi is null
02-22 14:53:40.496 D/PPDaemon( 2395): DisplayConfigPPMode_float: Mode:0 applied successfully
02-22 14:53:40.496 D/qdlights( 2395): persist.sys.display_eyecare:0
02-22 14:53:40.496 D/qdlights( 2395): disable night mode:0
02-22 14:53:40.496 E/PPDaemon( 2395): DisplayConfigPPMode_float: strength select:0 ,local 0
02-22 14:53:40.506 E/GsmCellLocation Error(15067): GsmCellLocation is null
02-22 14:53:40.506 D/PPDaemon( 2395): DisplayConfigPPMode_float: Mode:0 applied successfully
02-22 14:53:40.516 D/qdlights( 2395): persist.sys.display_eyecare:0
02-22 14:53:40.516 D/qdlights( 2395): disable night mode:0
02-22 14:53:40.516 E/PPDaemon( 2395): DisplayConfigPPMode_float: strength select:0 ,local 0
02-22 14:53:40.516 E/commonUtil(15067): imsi is null
02-22 14:53:40.526 D/PPDaemon( 2395): DisplayConfigPPMode_float: Mode:0 applied successfully
02-22 14:53:40.536 D/qdlights( 2395): persist.sys.display_eyecare:0
02-22 14:53:40.536 D/qdlights( 2395): disable night mode:0
02-22 14:53:40.536 E/PPDaemon( 2395): DisplayConfigPPMode_float: strength select:0 ,local 0
02-22 14:53:40.546 D/PPDaemon( 2395): DisplayConfigPPMode_float: Mode:0 applied successfully
02-22 14:53:40.546 D/qdlights( 2395): persist.sys.display_eyecare:0
