--------- beginning of main
02-22 14:51:26.696 D/WhetstoneService( 5119): deal background too Frequently, ingore
02-22 14:51:26.716 D/WhetstoneService( 5119): deal background too Frequently, ingore
02-22 14:51:26.776 D/AndroidRuntime(15097): >>>>>> START com.android.internal.os.RuntimeInit uid 2000 <<<<<<
02-22 14:51:26.776 D/AndroidRuntime(15097): CheckJNI is OFF
02-22 14:51:26.956 D/AndroidRuntime(15097): Calling main entry com.android.commands.am.Am
02-22 14:51:26.956 I/Timeline( 2395): Timeline: App_transition_stopped time:44919279
02-22 14:51:27.066 E/QueryController(15029): Got null root node from accessibility - Retrying...
02-22 14:51:27.316 E/QueryController(15029): Got null root node from accessibility - Retrying...
02-22 14:51:27.526 E/anti    (18454): anti once
02-22 14:51:27.566 E/QueryController(15029): Got null root node from accessibility - Retrying...
02-22 14:51:27.816 E/QueryController(15029): Cannot proceed when root node is null. Aborted search
02-22 14:51:27.816 E/QueryController(15029): Got null root node from accessibility - Retrying...
02-22 14:51:27.866 W/        (15120): [ColorAdjust] gammamode=2, cemode=10
02-22 14:51:27.866 W/        (15120): [ColorAdjust] temp_gammavalue=2, temp_cevalue=10
02-22 14:51:27.866 W/        (15120): [ColorAdjust] Don't setGamma!
02-22 14:51:27.866 W/        (15120): [ColorAdjust] Don't setCe!
02-22 14:51:27.886 W/        (15120): [ColorAdjust] Set temp_prefer temp_ce!
02-22 14:51:27.976 I/SurfaceFlinger(  307): FPS: 24
02-22 14:51:28.076 E/QueryController(15029): Got null root node from accessibility - Retrying...
02-22 14:51:28.326 E/QueryController(15029): Got null root node from accessibility - Retrying...
02-22 14:51:28.536 E/anti    (18454): anti once
02-22 14:51:28.576 E/QueryController(15029): Cannot proceed when root node is null. Aborted search
02-22 14:51:28.576 E/QueryController(15029): Got null root node from accessibility - Retrying...
02-22 14:51:28.826 E/QueryController(15029): Got null root node from accessibility - Retrying...
02-22 14:51:29.026 I/MSM-irqbalance(  555): Decided to move IRQ65 from CPU6 to CPU5
02-22 14:51:29.076 E/QueryController(15029): Got null root node from accessibility - Retrying...
--------- beginning of system
02-22 14:51:29.136 W/ActivityManager( 2395): getRunningAppProcesses: caller 10170 does not hold REAL_GET_TASKS; limiting output
02-22 14:51:29.326 E/QueryController(15029): Cannot proceed when root node is null. Aborted search
02-22 14:51:29.336 E/QueryController(15029): Got null root node from accessibility - Retrying...
02-22 14:51:29.556 E/anti    (18454): anti once
02-22 14:51:29.586 E/QueryController(15029): Got null root node from accessibility - Retrying...
02-22 14:51:29.836 E/QueryController(15029): Got null root node from accessibility - Retrying...
02-22 14:51:29.886 D/TaskPersister( 2395): removeObsoleteFile: deleting file=158_task.xml
02-22 14:51:30.086 E/QueryController(15029): Cannot proceed when root node is null. Aborted search
02-22 14:51:30.086 E/QueryController(15029): Got null root node from accessibility - Retrying...
02-22 14:51:30.186 W/ActivityManager( 2395): getRunningAppProcesses: caller 10175 does not hold REAL_GET_TASKS; limiting output
02-22 14:51:30.276 E/ijm     (15067): register ijm005 datapath=/data/data/ param=1 version=20161110 
02-22 14:51:30.336 E/QueryController(15029): Got null root node from accessibility - Retrying...
02-22 14:51:30.496 D/VM_BMS  (  556): wake_lock acquired
02-22 14:51:30.496 D/VM_BMS  (  556): New BMS data - Size=56
02-22 14:51:30.496 D/VM_BMS  (  556): Start process_bms_data
02-22 14:51:30.496 D/VM_BMS  (  556): For batt_temp=294 fcc_mah=4049
02-22 14:51:30.496 D/VM_BMS  (  556): For ocv=4372923 batt_temp=294 soc=100
02-22 14:51:30.496 D/VM_BMS  (  556): fifo_count=5 acc_count=0
02-22 14:51:30.496 D/VM_BMS  (  556): INIT: ocv=4372923 last_ocv=4372923 batt_temp=294 soc=100
02-22 14:51:30.496 D/VM_BMS  (  556): For soc=100 batt_temp=294 slope=12800
02-22 14:51:30.496 D/VM_BMS  (  556): For soc=100 batt_temp=294 rbatt_sf=95
02-22 14:51:30.496 D/VM_BMS  (  556): rbatt_mohm_default=112, rbatt_mohm=106, sf=95 batt_temp=294
02-22 14:51:30.496 D/VM_BMS  (  556): For ocv=4372922 batt_temp=294 soc=100
02-22 14:51:30.496 D/VM_BMS  (  556): FIFO=0 fifo_avg=4.372743 rbatt=0.156000 slope=1.280000 ibatt=0.001149 ocv=4.372922 soc=100 fcc_ah=4.049000 sample_count=128 sample_interval=70 seq_num=2886
02-22 14:51:30.496 D/VM_BMS  (  556): For soc=100 batt_temp=294 slope=12800
02-22 14:51:30.496 D/VM_BMS  (  556): For soc=100 batt_temp=294 rbatt_sf=95
02-22 14:51:30.496 D/VM_BMS  (  556): rbatt_mohm_default=112, rbatt_mohm=106, sf=95 batt_temp=294
02-22 14:51:30.496 D/VM_BMS  (  556): For ocv=4372921 batt_temp=294 soc=100
02-22 14:51:30.496 D/VM_BMS  (  556): FIFO=1 fifo_avg=4.372743 rbatt=0.156000 slope=1.280000 ibatt=0.001143 ocv=4.372921 soc=100 fcc_ah=4.049000 sample_count=128 sample_interval=70 seq_num=2886
02-22 14:51:30.496 D/VM_BMS  (  556): For soc=100 batt_temp=294 slope=12800
02-22 14:51:30.496 D/VM_BMS  (  556): For soc=100 batt_temp=294 rbatt_sf=95
02-22 14:51:30.496 D/VM_BMS  (  556): rbatt_mohm_default=112, rbatt_mohm=106, sf=95 batt_temp=294
02-22 14:51:30.496 D/VM_BMS  (  556): For ocv=4372920 batt_temp=294 soc=100
02-22 14:51:30.496 D/VM_BMS  (  556): FIFO=2 fifo_avg=4.372743 rbatt=0.156000 slope=1.280000 ibatt=0.001137 ocv=4.372920 soc=100 fcc_ah=4.049000 sample_count=128 sample_interval=70 seq_num=2886
02-22 14:51:30.496 D/VM_BMS  (  556): For soc=100 batt_temp=294 slope=12800
02-22 14:51:30.496 D/VM_BMS  (  556): For soc=100 batt_temp=294 rbatt_sf=95
02-22 14:51:30.496 D/VM_BMS  (  556): rbatt_mohm_default=112, rbatt_mohm=106, sf=95 batt_temp=294
02-22 14:51:30.496 D/VM_BMS  (  556): For ocv=4372919 batt_temp=294 soc=100
02-22 14:51:30.496 D/VM_BMS  (  556): FIFO=3 fifo_avg=4.372743 rbatt=0.156000 slope=1.280000 ibatt=0.001131 ocv=4.372919 soc=100 fcc_ah=4.049000 sample_count=128 sample_interval=70 seq_num=2886
02-22 14:51:30.496 D/VM_BMS  (  556): For soc=100 batt_temp=294 slope=12800
02-22 14:51:30.496 D/VM_BMS  (  556): For soc=100 batt_temp=294 rbatt_sf=95
02-22 14:51:30.496 D/VM_BMS  (  556): rbatt_mohm_default=112, rbatt_mohm=106, sf=95 batt_temp=294
02-22 14:51:30.496 D/VM_BMS  (  556): For ocv=4372912 batt_temp=294 soc=100
02-22 14:51:30.496 D/VM_BMS  (  556): FIFO=4 fifo_avg=4.371564 rbatt=0.156000 slope=1.280000 ibatt=0.008665 ocv=4.372912 soc=100 fcc_ah=4.049000 sample_count=128 sample_interval=70 seq_num=2886
02-22 14:51:30.496 I/VM_BMS  (  556): power_supply_update: ocv_uv=4372912 ibatt=8665 soc=100 seq_num=2886
02-22 14:51:30.496 D/VM_BMS  (  556): End process_bms_data
02-22 14:51:30.496 D/VM_BMS  (  556): wake_lock released
02-22 14:51:30.566 E/anti    (18454): anti once
02-22 14:51:30.586 E/QueryController(15029): Got null root node from accessibility - Retrying...
02-22 14:51:30.636 W/ActivityManager( 2395): getRunningAppProcesses: caller 10175 does not hold REAL_GET_TASKS; limiting output
02-22 14:51:30.656 W/ActivityManager( 2395): getRunningAppProcesses: caller 10175 does not hold REAL_GET_TASKS; limiting output
02-22 14:51:30.666 I/art     (15067): Background partial concurrent mark sweep GC freed 50881(2MB) AllocSpace objects, 2(32KB) LOS objects, 39% free, 11MB/18MB, paused 12.200ms total 59.752ms
02-22 14:51:30.686 E/Vold    (  306): Failed to find mounted volume for /storage/sdcard1/Android/data/com.wanda.app.wanhui/files/
02-22 14:51:30.686 W/Vold    (  306): Returning OperationFailed - no handler for errno 0
02-22 14:51:30.686 E/Vold    (  306): Failed to find mounted volume for /storage/sdcard1/Android/data/com.wanda.app.wanhui/files/
02-22 14:51:30.686 W/Vold    (  306): Returning OperationFailed - no handler for errno 0
02-22 14:51:30.766 V/WLAN_PSA(  366): NL MSG, len[048], NL type[0x11] WNI type[0x5050] len[028]
02-22 14:51:30.766 V/WLAN_PSA(  366): NL MSG, PID: 366
02-22 14:51:30.836 E/QueryController(15029): Cannot proceed when root node is null. Aborted search
02-22 14:51:30.836 E/Vold    (  306): Failed to find mounted volume for /storage/sdcard1/Android/data/com.wanda.app.wanhui/files/
02-22 14:51:30.836 W/Vold    (  306): Returning OperationFailed - no handler for errno 0
02-22 14:51:30.846 E/QueryController(15029): Got null root node from accessibility - Retrying...
02-22 14:51:30.846 E/Vold    (  306): Failed to find mounted volume for /storage/sdcard1/Android/data/com.wanda.app.wanhui/files/
02-22 14:51:30.846 W/Vold    (  306): Returning OperationFailed - no handler for errno 0
02-22 14:51:30.866 W/ActivityManager( 2395): getRunningAppProcesses: caller 10175 does not hold REAL_GET_TASKS; limiting output
02-22 14:51:30.956 V/WLAN_PSA(  366): NL MSG, len[4087], NL type[0x1C] WNI type[0x5900] len[57103]
02-22 14:51:30.956 V/WLAN_PSA(  366): NL MSG, PID: 366
02-22 14:51:31.056 W/ActivityManager( 2395): getRunningAppProcesses: caller 10175 does not hold REAL_GET_TASKS; limiting output
02-22 14:51:31.066 D/WifiService( 2395): New client listening to asynchronous messages
02-22 14:51:31.096 E/QueryController(15029): Got null root node from accessibility - Retrying...
02-22 14:51:31.156 I/XiaomiFirewall( 5196): firewall pkgName:com.wanda.app.wanhui, result:0x0
02-22 14:51:31.226 I/art     (15067): Background sticky concurrent mark sweep GC freed 38439(2040KB) AllocSpace objects, 19(454KB) LOS objects, 12% free, 16MB/18MB, paused 7.811ms total 55.283ms
02-22 14:51:31.286 I/octvm   ( 5119): task pid 15165 have been add to group sys_app_fg.
02-22 14:51:31.286 I/octvm   ( 5119): [sys_app_fg]cgroup_add_tasks max single write time: 0ms
02-22 14:51:31.286 I/octvm   ( 5119): [sys_app_fg]cgroup_add_tasks total time consume: 0ms
02-22 14:51:31.286 I/ActivityManager( 2395): Start proc 15165:com.wanda.app.wanhui:xg_service_v2/u0a175 for service com.wanda.app.wanhui/com.tencent.android.tpush.service.XGPushService
02-22 14:51:31.306 D/TidaProvider(15165): TidaProvider()
02-22 14:51:31.346 E/QueryController(15029): Got null root node from accessibility - Retrying...
02-22 14:51:31.406 E/GsmCellLocation Error(15067): GsmCellLocation is null
02-22 14:51:31.406 E/commonUtil(15067): imsi is null
02-22 14:51:31.496 E/GsmCellLocation Error(15067): GsmCellLocation is null
02-22 14:51:31.496 E/commonUtil(15067): imsi is null
02-22 14:51:31.566 E/GsmCellLocation Error(15067): GsmCellLocation is null
02-22 14:51:31.566 E/commonUtil(15067): imsi is null
02-22 14:51:31.576 E/anti    (18454): anti once
02-22 14:51:31.596 D/BluetoothManagerService( 2395): Message: 20
02-22 14:51:31.596 D/BluetoothManagerService( 2395): Added callback: android.bluetooth.IBluetoothManagerCallback$Stub$Proxy@3350ff61:true
02-22 14:51:31.596 E/QueryController(15029): Cannot proceed when root node is null. Aborted search
02-22 14:51:31.596 E/QueryController(15029): Got null root node from accessibility - Retrying...
02-22 14:51:31.636 E/imsdk.IMCoreWrapper(15067): [E]load lib_imcore_jni_gyp.so succ
02-22 14:51:31.676 E/QALSDKManager(15067): init qal sdk,version:1.4.1.101260
02-22 14:51:31.676 W/ActivityManager( 2395): getRunningAppProcesses: caller 10175 does not hold REAL_GET_TASKS; limiting output
02-22 14:51:31.686 W/ActivityManager( 2395): getRunningAppProcesses: caller 10175 does not hold REAL_GET_TASKS; limiting output
02-22 14:51:31.686 W/ActivityManager( 2395): getRunningAppProcesses: caller 10175 does not hold REAL_GET_TASKS; limiting output
02-22 14:51:31.736 W/ActivityManager( 2395): getRunningAppProcesses: caller 10175 does not hold REAL_GET_TASKS; limiting output
02-22 14:51:31.766 I/ActivityManager( 2395): Start proc 15216:com.wanda.app.wanhui:QALSERVICE/u0a175 for service com.wanda.app.wanhui/com.tencent.qalsdk.service.QalService
02-22 14:51:31.776 I/octvm   ( 5119): task pid 15216 have been add to group sys_app_fg.
02-22 14:51:31.776 I/octvm   ( 5119): [sys_app_fg]cgroup_add_tasks max single write time: 0ms
02-22 14:51:31.776 I/octvm   ( 5119): [sys_app_fg]cgroup_add_tasks total time consume: 0ms
02-22 14:51:31.786 E/QALSDKManager(15067): com.wanda.app.wanhui init qal sdk done: 
02-22 14:51:31.796 D/TidaProvider(15216): TidaProvider()
02-22 14:51:31.846 E/QueryController(15029): Got null root node from accessibility - Retrying...
02-22 14:51:31.886 E/WifiStateMachine( 2395): WifiStateMachine CMD_START_SCAN source 10031 txSuccessRate=0.54 rxSuccessRate=107.96 targetRoamBSSID=any RSSI=-51
02-22 14:51:31.886 V/WLAN_PSA(  366): NL MSG, len[914], NL type[0x11] WNI type[0x5050] len[894]
02-22 14:51:31.886 V/WLAN_PSA(  366): NL MSG, PID: 366
02-22 14:51:31.886 V/WLAN_PSA(  366): NL MSG, len[048], NL type[0x11] WNI type[0x5050] len[028]
02-22 14:51:31.886 V/WLAN_PSA(  366): NL MSG, PID: 366
02-22 14:51:31.886 V/WLAN_PSA(  366): NL MSG, len[4018], NL type[0x1C] WNI type[0x5900] len[39439]
02-22 14:51:31.886 V/WLAN_PSA(  366): NL MSG, PID: 366
02-22 14:51:31.886 I/WifiHAL ( 2395): Poll result = 1
02-22 14:51:31.886 I/WifiHAL ( 2395): Found some events!!!
02-22 14:51:31.886 D/WifiHAL ( 2395): no_seq_check received
02-22 14:51:31.886 I/WifiHAL ( 2395): event received NL80211_CMD_TRIGGER_SCAN
02-22 14:51:31.886 I/WifiHAL ( 2395): event received NL80211_CMD_TRIGGER_SCAN, vendor_id = 0x0
02-22 14:51:31.886 I/WifiHAL ( 2395): event ignored!!
02-22 14:51:31.916 V/WLAN_PSA(  366): NL MSG, len[4002], NL type[0x1C] WNI type[0x5900] len[35343]
02-22 14:51:31.916 V/WLAN_PSA(  366): NL MSG, PID: 366
02-22 14:51:31.916 W/ActivityManager( 2395): getRunningAppProcesses: caller 10175 does not hold REAL_GET_TASKS; limiting output
02-22 14:51:31.966 V/WLAN_PSA(  366): NL MSG, len[4016], NL type[0x1C] WNI type[0x5900] len[38927]
02-22 14:51:31.966 V/WLAN_PSA(  366): NL MSG, PID: 366
02-22 14:51:31.966 E/GsmCellLocation Error(15067): GsmCellLocation is null
02-22 14:51:31.976 E/commonUtil(15067): imsi is null
02-22 14:51:31.996 I/SurfaceFlinger(  307): FPS: 2
02-22 14:51:31.996 V/WLAN_PSA(  366): NL MSG, len[914], NL type[0x11] WNI type[0x5050] len[894]
02-22 14:51:31.996 V/WLAN_PSA(  366): NL MSG, PID: 366
02-22 14:51:32.006 V/WLAN_PSA(  366): NL MSG, len[4021], NL type[0x1C] WNI type[0x5900] len[40207]
02-22 14:51:32.006 V/WLAN_PSA(  366): NL MSG, PID: 366
02-22 14:51:32.056 E/GsmCellLocation Error(15067): GsmCellLocation is null
02-22 14:51:32.056 E/commonUtil(15067): imsi is null
02-22 14:51:32.086 V/WLAN_PSA(  366): NL MSG, len[4095], NL type[0x1C] WNI type[0x5900] len[59151]
02-22 14:51:32.086 V/WLAN_PSA(  366): NL MSG, PID: 366
02-22 14:51:32.096 V/WLAN_PSA(  366): NL MSG, len[914], NL type[0x11] WNI type[0x5050] len[894]
02-22 14:51:32.096 V/WLAN_PSA(  366): NL MSG, PID: 366
02-22 14:51:32.096 V/WLAN_PSA(  366): NL MSG, len[048], NL type[0x11] WNI type[0x5050] len[028]
02-22 14:51:32.096 V/WLAN_PSA(  366): NL MSG, PID: 366
02-22 14:51:32.106 E/QueryController(15029): Got null root node from accessibility - Retrying...
02-22 14:51:32.116 V/WLAN_PSA(  366): NL MSG, len[4076], NL type[0x1C] WNI type[0x5900] len[54287]
02-22 14:51:32.116 V/WLAN_PSA(  366): NL MSG, PID: 366
02-22 14:51:32.156 V/WLAN_PSA(  366): NL MSG, len[4085], NL type[0x1C] WNI type[0x5900] len[56591]
02-22 14:51:32.156 V/WLAN_PSA(  366): NL MSG, PID: 366
02-22 14:51:32.206 V/WLAN_PSA(  366): NL MSG, len[3978], NL type[0x1C] WNI type[0x5900] len[29199]
02-22 14:51:32.206 V/WLAN_PSA(  366): NL MSG, PID: 366
02-22 14:51:32.236 V/WLAN_PSA(  366): NL MSG, len[914], NL type[0x11] WNI type[0x5050] len[894]
02-22 14:51:32.236 V/WLAN_PSA(  366): NL MSG, PID: 366
02-22 14:51:32.236 V/WLAN_PSA(  366): NL MSG, len[4088], NL type[0x1C] WNI type[0x5900] len[57359]
02-22 14:51:32.236 V/WLAN_PSA(  366): NL MSG, PID: 366
02-22 14:51:32.336 V/WLAN_PSA(  366): NL MSG, len[914], NL type[0x11] WNI type[0x5050] len[894]
02-22 14:51:32.336 V/WLAN_PSA(  366): NL MSG, PID: 366
02-22 14:51:32.336 V/WLAN_PSA(  366): NL MSG, len[048], NL type[0x11] WNI type[0x5050] len[028]
02-22 14:51:32.336 V/WLAN_PSA(  366): NL MSG, PID: 366
02-22 14:51:32.346 V/WLAN_PSA(  366): NL MSG, len[4026], NL type[0x1C] WNI type[0x5900] len[41487]
02-22 14:51:32.346 V/WLAN_PSA(  366): NL MSG, PID: 366
02-22 14:51:32.356 E/QueryController(15029): Cannot proceed when root node is null. Aborted search
02-22 14:51:32.356 E/QueryController(15029): Got null root node from accessibility - Retrying...
02-22 14:51:32.396 V/WLAN_PSA(  366): NL MSG, len[4014], NL type[0x1C] WNI type[0x5900] len[38415]
02-22 14:51:32.396 V/WLAN_PSA(  366): NL MSG, PID: 366
02-22 14:51:32.436 V/WLAN_PSA(  366): NL MSG, len[4062], NL type[0x1C] WNI type[0x5900] len[50703]
02-22 14:51:32.436 V/WLAN_PSA(  366): NL MSG, PID: 366
02-22 14:51:32.446 V/WLAN_PSA(  366): NL MSG, len[914], NL type[0x11] WNI type[0x5050] len[894]
02-22 14:51:32.446 V/WLAN_PSA(  366): NL MSG, PID: 366
02-22 14:51:32.446 V/WLAN_PSA(  366): NL MSG, len[4034], NL type[0x1C] WNI type[0x5900] len[43535]
02-22 14:51:32.446 V/WLAN_PSA(  366): NL MSG, PID: 366
02-22 14:51:32.546 V/WLAN_PSA(  366): NL MSG, len[914], NL type[0x11] WNI type[0x5050] len[894]
02-22 14:51:32.546 V/WLAN_PSA(  366): NL MSG, PID: 366
02-22 14:51:32.546 V/WLAN_PSA(  366): NL MSG, len[048], NL type[0x11] WNI type[0x5050] len[028]
02-22 14:51:32.546 V/WLAN_PSA(  366): NL MSG, PID: 366
02-22 14:51:32.566 V/WLAN_PSA(  366): NL MSG, len[4034], NL type[0x1C] WNI type[0x5900] len[43535]
02-22 14:51:32.566 V/WLAN_PSA(  366): NL MSG, PID: 366
02-22 14:51:32.586 E/anti    (18454): anti once
02-22 14:51:32.596 V/WLAN_PSA(  366): NL MSG, len[4071], NL type[0x1C] WNI type[0x5900] len[53007]
02-22 14:51:32.596 V/WLAN_PSA(  366): NL MSG, PID: 366
02-22 14:51:32.606 E/QueryController(15029): Got null root node from accessibility - Retrying...
02-22 14:51:32.626 V/WLAN_PSA(  366): NL MSG, len[914], NL type[0x11] WNI type[0x5050] len[894]
02-22 14:51:32.626 V/WLAN_PSA(  366): NL MSG, PID: 366
02-22 14:51:32.626 V/WLAN_PSA(  366): NL MSG, len[4061], NL type[0x1C] WNI type[0x5900] len[50447]
02-22 14:51:32.626 V/WLAN_PSA(  366): NL MSG, PID: 366
02-22 14:51:32.726 V/WLAN_PSA(  366): NL MSG, len[914], NL type[0x11] WNI type[0x5050] len[894]
02-22 14:51:32.726 V/WLAN_PSA(  366): NL MSG, PID: 366
02-22 14:51:32.726 V/WLAN_PSA(  366): NL MSG, len[048], NL type[0x11] WNI type[0x5050] len[028]
02-22 14:51:32.726 V/WLAN_PSA(  366): NL MSG, PID: 366
02-22 14:51:32.726 V/WLAN_PSA(  366): NL MSG, len[3886], NL type[0x1C] WNI type[0x5900] len[5647]
02-22 14:51:32.726 V/WLAN_PSA(  366): NL MSG, PID: 366
02-22 14:51:32.766 V/WLAN_PSA(  366): NL MSG, len[048], NL type[0x11] WNI type[0x5050] len[028]
02-22 14:51:32.766 V/WLAN_PSA(  366): NL MSG, PID: 366
02-22 14:51:32.766 V/WLAN_PSA(  366): NL MSG, len[4029], NL type[0x1C] WNI type[0x5900] len[42255]
02-22 14:51:32.766 V/WLAN_PSA(  366): NL MSG, PID: 366
02-22 14:51:32.766 V/WLAN_PSA(  366): NL MSG, len[914], NL type[0x11] WNI type[0x5050] len[894]
02-22 14:51:32.766 V/WLAN_PSA(  366): NL MSG, PID: 366
02-22 14:51:32.776 I/WifiHAL ( 2395): Poll result = 1
02-22 14:51:32.776 I/WifiHAL ( 2395): Found some events!!!
02-22 14:51:32.776 D/WifiHAL ( 2395): no_seq_check received
02-22 14:51:32.776 I/WifiHAL ( 2395): event received NL80211_CMD_NEW_SCAN_RESULTS
02-22 14:51:32.776 I/WifiHAL ( 2395): event received NL80211_CMD_NEW_SCAN_RESULTS, vendor_id = 0x0
02-22 14:51:32.776 I/WifiHAL ( 2395): event ignored!!
02-22 14:51:32.776 V/WLAN_PSA(  366): NL MSG, len[4091], NL type[0x1C] WNI type[0x5900] len[58127]
02-22 14:51:32.776 V/WLAN_PSA(  366): NL MSG, PID: 366
02-22 14:51:32.786 D/LBSSystemMonitorService( 2395): handleMessage what - 4
02-22 14:51:32.786 D/Wiper_jni( 2395): Send Network Location.
02-22 14:51:32.826 E/TAG     ( 8012): {}
02-22 14:51:32.826 E/TAG     ( 8012): {}
02-22 14:51:32.826 D/WifiScanServices( 8012): scanResult:[]
02-22 14:51:32.836 D/LocationPolicy( 2395): [uid = 10108, op = 2] is blocked by location policy
02-22 14:51:32.836 D/WifiService( 2395): uid=10108 wifi scan blocked
02-22 14:51:32.846 E/WifiScanServices( 8012): start process end time - 53
02-22 14:51:32.846 I/art     (15067): Background sticky concurrent mark sweep GC freed 66976(5MB) AllocSpace objects, 7(247KB) LOS objects, 25% free, 16MB/21MB, paused 6.094ms total 56.598ms
02-22 14:51:32.856 E/QueryController(15029): Got null root node from accessibility - Retrying...
02-22 14:51:32.876 E/GsmCellLocation Error(15067): GsmCellLocation is null
02-22 14:51:32.886 E/commonUtil(15067): imsi is null
02-22 14:51:32.896 W/        (15277): [ColorAdjust] gammamode=2, cemode=10
02-22 14:51:32.896 W/        (15277): [ColorAdjust] temp_gammavalue=2, temp_cevalue=10
02-22 14:51:32.896 W/        (15277): [ColorAdjust] Don't setGamma!
02-22 14:51:32.896 W/        (15277): [ColorAdjust] Don't setCe!
02-22 14:51:32.906 I/XiaomiFirewall( 5196): firewall pkgName:com.amap.android.location, result:0x0
02-22 14:51:32.916 W/        (15277): [ColorAdjust] Set temp_prefer temp_ce!
02-22 14:51:32.966 W/linker  (15067): libFFIndoorLocateDeobfuscator.so: unused DT entry: type 0x6ffffffe arg 0x243c
02-22 14:51:32.966 W/linker  (15067): libFFIndoorLocateDeobfuscator.so: unused DT entry: type 0x6fffffff arg 0x2
02-22 14:51:33.006 D/Sensors ( 2395): batch called handle:4 sample_ns:5000000 latency_ns:0
02-22 14:51:33.006 D/Sensors ( 2395): activate called handle:4 enable:1
02-22 14:51:33.006 D/Sensors ( 2395): kxtj9-accel calling driver setDelay 5 ms
02-22 14:51:33.006 D/Sensors ( 2395): kxtj9-accel calling driver enable
02-22 14:51:33.106 E/QueryController(15029): Cannot proceed when root node is null. Aborted search
02-22 14:51:33.116 E/QueryController(15029): Got null root node from accessibility - Retrying...
02-22 14:51:33.316 I/XiaomiFirewall( 5196): firewall pkgName:com.wanda.app.wanhui, result:0x0
02-22 14:51:33.326 E/commonUtil(15067): imsi is null
02-22 14:51:33.346 E/GsmCellLocation Error(15067): GsmCellLocation is null
02-22 14:51:33.366 E/QueryController(15029): Got null root node from accessibility - Retrying...
02-22 14:51:33.426 E/GsmCellLocation Error(15067): GsmCellLocation is null
02-22 14:51:33.436 E/commonUtil(15067): imsi is null
02-22 14:51:33.516 E/Vold    (  306): Failed to find mounted volume for /storage/sdcard1/Android/data/com.wanda.app.wanhui/files/
02-22 14:51:33.516 W/Vold    (  306): Returning OperationFailed - no handler for errno 0
02-22 14:51:33.536 E/PluginDataHelper(15067): installPluginFiles ellipse times:23
02-22 14:51:33.556 E/Vold    (  306): Failed to find mounted volume for /storage/sdcard1/Android/data/com.wanda.app.wanhui/files/
02-22 14:51:33.556 W/Vold    (  306): Returning OperationFailed - no handler for errno 0
02-22 14:51:33.566 E/Vold    (  306): Failed to find mounted volume for /storage/sdcard1/Android/data/com.wanda.app.wanhui/files/
02-22 14:51:33.566 W/Vold    (  306): Returning OperationFailed - no handler for errno 0
02-22 14:51:33.606 E/anti    (18454): anti once
02-22 14:51:33.616 E/QueryController(15029): Got null root node from accessibility - Retrying...
02-22 14:51:33.686 E/GsmCellLocation Error(15067): GsmCellLocation is null
02-22 14:51:33.696 W/art     (15067): Suspending all threads took: 5.663ms
02-22 14:51:33.696 E/commonUtil(15067): imsi is null
02-22 14:51:33.706 I/art     (15067): Background partial concurrent mark sweep GC freed 31167(2MB) AllocSpace objects, 0(0B) LOS objects, 40% free, 20MB/34MB, paused 8.798ms total 128.415ms
02-22 14:51:33.766 W/art     (15067): Attempt to remove local handle scope entry from IRT, ignoring
02-22 14:51:33.776 E/SysUtils(15067): ApplicationContext is null in ApplicationStatus
02-22 14:51:33.796 I/Adreno-EGL(15067): <qeglDrvAPI_eglInitialize:379>: EGL 1.4 QUALCOMM build: Nondeterministic_AU_msm8916_64_LA.BR.1.2.4_RB1__release_AU (Ic8ede1fb34)
02-22 14:51:33.796 I/Adreno-EGL(15067): OpenGL ES Shader Compiler Version: E031.25.03.04
02-22 14:51:33.796 I/Adreno-EGL(15067): Build Date: 12/10/15 Thu
02-22 14:51:33.796 I/Adreno-EGL(15067): Local Branch: 
02-22 14:51:33.796 I/Adreno-EGL(15067): Remote Branch: quic/LA.BR.1.2.4_rb1.30
02-22 14:51:33.796 I/Adreno-EGL(15067): Local Patches: NONE
02-22 14:51:33.796 I/Adreno-EGL(15067): Reconstruct Branch: NOTHING
02-22 14:51:33.866 E/QueryController(15029): Cannot proceed when root node is null. Aborted search
02-22 14:51:33.866 E/QueryController(15029): Got null root node from accessibility - Retrying...
02-22 14:51:33.956 E/libEGL  (15067): validate_display:255 error 3008 (EGL_BAD_DISPLAY)
02-22 14:51:33.976 E/ActivityThread(15067): Failed to find provider info for com.google.settings
02-22 14:51:34.016 W/art     (15067): Attempt to remove local handle scope entry from IRT, ignoring
02-22 14:51:34.026 I/MSM-irqbalance(  555): Decided to move IRQ174 from CPU6 to CPU5
02-22 14:51:34.056 D/OpenGLRenderer(15067): Use EGL_SWAP_BEHAVIOR_PRESERVED: true
02-22 14:51:34.066 V/WindowManager( 2395): Adding window Window{2bbff528 u0 com.wanda.app.wanhui/com.feifan.o2o.business.launch.LauncherActivity} at 2 of 10 (before Window{260beab9 u0 Starting com.wanda.app.wanhui})
02-22 14:51:34.086 E/test    (15067): level---- 100 voltage---4367
02-22 14:51:34.126 E/QueryController(15029): Got null root node from accessibility - Retrying...
02-22 14:51:34.246 I/octvm   ( 5119): task pid 15334 have been add to group sys_app_fg.
02-22 14:51:34.246 I/octvm   ( 5119): [sys_app_fg]cgroup_add_tasks max single write time: 0ms
02-22 14:51:34.246 I/octvm   ( 5119): [sys_app_fg]cgroup_add_tasks total time consume: 0ms
02-22 14:51:34.246 I/ActivityManager( 2395): Start proc 15334:com.wanda.app.wanhui:remote/u0a175 for service com.wanda.app.wanhui/com.baidu.location.f
02-22 14:51:34.256 I/SurfaceFlinger(  307): FPS: 2
02-22 14:51:34.266 D/TidaProvider(15334): TidaProvider()
02-22 14:51:34.276 I/OpenGLRenderer(15067): Initialized EGL, version 1.4
02-22 14:51:34.286 D/OpenGLRenderer(15067): Enabling debug mode 0
02-22 14:51:34.336 I/qdutils (15067): PartialUpdate status: Disabled
02-22 14:51:34.336 I/qdutils (15067): Left Align: 0
02-22 14:51:34.336 I/qdutils (15067): Width Align: 0
02-22 14:51:34.336 I/qdutils (15067): Top Align: 0
02-22 14:51:34.336 I/qdutils (15067): Height Align: 0
02-22 14:51:34.336 I/qdutils (15067): Min ROI Width: 0
02-22 14:51:34.336 I/qdutils (15067): Min ROI Height: 0
02-22 14:51:34.336 I/qdutils (15067): Needs ROI Merge: 0
02-22 14:51:34.336 I/qdutils (15067): Dynamic Fps: Disabled
02-22 14:51:34.336 I/qdutils (15067): Min Panel fps: 0
02-22 14:51:34.336 I/qdutils (15067): Max Panel fps: 0
02-22 14:51:34.346 E/PluginDataHelper(15067): installPlugins ellipse times:1
02-22 14:51:34.366 W/ActivityManager( 2395): getRunningAppProcesses: caller 10175 does not hold REAL_GET_TASKS; limiting output
02-22 14:51:34.376 E/QueryController(15029): Got null root node from accessibility - Retrying...
02-22 14:51:34.386 W/ActivityManager( 2395): getRunningAppProcesses: caller 10175 does not hold REAL_GET_TASKS; limiting output
02-22 14:51:34.416 D/AndroidRuntime(15097): Shutting down VM
02-22 14:51:34.476 E/GsmCellLocation Error(15067): GsmCellLocation is null
02-22 14:51:34.486 E/commonUtil(15067): imsi is null
02-22 14:51:34.626 E/QueryController(15029): Cannot proceed when root node is null. Aborted search
02-22 14:51:34.626 E/QueryController(15029): Got null root node from accessibility - Retrying...
02-22 14:51:34.686 I/AppiumUnicodeIME( 4641): onFinishInput
02-22 14:51:34.686 I/AppiumUnicodeIME( 4641): onStartInput
02-22 14:51:34.686 E/anti    (18454): anti once
02-22 14:51:34.716 I/art     (15067): Background sticky concurrent mark sweep GC freed 171426(11MB) AllocSpace objects, 17(422KB) LOS objects, 24% free, 24MB/32MB, paused 3.160ms total 143.853ms
02-22 14:51:34.736 I/ActivityManager( 2395): Displayed com.wanda.app.wanhui/com.feifan.o2o.business.launch.LauncherActivity: +8s343ms (total +13s956ms)
02-22 14:51:34.736 I/Timeline( 2395): Timeline: Activity_windows_visible id: ActivityRecord{23dd195a u0 com.wanda.app.wanhui/com.feifan.o2o.business.launch.LauncherActivity t162} time:44927059
02-22 14:51:34.836 I/AccountManagerService( 2395): the accounts changed, sending broadcast of android.accounts.LOGIN_ACCOUNTS_CHANGED
02-22 14:51:34.846 D/ads-notify-fd5dfce4(  698): com.android.settings--->account change:  thread: main
02-22 14:51:34.846 D/AccountChangedReceiver( 7137): onReceive sender:android
02-22 14:51:34.866 E/PluginDataHelper(15067): installPlugins ellipse times:12
02-22 14:51:34.886 E/PluginDataHelper(15067): installPlugins ellipse times:16
02-22 14:51:34.886 I/AccountManagerService( 2395): the accounts changed, sending broadcast of android.accounts.LOGIN_ACCOUNTS_CHANGED
02-22 14:51:34.886 I/ContactsProvider( 5321): Accounts changed
02-22 14:51:34.886 E/Vold    (  306): Failed to find mounted volume for /storage/sdcard1/Android/data/com.wanda.app.wanhui/files/
02-22 14:51:34.886 W/Vold    (  306): Returning OperationFailed - no handler for errno 0
02-22 14:51:34.946 I/ActivityManager( 2395): Start proc 15375:com.xiaomi.gamecenter.sdk.service/u0a16 for broadcast com.xiaomi.gamecenter.sdk.service/.GlobalReceiver
02-22 14:51:34.966 D/ads-notify-fd5dfce4(  698): com.android.settings--->account change:  thread: main
02-22 14:51:34.966 E/GsmCellLocation Error(15067): GsmCellLocation is null
02-22 14:51:34.966 E/commonUtil(15067): imsi is null
02-22 14:51:35.006 I/XiaomiFirewall( 5196): firewall pkgName:com.wanda.app.wanhui, result:0x0
02-22 14:51:35.036 D/TidaProvider(15375): TidaProvider()
02-22 14:51:35.066 I/ContactsProvider( 5321): Accounts changed
02-22 14:51:35.086 V/WLAN_PSA(  366): NL MSG, len[4035], NL type[0x1C] WNI type[0x5900] len[43791]
02-22 14:51:35.086 V/WLAN_PSA(  366): NL MSG, PID: 366
02-22 14:51:35.106 I/ActivityManager( 2395): START u0 {cmp=com.wanda.app.wanhui/com.feifan.o2o.business.classic.activity.ClassicActivity (has extras)} from uid 10175 on display 0
02-22 14:51:35.116 V/WindowManager( 2395): addAppToken: AppWindowToken{3d2a172b token=Token{396a437a ActivityRecord{1e7f43a5 u0 com.wanda.app.wanhui/com.feifan.o2o.business.classic.activity.ClassicActivity t162}}} to stack=1 task=162 at 1
02-22 14:51:35.126 D/PowerKeeperEventLogManager( 5386): notifyForegroundCompomentChanged ComponentInfo{com.wanda.app.wanhui/com.feifan.o2o.business.classic.activity.ClassicActivity}
02-22 14:51:35.126 I/Timeline( 2395): Timeline: App_transition_ready time:44927442
02-22 14:51:35.156 E/commonUtil(15067): imsi is null
02-22 14:51:35.226 D/WifiService( 2395): New client listening to asynchronous messages
02-22 14:51:35.236 W/ActivityManager( 2395): getRunningAppProcesses: caller 10016 is using old GET_TASKS but privileged; allowing
02-22 14:51:35.276 I/SurfaceFlinger(  307): FPS: 41
02-22 14:51:35.376 E/UpgradeManager(15067): beforeUpgrade interceptor:com.feifan.o2o.ffcommon.upgrade.a$1@f11dc55
02-22 14:51:35.376 E/UpgradeConfig(15067): mUpgradeInterceptor beforeUpgrade
02-22 14:51:35.376 W/ActivityManager( 2395): getRunningAppProcesses: caller 10175 does not hold REAL_GET_TASKS; limiting output
02-22 14:51:35.516 W/ActivityManager( 2395): getRunningAppProcesses: caller 10175 does not hold REAL_GET_TASKS; limiting output
02-22 14:51:35.576 E/GsmCellLocation Error(15067): GsmCellLocation is null
02-22 14:51:35.586 E/commonUtil(15067): imsi is null
02-22 14:51:35.586 W/ActivityManager( 2395): getRunningAppProcesses: caller 10016 is using old GET_TASKS but privileged; allowing
02-22 14:51:35.596 D/ContactDirectoryManager( 5321): Found com.android.exchange.directory.provider
02-22 14:51:35.596 E/ijm     (15165): register ijm005 datapath=/data/data/ param=1 version=20161110 
02-22 14:51:35.636 I/ActivityManager( 2395): Start proc 15411:com.android.email/u0a44 for content provider com.android.email/com.kingsoft.exchange.provider.ExchangeDirectoryProvider
02-22 14:51:35.666 D/TidaProvider(15411): TidaProvider()
02-22 14:51:35.666 I/ActivityManager( 2395): Start proc 15433:com.xiaomi.channel.openservice/u0a117 for service com.xiaomi.channel/.gameService.GameService
02-22 14:51:35.676 D/GameServiceClient(15375): GameService::bindService
02-22 14:51:35.696 W/art     (15067): Suspending all threads took: 34.984ms
02-22 14:51:35.696 D/TidaProvider(15433): TidaProvider()
02-22 14:51:35.736 E/anti    (18454): anti once
02-22 14:51:35.756 D/miuisdk (15411): current sdk level is 6
02-22 14:51:35.756 I/        (15411): ARTPROXY OFFSET: method_entry_offset = 56
02-22 14:51:35.756 I/        (15411): ARTPROXY OFFSET: method_interpreter_entry_offset = 40
02-22 14:51:35.756 I/        (15411): ARTPROXY OFFSET: managed_stack_size = 32
02-22 14:51:35.756 I/        (15411): ARTPROXY OFFSET: thread_deliver_exception_entry_offset = 1008
02-22 14:51:35.756 I/        (15411): ARTPROXY OFFSET: thread_exception_offset = 128
02-22 14:51:35.756 I/        (15411): ARTPROXY OFFSET: method_code_size_offset = 4
02-22 14:51:35.766 I/art     (15067): Background sticky concurrent mark sweep GC freed 115885(7MB) AllocSpace objects, 1(16KB) LOS objects, 17% free, 26MB/32MB, paused 43.039ms total 227.592ms
02-22 14:51:35.766 W/PushService( 4842): 2017-02-22 14:51:35,777 - [WARN::PushService] - [Thread:76] JOB: Handle intent action = com.xiaomi.mipush.SEND_MESSAGE
02-22 14:51:35.776 V/WLAN_PSA(  366): NL MSG, len[048], NL type[0x11] WNI type[0x5050] len[028]
02-22 14:51:35.776 V/WLAN_PSA(  366): NL MSG, PID: 366
02-22 14:51:35.776 E/GsmCellLocation Error(15067): GsmCellLocation is null
02-22 14:51:35.786 E/commonUtil(15067): imsi is null
02-22 14:51:35.836 W/Metok_Tag( 5342): < metok_app > invalid network operator 
02-22 14:51:35.836 W/Metok_Tag( 5342): < metok_app > invalid network operator 
02-22 14:51:35.836 I/MultiDex(15433): VM with version 2.1.0 has multidex support
02-22 14:51:35.836 I/MultiDex(15433): install
02-22 14:51:35.836 I/MultiDex(15433): VM has multidex support, MultiDex support library is disabled.
02-22 14:51:35.866 I/MultiDex(15411): VM with version 2.1.0 has multidex support
02-22 14:51:35.866 I/MultiDex(15411): install
02-22 14:51:35.866 I/MultiDex(15411): VM has multidex support, MultiDex support library is disabled.
02-22 14:51:35.886 W/ActivityManager( 2395): Unable to start service Intent { pkg=com.android.email cmp=com.android.email/com.kingsoft.email.service.AttachmentDownloadService } U=0: not found
02-22 14:51:35.886 W/ActivityManager( 2395): Unable to start service Intent { pkg=com.android.email cmp=com.android.email/com.kingsoft.email.service.Pop3Service } U=0: not found
02-22 14:51:35.886 W/ActivityManager( 2395): Unable to start service Intent { pkg=com.android.email cmp=com.android.email/com.kingsoft.email.service.ImapService } U=0: not found
02-22 14:51:35.886 W/ActivityManager( 2395): Unable to start service Intent { pkg=com.android.email cmp=com.android.email/com.kingsoft.email.service.ImapPushService } U=0: not found
02-22 14:51:35.886 W/ActivityManager( 2395): Unable to start service Intent { pkg=com.android.email cmp=com.android.email/com.kingsoft.exchange.service.EmailSyncAdapterService } U=0: not found
02-22 14:51:35.896 W/ActivityManager( 2395): getRunningAppProcesses: caller 10044 does not hold REAL_GET_TASKS; limiting output
02-22 14:51:35.906 D/AccountChangedReceiver( 7137): onReceive sender:android
02-22 14:51:35.916 E/GsmCellLocation Error(15067): GsmCellLocation is null
02-22 14:51:35.926 I/Email   (15411): System accounts updated.
02-22 14:51:35.936 E/commonUtil(15067): imsi is null
02-22 14:51:35.976 V/xiaomi  (10821): [Thread:1] Don't send message before initialization succeeded!
02-22 14:51:35.976 W/ActivityManager( 2395): Unable to start service Intent { act=com.xiaomi.xmsf.push.ACCOUNT_CHANGE pkg=com.mipay.wallet } U=0: not found
02-22 14:51:35.976 W/ActivityManager( 2395): getRunningAppProcesses: caller 10175 does not hold REAL_GET_TASKS; limiting output
02-22 14:51:35.996 I/ContactDirectoryManager( 5321): deleted 0 stale rows which don't have any relevant directory
02-22 14:51:36.006 V/xiaomi  (10842): [Thread:4944] Don't cancel subscribe for 已登录 is unsubscribed
02-22 14:51:36.016 V/xiaomi  (10821): [Thread:1] Don't send message before initialization succeeded!
02-22 14:51:36.016 I/ThermalEngine(  370): Sensor:tsens_tz_sensor2:43000 mC
02-22 14:51:36.016 I/ThermalEngine(  370): Sensor:tsens_tz_sensor2:43000 mC
02-22 14:51:36.016 I/ThermalEngine(  370): Sensor:tsens_tz_sensor2:0 mC
02-22 14:51:36.016 W/ActivityManager( 2395): Unable to start service Intent { act=com.xiaomi.xmsf.push.ACCOUNT_CHANGE pkg=com.mipay.wallet } U=0: not found
02-22 14:51:36.026 E/MnsTracer(MiLinkSDK)(miliao)(15433): File Trace Level Changed = 63
02-22 14:51:36.026 E/MnsTracer(MiLinkSDK)(miliao)(15433): Logcat Trace Level Changed = 63
02-22 14:51:36.026 E/MiLinkServiceBinder(MiLinkSDK)(miliao)(15433): Client Protection Saved : 10004;704055;7.4.55;5005_1_android;miliao;com.xiaomi.channel;zh_CN;/miliao/logs/milink/;
02-22 14:51:36.056 V/xiaomi  (10842): [Thread:4944] Don't cancel subscribe for 已登录 is unsubscribed
02-22 14:51:36.126 E/GsmCellLocation Error(15067): GsmCellLocation is null
02-22 14:51:36.136 E/commonUtil(15067): imsi is null
02-22 14:51:36.156 I/ThermalEngine(  370): Sensor:tsens_tz_sensor2:43000 mC
02-22 14:51:36.156 I/ThermalEngine(  370): Sensor:tsens_tz_sensor2:43000 mC
02-22 14:51:36.156 I/ThermalEngine(  370): TM Id 'CHARGING_MONITOR' Sensor 'pop_mem' - alarm raised 1 at 43.0 degC
02-22 14:51:36.156 I/ThermalEngine(  370): Mitigation:Battery:1
02-22 14:51:36.176 E/commonUtil(15067): imsi is null
02-22 14:51:36.176 W/ActivityManager( 2395): getRunningAppProcesses: caller 10175 does not hold REAL_GET_TASKS; limiting output
02-22 14:51:36.196 I/ContactDirectoryManager( 5321): Discovered 0 contact directories in 887ms
02-22 14:51:36.226 W/ActivityManager( 2395): getRunningAppProcesses: caller 10175 does not hold REAL_GET_TASKS; limiting output
02-22 14:51:36.236 V/WindowManager( 2395): Adding window Window{3b0fc982 u0 com.wanda.app.wanhui/com.feifan.o2o.business.classic.activity.ClassicActivity} at 3 of 10 (after Window{2bbff528 u0 com.wanda.app.wanhui/com.feifan.o2o.business.launch.LauncherActivity})
02-22 14:51:36.246 W/ActivityManager( 2395): Unable to start service Intent { pkg=com.android.email cmp=com.android.email/com.kingsoft.email.service.Pop3Service } U=0: not found
02-22 14:51:36.246 W/ActivityManager( 2395): Unable to start service Intent { pkg=com.android.email cmp=com.android.email/com.kingsoft.email.service.ImapService } U=0: not found
02-22 14:51:36.246 W/ActivityManager( 2395): Unable to start service Intent { act=com.android.email.EXCHANGE_INTENT pkg=com.android.email cmp=com.android.email/com.kingsoft.exchange.service.EmailSyncAdapterService } U=0: not found
02-22 14:51:36.256 I/Email   (15411): System accounts updated.
02-22 14:51:36.256 W/ActivityManager( 2395): Unable to start service Intent { act=com.kingsoft.email.ACTION_IMAPPUSH_STOP pkg=com.android.email cmp=com.android.email/com.kingsoft.email.service.ImapPushService (has extras) } U=0: not found
02-22 14:51:36.266 E/UpgradeManager(15067): afterUpgrade checkType:0, confirmType:0
02-22 14:51:36.266 E/UpgradeManager(15067): afterUpgrade interceptor:com.feifan.o2o.ffcommon.upgrade.a$1@2d18df3c
02-22 14:51:36.266 E/UpgradeConfig(15067): mUpgradeInterceptor afterUpgrade
02-22 14:51:36.276 I/SurfaceFlinger(  307): FPS: 49
02-22 14:51:36.276 I/ContactsProvider( 5321): Accounts changed
02-22 14:51:36.276 W/ActivityManager( 2395): Unable to start service Intent { pkg=com.android.email cmp=com.android.email/com.kingsoft.email.service.Pop3Service } U=0: not found
02-22 14:51:36.276 W/ActivityManager( 2395): Unable to start service Intent { pkg=com.android.email cmp=com.android.email/com.kingsoft.email.service.ImapService } U=0: not found
02-22 14:51:36.276 W/ActivityManager( 2395): Unable to start service Intent { act=com.android.email.EXCHANGE_INTENT pkg=com.android.email cmp=com.android.email/com.kingsoft.exchange.service.EmailSyncAdapterService } U=0: not found
02-22 14:51:36.286 W/ActivityManager( 2395): Unable to start service Intent { act=com.kingsoft.email.ACTION_IMAPPUSH_STOP pkg=com.android.email cmp=com.android.email/com.kingsoft.email.service.ImapPushService (has extras) } U=0: not found
02-22 14:51:36.286 I/ActivityManager( 2395): Killing 11332:com.mfashiongallery.emag/u0a106 (adj 15): empty for 3110s
02-22 14:51:36.316 I/art     (15067): Background partial concurrent mark sweep GC freed 115350(6MB) AllocSpace objects, 2(49KB) LOS objects, 37% free, 27MB/43MB, paused 4.254ms total 184.448ms
02-22 14:51:36.376 W/ActivityManager( 2395): getRunningAppProcesses: caller 10117 does not hold REAL_GET_TASKS; limiting output
02-22 14:51:36.396 E/GsmCellLocation Error(15067): GsmCellLocation is null
02-22 14:51:36.396 I/Microlog.PropertyConfiguration(15433): Configure using the simple style (aka classic style)
02-22 14:51:36.396 I/Microlog.PropertyConfiguration(15433): Root level: DEBUG
02-22 14:51:36.396 I/Microlog.PropertyConfiguration(15433): Adding appender com.google.code.microlog4android.appender.FileAppender
02-22 14:51:36.396 E/commonUtil(15067): imsi is null
02-22 14:51:36.396 I/Microlog.PropertyConfiguration(15433): Adding appender com.google.code.microlog4android.appender.LogCatAppender
02-22 14:51:36.416 W/ActivityManager( 2395): getRunningAppProcesses: caller 10175 does not hold REAL_GET_TASKS; limiting output
02-22 14:51:36.466 E/commonUtil(15067): imsi is null
02-22 14:51:36.466 E/commonUtil(15067): imsi is null
02-22 14:51:36.466 E/commonUtil(15067): imsi is null
02-22 14:51:36.476 W/ActivityManager( 2395): getRunningAppProcesses: caller 10175 does not hold REAL_GET_TASKS; limiting output
02-22 14:51:36.486 D/Microlog(15433): Microlog 2:[DEBUG]-02-22 14:51:36 下午 [Process:15433][Thread:1] ChannelApplication onCreate() processName:com.xiaomi.channel.openservice, processId=15433
02-22 14:51:36.486 I/Microlog.FileAppender(15433): Closing the FileAppender
02-22 14:51:36.486 I/Timeline( 2395): Timeline: App_transition_ready time:44928805
02-22 14:51:36.496 W/ActivityManager( 2395): getRunningAppProcesses: caller 10175 does not hold REAL_GET_TASKS; limiting output
02-22 14:51:36.506 E/ijm     (15216): register ijm005 datapath=/data/data/ param=1 version=20161110 
02-22 14:51:36.526 D/GameServiceClient(15375): GameService::onServiceConnected
02-22 14:51:36.536 I/ContactsProvider( 5321): Accounts changed
02-22 14:51:36.686 E/test    (15165): level---- 100 voltage---4367
02-22 14:51:36.716 W/ActivityManager( 2395): getRunningAppProcesses: caller 10175 does not hold REAL_GET_TASKS; limiting output
02-22 14:51:36.746 W/art     (15216): Suspending all threads took: 11.788ms
02-22 14:51:36.756 E/anti    (18454): anti once
02-22 14:51:36.756 I/XiaomiFirewall( 5196): firewall pkgName:com.wanda.app.wanhui, result:0x0
02-22 14:51:36.756 W/ActivityManager( 2395): getRunningAppProcesses: caller 10175 does not hold REAL_GET_TASKS; limiting output
02-22 14:51:36.766 I/art     (15216): Background sticky concurrent mark sweep GC freed 32470(1700KB) AllocSpace objects, 7(112KB) LOS objects, 12% free, 11MB/13MB, paused 13.585ms total 59.235ms
02-22 14:51:36.796 E/commonUtil(15067): imsi is null
02-22 14:51:36.836 D/ContactDirectoryManager( 5321): Found com.android.exchange.directory.provider
02-22 14:51:36.836 W/BackupManagerService( 2395): dataChanged but no participant pkg='com.android.providers.settings' uid=10175
02-22 14:51:36.856 I/ContactDirectoryManager( 5321): deleted 0 stale rows which don't have any relevant directory
02-22 14:51:36.876 I/ContactDirectoryManager( 5321): Discovered 0 contact directories in 186ms
02-22 14:51:36.906 E/Vold    (  306): Failed to find mounted volume for /storage/sdcard1/Android/data/com.android.email/files/Ringtones/
02-22 14:51:36.906 W/Vold    (  306): Returning OperationFailed - no handler for errno 0
02-22 14:51:36.916 W/ContextImpl(15411): Failed to ensure directory: /storage/sdcard1/Android/data/com.android.email/files/Ringtones
02-22 14:51:36.966 W/ActivityManager( 2395): getRunningAppProcesses: caller 10175 does not hold REAL_GET_TASKS; limiting output
02-22 14:51:36.986 W/ActivityManager( 2395): getRunningAppProcesses: caller 10175 does not hold REAL_GET_TASKS; limiting output
02-22 14:51:36.986 D/WifiService( 2395): New client listening to asynchronous messages
02-22 14:51:36.996 I/XiaomiFirewall( 5196): firewall pkgName:com.wanda.app.wanhui, result:0x0
02-22 14:51:37.036 E/GsmCellLocation Error(15067): GsmCellLocation is null
02-22 14:51:37.036 E/GsmCellLocation Error(15067): GsmCellLocation is null
02-22 14:51:37.046 E/commonUtil(15067): imsi is null
02-22 14:51:37.046 E/commonUtil(15067): imsi is null
02-22 14:51:37.076 E/commonUtil(15067): imsi is null
02-22 14:51:37.076 E/GsmCellLocation Error(15067): GsmCellLocation is null
02-22 14:51:37.086 E/commonUtil(15067): imsi is null
02-22 14:51:37.126 E/GsmCellLocation Error(15067): GsmCellLocation is null
02-22 14:51:37.126 E/commonUtil(15067): imsi is null
02-22 14:51:37.206 W/ActivityManager( 2395): getRunningAppProcesses: caller 10175 does not hold REAL_GET_TASKS; limiting output
02-22 14:51:37.216 E/GsmCellLocation Error(15067): GsmCellLocation is null
02-22 14:51:37.216 E/commonUtil(15067): imsi is null
02-22 14:51:37.226 W/ActivityManager( 2395): getRunningAppProcesses: caller 10175 does not hold REAL_GET_TASKS; limiting output
02-22 14:51:37.236 W/ActivityManager( 2395): getRunningAppProcesses: caller 10175 does not hold REAL_GET_TASKS; limiting output
02-22 14:51:37.246 D/WifiService( 2395): New client listening to asynchronous messages
02-22 14:51:37.296 I/SurfaceFlinger(  307): FPS: 58
02-22 14:51:37.396 W/ActivityManager( 2395): getRunningAppProcesses: caller 10175 does not hold REAL_GET_TASKS; limiting output
02-22 14:51:37.416 E/test    (15216): level---- 100 voltage---4367
02-22 14:51:37.436 I/art     (15067): Background sticky concurrent mark sweep GC freed 189256(12MB) AllocSpace objects, 8(128KB) LOS objects, 19% free, 32MB/40MB, paused 4.499ms total 152.229ms
02-22 14:51:37.446 D/PhoneStatusBar( 4430): addNotification pkg=com.wanda.app.wanhui;basepkg=com.wanda.app.wanhui;id=537047673
02-22 14:51:37.466 W/ActivityManager( 2395): getRunningAppProcesses: caller 10175 does not hold REAL_GET_TASKS; limiting output
02-22 14:51:37.496 W/ProgressBarDelegate( 4430): Unknown Drawable subclass, src=android.graphics.drawable.ScaleDrawable@2637297c
02-22 14:51:37.496 W/ProgressBarDelegate( 4430): Unknown Drawable subclass, src=android.graphics.drawable.ScaleDrawable@2608a205
02-22 14:51:37.516 E/GsmCellLocation Error(15067): GsmCellLocation is null
02-22 14:51:37.516 E/commonUtil(15067): imsi is null
02-22 14:51:37.536 D/SizeAdaptiveLayout( 4430): com.android.internal.widget.SizeAdaptiveLayout{ae06667 V.E..... ......I. 0,0-0,0 #70800d9 com.android.systemui:id/adaptive}child view android.widget.FrameLayout{76f9a26 G.E..... ......I. 0,0-0,0 #1020335 android:id/status_bar_latest_event_content} measured out of bounds at 129px clamped to 130px
02-22 14:51:37.536 D/PhoneStatusBar( 4430): updateNotification pkg=com.wanda.app.wanhui;id=537047673
02-22 14:51:37.546 D/PhoneStatusBar( 4430): removeNotification key=android.os.Binder@271fca11 keyCode=656394769 old=StatusBarNotification(pkg=com.wanda.app.wanhui user=UserHandle{0} id=537047673 tag=null score=0 key=0|com.wanda.app.wanhui|537047673|null|10175: Notification(pri=0 contentView=com.wanda.app.wanhui/0x1090082 vibrate=null sound=null defaults=0x0 flags=0x62 color=0xff607d8b vis=PRIVATE))
02-22 14:51:37.626 I/TpnsWatchdog(15550): The android system version = 22
02-22 14:51:37.626 I/TpnsWatchdog(15550): The android system version = 22
02-22 14:51:37.626 I/TpnsWatchdog(15550): fork success with child pid = 15554
02-22 14:51:37.636 E/GsmCellLocation Error(15067): GsmCellLocation is null
02-22 14:51:37.646 E/commonUtil(15067): imsi is null
02-22 14:51:37.666 W/BackupManagerService( 2395): dataChanged but no participant pkg='com.android.providers.settings' uid=10175
02-22 14:51:37.706 W/BackupManagerService( 2395): dataChanged but no participant pkg='com.android.providers.settings' uid=10175
02-22 14:51:37.716 W/        (15556): [ColorAdjust] gammamode=2, cemode=10
02-22 14:51:37.716 W/        (15556): [ColorAdjust] temp_gammavalue=2, temp_cevalue=10
02-22 14:51:37.716 W/        (15556): [ColorAdjust] Don't setGamma!
02-22 14:51:37.716 W/        (15556): [ColorAdjust] Don't setCe!
02-22 14:51:37.736 W/        (15556): [ColorAdjust] Set temp_prefer temp_ce!
02-22 14:51:37.766 E/anti    (18454): anti once
02-22 14:51:37.776 W/art     (15067): Suspending all threads took: 5.572ms
02-22 14:51:37.816 I/art     (15067): Background sticky concurrent mark sweep GC freed 124072(6MB) AllocSpace objects, 2(108KB) LOS objects, 13% free, 34MB/40MB, paused 10.051ms total 110.218ms
02-22 14:51:37.946 E/commonUtil(15067): imsi is null
02-22 14:51:37.966 W/ActivityManager( 2395): getRunningAppProcesses: caller 10175 does not hold REAL_GET_TASKS; limiting output
02-22 14:51:38.056 I/Timeline( 2395): Timeline: App_transition_ready time:44930379
02-22 14:51:38.066 I/Timeline( 2395): Timeline: App_transition_ready time:44930382
02-22 14:51:38.066 W/BackupManagerService( 2395): dataChanged but no participant pkg='com.android.providers.settings' uid=10175
02-22 14:51:38.106 V/WLAN_PSA(  366): NL MSG, len[4040], NL type[0x1C] WNI type[0x5900] len[45071]
02-22 14:51:38.106 V/WLAN_PSA(  366): NL MSG, PID: 366
02-22 14:51:38.306 I/art     (15067): Background partial concurrent mark sweep GC freed 111066(5MB) AllocSpace objects, 4(284KB) LOS objects, 30% free, 36MB/52MB, paused 15.266ms total 284.448ms
02-22 14:51:38.316 I/SurfaceFlinger(  307): FPS: 57
02-22 14:51:38.336 I/Timeline( 2395): Timeline: App_transition_ready time:44930650
02-22 14:51:38.346 I/ActivityManager( 2395): Displayed com.wanda.app.wanhui/com.feifan.o2o.business.classic.activity.ClassicActivity: +3s221ms
02-22 14:51:38.346 I/AppiumUnicodeIME( 4641): onFinishInput
02-22 14:51:38.346 I/AppiumUnicodeIME( 4641): onStartInput
02-22 14:51:38.406 V/WindowManager( 2395): not Base app: Adding window Window{78d765c u0 com.wanda.app.wanhui/com.feifan.o2o.business.classic.activity.ClassicActivity} at 4 of 11
