02-22 13:59:34.456 D/qdlights( 2395): disable night mode:0
02-22 13:59:34.456 E/PPDaemon( 2395): DisplayConfigPPMode_float: strength select:0 ,local 0
02-22 13:59:34.486 D/PPDaemon( 2395): DisplayConfigPPMode_float: Mode:0 applied successfully
02-22 13:59:34.486 D/qdlights( 2395): persist.sys.display_eyecare:0
02-22 13:59:34.486 D/qdlights( 2395): disable night mode:0
02-22 13:59:34.486 E/PPDaemon( 2395): DisplayConfigPPMode_float: strength select:0 ,local 0
02-22 13:59:34.506 D/PPDaemon( 2395): DisplayConfigPPMode_float: Mode:0 applied successfully
02-22 13:59:34.506 D/qdlights( 2395): persist.sys.display_eyecare:0
02-22 13:59:34.506 D/qdlights( 2395): disable night mode:0
02-22 13:59:34.506 E/PPDaemon( 2395): DisplayConfigPPMode_float: strength select:0 ,local 0
02-22 13:59:34.526 D/PPDaemon( 2395): DisplayConfigPPMode_float: Mode:0 applied successfully
02-22 13:59:34.526 D/qdlights( 2395): persist.sys.display_eyecare:0
02-22 13:59:34.526 D/qdlights( 2395): disable night mode:0
02-22 13:59:34.526 E/PPDaemon( 2395): DisplayConfigPPMode_float: strength select:0 ,local 0
02-22 13:59:34.536 V/WLAN_PSA(  366): NL MSG, len[048], NL type[0x11] WNI type[0x5050] len[028]
02-22 13:59:34.536 V/WLAN_PSA(  366): NL MSG, PID: 366
02-22 13:59:34.536 D/PPDaemon( 2395): DisplayConfigPPMode_float: Mode:0 applied successfully
02-22 13:59:34.536 D/qdlights( 2395): persist.sys.display_eyecare:0
02-22 13:59:34.536 D/qdlights( 2395): disable night mode:0
02-22 13:59:34.536 E/PPDaemon( 2395): DisplayConfigPPMode_float: strength select:0 ,local 0
02-22 13:59:34.556 D/PPDaemon( 2395): DisplayConfigPPMode_float: Mode:0 applied successfully
02-22 13:59:34.556 D/qdlights( 2395): persist.sys.display_eyecare:0
02-22 13:59:34.556 D/qdlights( 2395): disable night mode:0
02-22 13:59:34.556 E/PPDaemon( 2395): DisplayConfigPPMode_float: strength select:0 ,local 0
02-22 13:59:34.576 D/PPDaemon( 2395): DisplayConfigPPMode_float: Mode:0 applied successfully
02-22 13:59:34.586 D/qdlights( 2395): persist.sys.display_eyecare:0
02-22 13:59:34.586 D/qdlights( 2395): disable night mode:0
02-22 13:59:34.586 E/PPDaemon( 2395): DisplayConfigPPMode_float: strength select:0 ,local 0
02-22 13:59:34.606 D/PPDaemon( 2395): DisplayConfigPPMode_float: Mode:0 applied successfully
02-22 13:59:34.606 D/qdlights( 2395): persist.sys.display_eyecare:0
02-22 13:59:34.606 D/qdlights( 2395): disable night mode:0
02-22 13:59:34.606 E/PPDaemon( 2395): DisplayConfigPPMode_float: strength select:0 ,local 0
02-22 13:59:34.626 D/PPDaemon( 2395): DisplayConfigPPMode_float: Mode:0 applied successfully
02-22 13:59:34.916 E/anti    (18454): anti once
02-22 13:59:35.046 I/AppiumUnicodeIME( 4641): onFinishInput
02-22 13:59:35.046 I/AppiumUnicodeIME( 4641): onStartInput
02-22 13:59:35.176 I/SurfaceFlinger(  307): FPS: 61
02-22 13:59:35.936 E/anti    (18454): anti once
02-22 13:59:36.186 I/SurfaceFlinger(  307): FPS: 61
02-22 13:59:36.306 W/        (11230): [ColorAdjust] gammamode=2, cemode=10
02-22 13:59:36.306 W/        (11230): [ColorAdjust] temp_gammavalue=2, temp_cevalue=10
02-22 13:59:36.306 W/        (11230): [ColorAdjust] Don't setGamma!
02-22 13:59:36.306 W/        (11230): [ColorAdjust] Don't setCe!
02-22 13:59:36.316 W/        (11230): [ColorAdjust] Set temp_prefer temp_ce!
02-22 13:59:36.436 I/QueryController( 9748): Matched selector: UiSelector[TEXT=] <<==>> [android.view.accessibility.AccessibilityNodeInfo@800d73d5; boundsInParent: Rect(0, 0 - 112, 33); boundsInScreen: Rect(34, 1028 - 146, 1061); packageName: com.wanda.app.wanhui; className: android.widget.TextView; text: ; error: null; maxTextLength: -1; contentDescription: null; viewIdResName: null; checkable: false; checked: false; focusable: false; focused: false; selected: false; clickable: false; longClickable: false; enabled: true; password: false; scrollable: false; actions: [AccessibilityAction: ACTION_SELECT - null, AccessibilityAction: ACTION_CLEAR_SELECTION - null, AccessibilityAction: ACTION_ACCESSIBILITY_FOCUS - null, AccessibilityAction: ACTION_NEXT_AT_MOVEMENT_GRANULARITY - null, AccessibilityAction: ACTION_PREVIOUS_AT_MOVEMENT_GRANULARITY - null, AccessibilityAction: ACTION_SET_SELECTION - null]]
02-22 13:59:36.906 I/QueryController( 9748): Matched selector: UiSelector[INSTANCE=0, RESOURCE_ID=com.wanda.app.wanhui:id/tv_licence_park_pay] <<==>> [android.view.accessibility.AccessibilityNodeInfo@800ebe2d; boundsInParent: Rect(0, 0 - 323, 90); boundsInScreen: Rect(198, 194 - 521, 284); packageName: com.wanda.app.wanhui; className: android.widget.TextView; text: QM9G29; error: null; maxTextLength: -1; contentDescription: null; viewIdResName: com.wanda.app.wanhui:id/tv_licence_park_pay; checkable: false; checked: false; focusable: false; focused: false; selected: false; clickable: false; longClickable: false; enabled: true; password: false; scrollable: false; actions: [AccessibilityAction: ACTION_SELECT - null, AccessibilityAction: ACTION_CLEAR_SELECTION - null, AccessibilityAction: ACTION_ACCESSIBILITY_FOCUS - null, AccessibilityAction: ACTION_NEXT_AT_MOVEMENT_GRANULARITY - null, AccessibilityAction: ACTION_PREVIOUS_AT_MOVEMENT_GRANULARITY - null, AccessibilityAction: ACTION_SET_SELECTION - null]]
02-22 13:59:36.946 E/anti    (18454): anti once
02-22 13:59:36.966 I/QueryController( 9748): Matched selector: UiSelector[INSTANCE=0, RESOURCE_ID=com.wanda.app.wanhui:id/tv_licence_park_pay] <<==>> [android.view.accessibility.AccessibilityNodeInfo@800ebe2d; boundsInParent: Rect(0, 0 - 323, 90); boundsInScreen: Rect(198, 194 - 521, 284); packageName: com.wanda.app.wanhui; className: android.widget.TextView; text: QM9G29; error: null; maxTextLength: -1; contentDescription: null; viewIdResName: com.wanda.app.wanhui:id/tv_licence_park_pay; checkable: false; checked: false; focusable: false; focused: false; selected: false; clickable: false; longClickable: false; enabled: true; password: false; scrollable: false; actions: [AccessibilityAction: ACTION_SELECT - null, AccessibilityAction: ACTION_CLEAR_SELECTION - null, AccessibilityAction: ACTION_ACCESSIBILITY_FOCUS - null, AccessibilityAction: ACTION_NEXT_AT_MOVEMENT_GRANULARITY - null, AccessibilityAction: ACTION_PREVIOUS_AT_MOVEMENT_GRANULARITY - null, AccessibilityAction: ACTION_SET_SELECTION - null]]
02-22 13:59:36.966 D/InteractionController( 9748): clickAndSync(359, 239)
02-22 13:59:37.176 E/commonUtil( 9786): imsi is null
02-22 13:59:37.206 I/SurfaceFlinger(  307): FPS: 60
02-22 13:59:37.906 I/QueryController( 9748): Matched selector: UiSelector[TEXT=] <<==>> [android.view.accessibility.AccessibilityNodeInfo@8011e544; boundsInParent: Rect(0, 0 - 160, 111); boundsInScreen: Rect(280, 496 - 440, 607); packageName: com.wanda.app.wanhui; className: android.widget.TextView; text: ; error: null; maxTextLength: -1; contentDescription: null; viewIdResName: com.wanda.app.wanhui:id/park_delete_license_tv; checkable: false; checked: false; focusable: false; focused: false; selected: false; clickable: false; longClickable: false; enabled: true; password: false; scrollable: false; actions: [AccessibilityAction: ACTION_SELECT - null, AccessibilityAction: ACTION_CLEAR_SELECTION - null, AccessibilityAction: ACTION_ACCESSIBILITY_FOCUS - null, AccessibilityAction: ACTION_NEXT_AT_MOVEMENT_GRANULARITY - null, AccessibilityAction: ACTION_PREVIOUS_AT_MOVEMENT_GRANULARITY - null, AccessibilityAction: ACTION_SET_SELECTION - null]]
02-22 13:59:37.956 E/anti    (18454): anti once
02-22 13:59:37.966 I/QueryController( 9748): Matched selector: UiSelector[TEXT=] <<==>> [android.view.accessibility.AccessibilityNodeInfo@8011e544; boundsInParent: Rect(0, 0 - 160, 111); boundsInScreen: Rect(280, 496 - 440, 607); packageName: com.wanda.app.wanhui; className: android.widget.TextView; text: ; error: null; maxTextLength: -1; contentDescription: null; viewIdResName: com.wanda.app.wanhui:id/park_delete_license_tv; checkable: false; checked: false; focusable: false; focused: false; selected: false; clickable: false; longClickable: false; enabled: true; password: false; scrollable: false; actions: [AccessibilityAction: ACTION_SELECT - null, AccessibilityAction: ACTION_CLEAR_SELECTION - null, AccessibilityAction: ACTION_ACCESSIBILITY_FOCUS - null, AccessibilityAction: ACTION_NEXT_AT_MOVEMENT_GRANULARITY - null, AccessibilityAction: ACTION_PREVIOUS_AT_MOVEMENT_GRANULARITY - null, AccessibilityAction: ACTION_SET_SELECTION - null]]
02-22 13:59:37.966 D/InteractionController( 9748): clickAndSync(360, 551)
02-22 13:59:38.096 E/commonUtil( 9786): imsi is null
02-22 13:59:38.106 I/XiaomiFirewall( 5196): firewall pkgName:com.wanda.app.wanhui, result:0x0
02-22 13:59:38.166 E/GsmCellLocation Error( 9786): GsmCellLocation is null
02-22 13:59:38.176 E/commonUtil( 9786): imsi is null
02-22 13:59:38.206 I/art     ( 9786): Background partial concurrent mark sweep GC freed 123296(5MB) AllocSpace objects, 49(4MB) LOS objects, 21% free, 59MB/75MB, paused 3.471ms total 179.299ms
02-22 13:59:38.206 E/commonUtil( 9786): imsi is null
02-22 13:59:38.226 I/SurfaceFlinger(  307): FPS: 59
02-22 13:59:38.226 I/AppiumUnicodeIME( 4641): onFinishInput
02-22 13:59:38.236 I/AppiumUnicodeIME( 4641): onStartInput
02-22 13:59:38.896 V/WLAN_PSA(  366): NL MSG, len[4060], NL type[0x1C] WNI type[0x5900] len[50191]
02-22 13:59:38.896 V/WLAN_PSA(  366): NL MSG, PID: 366
02-22 13:59:38.966 E/GsmCellLocation Error( 9786): GsmCellLocation is null
02-22 13:59:38.966 E/commonUtil( 9786): imsi is null
02-22 13:59:38.966 E/anti    (18454): anti once
02-22 13:59:39.036 E/GsmCellLocation Error( 9786): GsmCellLocation is null
02-22 13:59:39.046 E/commonUtil( 9786): imsi is null
02-22 13:59:39.076 I/AppiumUnicodeIME( 4641): onFinishInput
02-22 13:59:39.076 I/AppiumUnicodeIME( 4641): onStartInput
02-22 13:59:39.096 W/ActivityManager( 2395): getRunningAppProcesses: caller 10175 does not hold REAL_GET_TASKS; limiting output
02-22 13:59:39.096 I/ActivityManager( 2395): Killing 10359:com.mfashiongallery.emag/u0a106 (adj 15): empty for 625s
02-22 13:59:39.246 D/ConnectivityService( 2395): returning Blocked NetworkInfo for ifname=wlan0, uid=10122
02-22 13:59:39.276 E/GsmCellLocation Error( 9786): GsmCellLocation is null
02-22 13:59:39.276 E/commonUtil( 9786): imsi is null
02-22 13:59:39.326 I/SurfaceFlinger(  307): FPS: 49
02-22 13:59:39.346 W/ActivityManager( 2395): getRunningAppProcesses: caller 10122 does not hold REAL_GET_TASKS; limiting output
02-22 13:59:39.356 I/AppiumUnicodeIME( 4641): onFinishInput
02-22 13:59:39.356 I/AppiumUnicodeIME( 4641): onStartInput
02-22 13:59:39.546 V/WLAN_PSA(  366): NL MSG, len[048], NL type[0x11] WNI type[0x5050] len[028]
02-22 13:59:39.546 V/WLAN_PSA(  366): NL MSG, PID: 366
02-22 13:59:39.986 E/anti    (18454): anti once
02-22 13:59:40.776 I/QueryController( 9748): Matched selector: UiSelector[TEXT=] <<==>> [android.view.accessibility.AccessibilityNodeInfo@800d73d5; boundsInParent: Rect(0, 0 - 112, 33); boundsInScreen: Rect(34, 1010 - 146, 1043); packageName: com.wanda.app.wanhui; className: android.widget.TextView; text: ; error: null; maxTextLength: -1; contentDescription: null; viewIdResName: null; checkable: false; checked: false; focusable: false; focused: false; selected: false; clickable: false; longClickable: false; enabled: true; password: false; scrollable: false; actions: [AccessibilityAction: ACTION_SELECT - null, AccessibilityAction: ACTION_CLEAR_SELECTION - null, AccessibilityAction: ACTION_ACCESSIBILITY_FOCUS - null, AccessibilityAction: ACTION_NEXT_AT_MOVEMENT_GRANULARITY - null, AccessibilityAction: ACTION_PREVIOUS_AT_MOVEMENT_GRANULARITY - null, AccessibilityAction: ACTION_SET_SELECTION - null]]
02-22 13:59:40.846 I/SurfaceFlinger(  307): FPS: 55
02-22 13:59:40.996 E/anti    (18454): anti once
02-22 13:59:41.046 D/BatteryService( 2395): zhaoqf_sh batteryServices call state : 0 mPlugType : 2
02-22 13:59:41.046 D/BatteryService( 2395): Processing new values: chargerAcOnline=false, chargerUsbOnline=true, chargerWirelessOnline=false, batteryStatus=5, batteryHealth=2, batteryPresent=true, batteryLevel=100, batteryTechnology=Li-ion, batteryVoltage=4375, batteryTemperature=331, mBatteryLevelCritical=false, mPlugType=2
02-22 13:59:41.046 D/BatteryService( 2395): Sending ACTION_BATTERY_CHANGED.  level:100, scale:100, status:5, health:2, present:true, voltage: 4375, temperature: 331, technology: Li-ion, AC powered:false, USB powered:true, Wireless powered:false, icon:17303157, invalid charger:0
02-22 13:59:41.226 D/AndroidRuntime(11243): >>>>>> START com.android.internal.os.RuntimeInit uid 2000 <<<<<<
02-22 13:59:41.236 D/AndroidRuntime(11243): CheckJNI is OFF
02-22 13:59:41.326 W/        (11248): [ColorAdjust] gammamode=2, cemode=10
02-22 13:59:41.326 W/        (11248): [ColorAdjust] temp_gammavalue=2, temp_cevalue=10
02-22 13:59:41.326 W/        (11248): [ColorAdjust] Don't setGamma!
02-22 13:59:41.326 W/        (11248): [ColorAdjust] Don't setCe!
02-22 13:59:41.386 W/        (11248): [ColorAdjust] Set temp_prefer temp_ce!
02-22 13:59:41.516 D/AndroidRuntime(11243): Calling main entry com.android.commands.am.Am
02-22 13:59:41.526 D/AndroidRuntime(11243): Shutting down VM
02-22 13:59:42.016 E/anti    (18454): anti once
02-22 13:59:42.176 I/SurfaceFlinger(  307): FPS: 23
02-22 13:59:42.236 I/ServiceManager( 9694): Waiting for service AtCmdFwd...
02-22 13:59:43.026 E/anti    (18454): anti once
02-22 13:59:43.186 V/WLAN_PSA(  366): NL MSG, len[4078], NL type[0x1C] WNI type[0x5900] len[54799]
02-22 13:59:43.186 V/WLAN_PSA(  366): NL MSG, PID: 366
02-22 13:59:43.236 I/ServiceManager( 9694): Waiting for service AtCmdFwd...
02-22 13:59:43.936 I/SurfaceFlinger(  307): FPS: 3
