02-22 13:58:37.756 I/AccessibilityNodeInfoDumper( 9748): Skipping invisible child: android.view.accessibility.AccessibilityNodeInfo@8010a630; boundsInParent: Rect(0, 0 - 0, 112); boundsInScreen: Rect(720, 50 - 720, 162); packageName: com.wanda.app.wanhui; className: android.support.v7.widget.LinearLayoutCompat; text: null; error: null; maxTextLength: -1; contentDescription: null; viewIdResName: null; checkable: false; checked: false; focusable: false; focused: false; selected: false; clickable: false; longClickable: false; enabled: true; password: false; scrollable: false; actions: [AccessibilityAction: ACTION_SELECT - null, AccessibilityAction: ACTION_CLEAR_SELECTION - null, AccessibilityAction: ACTION_ACCESSIBILITY_FOCUS - null]
02-22 13:58:37.756 W/AccessibilityNodeInfoDumper( 9748): Fetch time: 7ms
02-22 13:58:37.826 I/SurfaceFlinger(  307): FPS: 3
02-22 13:58:38.186 E/anti    (18454): anti once
02-22 13:58:38.326 I/AccessibilityNodeInfoDumper( 9748): Skipping invisible child: android.view.accessibility.AccessibilityNodeInfo@8010b173; boundsInParent: Rect(0, 0 - 0, 0); boundsInScreen: Rect(720, 106 - 720, 106); packageName: com.wanda.app.wanhui; className: android.widget.LinearLayout; text: null; error: null; maxTextLength: -1; contentDescription: null; viewIdResName: com.wanda.app.wanhui:id/common_title_view_layout_right_container; checkable: false; checked: false; focusable: false; focused: false; selected: false; clickable: false; longClickable: false; enabled: true; password: false; scrollable: false; actions: [AccessibilityAction: ACTION_SELECT - null, AccessibilityAction: ACTION_CLEAR_SELECTION - null, AccessibilityAction: ACTION_ACCESSIBILITY_FOCUS - null]
02-22 13:58:38.326 I/AccessibilityNodeInfoDumper( 9748): Skipping invisible child: android.view.accessibility.AccessibilityNodeInfo@8010a630; boundsInParent: Rect(0, 0 - 0, 112); boundsInScreen: Rect(720, 50 - 720, 162); packageName: com.wanda.app.wanhui; className: android.support.v7.widget.LinearLayoutCompat; text: null; error: null; maxTextLength: -1; contentDescription: null; viewIdResName: null; checkable: false; checked: false; focusable: false; focused: false; selected: false; clickable: false; longClickable: false; enabled: true; password: false; scrollable: false; actions: [AccessibilityAction: ACTION_SELECT - null, AccessibilityAction: ACTION_CLEAR_SELECTION - null, AccessibilityAction: ACTION_ACCESSIBILITY_FOCUS - null]
02-22 13:58:38.336 W/AccessibilityNodeInfoDumper( 9748): Fetch time: 11ms
02-22 13:58:38.896 I/AccessibilityNodeInfoDumper( 9748): Skipping invisible child: android.view.accessibility.AccessibilityNodeInfo@8010b173; boundsInParent: Rect(0, 0 - 0, 0); boundsInScreen: Rect(720, 106 - 720, 106); packageName: com.wanda.app.wanhui; className: android.widget.LinearLayout; text: null; error: null; maxTextLength: -1; contentDescription: null; viewIdResName: com.wanda.app.wanhui:id/common_title_view_layout_right_container; checkable: false; checked: false; focusable: false; focused: false; selected: false; clickable: false; longClickable: false; enabled: true; password: false; scrollable: false; actions: [AccessibilityAction: ACTION_SELECT - null, AccessibilityAction: ACTION_CLEAR_SELECTION - null, AccessibilityAction: ACTION_ACCESSIBILITY_FOCUS - null]
02-22 13:58:38.896 I/AccessibilityNodeInfoDumper( 9748): Skipping invisible child: android.view.accessibility.AccessibilityNodeInfo@8010a630; boundsInParent: Rect(0, 0 - 0, 112); boundsInScreen: Rect(720, 50 - 720, 162); packageName: com.wanda.app.wanhui; className: android.support.v7.widget.LinearLayoutCompat; text: null; error: null; maxTextLength: -1; contentDescription: null; viewIdResName: null; checkable: false; checked: false; focusable: false; focused: false; selected: false; clickable: false; longClickable: false; enabled: true; password: false; scrollable: false; actions: [AccessibilityAction: ACTION_SELECT - null, AccessibilityAction: ACTION_CLEAR_SELECTION - null, AccessibilityAction: ACTION_ACCESSIBILITY_FOCUS - null]
02-22 13:58:38.896 W/AccessibilityNodeInfoDumper( 9748): Fetch time: 7ms
02-22 13:58:39.006 I/SurfaceFlinger(  307): FPS: 3
02-22 13:58:39.196 E/anti    (18454): anti once
02-22 13:58:39.246 D/ConnectivityService( 2395): returning Blocked NetworkInfo for ifname=wlan0, uid=10122
02-22 13:58:39.346 W/ActivityManager( 2395): getRunningAppProcesses: caller 10122 does not hold REAL_GET_TASKS; limiting output
02-22 13:58:39.426 V/WLAN_PSA(  366): NL MSG, len[048], NL type[0x11] WNI type[0x5050] len[028]
02-22 13:58:39.426 V/WLAN_PSA(  366): NL MSG, PID: 366
02-22 13:58:39.466 I/AccessibilityNodeInfoDumper( 9748): Skipping invisible child: android.view.accessibility.AccessibilityNodeInfo@8010b173; boundsInParent: Rect(0, 0 - 0, 0); boundsInScreen: Rect(720, 106 - 720, 106); packageName: com.wanda.app.wanhui; className: android.widget.LinearLayout; text: null; error: null; maxTextLength: -1; contentDescription: null; viewIdResName: com.wanda.app.wanhui:id/common_title_view_layout_right_container; checkable: false; checked: false; focusable: false; focused: false; selected: false; clickable: false; longClickable: false; enabled: true; password: false; scrollable: false; actions: [AccessibilityAction: ACTION_SELECT - null, AccessibilityAction: ACTION_CLEAR_SELECTION - null, AccessibilityAction: ACTION_ACCESSIBILITY_FOCUS - null]
02-22 13:58:39.466 I/AccessibilityNodeInfoDumper( 9748): Skipping invisible child: android.view.accessibility.AccessibilityNodeInfo@8010a630; boundsInParent: Rect(0, 0 - 0, 112); boundsInScreen: Rect(720, 50 - 720, 162); packageName: com.wanda.app.wanhui; className: android.support.v7.widget.LinearLayoutCompat; text: null; error: null; maxTextLength: -1; contentDescription: null; viewIdResName: null; checkable: false; checked: false; focusable: false; focused: false; selected: false; clickable: false; longClickable: false; enabled: true; password: false; scrollable: false; actions: [AccessibilityAction: ACTION_SELECT - null, AccessibilityAction: ACTION_CLEAR_SELECTION - null, AccessibilityAction: ACTION_ACCESSIBILITY_FOCUS - null]
02-22 13:58:39.476 W/AccessibilityNodeInfoDumper( 9748): Fetch time: 18ms
02-22 13:58:40.026 V/WLAN_PSA(  366): NL MSG, len[4057], NL type[0x1C] WNI type[0x5900] len[49423]
02-22 13:58:40.026 V/WLAN_PSA(  366): NL MSG, PID: 366
02-22 13:58:40.056 I/AccessibilityNodeInfoDumper( 9748): Skipping invisible child: android.view.accessibility.AccessibilityNodeInfo@8010b173; boundsInParent: Rect(0, 0 - 0, 0); boundsInScreen: Rect(720, 106 - 720, 106); packageName: com.wanda.app.wanhui; className: android.widget.LinearLayout; text: null; error: null; maxTextLength: -1; contentDescription: null; viewIdResName: com.wanda.app.wanhui:id/common_title_view_layout_right_container; checkable: false; checked: false; focusable: false; focused: false; selected: false; clickable: false; longClickable: false; enabled: true; password: false; scrollable: false; actions: [AccessibilityAction: ACTION_SELECT - null, AccessibilityAction: ACTION_CLEAR_SELECTION - null, AccessibilityAction: ACTION_ACCESSIBILITY_FOCUS - null]
02-22 13:58:40.056 I/AccessibilityNodeInfoDumper( 9748): Skipping invisible child: android.view.accessibility.AccessibilityNodeInfo@8010a630; boundsInParent: Rect(0, 0 - 0, 112); boundsInScreen: Rect(720, 50 - 720, 162); packageName: com.wanda.app.wanhui; className: android.support.v7.widget.LinearLayoutCompat; text: null; error: null; maxTextLength: -1; contentDescription: null; viewIdResName: null; checkable: false; checked: false; focusable: false; focused: false; selected: false; clickable: false; longClickable: false; enabled: true; password: false; scrollable: false; actions: [AccessibilityAction: ACTION_SELECT - null, AccessibilityAction: ACTION_CLEAR_SELECTION - null, AccessibilityAction: ACTION_ACCESSIBILITY_FOCUS - null]
02-22 13:58:40.056 W/AccessibilityNodeInfoDumper( 9748): Fetch time: 7ms
02-22 13:58:40.206 E/anti    (18454): anti once
02-22 13:58:40.446 I/SurfaceFlinger(  307): FPS: 4
02-22 13:58:40.606 I/AccessibilityNodeInfoDumper( 9748): Skipping invisible child: android.view.accessibility.AccessibilityNodeInfo@8010b173; boundsInParent: Rect(0, 0 - 0, 0); boundsInScreen: Rect(720, 106 - 720, 106); packageName: com.wanda.app.wanhui; className: android.widget.LinearLayout; text: null; error: null; maxTextLength: -1; contentDescription: null; viewIdResName: com.wanda.app.wanhui:id/common_title_view_layout_right_container; checkable: false; checked: false; focusable: false; focused: false; selected: false; clickable: false; longClickable: false; enabled: true; password: false; scrollable: false; actions: [AccessibilityAction: ACTION_SELECT - null, AccessibilityAction: ACTION_CLEAR_SELECTION - null, AccessibilityAction: ACTION_ACCESSIBILITY_FOCUS - null]
02-22 13:58:40.606 I/AccessibilityNodeInfoDumper( 9748): Skipping invisible child: android.view.accessibility.AccessibilityNodeInfo@8010a630; boundsInParent: Rect(0, 0 - 0, 112); boundsInScreen: Rect(720, 50 - 720, 162); packageName: com.wanda.app.wanhui; className: android.support.v7.widget.LinearLayoutCompat; text: null; error: null; maxTextLength: -1; contentDescription: null; viewIdResName: null; checkable: false; checked: false; focusable: false; focused: false; selected: false; clickable: false; longClickable: false; enabled: true; password: false; scrollable: false; actions: [AccessibilityAction: ACTION_SELECT - null, AccessibilityAction: ACTION_CLEAR_SELECTION - null, AccessibilityAction: ACTION_ACCESSIBILITY_FOCUS - null]
02-22 13:58:40.616 W/AccessibilityNodeInfoDumper( 9748): Fetch time: 8ms
02-22 13:58:40.946 W/        (11079): [ColorAdjust] gammamode=2, cemode=10
02-22 13:58:40.946 W/        (11079): [ColorAdjust] temp_gammavalue=2, temp_cevalue=10
02-22 13:58:40.946 W/        (11079): [ColorAdjust] Don't setGamma!
02-22 13:58:40.946 W/        (11079): [ColorAdjust] Don't setCe!
02-22 13:58:40.976 W/        (11079): [ColorAdjust] Set temp_prefer temp_ce!
02-22 13:58:41.176 I/AccessibilityNodeInfoDumper( 9748): Skipping invisible child: android.view.accessibility.AccessibilityNodeInfo@8010b173; boundsInParent: Rect(0, 0 - 0, 0); boundsInScreen: Rect(720, 106 - 720, 106); packageName: com.wanda.app.wanhui; className: android.widget.LinearLayout; text: null; error: null; maxTextLength: -1; contentDescription: null; viewIdResName: com.wanda.app.wanhui:id/common_title_view_layout_right_container; checkable: false; checked: false; focusable: false; focused: false; selected: false; clickable: false; longClickable: false; enabled: true; password: false; scrollable: false; actions: [AccessibilityAction: ACTION_SELECT - null, AccessibilityAction: ACTION_CLEAR_SELECTION - null, AccessibilityAction: ACTION_ACCESSIBILITY_FOCUS - null]
02-22 13:58:41.176 I/AccessibilityNodeInfoDumper( 9748): Skipping invisible child: android.view.accessibility.AccessibilityNodeInfo@8010a630; boundsInParent: Rect(0, 0 - 0, 112); boundsInScreen: Rect(720, 50 - 720, 162); packageName: com.wanda.app.wanhui; className: android.support.v7.widget.LinearLayoutCompat; text: null; error: null; maxTextLength: -1; contentDescription: null; viewIdResName: null; checkable: false; checked: false; focusable: false; focused: false; selected: false; clickable: false; longClickable: false; enabled: true; password: false; scrollable: false; actions: [AccessibilityAction: ACTION_SELECT - null, AccessibilityAction: ACTION_CLEAR_SELECTION - null, AccessibilityAction: ACTION_ACCESSIBILITY_FOCUS - null]
02-22 13:58:41.186 W/AccessibilityNodeInfoDumper( 9748): Fetch time: 8ms
02-22 13:58:41.236 E/anti    (18454): anti once
02-22 13:58:41.606 I/SurfaceFlinger(  307): FPS: 3
02-22 13:58:41.756 I/AccessibilityNodeInfoDumper( 9748): Skipping invisible child: android.view.accessibility.AccessibilityNodeInfo@8010b173; boundsInParent: Rect(0, 0 - 0, 0); boundsInScreen: Rect(720, 106 - 720, 106); packageName: com.wanda.app.wanhui; className: android.widget.LinearLayout; text: null; error: null; maxTextLength: -1; contentDescription: null; viewIdResName: com.wanda.app.wanhui:id/common_title_view_layout_right_container; checkable: false; checked: false; focusable: false; focused: false; selected: false; clickable: false; longClickable: false; enabled: true; password: false; scrollable: false; actions: [AccessibilityAction: ACTION_SELECT - null, AccessibilityAction: ACTION_CLEAR_SELECTION - null, AccessibilityAction: ACTION_ACCESSIBILITY_FOCUS - null]
02-22 13:58:41.756 I/AccessibilityNodeInfoDumper( 9748): Skipping invisible child: android.view.accessibility.AccessibilityNodeInfo@8010a630; boundsInParent: Rect(0, 0 - 0, 112); boundsInScreen: Rect(720, 50 - 720, 162); packageName: com.wanda.app.wanhui; className: android.support.v7.widget.LinearLayoutCompat; text: null; error: null; maxTextLength: -1; contentDescription: null; viewIdResName: null; checkable: false; checked: false; focusable: false; focused: false; selected: false; clickable: false; longClickable: false; enabled: true; password: false; scrollable: false; actions: [AccessibilityAction: ACTION_SELECT - null, AccessibilityAction: ACTION_CLEAR_SELECTION - null, AccessibilityAction: ACTION_ACCESSIBILITY_FOCUS - null]
02-22 13:58:41.766 W/AccessibilityNodeInfoDumper( 9748): Fetch time: 9ms
02-22 13:58:42.246 E/anti    (18454): anti once
02-22 13:58:42.316 I/AccessibilityNodeInfoDumper( 9748): Skipping invisible child: android.view.accessibility.AccessibilityNodeInfo@8010b173; boundsInParent: Rect(0, 0 - 0, 0); boundsInScreen: Rect(720, 106 - 720, 106); packageName: com.wanda.app.wanhui; className: android.widget.LinearLayout; text: null; error: null; maxTextLength: -1; contentDescription: null; viewIdResName: com.wanda.app.wanhui:id/common_title_view_layout_right_container; checkable: false; checked: false; focusable: false; focused: false; selected: false; clickable: false; longClickable: false; enabled: true; password: false; scrollable: false; actions: [AccessibilityAction: ACTION_SELECT - null, AccessibilityAction: ACTION_CLEAR_SELECTION - null, AccessibilityAction: ACTION_ACCESSIBILITY_FOCUS - null]
02-22 13:58:42.316 I/AccessibilityNodeInfoDumper( 9748): Skipping invisible child: android.view.accessibility.AccessibilityNodeInfo@8010a630; boundsInParent: Rect(0, 0 - 0, 112); boundsInScreen: Rect(720, 50 - 720, 162); packageName: com.wanda.app.wanhui; className: android.support.v7.widget.LinearLayoutCompat; text: null; error: null; maxTextLength: -1; contentDescription: null; viewIdResName: null; checkable: false; checked: false; focusable: false; focused: false; selected: false; clickable: false; longClickable: false; enabled: true; password: false; scrollable: false; actions: [AccessibilityAction: ACTION_SELECT - null, AccessibilityAction: ACTION_CLEAR_SELECTION - null, AccessibilityAction: ACTION_ACCESSIBILITY_FOCUS - null]
02-22 13:58:42.316 W/AccessibilityNodeInfoDumper( 9748): Fetch time: 8ms
02-22 13:58:42.626 I/SurfaceFlinger(  307): FPS: 3
02-22 13:58:42.666 D/BatteryService( 2395): Processing new values: chargerAcOnline=false, chargerUsbOnline=true, chargerWirelessOnline=false, batteryStatus=5, batteryHealth=2, batteryPresent=true, batteryLevel=100, batteryTechnology=Li-ion, batteryVoltage=4375, batteryTemperature=329, mBatteryLevelCritical=false, mPlugType=2
02-22 13:58:42.666 D/BatteryService( 2395): Sending ACTION_BATTERY_CHANGED.  level:100, scale:100, status:5, health:2, present:true, voltage: 4375, temperature: 329, technology: Li-ion, AC powered:false, USB powered:true, Wireless powered:false, icon:17303157, invalid charger:0
02-22 13:58:42.666 D/BatteryService( 2395): zhaoqf_sh batteryServices call state : 0 mPlugType : 2
02-22 13:58:42.876 I/AccessibilityNodeInfoDumper( 9748): Skipping invisible child: android.view.accessibility.AccessibilityNodeInfo@8010b173; boundsInParent: Rect(0, 0 - 0, 0); boundsInScreen: Rect(720, 106 - 720, 106); packageName: com.wanda.app.wanhui; className: android.widget.LinearLayout; text: null; error: null; maxTextLength: -1; contentDescription: null; viewIdResName: com.wanda.app.wanhui:id/common_title_view_layout_right_container; checkable: false; checked: false; focusable: false; focused: false; selected: false; clickable: false; longClickable: false; enabled: true; password: false; scrollable: false; actions: [AccessibilityAction: ACTION_SELECT - null, AccessibilityAction: ACTION_CLEAR_SELECTION - null, AccessibilityAction: ACTION_ACCESSIBILITY_FOCUS - null]
02-22 13:58:42.876 I/AccessibilityNodeInfoDumper( 9748): Skipping invisible child: android.view.accessibility.AccessibilityNodeInfo@8010a630; boundsInParent: Rect(0, 0 - 0, 112); boundsInScreen: Rect(720, 50 - 720, 162); packageName: com.wanda.app.wanhui; className: android.support.v7.widget.LinearLayoutCompat; text: null; error: null; maxTextLength: -1; contentDescription: null; viewIdResName: null; checkable: false; checked: false; focusable: false; focused: false; selected: false; clickable: false; longClickable: false; enabled: true; password: false; scrollable: false; actions: [AccessibilityAction: ACTION_SELECT - null, AccessibilityAction: ACTION_CLEAR_SELECTION - null, AccessibilityAction: ACTION_ACCESSIBILITY_FOCUS - null]
02-22 13:58:42.876 W/AccessibilityNodeInfoDumper( 9748): Fetch time: 8ms
02-22 13:58:43.256 E/anti    (18454): anti once
02-22 13:58:43.426 I/AccessibilityNodeInfoDumper( 9748): Skipping invisible child: android.view.accessibility.AccessibilityNodeInfo@8010b173; boundsInParent: Rect(0, 0 - 0, 0); boundsInScreen: Rect(720, 106 - 720, 106); packageName: com.wanda.app.wanhui; className: android.widget.LinearLayout; text: null; error: null; maxTextLength: -1; contentDescription: null; viewIdResName: com.wanda.app.wanhui:id/common_title_view_layout_right_container; checkable: false; checked: false; focusable: false; focused: false; selected: false; clickable: false; longClickable: false; enabled: true; password: false; scrollable: false; actions: [AccessibilityAction: ACTION_SELECT - null, AccessibilityAction: ACTION_CLEAR_SELECTION - null, AccessibilityAction: ACTION_ACCESSIBILITY_FOCUS - null]
02-22 13:58:43.426 I/AccessibilityNodeInfoDumper( 9748): Skipping invisible child: android.view.accessibility.AccessibilityNodeInfo@8010a630; boundsInParent: Rect(0, 0 - 0, 112); boundsInScreen: Rect(720, 50 - 720, 162); packageName: com.wanda.app.wanhui; className: android.support.v7.widget.LinearLayoutCompat; text: null; error: null; maxTextLength: -1; contentDescription: null; viewIdResName: null; checkable: false; checked: false; focusable: false; focused: false; selected: false; clickable: false; longClickable: false; enabled: true; password: false; scrollable: false; actions: [AccessibilityAction: ACTION_SELECT - null, AccessibilityAction: ACTION_CLEAR_SELECTION - null, AccessibilityAction: ACTION_ACCESSIBILITY_FOCUS - null]
02-22 13:58:43.446 W/AccessibilityNodeInfoDumper( 9748): Fetch time: 17ms
02-22 13:58:43.966 I/MSM-irqbalance(  555): Decided to move IRQ155 from CPU4 to CPU6
02-22 13:58:43.996 I/AccessibilityNodeInfoDumper( 9748): Skipping invisible child: android.view.accessibility.AccessibilityNodeInfo@8010b173; boundsInParent: Rect(0, 0 - 0, 0); boundsInScreen: Rect(720, 106 - 720, 106); packageName: com.wanda.app.wanhui; className: android.widget.LinearLayout; text: null; error: null; maxTextLength: -1; contentDescription: null; viewIdResName: com.wanda.app.wanhui:id/common_title_view_layout_right_container; checkable: false; checked: false; focusable: false; focused: false; selected: false; clickable: false; longClickable: false; enabled: true; password: false; scrollable: false; actions: [AccessibilityAction: ACTION_SELECT - null, AccessibilityAction: ACTION_CLEAR_SELECTION - null, AccessibilityAction: ACTION_ACCESSIBILITY_FOCUS - null]
02-22 13:58:43.996 I/AccessibilityNodeInfoDumper( 9748): Skipping invisible child: android.view.accessibility.AccessibilityNodeInfo@8010a630; boundsInParent: Rect(0, 0 - 0, 112); boundsInScreen: Rect(720, 50 - 720, 162); packageName: com.wanda.app.wanhui; className: android.support.v7.widget.LinearLayoutCompat; text: null; error: null; maxTextLength: -1; contentDescription: null; viewIdResName: null; checkable: false; checked: false; focusable: false; focused: false; selected: false; clickable: false; longClickable: false; enabled: true; password: false; scrollable: false; actions: [AccessibilityAction: ACTION_SELECT - null, AccessibilityAction: ACTION_CLEAR_SELECTION - null, AccessibilityAction: ACTION_ACCESSIBILITY_FOCUS - null]
02-22 13:58:43.996 W/AccessibilityNodeInfoDumper( 9748): Fetch time: 8ms
02-22 13:58:44.266 E/anti    (18454): anti once
02-22 13:58:44.436 V/WLAN_PSA(  366): NL MSG, len[048], NL type[0x11] WNI type[0x5050] len[028]
02-22 13:58:44.436 V/WLAN_PSA(  366): NL MSG, PID: 366
02-22 13:58:44.556 I/AccessibilityNodeInfoDumper( 9748): Skipping invisible child: android.view.accessibility.AccessibilityNodeInfo@8010b173; boundsInParent: Rect(0, 0 - 0, 0); boundsInScreen: Rect(720, 106 - 720, 106); packageName: com.wanda.app.wanhui; className: android.widget.LinearLayout; text: null; error: null; maxTextLength: -1; contentDescription: null; viewIdResName: com.wanda.app.wanhui:id/common_title_view_layout_right_container; checkable: false; checked: false; focusable: false; focused: false; selected: false; clickable: false; longClickable: false; enabled: true; password: false; scrollable: false; actions: [AccessibilityAction: ACTION_SELECT - null, AccessibilityAction: ACTION_CLEAR_SELECTION - null, AccessibilityAction: ACTION_ACCESSIBILITY_FOCUS - null]
02-22 13:58:44.556 I/AccessibilityNodeInfoDumper( 9748): Skipping invisible child: android.view.accessibility.AccessibilityNodeInfo@8010a630; boundsInParent: Rect(0, 0 - 0, 112); boundsInScreen: Rect(720, 50 - 720, 162); packageName: com.wanda.app.wanhui; className: android.support.v7.widget.LinearLayoutCompat; text: null; error: null; maxTextLength: -1; contentDescription: null; viewIdResName: null; checkable: false; checked: false; focusable: false; focused: false; selected: false; clickable: false; longClickable: false; enabled: true; password: false; scrollable: false; actions: [AccessibilityAction: ACTION_SELECT - null, AccessibilityAction: ACTION_CLEAR_SELECTION - null, AccessibilityAction: ACTION_ACCESSIBILITY_FOCUS - null]
02-22 13:58:44.556 W/AccessibilityNodeInfoDumper( 9748): Fetch time: 8ms
02-22 13:58:44.606 I/SurfaceFlinger(  307): FPS: 3
02-22 13:58:44.736 E/WifiStateMachine( 2395): WifiStateMachine CMD_START_SCAN source -2 txSuccessRate=2.44 rxSuccessRate=148.47 targetRoamBSSID=any RSSI=-42
02-22 13:58:45.116 I/AccessibilityNodeInfoDumper( 9748): Skipping invisible child: android.view.accessibility.AccessibilityNodeInfo@8010b173; boundsInParent: Rect(0, 0 - 0, 0); boundsInScreen: Rect(720, 106 - 720, 106); packageName: com.wanda.app.wanhui; className: android.widget.LinearLayout; text: null; error: null; maxTextLength: -1; contentDescription: null; viewIdResName: com.wanda.app.wanhui:id/common_title_view_layout_right_container; checkable: false; checked: false; focusable: false; focused: false; selected: false; clickable: false; longClickable: false; enabled: true; password: false; scrollable: false; actions: [AccessibilityAction: ACTION_SELECT - null, AccessibilityAction: ACTION_CLEAR_SELECTION - null, AccessibilityAction: ACTION_ACCESSIBILITY_FOCUS - null]
02-22 13:58:45.116 I/AccessibilityNodeInfoDumper( 9748): Skipping invisible child: android.view.accessibility.AccessibilityNodeInfo@8010a630; boundsInParent: Rect(0, 0 - 0, 112); boundsInScreen: Rect(720, 50 - 720, 162); packageName: com.wanda.app.wanhui; className: android.support.v7.widget.LinearLayoutCompat; text: null; error: null; maxTextLength: -1; contentDescription: null; viewIdResName: null; checkable: false; checked: false; focusable: false; focused: false; selected: false; clickable: false; longClickable: false; enabled: true; password: false; scrollable: false; actions: [AccessibilityAction: ACTION_SELECT - null, AccessibilityAction: ACTION_CLEAR_SELECTION - null, AccessibilityAction: ACTION_ACCESSIBILITY_FOCUS - null]
02-22 13:58:45.116 W/AccessibilityNodeInfoDumper( 9748): Fetch time: 12ms
02-22 13:58:45.276 E/anti    (18454): anti once
02-22 13:58:45.626 I/SurfaceFlinger(  307): FPS: 2
02-22 13:58:45.676 I/AccessibilityNodeInfoDumper( 9748): Skipping invisible child: android.view.accessibility.AccessibilityNodeInfo@8010b173; boundsInParent: Rect(0, 0 - 0, 0); boundsInScreen: Rect(720, 106 - 720, 106); packageName: com.wanda.app.wanhui; className: android.widget.LinearLayout; text: null; error: null; maxTextLength: -1; contentDescription: null; viewIdResName: com.wanda.app.wanhui:id/common_title_view_layout_right_container; checkable: false; checked: false; focusable: false; focused: false; selected: false; clickable: false; longClickable: false; enabled: true; password: false; scrollable: false; actions: [AccessibilityAction: ACTION_SELECT - null, AccessibilityAction: ACTION_CLEAR_SELECTION - null, AccessibilityAction: ACTION_ACCESSIBILITY_FOCUS - null]
02-22 13:58:45.676 I/AccessibilityNodeInfoDumper( 9748): Skipping invisible child: android.view.accessibility.AccessibilityNodeInfo@8010a630; boundsInParent: Rect(0, 0 - 0, 112); boundsInScreen: Rect(720, 50 - 720, 162); packageName: com.wanda.app.wanhui; className: android.support.v7.widget.LinearLayoutCompat; text: null; error: null; maxTextLength: -1; contentDescription: null; viewIdResName: null; checkable: false; checked: false; focusable: false; focused: false; selected: false; clickable: false; longClickable: false; enabled: true; password: false; scrollable: false; actions: [AccessibilityAction: ACTION_SELECT - null, AccessibilityAction: ACTION_CLEAR_SELECTION - null, AccessibilityAction: ACTION_ACCESSIBILITY_FOCUS - null]
02-22 13:58:45.686 W/AccessibilityNodeInfoDumper( 9748): Fetch time: 9ms
02-22 13:58:45.806 V/WLAN_PSA(  366): NL MSG, len[4082], NL type[0x1C] WNI type[0x5900] len[55823]
02-22 13:58:45.806 V/WLAN_PSA(  366): NL MSG, PID: 366
02-22 13:58:45.986 W/        (11090): [ColorAdjust] gammamode=2, cemode=10
02-22 13:58:45.986 W/        (11090): [ColorAdjust] temp_gammavalue=2, temp_cevalue=10
02-22 13:58:45.986 W/        (11090): [ColorAdjust] Don't setGamma!
02-22 13:58:45.986 W/        (11090): [ColorAdjust] Don't setCe!
02-22 13:58:46.016 W/        (11090): [ColorAdjust] Set temp_prefer temp_ce!
02-22 13:58:46.236 I/QueryController( 9748): Matched selector: UiSelector[TEXT=] <<==>> [android.view.accessibility.AccessibilityNodeInfo@801071a2; boundsInParent: Rect(524188, 0 - 524388, 47); boundsInScreen: Rect(260, 82 - 460, 129); packageName: com.wanda.app.wanhui; className: android.widget.TextView; text: ; error: null; maxTextLength: -1; contentDescription: null; viewIdResName: com.wanda.app.wanhui:id/common_title_view_layout_title; checkable: false; checked: false; focusable: false; focused: false; selected: false; clickable: false; longClickable: false; enabled: true; password: false; scrollable: false; actions: [AccessibilityAction: ACTION_SELECT - null, AccessibilityAction: ACTION_CLEAR_SELECTION - null, AccessibilityAction: ACTION_ACCESSIBILITY_FOCUS - null, AccessibilityAction: ACTION_NEXT_AT_MOVEMENT_GRANULARITY - null, AccessibilityAction: ACTION_PREVIOUS_AT_MOVEMENT_GRANULARITY - null, AccessibilityAction: ACTION_SET_SELECTION - null]]
02-22 13:58:46.246 D/BaseMiuiPhoneWindowManager( 2395): keyCode:4 down:true 41758561 41758561
02-22 13:58:46.246 I/AppiumUnicodeIME( 4641): onKeyDown (keyCode='4', event.keyCode='4', metaState='0')
02-22 13:58:46.246 D/BaseMiuiPhoneWindowManager( 2395): keyCode:4 down:false 41758561 41758561
02-22 13:58:46.256 I/AppiumUnicodeIME( 4641): onKeyUp (keyCode='4', event.keyCode='4', metaState='0')
02-22 13:58:46.276 D/PowerKeeperEventLogManager( 5386): notifyForegroundCompomentChanged ComponentInfo{com.wanda.app.wanhui/com.feifan.o2o.business.parking.activity.ParkActivity}
02-22 13:58:46.276 I/Timeline( 2395): Timeline: App_transition_ready time:41758595
02-22 13:58:46.296 I/AppiumUnicodeIME( 4641): onFinishInput
02-22 13:58:46.296 E/anti    (18454): anti once
02-22 13:58:46.296 I/AppiumUnicodeIME( 4641): onStartInput
02-22 13:58:46.436 I/Timeline( 2395): Timeline: App_transition_stopped time:41758751
02-22 13:58:46.436 W/SurfaceFlinger(  307): couldn't log to binary event log: overflow.
02-22 13:58:46.506 I/XiaomiFirewall( 5196): firewall pkgName:com.wanda.app.wanhui, result:0x0
02-22 13:58:46.636 I/SurfaceFlinger(  307): FPS: 23
02-22 13:58:47.306 E/anti    (18454): anti once
02-22 13:58:47.836 I/SurfaceFlinger(  307): FPS: 7
02-22 13:58:48.316 E/anti    (18454): anti once
02-22 13:58:48.356 I/art     ( 9786): Background sticky concurrent mark sweep GC freed 434692(14MB) AllocSpace objects, 0(0B) LOS objects, 12% free, 58MB/66MB, paused 2.443ms total 133.457ms
02-22 13:58:48.436 I/QueryController( 9748): Matched selector: UiSelector[TEXT=] <<==>> [android.view.accessibility.AccessibilityNodeInfo@800d7f18; boundsInParent: Rect(0, 0 - 56, 33); boundsInScreen: Rect(602, 1028 - 658, 1061); packageName: com.wanda.app.wanhui; className: android.widget.TextView; text: ; error: null; maxTextLength: -1; contentDescription: null; viewIdResName: com.wanda.app.wanhui:id/autofitTextView; checkable: false; checked: false; focusable: false; focused: false; selected: false; clickable: false; longClickable: false; enabled: true; password: false; scrollable: false; actions: [AccessibilityAction: ACTION_SELECT - null, AccessibilityAction: ACTION_CLEAR_SELECTION - null, AccessibilityAction: ACTION_ACCESSIBILITY_FOCUS - null, AccessibilityAction: ACTION_NEXT_AT_MOVEMENT_GRANULARITY - null, AccessibilityAction: ACTION_PREVIOUS_AT_MOVEMENT_GRANULARITY - null, AccessibilityAction: ACTION_SET_SELECTION - null]]
02-22 13:58:48.496 I/QueryController( 9748): Matched selector: UiSelector[TEXT=] <<==>> [android.view.accessibility.AccessibilityNodeInfo@800d7f18; boundsInParent: Rect(0, 0 - 56, 33); boundsInScreen: Rect(602, 1028 - 658, 1061); packageName: com.wanda.app.wanhui; className: android.widget.TextView; text: ; error: null; maxTextLength: -1; contentDescription: null; viewIdResName: com.wanda.app.wanhui:id/autofitTextView; checkable: false; checked: false; focusable: false; focused: false; selected: false; clickable: false; longClickable: false; enabled: true; password: false; scrollable: false; actions: [AccessibilityAction: ACTION_SELECT - null, AccessibilityAction: ACTION_CLEAR_SELECTION - null, AccessibilityAction: ACTION_ACCESSIBILITY_FOCUS - null, AccessibilityAction: ACTION_NEXT_AT_MOVEMENT_GRANULARITY - null, AccessibilityAction: ACTION_PREVIOUS_AT_MOVEMENT_GRANULARITY - null, AccessibilityAction: ACTION_SET_SELECTION - null]]
02-22 13:58:48.496 D/InteractionController( 9748): clickAndSync(630, 1044)
02-22 13:58:48.626 E/commonUtil( 9786): imsi is null
02-22 13:58:48.646 E/commonUtil( 9786): imsi is null
02-22 13:58:48.666 E/commonUtil( 9786): imsi is null
02-22 13:58:48.676 W/art     ( 9786): Attempt to remove local handle scope entry from IRT, ignoring
02-22 13:58:48.696 W/art     ( 9786): Attempt to remove local handle scope entry from IRT, ignoring
02-22 13:58:48.696 W/art     ( 9786): Attempt to remove local handle scope entry from IRT, ignoring
02-22 13:58:48.706 W/art     ( 9786): Attempt to remove local handle scope entry from IRT, ignoring
02-22 13:58:48.706 W/art     ( 9786): Attempt to remove local handle scope entry from IRT, ignoring
02-22 13:58:48.716 W/art     ( 9786): Attempt to remove local handle scope entry from IRT, ignoring
02-22 13:58:48.726 W/art     ( 9786): Attempt to remove local handle scope entry from IRT, ignoring
02-22 13:58:48.726 W/art     ( 9786): Attempt to remove local handle scope entry from IRT, ignoring
02-22 13:58:48.726 W/art     ( 9786): Attempt to remove local handle scope entry from IRT, ignoring
02-22 13:58:48.726 W/art     ( 9786): Attempt to remove local handle scope entry from IRT, ignoring
02-22 13:58:48.736 E/commonUtil( 9786): imsi is null
02-22 13:58:48.736 W/art     ( 9786): Attempt to remove local handle scope entry from IRT, ignoring
02-22 13:58:48.836 W/art     ( 9786): Attempt to remove local handle scope entry from IRT, ignoring
02-22 13:58:48.846 W/art     ( 9786): Attempt to remove local handle scope entry from IRT, ignoring
02-22 13:58:48.856 W/art     ( 9786): Attempt to remove local handle scope entry from IRT, ignoring
02-22 13:58:48.856 W/art     ( 9786): Attempt to remove local handle scope entry from IRT, ignoring
02-22 13:58:48.856 W/art     ( 9786): Attempt to remove local handle scope entry from IRT, ignoring
02-22 13:58:48.866 W/art     ( 9786): Attempt to remove local handle scope entry from IRT, ignoring
02-22 13:58:48.866 W/art     ( 9786): Attempt to remove local handle scope entry from IRT, ignoring
02-22 13:58:48.866 W/art     ( 9786): Attempt to remove local handle scope entry from IRT, ignoring
02-22 13:58:48.866 W/art     ( 9786): Attempt to remove local handle scope entry from IRT, ignoring
02-22 13:58:48.866 W/art     ( 9786): Attempt to remove local handle scope entry from IRT, ignoring
02-22 13:58:48.866 W/art     ( 9786): Attempt to remove local handle scope entry from IRT, ignoring
02-22 13:58:48.966 I/MSM-irqbalance(  555): Decided to move IRQ177 from CPU4 to CPU6
02-22 13:58:48.966 V/WLAN_PSA(  366): NL MSG, len[4080], NL type[0x1C] WNI type[0x5900] len[55311]
02-22 13:58:48.966 V/WLAN_PSA(  366): NL MSG, PID: 366
02-22 13:58:49.136 W/art     ( 9786): Attempt to remove local handle scope entry from IRT, ignoring
02-22 13:58:49.136 W/art     ( 9786): Attempt to remove local handle scope entry from IRT, ignoring
02-22 13:58:49.136 W/art     ( 9786): Attempt to remove local handle scope entry from IRT, ignoring
02-22 13:58:49.136 W/art     ( 9786): Attempt to remove local handle scope entry from IRT, ignoring
02-22 13:58:49.146 W/art     ( 9786): Attempt to remove local handle scope entry from IRT, ignoring
02-22 13:58:49.146 W/art     ( 9786): Attempt to remove local handle scope entry from IRT, ignoring
02-22 13:58:49.156 W/art     ( 9786): Attempt to remove local handle scope entry from IRT, ignoring
02-22 13:58:49.156 W/art     ( 9786): Attempt to remove local handle scope entry from IRT, ignoring
02-22 13:58:49.166 W/art     ( 9786): Attempt to remove local handle scope entry from IRT, ignoring
02-22 13:58:49.166 W/art     ( 9786): Attempt to remove local handle scope entry from IRT, ignoring
02-22 13:58:49.166 W/art     ( 9786): Attempt to remove local handle scope entry from IRT, ignoring
02-22 13:58:49.166 W/art     ( 9786): Attempt to remove local handle scope entry from IRT, ignoring
02-22 13:58:49.176 I/AppiumUnicodeIME( 4641): onFinishInput
02-22 13:58:49.176 I/AppiumUnicodeIME( 4641): onStartInput
02-22 13:58:49.186 I/SurfaceFlinger(  307): FPS: 4
02-22 13:58:49.236 W/art     ( 9786): Attempt to remove local handle scope entry from IRT, ignoring
02-22 13:58:49.346 E/anti    (18454): anti once
02-22 13:58:49.406 W/art     ( 9786): Attempt to remove local handle scope entry from IRT, ignoring
02-22 13:58:49.426 I/XiaomiFirewall( 5196): firewall pkgName:com.wanda.app.wanhui, result:0x0
02-22 13:58:49.446 V/WLAN_PSA(  366): NL MSG, len[048], NL type[0x11] WNI type[0x5050] len[028]
02-22 13:58:49.446 V/WLAN_PSA(  366): NL MSG, PID: 366
02-22 13:58:49.456 W/art     ( 9786): Attempt to remove local handle scope entry from IRT, ignoring
02-22 13:58:49.456 W/art     ( 9786): Attempt to remove local handle scope entry from IRT, ignoring
02-22 13:58:49.456 W/art     ( 9786): Attempt to remove local handle scope entry from IRT, ignoring
02-22 13:58:49.476 W/art     ( 9786): Attempt to remove local handle scope entry from IRT, ignoring
02-22 13:58:49.476 W/art     ( 9786): Attempt to remove local handle scope entry from IRT, ignoring
02-22 13:58:49.476 W/art     ( 9786): Attempt to remove local handle scope entry from IRT, ignoring
02-22 13:58:49.666 W/art     ( 9786): Attempt to remove local handle scope entry from IRT, ignoring
02-22 13:58:50.256 W/art     ( 9786): Attempt to remove local handle scope entry from IRT, ignoring
02-22 13:58:50.296 W/art     ( 9786): Attempt to remove local handle scope entry from IRT, ignoring
02-22 13:58:50.326 I/SurfaceFlinger(  307): FPS: 22
02-22 13:58:50.376 W/art     ( 9786): Attempt to remove local handle scope entry from IRT, ignoring
02-22 13:58:50.386 W/art     ( 9786): Attempt to remove local handle scope entry from IRT, ignoring
02-22 13:58:50.386 W/art     ( 9786): Attempt to remove local handle scope entry from IRT, ignoring
02-22 13:58:50.386 W/art     ( 9786): Attempt to remove local handle scope entry from IRT, ignoring
02-22 13:58:50.386 E/anti    (18454): anti once
02-22 13:58:50.406 W/art     ( 9786): Attempt to remove local handle scope entry from IRT, ignoring
02-22 13:58:50.406 W/art     ( 9786): Attempt to remove local handle scope entry from IRT, ignoring
02-22 13:58:50.406 W/art     ( 9786): Attempt to remove local handle scope entry from IRT, ignoring
02-22 13:58:50.406 W/art     ( 9786): Attempt to remove local handle scope entry from IRT, ignoring
02-22 13:58:50.406 W/art     ( 9786): Attempt to remove local handle scope entry from IRT, ignoring
02-22 13:58:50.416 W/art     ( 9786): Attempt to remove local handle scope entry from IRT, ignoring
02-22 13:58:50.446 W/art     ( 9786): Attempt to remove local handle scope entry from IRT, ignoring
02-22 13:58:50.446 W/art     ( 9786): Attempt to remove local handle scope entry from IRT, ignoring
02-22 13:58:50.446 W/art     ( 9786): Attempt to remove local handle scope entry from IRT, ignoring
02-22 13:58:50.446 W/art     ( 9786): Attempt to remove local handle scope entry from IRT, ignoring
02-22 13:58:50.466 W/art     ( 9786): Attempt to remove local handle scope entry from IRT, ignoring
02-22 13:58:50.466 W/art     ( 9786): Attempt to remove local handle scope entry from IRT, ignoring
02-22 13:58:50.466 W/art     ( 9786): Attempt to remove local handle scope entry from IRT, ignoring
02-22 13:58:50.476 W/art     ( 9786): Attempt to remove local handle scope entry from IRT, ignoring
02-22 13:58:50.476 W/art     ( 9786): Attempt to remove local handle scope entry from IRT, ignoring
02-22 13:58:50.476 W/art     ( 9786): Attempt to remove local handle scope entry from IRT, ignoring
02-22 13:58:50.476 W/art     ( 9786): Attempt to remove local handle scope entry from IRT, ignoring
02-22 13:58:50.476 W/art     ( 9786): Attempt to remove local handle scope entry from IRT, ignoring
02-22 13:58:50.476 W/art     ( 9786): Attempt to remove local handle scope entry from IRT, ignoring
02-22 13:58:50.516 W/art     ( 9786): Attempt to remove local handle scope entry from IRT, ignoring
02-22 13:58:50.516 W/art     ( 9786): Attempt to remove local handle scope entry from IRT, ignoring
02-22 13:58:50.516 W/art     ( 9786): Attempt to remove local handle scope entry from IRT, ignoring
02-22 13:58:50.526 W/art     ( 9786): Attempt to remove local handle scope entry from IRT, ignoring
02-22 13:58:50.526 W/art     ( 9786): Attempt to remove local handle scope entry from IRT, ignoring
02-22 13:58:50.526 W/art     ( 9786): Attempt to remove local handle scope entry from IRT, ignoring
02-22 13:58:50.526 W/art     ( 9786): Attempt to remove local handle scope entry from IRT, ignoring
02-22 13:58:50.526 W/art     ( 9786): Attempt to remove local handle scope entry from IRT, ignoring
02-22 13:58:50.526 W/art     ( 9786): Attempt to remove local handle scope entry from IRT, ignoring
02-22 13:58:51.026 W/        (11117): [ColorAdjust] gammamode=2, cemode=10
02-22 13:58:51.026 W/        (11117): [ColorAdjust] temp_gammavalue=2, temp_cevalue=10
02-22 13:58:51.026 W/        (11117): [ColorAdjust] Don't setGamma!
02-22 13:58:51.026 W/        (11117): [ColorAdjust] Don't setCe!
02-22 13:58:51.046 W/        (11117): [ColorAdjust] Set temp_prefer temp_ce!
02-22 13:58:51.206 I/AccessibilityNodeInfoDumper( 9748): Skipping invisible child: android.view.accessibility.AccessibilityNodeInfo@800e98a3; boundsInParent: Rect(0, 0 - 0, 33); boundsInScreen: Rect(720, 89 - 720, 122); packageName: com.wanda.app.wanhui; className: android.widget.LinearLayout; text: null; error: null; maxTextLength: -1; contentDescription: null; viewIdResName: com.wanda.app.wanhui:id/common_title_view_layout_right_container; checkable: false; checked: false; focusable: false; focused: false; selected: false; clickable: false; longClickable: false; enabled: true; password: false; scrollable: false; actions: [AccessibilityAction: ACTION_SELECT - null, AccessibilityAction: ACTION_CLEAR_SELECTION - null, AccessibilityAction: ACTION_ACCESSIBILITY_FOCUS - null]
02-22 13:58:51.226 I/AccessibilityNodeInfoDumper( 9748): Skipping invisible child: android.view.accessibility.AccessibilityNodeInfo@800e09fd; boundsInParent: Rect(0, 0 - 0, 112); boundsInScreen: Rect(720, 50 - 720, 162); packageName: com.wanda.app.wanhui; className: android.support.v7.widget.LinearLayoutCompat; text: null; error: null; maxTextLength: -1; contentDescription: null; viewIdResName: null; checkable: false; checked: false; focusable: false; focused: false; selected: false; clickable: false; longClickable: false; enabled: true; password: false; scrollable: false; actions: [AccessibilityAction: ACTION_SELECT - null, AccessibilityAction: ACTION_CLEAR_SELECTION - null, AccessibilityAction: ACTION_ACCESSIBILITY_FOCUS - null]
02-22 13:58:51.226 I/AccessibilityNodeInfoDumper( 9748): Skipping invisible child: android.view.accessibility.AccessibilityNodeInfo@800e0dbe; boundsInParent: Rect(0, 0 - 720, 130); boundsInScreen: Rect(0, 162 - 720, 162); packageName: com.wanda.app.wanhui; className: android.widget.LinearLayout; text: null; error: null; maxTextLength: -1; contentDescription: null; viewIdResName: null; checkable: false; checked: false; focusable: false; focused: false; selected: false; clickable: false; longClickable: false; enabled: true; password: false; scrollable: false; actions: [AccessibilityAction: ACTION_SELECT - null, AccessibilityAction: ACTION_CLEAR_SELECTION - null, AccessibilityAction: ACTION_ACCESSIBILITY_FOCUS - null]
02-22 13:58:51.246 W/art     ( 9786): Attempt to remove local handle scope entry from IRT, ignoring
02-22 13:58:51.246 I/AccessibilityNodeInfoDumper( 9748): Skipping invisible child: android.view.accessibility.AccessibilityNodeInfo@8010cf7a; boundsInParent: Rect(0, 0 - 720, 144); boundsInScreen: Rect(0, 737 - 0, 881); packageName: com.wanda.app.wanhui; className: android.widget.ImageView; text: null; error: null; maxTextLength: -1; contentDescription: null; viewIdResName: com.wanda.app.wanhui:id/film_gallery_item_poster; checkable: false; checked: false; focusable: false; focused: false; selected: false; clickable: true; longClickable: false; enabled: true; password: false; scrollable: false; actions: [AccessibilityAction: ACTION_SELECT - null, AccessibilityAction: ACTION_CLEAR_SELECTION - null, AccessibilityAction: ACTION_CLICK - null, AccessibilityAction: ACTION_ACCESSIBILITY_FOCUS - null]
02-22 13:58:51.246 I/AccessibilityNodeInfoDumper( 9748): Skipping invisible child: android.view.accessibility.AccessibilityNodeInfo@80110f4b; boundsInParent: Rect(0, 0 - 720, 144); boundsInScreen: Rect(720, 737 - 720, 881); packageName: com.wanda.app.wanhui; className: android.widget.ImageView; text: null; error: null; maxTextLength: -1; contentDescription: null; viewIdResName: com.wanda.app.wanhui:id/film_gallery_item_poster; checkable: false; checked: false; focusable: false; focused: false; selected: false; clickable: true; longClickable: false; enabled: true; password: false; scrollable: false; actions: [AccessibilityAction: ACTION_SELECT - null, AccessibilityAction: ACTION_CLEAR_SELECTION - null, AccessibilityAction: ACTION_CLICK - null, AccessibilityAction: ACTION_ACCESSIBILITY_FOCUS - null]
02-22 13:58:51.256 I/AccessibilityNodeInfoDumper( 9748): Skipping invisible child: android.view.accessibility.AccessibilityNodeInfo@800e3aca; boundsInParent: Rect(0, 0 - 720, 1); boundsInScreen: Rect(0, 1332 - 720, 1280); packageName: com.wanda.app.wanhui; className: android.view.View; text: null; error: null; maxTextLength: -1; contentDescription: null; viewIdResName: null; checkable: false; checked: false; focusable: false; focused: false; selected: false; clickable: false; longClickable: false; enabled: true; password: false; scrollable: false; actions: [AccessibilityAction: ACTION_SELECT - null, AccessibilityAction: ACTION_CLEAR_SELECTION - null, AccessibilityAction: ACTION_ACCESSIBILITY_FOCUS - null]
02-22 13:58:51.256 I/AccessibilityNodeInfoDumper( 9748): Skipping invisible child: android.view.accessibility.AccessibilityNodeInfo@800e3e8b; boundsInParent: Rect(0, 0 - 720, 921); boundsInScreen: Rect(0, 1333 - 720, 1280); packageName: com.wanda.app.wanhui; className: android.widget.FrameLayout; text: null; error: null; maxTextLength: -1; contentDescription: null; viewIdResName: com.wanda.app.wanhui:id/park_layout_near_plaza; checkable: false; checked: false; focusable: false; focused: false; selected: false; clickable: false; longClickable: false; enabled: true; password: false; scrollable: false; actions: [AccessibilityAction: ACTION_SELECT - null, AccessibilityAction: ACTION_CLEAR_SELECTION - null, AccessibilityAction: ACTION_ACCESSIBILITY_FOCUS - null]
02-22 13:58:51.256 I/AccessibilityNodeInfoDumper( 9748): Skipping invisible child: android.view.accessibility.AccessibilityNodeInfo@800df738; boundsInParent: Rect(0, 0 - 720, 0); boundsInScreen: Rect(0, 1280 - 720, 1280); packageName: com.wanda.app.wanhui; className: android.widget.LinearLayout; text: null; error: null; maxTextLength: -1; contentDescription: null; viewIdResName: com.wanda.app.wanhui:id/park_bottom_sheet_container; checkable: false; checked: false; focusable: false; focused: false; selected: false; clickable: false; longClickable: false; enabled: true; password: false; scrollable: false; actions: [AccessibilityAction: ACTION_SELECT - null, AccessibilityAction: ACTION_CLEAR_SELECTION - null, AccessibilityAction: ACTION_ACCESSIBILITY_FOCUS - null]
02-22 13:58:51.266 I/AccessibilityNodeInfoDumper( 9748): Skipping invisible child: android.view.accessibility.AccessibilityNodeInfo@80110408; boundsInParent: Rect(0, 0 - 0, 0); boundsInScreen: Rect(720, 106 - 720, 106); packageName: com.wanda.app.wanhui; className: android.widget.LinearLayout; text: null; error: null; maxTextLength: -1; contentDescription: null; viewIdResName: com.wanda.app.wanhui:id/common_title_view_layout_right_container; checkable: false; checked: false; focusable: false; focused: false; selected: false; clickable: false; longClickable: false; enabled: true; password: false; scrollable: false; actions: [AccessibilityAction: ACTION_SELECT - null, AccessibilityAction: ACTION_CLEAR_SELECTION - null, AccessibilityAction: ACTION_ACCESSIBILITY_FOCUS - null]
02-22 13:58:51.276 W/AccessibilityNodeInfoDumper( 9748): Fetch time: 88ms
02-22 13:58:51.396 E/anti    (18454): anti once
02-22 13:58:51.646 I/SurfaceFlinger(  307): FPS: 6
02-22 13:58:51.866 I/AccessibilityNodeInfoDumper( 9748): Skipping invisible child: android.view.accessibility.AccessibilityNodeInfo@800e98a3; boundsInParent: Rect(0, 0 - 0, 33); boundsInScreen: Rect(720, 89 - 720, 122); packageName: com.wanda.app.wanhui; className: android.widget.LinearLayout; text: null; error: null; maxTextLength: -1; contentDescription: null; viewIdResName: com.wanda.app.wanhui:id/common_title_view_layout_right_container; checkable: false; checked: false; focusable: false; focused: false; selected: false; clickable: false; longClickable: false; enabled: true; password: false; scrollable: false; actions: [AccessibilityAction: ACTION_SELECT - null, AccessibilityAction: ACTION_CLEAR_SELECTION - null, AccessibilityAction: ACTION_ACCESSIBILITY_FOCUS - null]
02-22 13:58:51.866 I/AccessibilityNodeInfoDumper( 9748): Skipping invisible child: android.view.accessibility.AccessibilityNodeInfo@800e09fd; boundsInParent: Rect(0, 0 - 0, 112); boundsInScreen: Rect(720, 50 - 720, 162); packageName: com.wanda.app.wanhui; className: android.support.v7.widget.LinearLayoutCompat; text: null; error: null; maxTextLength: -1; contentDescription: null; viewIdResName: null; checkable: false; checked: false; focusable: false; focused: false; selected: false; clickable: false; longClickable: false; enabled: true; password: false; scrollable: false; actions: [AccessibilityAction: ACTION_SELECT - null, AccessibilityAction: ACTION_CLEAR_SELECTION - null, AccessibilityAction: ACTION_ACCESSIBILITY_FOCUS - null]
02-22 13:58:51.876 I/AccessibilityNodeInfoDumper( 9748): Skipping invisible child: android.view.accessibility.AccessibilityNodeInfo@800e0dbe; boundsInParent: Rect(0, 0 - 720, 130); boundsInScreen: Rect(0, 162 - 720, 162); packageName: com.wanda.app.wanhui; className: android.widget.LinearLayout; text: null; error: null; maxTextLength: -1; contentDescription: null; viewIdResName: null; checkable: false; checked: false; focusable: false; focused: false; selected: false; clickable: false; longClickable: false; enabled: true; password: false; scrollable: false; actions: [AccessibilityAction: ACTION_SELECT - null, AccessibilityAction: ACTION_CLEAR_SELECTION - null, AccessibilityAction: ACTION_ACCESSIBILITY_FOCUS - null]
