--------- beginning of system
02-22 13:54:18.346 D/TaskPersister( 2395): removeObsoleteFile: deleting file=153_task.xml
02-22 13:54:18.616 W/ActivityManager( 2395): getRunningAppProcesses: caller 10175 does not hold REAL_GET_TASKS; limiting output
02-22 13:54:19.056 W/ActivityManager( 2395): getRunningAppProcesses: caller 10175 does not hold REAL_GET_TASKS; limiting output
02-22 13:54:19.066 W/ActivityManager( 2395): getRunningAppProcesses: caller 10175 does not hold REAL_GET_TASKS; limiting output
02-22 13:54:19.096 E/Vold    (  306): Failed to find mounted volume for /storage/sdcard1/Android/data/com.wanda.app.wanhui/files/
02-22 13:54:19.096 W/Vold    (  306): Returning OperationFailed - no handler for errno 0
02-22 13:54:19.106 E/Vold    (  306): Failed to find mounted volume for /storage/sdcard1/Android/data/com.wanda.app.wanhui/files/
02-22 13:54:19.106 W/Vold    (  306): Returning OperationFailed - no handler for errno 0
02-22 13:54:19.216 E/Vold    (  306): Failed to find mounted volume for /storage/sdcard1/Android/data/com.wanda.app.wanhui/files/
02-22 13:54:19.216 W/Vold    (  306): Returning OperationFailed - no handler for errno 0
02-22 13:54:19.226 E/Vold    (  306): Failed to find mounted volume for /storage/sdcard1/Android/data/com.wanda.app.wanhui/files/
02-22 13:54:19.226 W/Vold    (  306): Returning OperationFailed - no handler for errno 0
02-22 13:54:19.236 W/ActivityManager( 2395): getRunningAppProcesses: caller 10175 does not hold REAL_GET_TASKS; limiting output
02-22 13:54:19.246 D/ConnectivityService( 2395): returning Blocked NetworkInfo for ifname=wlan0, uid=10122
02-22 13:54:19.416 W/ActivityManager( 2395): getRunningAppProcesses: caller 10175 does not hold REAL_GET_TASKS; limiting output
02-22 13:54:19.436 D/WifiService( 2395): New client listening to asynchronous messages
02-22 13:54:19.656 I/ActivityManager( 2395): Start proc 9881:com.wanda.app.wanhui:xg_service_v2/u0a175 for service com.wanda.app.wanhui/com.tencent.android.tpush.service.XGPushService
02-22 13:54:20.056 W/ActivityManager( 2395): getRunningAppProcesses: caller 10175 does not hold REAL_GET_TASKS; limiting output
02-22 13:54:20.056 W/ActivityManager( 2395): getRunningAppProcesses: caller 10175 does not hold REAL_GET_TASKS; limiting output
02-22 13:54:20.076 W/ActivityManager( 2395): getRunningAppProcesses: caller 10175 does not hold REAL_GET_TASKS; limiting output
02-22 13:54:20.106 W/ActivityManager( 2395): getRunningAppProcesses: caller 10175 does not hold REAL_GET_TASKS; limiting output
02-22 13:54:20.146 I/ActivityManager( 2395): Start proc 9934:com.wanda.app.wanhui:QALSERVICE/u0a175 for service com.wanda.app.wanhui/com.tencent.qalsdk.service.QalService
02-22 13:54:20.276 W/ActivityManager( 2395): getRunningAppProcesses: caller 10175 does not hold REAL_GET_TASKS; limiting output
02-22 13:54:21.096 E/Vold    (  306): Failed to find mounted volume for /storage/sdcard1/Android/data/com.wanda.app.wanhui/files/
02-22 13:54:21.096 W/Vold    (  306): Returning OperationFailed - no handler for errno 0
02-22 13:54:21.116 E/Vold    (  306): Failed to find mounted volume for /storage/sdcard1/Android/data/com.wanda.app.wanhui/files/
02-22 13:54:21.116 W/Vold    (  306): Returning OperationFailed - no handler for errno 0
02-22 13:54:21.126 E/Vold    (  306): Failed to find mounted volume for /storage/sdcard1/Android/data/com.wanda.app.wanhui/files/
02-22 13:54:21.126 W/Vold    (  306): Returning OperationFailed - no handler for errno 0
02-22 13:54:21.176 D/LocationPolicy( 2395): [uid = 10108, op = 2] is blocked by location policy
02-22 13:54:21.176 D/WifiService( 2395): uid=10108 wifi scan blocked
02-22 13:54:21.546 E/ActivityThread( 9786): Failed to find provider info for com.google.settings
02-22 13:54:21.636 V/WindowManager( 2395): Adding window Window{29cfe925 u0 com.wanda.app.wanhui/com.feifan.o2o.business.launch.LauncherActivity} at 3 of 11 (before Window{1bbb861d u0 Starting com.wanda.app.wanhui})
02-22 13:54:21.766 I/ActivityManager( 2395): Start proc 10034:com.wanda.app.wanhui:remote/u0a175 for service com.wanda.app.wanhui/com.baidu.location.f
02-22 13:54:21.926 W/ActivityManager( 2395): getRunningAppProcesses: caller 10175 does not hold REAL_GET_TASKS; limiting output
02-22 13:54:22.046 W/ActivityManager( 2395): getRunningAppProcesses: caller 10175 does not hold REAL_GET_TASKS; limiting output
02-22 13:54:22.146 D/BatteryService( 2395): zhaoqf_sh batteryServices call state : 0 mPlugType : 2
02-22 13:54:22.146 D/BatteryService( 2395): Processing new values: chargerAcOnline=false, chargerUsbOnline=true, chargerWirelessOnline=false, batteryStatus=2, batteryHealth=2, batteryPresent=true, batteryLevel=100, batteryTechnology=Li-ion, batteryVoltage=4323, batteryTemperature=316, mBatteryLevelCritical=false, mPlugType=2
02-22 13:54:22.146 D/BatteryService( 2395): Sending ACTION_BATTERY_CHANGED.  level:100, scale:100, status:2, health:2, present:true, voltage: 4323, temperature: 316, technology: Li-ion, AC powered:false, USB powered:true, Wireless powered:false, icon:17303157, invalid charger:0
02-22 13:54:22.276 E/Vold    (  306): Failed to find mounted volume for /storage/sdcard1/Android/data/com.wanda.app.wanhui/files/
02-22 13:54:22.276 W/Vold    (  306): Returning OperationFailed - no handler for errno 0
02-22 13:54:22.336 I/ActivityManager( 2395): Activity reported stop, but no longer stopping: ActivityRecord{26d6492a u0 io.appium.unlock/.Unlock t157 f}
02-22 13:54:22.676 I/ActivityManager( 2395): START u0 {cmp=com.wanda.app.wanhui/com.feifan.o2o.business.classic.activity.ClassicActivity (has extras)} from uid 10175 on display 0
02-22 13:54:22.686 V/WindowManager( 2395): addAppToken: AppWindowToken{2077b376 token=Token{11b4c611 ActivityRecord{1ae46638 u0 com.wanda.app.wanhui/com.feifan.o2o.business.classic.activity.ClassicActivity t158}}} to stack=1 task=158 at 1
02-22 13:54:22.886 W/ActivityManager( 2395): getRunningAppProcesses: caller 10175 does not hold REAL_GET_TASKS; limiting output
02-22 13:54:23.106 W/ActivityManager( 2395): getRunningAppProcesses: caller 10175 does not hold REAL_GET_TASKS; limiting output
02-22 13:54:23.236 V/WindowManager( 2395): Adding window Window{9a12649 u0 com.wanda.app.wanhui/com.feifan.o2o.business.classic.activity.ClassicActivity} at 4 of 11 (after Window{29cfe925 u0 com.wanda.app.wanhui/com.feifan.o2o.business.launch.LauncherActivity})
02-22 13:54:23.916 W/ActivityManager( 2395): getRunningAppProcesses: caller 10175 does not hold REAL_GET_TASKS; limiting output
02-22 13:54:24.516 W/ActivityManager( 2395): getRunningAppProcesses: caller 10175 does not hold REAL_GET_TASKS; limiting output
02-22 13:54:24.526 W/ActivityManager( 2395): getRunningAppProcesses: caller 10175 does not hold REAL_GET_TASKS; limiting output
02-22 13:54:24.656 W/ActivityManager( 2395): getRunningAppProcesses: caller 10175 does not hold REAL_GET_TASKS; limiting output
02-22 13:54:24.696 W/ActivityManager( 2395): getRunningAppProcesses: caller 10175 does not hold REAL_GET_TASKS; limiting output
02-22 13:54:24.756 W/ActivityManager( 2395): getRunningAppProcesses: caller 10175 does not hold REAL_GET_TASKS; limiting output
02-22 13:54:24.766 W/ActivityManager( 2395): getRunningAppProcesses: caller 10175 does not hold REAL_GET_TASKS; limiting output
02-22 13:54:24.976 W/ActivityManager( 2395): getRunningAppProcesses: caller 10175 does not hold REAL_GET_TASKS; limiting output
02-22 13:54:25.006 W/ActivityManager( 2395): getRunningAppProcesses: caller 10175 does not hold REAL_GET_TASKS; limiting output
02-22 13:54:25.086 W/BackupManagerService( 2395): dataChanged but no participant pkg='com.android.providers.settings' uid=10175
02-22 13:54:25.156 W/ActivityManager( 2395): getRunningAppProcesses: caller 10175 does not hold REAL_GET_TASKS; limiting output
02-22 13:54:25.166 W/ActivityManager( 2395): getRunningAppProcesses: caller 10175 does not hold REAL_GET_TASKS; limiting output
02-22 13:54:25.186 D/WifiService( 2395): New client listening to asynchronous messages
02-22 13:54:25.316 V/WindowManager( 2395): not Base app: Adding window Window{2bb624d6 u0 com.wanda.app.wanhui/com.feifan.o2o.business.classic.activity.ClassicActivity} at 5 of 12
02-22 13:54:25.336 W/ActivityManager( 2395): getRunningAppProcesses: caller 10175 does not hold REAL_GET_TASKS; limiting output
02-22 13:54:25.356 W/ActivityManager( 2395): getRunningAppProcesses: caller 10175 does not hold REAL_GET_TASKS; limiting output
02-22 13:54:25.366 D/WifiService( 2395): New client listening to asynchronous messages
02-22 13:54:25.386 W/ActivityManager( 2395): getRunningAppProcesses: caller 10175 does not hold REAL_GET_TASKS; limiting output
02-22 13:54:25.556 W/ActivityManager( 2395): getRunningAppProcesses: caller 10175 does not hold REAL_GET_TASKS; limiting output
02-22 13:54:25.616 W/ActivityManager( 2395): getRunningAppProcesses: caller 10175 does not hold REAL_GET_TASKS; limiting output
02-22 13:54:25.796 W/BackupManagerService( 2395): dataChanged but no participant pkg='com.android.providers.settings' uid=10175
02-22 13:54:25.816 W/BackupManagerService( 2395): dataChanged but no participant pkg='com.android.providers.settings' uid=10175
02-22 13:54:26.196 W/ActivityManager( 2395): getRunningAppProcesses: caller 10175 does not hold REAL_GET_TASKS; limiting output
02-22 13:54:26.696 W/ActivityManager( 2395): getRunningAppProcesses: caller 10175 does not hold REAL_GET_TASKS; limiting output
02-22 13:54:26.706 W/ActivityManager( 2395): getRunningAppProcesses: caller 10175 does not hold REAL_GET_TASKS; limiting output
02-22 13:54:26.806 I/ActivityManager( 2395): Killing 6206:com.miui.video/u0a65 (adj 15): empty for 885s
02-22 13:54:26.886 W/ActivityManager( 2395): getRunningAppProcesses: caller 10175 does not hold REAL_GET_TASKS; limiting output
02-22 13:54:26.896 W/ActivityManager( 2395): getRunningAppProcesses: caller 10175 does not hold REAL_GET_TASKS; limiting output
02-22 13:54:26.926 E/Vold    (  306): Failed to find mounted volume for /storage/sdcard1/Android/data/com.wanda.app.wanhui/files/
02-22 13:54:26.926 W/Vold    (  306): Returning OperationFailed - no handler for errno 0
02-22 13:54:26.986 D/WifiService( 2395): New client listening to asynchronous messages
02-22 13:54:27.286 E/Vold    (  306): Failed to find mounted volume for /storage/sdcard1/Android/data/com.wanda.app.wanhui/files/
02-22 13:54:27.286 W/Vold    (  306): Returning OperationFailed - no handler for errno 0
02-22 13:54:29.136 W/ActivityManager( 2395): getRunningAppProcesses: caller 10170 does not hold REAL_GET_TASKS; limiting output
02-22 13:54:32.166 D/BatteryService( 2395): Processing new values: chargerAcOnline=false, chargerUsbOnline=true, chargerWirelessOnline=false, batteryStatus=2, batteryHealth=2, batteryPresent=true, batteryLevel=100, batteryTechnology=Li-ion, batteryVoltage=4370, batteryTemperature=316, mBatteryLevelCritical=false, mPlugType=2
02-22 13:54:32.166 D/BatteryService( 2395): zhaoqf_sh batteryServices call state : 0 mPlugType : 2
02-22 13:54:32.166 D/BatteryService( 2395): Sending ACTION_BATTERY_CHANGED.  level:100, scale:100, status:2, health:2, present:true, voltage: 4370, temperature: 316, technology: Li-ion, AC powered:false, USB powered:true, Wireless powered:false, icon:17303157, invalid charger:0
02-22 13:54:39.246 D/ConnectivityService( 2395): returning Blocked NetworkInfo for ifname=wlan0, uid=10122
02-22 13:54:39.346 W/ActivityManager( 2395): getRunningAppProcesses: caller 10122 does not hold REAL_GET_TASKS; limiting output
02-22 13:54:42.186 D/BatteryService( 2395): Processing new values: chargerAcOnline=false, chargerUsbOnline=true, chargerWirelessOnline=false, batteryStatus=2, batteryHealth=2, batteryPresent=true, batteryLevel=100, batteryTechnology=Li-ion, batteryVoltage=4382, batteryTemperature=318, mBatteryLevelCritical=false, mPlugType=2
02-22 13:54:42.186 D/BatteryService( 2395): Sending ACTION_BATTERY_CHANGED.  level:100, scale:100, status:2, health:2, present:true, voltage: 4382, temperature: 318, technology: Li-ion, AC powered:false, USB powered:true, Wireless powered:false, icon:17303157, invalid charger:0
02-22 13:54:42.186 D/BatteryService( 2395): zhaoqf_sh batteryServices call state : 0 mPlugType : 2
02-22 13:54:52.196 D/BatteryService( 2395): Processing new values: chargerAcOnline=false, chargerUsbOnline=true, chargerWirelessOnline=false, batteryStatus=2, batteryHealth=2, batteryPresent=true, batteryLevel=100, batteryTechnology=Li-ion, batteryVoltage=4381, batteryTemperature=319, mBatteryLevelCritical=false, mPlugType=2
02-22 13:54:52.206 D/BatteryService( 2395): Sending ACTION_BATTERY_CHANGED.  level:100, scale:100, status:2, health:2, present:true, voltage: 4381, temperature: 319, technology: Li-ion, AC powered:false, USB powered:true, Wireless powered:false, icon:17303157, invalid charger:0
02-22 13:54:52.206 D/BatteryService( 2395): zhaoqf_sh batteryServices call state : 0 mPlugType : 2
02-22 13:54:59.136 W/ActivityManager( 2395): getRunningAppProcesses: caller 10170 does not hold REAL_GET_TASKS; limiting output
02-22 13:54:59.246 D/ConnectivityService( 2395): returning Blocked NetworkInfo for ifname=wlan0, uid=10122
02-22 13:55:02.226 D/BatteryService( 2395): Processing new values: chargerAcOnline=false, chargerUsbOnline=true, chargerWirelessOnline=false, batteryStatus=2, batteryHealth=2, batteryPresent=true, batteryLevel=100, batteryTechnology=Li-ion, batteryVoltage=4389, batteryTemperature=320, mBatteryLevelCritical=false, mPlugType=2
02-22 13:55:02.226 D/BatteryService( 2395): Sending ACTION_BATTERY_CHANGED.  level:100, scale:100, status:2, health:2, present:true, voltage: 4389, temperature: 320, technology: Li-ion, AC powered:false, USB powered:true, Wireless powered:false, icon:17303157, invalid charger:0
02-22 13:55:02.226 D/BatteryService( 2395): zhaoqf_sh batteryServices call state : 0 mPlugType : 2
02-22 13:55:09.346 W/ActivityManager( 2395): getRunningAppProcesses: caller 10122 does not hold REAL_GET_TASKS; limiting output
02-22 13:55:09.576 W/ActivityManager( 2395): getRunningAppProcesses: caller 10175 does not hold REAL_GET_TASKS; limiting output
02-22 13:55:12.246 D/BatteryService( 2395): zhaoqf_sh batteryServices call state : 0 mPlugType : 2
02-22 13:55:12.246 D/BatteryService( 2395): Processing new values: chargerAcOnline=false, chargerUsbOnline=true, chargerWirelessOnline=false, batteryStatus=2, batteryHealth=2, batteryPresent=true, batteryLevel=100, batteryTechnology=Li-ion, batteryVoltage=4379, batteryTemperature=321, mBatteryLevelCritical=false, mPlugType=2
02-22 13:55:12.246 D/BatteryService( 2395): Sending ACTION_BATTERY_CHANGED.  level:100, scale:100, status:2, health:2, present:true, voltage: 4379, temperature: 321, technology: Li-ion, AC powered:false, USB powered:true, Wireless powered:false, icon:17303157, invalid charger:0
02-22 13:55:19.246 D/ConnectivityService( 2395): returning Blocked NetworkInfo for ifname=wlan0, uid=10122
02-22 13:55:22.266 D/BatteryService( 2395): Processing new values: chargerAcOnline=false, chargerUsbOnline=true, chargerWirelessOnline=false, batteryStatus=2, batteryHealth=2, batteryPresent=true, batteryLevel=100, batteryTechnology=Li-ion, batteryVoltage=4391, batteryTemperature=322, mBatteryLevelCritical=false, mPlugType=2
02-22 13:55:22.266 D/BatteryService( 2395): Sending ACTION_BATTERY_CHANGED.  level:100, scale:100, status:2, health:2, present:true, voltage: 4391, temperature: 322, technology: Li-ion, AC powered:false, USB powered:true, Wireless powered:false, icon:17303157, invalid charger:0
02-22 13:55:22.266 D/BatteryService( 2395): zhaoqf_sh batteryServices call state : 0 mPlugType : 2
02-22 13:55:22.466 V/LocationPolicy( 2395): writePolicyLocked()
02-22 13:55:29.136 W/ActivityManager( 2395): getRunningAppProcesses: caller 10170 does not hold REAL_GET_TASKS; limiting output
02-22 13:55:32.276 D/BatteryService( 2395): Processing new values: chargerAcOnline=false, chargerUsbOnline=true, chargerWirelessOnline=false, batteryStatus=2, batteryHealth=2, batteryPresent=true, batteryLevel=100, batteryTechnology=Li-ion, batteryVoltage=4384, batteryTemperature=322, mBatteryLevelCritical=false, mPlugType=2
02-22 13:55:32.286 D/BatteryService( 2395): zhaoqf_sh batteryServices call state : 0 mPlugType : 2
02-22 13:55:32.286 D/BatteryService( 2395): Sending ACTION_BATTERY_CHANGED.  level:100, scale:100, status:2, health:2, present:true, voltage: 4384, temperature: 322, technology: Li-ion, AC powered:false, USB powered:true, Wireless powered:false, icon:17303157, invalid charger:0
02-22 13:55:39.246 D/ConnectivityService( 2395): returning Blocked NetworkInfo for ifname=wlan0, uid=10122
02-22 13:55:39.346 W/ActivityManager( 2395): getRunningAppProcesses: caller 10122 does not hold REAL_GET_TASKS; limiting output
02-22 13:55:42.306 D/BatteryService( 2395): Processing new values: chargerAcOnline=false, chargerUsbOnline=true, chargerWirelessOnline=false, batteryStatus=2, batteryHealth=2, batteryPresent=true, batteryLevel=100, batteryTechnology=Li-ion, batteryVoltage=4383, batteryTemperature=323, mBatteryLevelCritical=false, mPlugType=2
02-22 13:55:42.306 D/BatteryService( 2395): Sending ACTION_BATTERY_CHANGED.  level:100, scale:100, status:2, health:2, present:true, voltage: 4383, temperature: 323, technology: Li-ion, AC powered:false, USB powered:true, Wireless powered:false, icon:17303157, invalid charger:0
02-22 13:55:42.306 D/BatteryService( 2395): zhaoqf_sh batteryServices call state : 0 mPlugType : 2
02-22 13:55:52.326 D/BatteryService( 2395): Processing new values: chargerAcOnline=false, chargerUsbOnline=true, chargerWirelessOnline=false, batteryStatus=2, batteryHealth=2, batteryPresent=true, batteryLevel=100, batteryTechnology=Li-ion, batteryVoltage=4390, batteryTemperature=323, mBatteryLevelCritical=false, mPlugType=2
02-22 13:55:52.326 D/BatteryService( 2395): Sending ACTION_BATTERY_CHANGED.  level:100, scale:100, status:2, health:2, present:true, voltage: 4390, temperature: 323, technology: Li-ion, AC powered:false, USB powered:true, Wireless powered:false, icon:17303157, invalid charger:0
02-22 13:55:52.326 D/BatteryService( 2395): zhaoqf_sh batteryServices call state : 0 mPlugType : 2
02-22 13:55:59.136 W/ActivityManager( 2395): getRunningAppProcesses: caller 10170 does not hold REAL_GET_TASKS; limiting output
02-22 13:55:59.246 D/ConnectivityService( 2395): returning Blocked NetworkInfo for ifname=wlan0, uid=10122
02-22 13:56:02.336 D/BatteryService( 2395): Processing new values: chargerAcOnline=false, chargerUsbOnline=true, chargerWirelessOnline=false, batteryStatus=2, batteryHealth=2, batteryPresent=true, batteryLevel=100, batteryTechnology=Li-ion, batteryVoltage=4381, batteryTemperature=324, mBatteryLevelCritical=false, mPlugType=2
02-22 13:56:02.346 D/BatteryService( 2395): Sending ACTION_BATTERY_CHANGED.  level:100, scale:100, status:2, health:2, present:true, voltage: 4381, temperature: 324, technology: Li-ion, AC powered:false, USB powered:true, Wireless powered:false, icon:17303157, invalid charger:0
02-22 13:56:02.346 D/BatteryService( 2395): zhaoqf_sh batteryServices call state : 0 mPlugType : 2
02-22 13:56:09.346 W/ActivityManager( 2395): getRunningAppProcesses: caller 10122 does not hold REAL_GET_TASKS; limiting output
02-22 13:56:12.366 D/BatteryService( 2395): Processing new values: chargerAcOnline=false, chargerUsbOnline=true, chargerWirelessOnline=false, batteryStatus=2, batteryHealth=2, batteryPresent=true, batteryLevel=100, batteryTechnology=Li-ion, batteryVoltage=4388, batteryTemperature=324, mBatteryLevelCritical=false, mPlugType=2
02-22 13:56:12.366 D/BatteryService( 2395): Sending ACTION_BATTERY_CHANGED.  level:100, scale:100, status:2, health:2, present:true, voltage: 4388, temperature: 324, technology: Li-ion, AC powered:false, USB powered:true, Wireless powered:false, icon:17303157, invalid charger:0
02-22 13:56:12.366 D/BatteryService( 2395): zhaoqf_sh batteryServices call state : 0 mPlugType : 2
02-22 13:56:19.246 D/ConnectivityService( 2395): returning Blocked NetworkInfo for ifname=wlan0, uid=10122
02-22 13:56:22.386 D/BatteryService( 2395): Processing new values: chargerAcOnline=false, chargerUsbOnline=true, chargerWirelessOnline=false, batteryStatus=2, batteryHealth=2, batteryPresent=true, batteryLevel=100, batteryTechnology=Li-ion, batteryVoltage=4389, batteryTemperature=324, mBatteryLevelCritical=false, mPlugType=2
02-22 13:56:22.386 D/BatteryService( 2395): Sending ACTION_BATTERY_CHANGED.  level:100, scale:100, status:2, health:2, present:true, voltage: 4389, temperature: 324, technology: Li-ion, AC powered:false, USB powered:true, Wireless powered:false, icon:17303157, invalid charger:0
02-22 13:56:22.386 D/BatteryService( 2395): zhaoqf_sh batteryServices call state : 0 mPlugType : 2
02-22 13:56:29.136 W/ActivityManager( 2395): getRunningAppProcesses: caller 10170 does not hold REAL_GET_TASKS; limiting output
02-22 13:56:32.406 D/BatteryService( 2395): Processing new values: chargerAcOnline=false, chargerUsbOnline=true, chargerWirelessOnline=false, batteryStatus=2, batteryHealth=2, batteryPresent=true, batteryLevel=100, batteryTechnology=Li-ion, batteryVoltage=4390, batteryTemperature=324, mBatteryLevelCritical=false, mPlugType=2
02-22 13:56:32.406 D/BatteryService( 2395): Sending ACTION_BATTERY_CHANGED.  level:100, scale:100, status:2, health:2, present:true, voltage: 4390, temperature: 324, technology: Li-ion, AC powered:false, USB powered:true, Wireless powered:false, icon:17303157, invalid charger:0
02-22 13:56:32.406 D/BatteryService( 2395): zhaoqf_sh batteryServices call state : 0 mPlugType : 2
02-22 13:56:39.246 D/ConnectivityService( 2395): returning Blocked NetworkInfo for ifname=wlan0, uid=10122
02-22 13:56:39.346 W/ActivityManager( 2395): getRunningAppProcesses: caller 10122 does not hold REAL_GET_TASKS; limiting output
02-22 13:56:42.426 D/BatteryService( 2395): zhaoqf_sh batteryServices call state : 0 mPlugType : 2
02-22 13:56:42.426 D/BatteryService( 2395): Processing new values: chargerAcOnline=false, chargerUsbOnline=true, chargerWirelessOnline=false, batteryStatus=2, batteryHealth=2, batteryPresent=true, batteryLevel=100, batteryTechnology=Li-ion, batteryVoltage=4396, batteryTemperature=325, mBatteryLevelCritical=false, mPlugType=2
02-22 13:56:42.426 D/BatteryService( 2395): Sending ACTION_BATTERY_CHANGED.  level:100, scale:100, status:2, health:2, present:true, voltage: 4396, temperature: 325, technology: Li-ion, AC powered:false, USB powered:true, Wireless powered:false, icon:17303157, invalid charger:0
02-22 13:56:52.446 D/BatteryService( 2395): Processing new values: chargerAcOnline=false, chargerUsbOnline=true, chargerWirelessOnline=false, batteryStatus=2, batteryHealth=2, batteryPresent=true, batteryLevel=100, batteryTechnology=Li-ion, batteryVoltage=4394, batteryTemperature=325, mBatteryLevelCritical=false, mPlugType=2
02-22 13:56:52.446 D/BatteryService( 2395): Sending ACTION_BATTERY_CHANGED.  level:100, scale:100, status:2, health:2, present:true, voltage: 4394, temperature: 325, technology: Li-ion, AC powered:false, USB powered:true, Wireless powered:false, icon:17303157, invalid charger:0
02-22 13:56:52.446 D/BatteryService( 2395): zhaoqf_sh batteryServices call state : 0 mPlugType : 2
02-22 13:56:59.136 W/ActivityManager( 2395): getRunningAppProcesses: caller 10170 does not hold REAL_GET_TASKS; limiting output
02-22 13:56:59.246 D/ConnectivityService( 2395): returning Blocked NetworkInfo for ifname=wlan0, uid=10122
02-22 13:57:00.036 I/ProcessStatsService( 2395): Prepared write state in 5ms
02-22 13:57:00.046 I/ProcessStatsService( 2395): Prepared write state in 5ms
02-22 13:57:02.456 D/BatteryService( 2395): Processing new values: chargerAcOnline=false, chargerUsbOnline=true, chargerWirelessOnline=false, batteryStatus=2, batteryHealth=2, batteryPresent=true, batteryLevel=100, batteryTechnology=Li-ion, batteryVoltage=4390, batteryTemperature=326, mBatteryLevelCritical=false, mPlugType=2
02-22 13:57:02.466 D/BatteryService( 2395): zhaoqf_sh batteryServices call state : 0 mPlugType : 2
02-22 13:57:02.466 D/BatteryService( 2395): Sending ACTION_BATTERY_CHANGED.  level:100, scale:100, status:2, health:2, present:true, voltage: 4390, temperature: 326, technology: Li-ion, AC powered:false, USB powered:true, Wireless powered:false, icon:17303157, invalid charger:0
02-22 13:57:09.346 W/ActivityManager( 2395): getRunningAppProcesses: caller 10122 does not hold REAL_GET_TASKS; limiting output
02-22 13:57:12.486 D/BatteryService( 2395): Processing new values: chargerAcOnline=false, chargerUsbOnline=true, chargerWirelessOnline=false, batteryStatus=2, batteryHealth=2, batteryPresent=true, batteryLevel=100, batteryTechnology=Li-ion, batteryVoltage=4392, batteryTemperature=326, mBatteryLevelCritical=false, mPlugType=2
02-22 13:57:12.486 D/BatteryService( 2395): Sending ACTION_BATTERY_CHANGED.  level:100, scale:100, status:2, health:2, present:true, voltage: 4392, temperature: 326, technology: Li-ion, AC powered:false, USB powered:true, Wireless powered:false, icon:17303157, invalid charger:0
02-22 13:57:12.486 D/BatteryService( 2395): zhaoqf_sh batteryServices call state : 0 mPlugType : 2
02-22 13:57:19.246 D/ConnectivityService( 2395): returning Blocked NetworkInfo for ifname=wlan0, uid=10122
02-22 13:57:22.506 D/BatteryService( 2395): Processing new values: chargerAcOnline=false, chargerUsbOnline=true, chargerWirelessOnline=false, batteryStatus=2, batteryHealth=2, batteryPresent=true, batteryLevel=100, batteryTechnology=Li-ion, batteryVoltage=4406, batteryTemperature=326, mBatteryLevelCritical=false, mPlugType=2
02-22 13:57:22.506 D/BatteryService( 2395): Sending ACTION_BATTERY_CHANGED.  level:100, scale:100, status:2, health:2, present:true, voltage: 4406, temperature: 326, technology: Li-ion, AC powered:false, USB powered:true, Wireless powered:false, icon:17303157, invalid charger:0
02-22 13:57:22.506 D/BatteryService( 2395): zhaoqf_sh batteryServices call state : 0 mPlugType : 2
02-22 13:57:29.136 W/ActivityManager( 2395): getRunningAppProcesses: caller 10170 does not hold REAL_GET_TASKS; limiting output
02-22 13:57:30.776 I/ActivityManager( 2395): START u0 {cmp=com.wanda.app.wanhui/com.feifan.account.activity.LoginActivity (has extras)} from uid 10175 on display 0
02-22 13:57:30.776 V/WindowManager( 2395): addAppToken: AppWindowToken{265f40d token=Token{391ddea4 ActivityRecord{d250937 u0 com.wanda.app.wanhui/com.feifan.account.activity.LoginActivity t158}}} to stack=1 task=158 at 1
02-22 13:57:31.016 V/WindowManager( 2395): Adding window Window{2eb701d3 u0 com.wanda.app.wanhui/com.feifan.account.activity.LoginActivity} at 4 of 11 (after Window{2bb624d6 u0 com.wanda.app.wanhui/com.feifan.o2o.business.classic.activity.ClassicActivity})
02-22 13:57:32.526 D/BatteryService( 2395): Processing new values: chargerAcOnline=false, chargerUsbOnline=true, chargerWirelessOnline=false, batteryStatus=2, batteryHealth=2, batteryPresent=true, batteryLevel=100, batteryTechnology=Li-ion, batteryVoltage=4381, batteryTemperature=326, mBatteryLevelCritical=false, mPlugType=2
02-22 13:57:32.526 D/BatteryService( 2395): Sending ACTION_BATTERY_CHANGED.  level:100, scale:100, status:2, health:2, present:true, voltage: 4381, temperature: 326, technology: Li-ion, AC powered:false, USB powered:true, Wireless powered:false, icon:17303157, invalid charger:0
02-22 13:57:32.526 D/BatteryService( 2395): zhaoqf_sh batteryServices call state : 0 mPlugType : 2
02-22 13:57:38.336 V/WindowManager( 2395): Adding window Window{3e7c5e3c u0 PopupWindow:3e767700} at 5 of 12 (after Window{2eb701d3 u0 com.wanda.app.wanhui/com.feifan.account.activity.LoginActivity})
02-22 13:57:39.246 D/ConnectivityService( 2395): returning Blocked NetworkInfo for ifname=wlan0, uid=10122
02-22 13:57:39.346 W/ActivityManager( 2395): getRunningAppProcesses: caller 10122 does not hold REAL_GET_TASKS; limiting output
02-22 13:57:40.856 V/WindowManager( 2395): Adding window Window{2d72d84b u0 PopupWindow:3e767700} at 5 of 12 (after Window{2eb701d3 u0 com.wanda.app.wanhui/com.feifan.account.activity.LoginActivity})
02-22 13:57:42.546 D/BatteryService( 2395): Processing new values: chargerAcOnline=false, chargerUsbOnline=true, chargerWirelessOnline=false, batteryStatus=2, batteryHealth=2, batteryPresent=true, batteryLevel=100, batteryTechnology=Li-ion, batteryVoltage=4371, batteryTemperature=326, mBatteryLevelCritical=false, mPlugType=2
02-22 13:57:42.546 D/BatteryService( 2395): Sending ACTION_BATTERY_CHANGED.  level:100, scale:100, status:2, health:2, present:true, voltage: 4371, temperature: 326, technology: Li-ion, AC powered:false, USB powered:true, Wireless powered:false, icon:17303157, invalid charger:0
02-22 13:57:42.546 D/BatteryService( 2395): zhaoqf_sh batteryServices call state : 0 mPlugType : 2
02-22 13:57:45.726 V/WindowManager( 2395): Adding window Window{3cad28e6 u0 PopupWindow:349da2c1} at 5 of 12 (after Window{2eb701d3 u0 com.wanda.app.wanhui/com.feifan.account.activity.LoginActivity})
02-22 13:57:52.566 D/BatteryService( 2395): Processing new values: chargerAcOnline=false, chargerUsbOnline=true, chargerWirelessOnline=false, batteryStatus=2, batteryHealth=2, batteryPresent=true, batteryLevel=100, batteryTechnology=Li-ion, batteryVoltage=4377, batteryTemperature=326, mBatteryLevelCritical=false, mPlugType=2
02-22 13:57:52.566 D/BatteryService( 2395): Sending ACTION_BATTERY_CHANGED.  level:100, scale:100, status:2, health:2, present:true, voltage: 4377, temperature: 326, technology: Li-ion, AC powered:false, USB powered:true, Wireless powered:false, icon:17303157, invalid charger:0
02-22 13:57:52.566 D/BatteryService( 2395): zhaoqf_sh batteryServices call state : 0 mPlugType : 2
02-22 13:57:54.386 I/ActivityManager( 2395): Start proc 10700:com.android.browser/u0a2 for broadcast com.android.browser/.AccountsChangedReceiver
02-22 13:57:54.656 W/ActivityManager( 2395): getRunningAppProcesses: caller 10002 is using old GET_TASKS but privileged; allowing
02-22 13:57:54.696 I/ActivityManager( 2395): Start proc 10732:com.xiaomi.gamecenter.sdk.service/u0a16 for broadcast com.xiaomi.gamecenter.sdk.service/.GlobalReceiver
02-22 13:57:54.756 I/ActivityManager( 2395): Start proc 10754:com.android.email/u0a44 for content provider com.android.email/com.kingsoft.exchange.provider.ExchangeDirectoryProvider
02-22 13:57:54.846 W/ActivityManager( 2395): getRunningAppProcesses: caller 10016 is using old GET_TASKS but privileged; allowing
02-22 13:57:54.866 D/WifiService( 2395): New client listening to asynchronous messages
02-22 13:57:55.216 W/ActivityManager( 2395): Unable to start service Intent { pkg=com.android.email cmp=com.android.email/com.kingsoft.email.service.AttachmentDownloadService } U=0: not found
02-22 13:57:55.216 W/ActivityManager( 2395): Unable to start service Intent { pkg=com.android.email cmp=com.android.email/com.kingsoft.email.service.Pop3Service } U=0: not found
02-22 13:57:55.216 W/ActivityManager( 2395): Unable to start service Intent { pkg=com.android.email cmp=com.android.email/com.kingsoft.email.service.ImapService } U=0: not found
02-22 13:57:55.216 W/ActivityManager( 2395): Unable to start service Intent { pkg=com.android.email cmp=com.android.email/com.kingsoft.email.service.ImapPushService } U=0: not found
02-22 13:57:55.216 W/ActivityManager( 2395): Unable to start service Intent { pkg=com.android.email cmp=com.android.email/com.kingsoft.exchange.service.EmailSyncAdapterService } U=0: not found
02-22 13:57:55.346 W/ActivityManager( 2395): getRunningAppProcesses: caller 10044 does not hold REAL_GET_TASKS; limiting output
02-22 13:57:55.356 W/ActivityManager( 2395): getRunningAppProcesses: caller 10016 is using old GET_TASKS but privileged; allowing
02-22 13:57:55.416 I/ActivityManager( 2395): Start proc 10797:com.xiaomi.channel.openservice/u0a117 for service com.xiaomi.channel/.gameService.GameService
02-22 13:57:55.566 I/ActivityManager( 2395): Start proc 10821:com.xiaomi.jr/u0a118 for service com.xiaomi.jr/.mipush.MIPushMessageService
02-22 13:57:55.566 W/ActivityManager( 2395): Unable to start service Intent { act=com.xiaomi.xmsf.push.ACCOUNT_CHANGE pkg=com.mipay.wallet } U=0: not found
02-22 13:57:55.596 I/ActivityManager( 2395): Start proc 10842:com.xiaomi.o2o/u0a104 for service com.xiaomi.o2o/.push.MIPushMessageService
02-22 13:57:56.276 W/ActivityManager( 2395): Unable to start service Intent { pkg=com.android.email cmp=com.android.email/com.kingsoft.email.service.Pop3Service } U=0: not found
02-22 13:57:56.276 W/ActivityManager( 2395): Unable to start service Intent { pkg=com.android.email cmp=com.android.email/com.kingsoft.email.service.ImapService } U=0: not found
02-22 13:57:56.286 W/ActivityManager( 2395): Unable to start service Intent { act=com.android.email.EXCHANGE_INTENT pkg=com.android.email cmp=com.android.email/com.kingsoft.exchange.service.EmailSyncAdapterService } U=0: not found
02-22 13:57:56.286 W/ActivityManager( 2395): Unable to start service Intent { act=com.kingsoft.email.ACTION_IMAPPUSH_STOP pkg=com.android.email cmp=com.android.email/com.kingsoft.email.service.ImapPushService (has extras) } U=0: not found
02-22 13:57:56.446 E/Vold    (  306): Failed to find mounted volume for /storage/sdcard1/Android/data/com.android.email/files/Ringtones/
02-22 13:57:56.446 W/Vold    (  306): Returning OperationFailed - no handler for errno 0
02-22 13:57:56.736 E/ActivityThread(10842): Failed to find provider info for com.google.settings
02-22 13:57:56.766 W/ActivityManager( 2395): getRunningAppProcesses: caller 10104 does not hold REAL_GET_TASKS; limiting output
02-22 13:57:56.986 W/ActivityManager( 2395): getRunningAppProcesses: caller 10117 does not hold REAL_GET_TASKS; limiting output
02-22 13:57:57.646 W/ActivityManager( 2395): getRunningAppProcesses: caller 10002 is using old GET_TASKS but privileged; allowing
02-22 13:57:58.566 W/BackupManagerService( 2395): dataChanged but no participant pkg='com.android.providers.settings' uid=10175
02-22 13:57:59.136 W/ActivityManager( 2395): getRunningAppProcesses: caller 10170 does not hold REAL_GET_TASKS; limiting output
02-22 13:57:59.246 D/ConnectivityService( 2395): returning Blocked NetworkInfo for ifname=wlan0, uid=10122
02-22 13:58:00.986 I/ActivityManager( 2395): START u0 {cmp=com.wanda.app.wanhui/com.feifan.o2o.business.parking.activity.ParkActivity (has extras)} from uid 10175 on display 0
02-22 13:58:00.996 V/WindowManager( 2395): addAppToken: AppWindowToken{2d035e2 token=Token{6655ead ActivityRecord{1163cfc4 u0 com.wanda.app.wanhui/com.feifan.o2o.business.parking.activity.ParkActivity t158}}} to stack=1 task=158 at 1
02-22 13:58:01.376 V/WindowManager( 2395): Adding window Window{18b02430 u0 com.wanda.app.wanhui/com.feifan.o2o.business.parking.activity.ParkActivity} at 4 of 11 (after Window{2bb624d6 u0 com.wanda.app.wanhui/com.feifan.o2o.business.classic.activity.ClassicActivity})
02-22 13:58:02.586 D/BatteryService( 2395): Processing new values: chargerAcOnline=false, chargerUsbOnline=true, chargerWirelessOnline=false, batteryStatus=2, batteryHealth=2, batteryPresent=true, batteryLevel=100, batteryTechnology=Li-ion, batteryVoltage=4336, batteryTemperature=328, mBatteryLevelCritical=false, mPlugType=2
02-22 13:58:02.586 D/BatteryService( 2395): Sending ACTION_BATTERY_CHANGED.  level:100, scale:100, status:2, health:2, present:true, voltage: 4336, temperature: 328, technology: Li-ion, AC powered:false, USB powered:true, Wireless powered:false, icon:17303157, invalid charger:0
02-22 13:58:02.586 D/BatteryService( 2395): zhaoqf_sh batteryServices call state : 0 mPlugType : 2
02-22 13:58:09.346 W/ActivityManager( 2395): getRunningAppProcesses: caller 10122 does not hold REAL_GET_TASKS; limiting output
02-22 13:58:12.606 D/BatteryService( 2395): Processing new values: chargerAcOnline=false, chargerUsbOnline=true, chargerWirelessOnline=false, batteryStatus=2, batteryHealth=2, batteryPresent=true, batteryLevel=100, batteryTechnology=Li-ion, batteryVoltage=4379, batteryTemperature=328, mBatteryLevelCritical=false, mPlugType=2
02-22 13:58:12.606 D/BatteryService( 2395): Sending ACTION_BATTERY_CHANGED.  level:100, scale:100, status:2, health:2, present:true, voltage: 4379, temperature: 328, technology: Li-ion, AC powered:false, USB powered:true, Wireless powered:false, icon:17303157, invalid charger:0
02-22 13:58:12.606 D/BatteryService( 2395): zhaoqf_sh batteryServices call state : 0 mPlugType : 2
02-22 13:58:19.246 D/ConnectivityService( 2395): returning Blocked NetworkInfo for ifname=wlan0, uid=10122
02-22 13:58:19.886 D/BatteryService( 2395): Processing new values: chargerAcOnline=false, chargerUsbOnline=true, chargerWirelessOnline=false, batteryStatus=5, batteryHealth=2, batteryPresent=true, batteryLevel=100, batteryTechnology=Li-ion, batteryVoltage=4379, batteryTemperature=328, mBatteryLevelCritical=false, mPlugType=2
02-22 13:58:19.886 D/BatteryService( 2395): zhaoqf_sh batteryServices call state : 0 mPlugType : 2
02-22 13:58:19.886 D/BatteryService( 2395): Sending ACTION_BATTERY_CHANGED.  level:100, scale:100, status:5, health:2, present:true, voltage: 4379, temperature: 328, technology: Li-ion, AC powered:false, USB powered:true, Wireless powered:false, icon:17303157, invalid charger:0
02-22 13:58:20.006 D/BatteryService( 2395): Processing new values: chargerAcOnline=false, chargerUsbOnline=true, chargerWirelessOnline=false, batteryStatus=5, batteryHealth=2, batteryPresent=true, batteryLevel=100, batteryTechnology=Li-ion, batteryVoltage=4379, batteryTemperature=328, mBatteryLevelCritical=false, mPlugType=2
02-22 13:58:20.006 D/BatteryService( 2395): zhaoqf_sh batteryServices call state : 0 mPlugType : 2
02-22 13:58:22.626 D/BatteryService( 2395): Processing new values: chargerAcOnline=false, chargerUsbOnline=true, chargerWirelessOnline=false, batteryStatus=5, batteryHealth=2, batteryPresent=true, batteryLevel=100, batteryTechnology=Li-ion, batteryVoltage=4377, batteryTemperature=328, mBatteryLevelCritical=false, mPlugType=2
02-22 13:58:22.626 D/BatteryService( 2395): Sending ACTION_BATTERY_CHANGED.  level:100, scale:100, status:5, health:2, present:true, voltage: 4377, temperature: 328, technology: Li-ion, AC powered:false, USB powered:true, Wireless powered:false, icon:17303157, invalid charger:0
02-22 13:58:22.626 D/BatteryService( 2395): zhaoqf_sh batteryServices call state : 0 mPlugType : 2
--------- beginning of main
02-22 13:58:28.256 I/AccessibilityNodeInfoDumper( 9748): Skipping invisible child: android.view.accessibility.AccessibilityNodeInfo@800e3aca; boundsInParent: Rect(0, 0 - 720, 1); boundsInScreen: Rect(0, 1332 - 720, 1280); packageName: com.wanda.app.wanhui; className: android.view.View; text: null; error: null; maxTextLength: -1; contentDescription: null; viewIdResName: null; checkable: false; checked: false; focusable: false; focused: false; selected: false; clickable: false; longClickable: false; enabled: true; password: false; scrollable: false; actions: [AccessibilityAction: ACTION_SELECT - null, AccessibilityAction: ACTION_CLEAR_SELECTION - null, AccessibilityAction: ACTION_ACCESSIBILITY_FOCUS - null]
02-22 13:58:28.256 I/AccessibilityNodeInfoDumper( 9748): Skipping invisible child: android.view.accessibility.AccessibilityNodeInfo@800e3e8b; boundsInParent: Rect(0, 0 - 720, 921); boundsInScreen: Rect(0, 1333 - 720, 1280); packageName: com.wanda.app.wanhui; className: android.widget.FrameLayout; text: null; error: null; maxTextLength: -1; contentDescription: null; viewIdResName: com.wanda.app.wanhui:id/park_layout_near_plaza; checkable: false; checked: false; focusable: false; focused: false; selected: false; clickable: false; longClickable: false; enabled: true; password: false; scrollable: false; actions: [AccessibilityAction: ACTION_SELECT - null, AccessibilityAction: ACTION_CLEAR_SELECTION - null, AccessibilityAction: ACTION_ACCESSIBILITY_FOCUS - null]
02-22 13:58:28.256 I/AccessibilityNodeInfoDumper( 9748): Skipping invisible child: android.view.accessibility.AccessibilityNodeInfo@800df738; boundsInParent: Rect(0, 0 - 720, 0); boundsInScreen: Rect(0, 1280 - 720, 1280); packageName: com.wanda.app.wanhui; className: android.widget.LinearLayout; text: null; error: null; maxTextLength: -1; contentDescription: null; viewIdResName: com.wanda.app.wanhui:id/park_bottom_sheet_container; checkable: false; checked: false; focusable: false; focused: false; selected: false; clickable: false; longClickable: false; enabled: true; password: false; scrollable: false; actions: [AccessibilityAction: ACTION_SELECT - null, AccessibilityAction: ACTION_CLEAR_SELECTION - null, AccessibilityAction: ACTION_ACCESSIBILITY_FOCUS - null]
02-22 13:58:28.256 I/AccessibilityNodeInfoDumper( 9748): Skipping invisible child: android.view.accessibility.AccessibilityNodeInfo@8010268d; boundsInParent: Rect(0, 0 - 0, 0); boundsInScreen: Rect(720, 106 - 720, 106); packageName: com.wanda.app.wanhui; className: android.widget.LinearLayout; text: null; error: null; maxTextLength: -1; contentDescription: null; viewIdResName: com.wanda.app.wanhui:id/common_title_view_layout_right_container; checkable: false; checked: false; focusable: false; focused: false; selected: false; clickable: false; longClickable: false; enabled: true; password: false; scrollable: false; actions: [AccessibilityAction: ACTION_SELECT - null, AccessibilityAction: ACTION_CLEAR_SELECTION - null, AccessibilityAction: ACTION_ACCESSIBILITY_FOCUS - null]
02-22 13:58:28.256 I/AccessibilityNodeInfoDumper( 9748): Skipping invisible child: android.view.accessibility.AccessibilityNodeInfo@80102e0f; boundsInParent: Rect(0, 0 - 720, 130); boundsInScreen: Rect(0, 162 - 720, 162); packageName: com.wanda.app.wanhui; className: android.widget.LinearLayout; text: null; error: null; maxTextLength: -1; contentDescription: null; viewIdResName: null; checkable: false; checked: false; focusable: false; focused: false; selected: false; clickable: false; longClickable: false; enabled: true; password: false; scrollable: false; actions: [AccessibilityAction: ACTION_SELECT - null, AccessibilityAction: ACTION_CLEAR_SELECTION - null, AccessibilityAction: ACTION_ACCESSIBILITY_FOCUS - null]
02-22 13:58:28.256 I/AccessibilityNodeInfoDumper( 9748): Skipping invisible child: android.view.accessibility.AccessibilityNodeInfo@80104495; boundsInParent: Rect(0, 0 - 720, 0); boundsInScreen: Rect(0, 162 - 720, 162); packageName: com.wanda.app.wanhui; className: android.widget.FrameLayout; text: null; error: null; maxTextLength: -1; contentDescription: null; viewIdResName: null; checkable: false; checked: false; focusable: false; focused: false; selected: false; clickable: false; longClickable: false; enabled: false; password: false; scrollable: false; actions: [AccessibilityAction: ACTION_SELECT - null, AccessibilityAction: ACTION_CLEAR_SELECTION - null, AccessibilityAction: ACTION_ACCESSIBILITY_FOCUS - null]
02-22 13:58:28.256 I/AccessibilityNodeInfoDumper( 9748): Skipping invisible child: android.view.accessibility.AccessibilityNodeInfo@80104856; boundsInParent: Rect(0, 0 - 720, 0); boundsInScreen: Rect(0, 162 - 720, 162); packageName: com.wanda.app.wanhui; className: android.widget.FrameLayout; text: null; error: null; maxTextLength: -1; contentDescription: null; viewIdResName: null; checkable: false; checked: false; focusable: false; focused: false; selected: false; clickable: false; longClickable: false; enabled: false; password: false; scrollable: false; actions: [AccessibilityAction: ACTION_SELECT - null, AccessibilityAction: ACTION_CLEAR_SELECTION - null, AccessibilityAction: ACTION_ACCESSIBILITY_FOCUS - null]
02-22 13:58:28.256 I/AccessibilityNodeInfoDumper( 9748): Skipping invisible child: android.view.accessibility.AccessibilityNodeInfo@80103591; boundsInParent: Rect(0, 0 - 720, 130); boundsInScreen: Rect(0, 1280 - 720, 1280); packageName: com.wanda.app.wanhui; className: android.widget.LinearLayout; text: null; error: null; maxTextLength: -1; contentDescription: null; viewIdResName: null; checkable: false; checked: false; focusable: false; focused: false; selected: false; clickable: false; longClickable: false; enabled: true; password: false; scrollable: false; actions: [AccessibilityAction: ACTION_SELECT - null, AccessibilityAction: ACTION_CLEAR_SELECTION - null, AccessibilityAction: ACTION_ACCESSIBILITY_FOCUS - null]
02-22 13:58:28.266 W/AccessibilityNodeInfoDumper( 9748): Fetch time: 34ms
02-22 13:58:28.806 I/SurfaceFlinger(  307): FPS: 3
02-22 13:58:28.856 I/AccessibilityNodeInfoDumper( 9748): Skipping invisible child: android.view.accessibility.AccessibilityNodeInfo@800e98a3; boundsInParent: Rect(0, 0 - 0, 0); boundsInScreen: Rect(720, 106 - 720, 106); packageName: com.wanda.app.wanhui; className: android.widget.LinearLayout; text: null; error: null; maxTextLength: -1; contentDescription: null; viewIdResName: com.wanda.app.wanhui:id/common_title_view_layout_right_container; checkable: false; checked: false; focusable: false; focused: false; selected: false; clickable: false; longClickable: false; enabled: true; password: false; scrollable: false; actions: [AccessibilityAction: ACTION_SELECT - null, AccessibilityAction: ACTION_CLEAR_SELECTION - null, AccessibilityAction: ACTION_ACCESSIBILITY_FOCUS - null]
02-22 13:58:28.856 I/AccessibilityNodeInfoDumper( 9748): Skipping invisible child: android.view.accessibility.AccessibilityNodeInfo@800e09fd; boundsInParent: Rect(0, 0 - 0, 112); boundsInScreen: Rect(720, 50 - 720, 162); packageName: com.wanda.app.wanhui; className: android.support.v7.widget.LinearLayoutCompat; text: null; error: null; maxTextLength: -1; contentDescription: null; viewIdResName: null; checkable: false; checked: false; focusable: false; focused: false; selected: false; clickable: false; longClickable: false; enabled: true; password: false; scrollable: false; actions: [AccessibilityAction: ACTION_SELECT - null, AccessibilityAction: ACTION_CLEAR_SELECTION - null, AccessibilityAction: ACTION_ACCESSIBILITY_FOCUS - null]
02-22 13:58:28.856 I/AccessibilityNodeInfoDumper( 9748): Skipping invisible child: android.view.accessibility.AccessibilityNodeInfo@800e0dbe; boundsInParent: Rect(0, 0 - 720, 130); boundsInScreen: Rect(0, 162 - 720, 162); packageName: com.wanda.app.wanhui; className: android.widget.LinearLayout; text: null; error: null; maxTextLength: -1; contentDescription: null; viewIdResName: null; checkable: false; checked: false; focusable: false; focused: false; selected: false; clickable: false; longClickable: false; enabled: true; password: false; scrollable: false; actions: [AccessibilityAction: ACTION_SELECT - null, AccessibilityAction: ACTION_CLEAR_SELECTION - null, AccessibilityAction: ACTION_ACCESSIBILITY_FOCUS - null]
02-22 13:58:28.866 I/AccessibilityNodeInfoDumper( 9748): Skipping invisible child: android.view.accessibility.AccessibilityNodeInfo@80100885; boundsInParent: Rect(0, 0 - 720, 144); boundsInScreen: Rect(0, 737 - 0, 881); packageName: com.wanda.app.wanhui; className: android.widget.ImageView; text: null; error: null; maxTextLength: -1; contentDescription: null; viewIdResName: com.wanda.app.wanhui:id/film_gallery_item_poster; checkable: false; checked: false; focusable: false; focused: false; selected: false; clickable: true; longClickable: false; enabled: true; password: false; scrollable: false; actions: [AccessibilityAction: ACTION_SELECT - null, AccessibilityAction: ACTION_CLEAR_SELECTION - null, AccessibilityAction: ACTION_CLICK - null, AccessibilityAction: ACTION_ACCESSIBILITY_FOCUS - null]
02-22 13:58:28.866 I/AccessibilityNodeInfoDumper( 9748): Skipping invisible child: android.view.accessibility.AccessibilityNodeInfo@80104fd8; boundsInParent: Rect(0, 0 - 720, 144); boundsInScreen: Rect(720, 737 - 720, 881); packageName: com.wanda.app.wanhui; className: android.widget.ImageView; text: null; error: null; maxTextLength: -1; contentDescription: null; viewIdResName: com.wanda.app.wanhui:id/film_gallery_item_poster; checkable: false; checked: false; focusable: false; focused: false; selected: false; clickable: true; longClickable: false; enabled: true; password: false; scrollable: false; actions: [AccessibilityAction: ACTION_SELECT - null, AccessibilityAction: ACTION_CLEAR_SELECTION - null, AccessibilityAction: ACTION_CLICK - null, AccessibilityAction: ACTION_ACCESSIBILITY_FOCUS - null]
02-22 13:58:28.876 I/AccessibilityNodeInfoDumper( 9748): Skipping invisible child: android.view.accessibility.AccessibilityNodeInfo@800e3aca; boundsInParent: Rect(0, 0 - 720, 1); boundsInScreen: Rect(0, 1332 - 720, 1280); packageName: com.wanda.app.wanhui; className: android.view.View; text: null; error: null; maxTextLength: -1; contentDescription: null; viewIdResName: null; checkable: false; checked: false; focusable: false; focused: false; selected: false; clickable: false; longClickable: false; enabled: true; password: false; scrollable: false; actions: [AccessibilityAction: ACTION_SELECT - null, AccessibilityAction: ACTION_CLEAR_SELECTION - null, AccessibilityAction: ACTION_ACCESSIBILITY_FOCUS - null]
02-22 13:58:28.876 I/AccessibilityNodeInfoDumper( 9748): Skipping invisible child: android.view.accessibility.AccessibilityNodeInfo@800e3e8b; boundsInParent: Rect(0, 0 - 720, 921); boundsInScreen: Rect(0, 1333 - 720, 1280); packageName: com.wanda.app.wanhui; className: android.widget.FrameLayout; text: null; error: null; maxTextLength: -1; contentDescription: null; viewIdResName: com.wanda.app.wanhui:id/park_layout_near_plaza; checkable: false; checked: false; focusable: false; focused: false; selected: false; clickable: false; longClickable: false; enabled: true; password: false; scrollable: false; actions: [AccessibilityAction: ACTION_SELECT - null, AccessibilityAction: ACTION_CLEAR_SELECTION - null, AccessibilityAction: ACTION_ACCESSIBILITY_FOCUS - null]
