02-22 13:58:28.876 I/AccessibilityNodeInfoDumper( 9748): Skipping invisible child: android.view.accessibility.AccessibilityNodeInfo@800df738; boundsInParent: Rect(0, 0 - 720, 0); boundsInScreen: Rect(0, 1280 - 720, 1280); packageName: com.wanda.app.wanhui; className: android.widget.LinearLayout; text: null; error: null; maxTextLength: -1; contentDescription: null; viewIdResName: com.wanda.app.wanhui:id/park_bottom_sheet_container; checkable: false; checked: false; focusable: false; focused: false; selected: false; clickable: false; longClickable: false; enabled: true; password: false; scrollable: false; actions: [AccessibilityAction: ACTION_SELECT - null, AccessibilityAction: ACTION_CLEAR_SELECTION - null, AccessibilityAction: ACTION_ACCESSIBILITY_FOCUS - null]
02-22 13:58:28.876 I/AccessibilityNodeInfoDumper( 9748): Skipping invisible child: android.view.accessibility.AccessibilityNodeInfo@8010268d; boundsInParent: Rect(0, 0 - 0, 0); boundsInScreen: Rect(720, 106 - 720, 106); packageName: com.wanda.app.wanhui; className: android.widget.LinearLayout; text: null; error: null; maxTextLength: -1; contentDescription: null; viewIdResName: com.wanda.app.wanhui:id/common_title_view_layout_right_container; checkable: false; checked: false; focusable: false; focused: false; selected: false; clickable: false; longClickable: false; enabled: true; password: false; scrollable: false; actions: [AccessibilityAction: ACTION_SELECT - null, AccessibilityAction: ACTION_CLEAR_SELECTION - null, AccessibilityAction: ACTION_ACCESSIBILITY_FOCUS - null]
02-22 13:58:28.876 I/AccessibilityNodeInfoDumper( 9748): Skipping invisible child: android.view.accessibility.AccessibilityNodeInfo@80102e0f; boundsInParent: Rect(0, 0 - 720, 130); boundsInScreen: Rect(0, 162 - 720, 162); packageName: com.wanda.app.wanhui; className: android.widget.LinearLayout; text: null; error: null; maxTextLength: -1; contentDescription: null; viewIdResName: null; checkable: false; checked: false; focusable: false; focused: false; selected: false; clickable: false; longClickable: false; enabled: true; password: false; scrollable: false; actions: [AccessibilityAction: ACTION_SELECT - null, AccessibilityAction: ACTION_CLEAR_SELECTION - null, AccessibilityAction: ACTION_ACCESSIBILITY_FOCUS - null]
02-22 13:58:28.886 I/AccessibilityNodeInfoDumper( 9748): Skipping invisible child: android.view.accessibility.AccessibilityNodeInfo@80104495; boundsInParent: Rect(0, 0 - 720, 0); boundsInScreen: Rect(0, 162 - 720, 162); packageName: com.wanda.app.wanhui; className: android.widget.FrameLayout; text: null; error: null; maxTextLength: -1; contentDescription: null; viewIdResName: null; checkable: false; checked: false; focusable: false; focused: false; selected: false; clickable: false; longClickable: false; enabled: false; password: false; scrollable: false; actions: [AccessibilityAction: ACTION_SELECT - null, AccessibilityAction: ACTION_CLEAR_SELECTION - null, AccessibilityAction: ACTION_ACCESSIBILITY_FOCUS - null]
02-22 13:58:28.886 I/AccessibilityNodeInfoDumper( 9748): Skipping invisible child: android.view.accessibility.AccessibilityNodeInfo@80104856; boundsInParent: Rect(0, 0 - 720, 0); boundsInScreen: Rect(0, 162 - 720, 162); packageName: com.wanda.app.wanhui; className: android.widget.FrameLayout; text: null; error: null; maxTextLength: -1; contentDescription: null; viewIdResName: null; checkable: false; checked: false; focusable: false; focused: false; selected: false; clickable: false; longClickable: false; enabled: false; password: false; scrollable: false; actions: [AccessibilityAction: ACTION_SELECT - null, AccessibilityAction: ACTION_CLEAR_SELECTION - null, AccessibilityAction: ACTION_ACCESSIBILITY_FOCUS - null]
02-22 13:58:28.886 I/AccessibilityNodeInfoDumper( 9748): Skipping invisible child: android.view.accessibility.AccessibilityNodeInfo@80103591; boundsInParent: Rect(0, 0 - 720, 130); boundsInScreen: Rect(0, 1280 - 720, 1280); packageName: com.wanda.app.wanhui; className: android.widget.LinearLayout; text: null; error: null; maxTextLength: -1; contentDescription: null; viewIdResName: null; checkable: false; checked: false; focusable: false; focused: false; selected: false; clickable: false; longClickable: false; enabled: true; password: false; scrollable: false; actions: [AccessibilityAction: ACTION_SELECT - null, AccessibilityAction: ACTION_CLEAR_SELECTION - null, AccessibilityAction: ACTION_ACCESSIBILITY_FOCUS - null]
02-22 13:58:28.886 W/AccessibilityNodeInfoDumper( 9748): Fetch time: 33ms
02-22 13:58:29.076 E/anti    (18454): anti once
02-22 13:58:29.136 W/ActivityManager( 2395): getRunningAppProcesses: caller 10170 does not hold REAL_GET_TASKS; limiting output
02-22 13:58:29.406 V/WLAN_PSA(  366): NL MSG, len[048], NL type[0x11] WNI type[0x5050] len[028]
02-22 13:58:29.406 V/WLAN_PSA(  366): NL MSG, PID: 366
02-22 13:58:29.476 I/AccessibilityNodeInfoDumper( 9748): Skipping invisible child: android.view.accessibility.AccessibilityNodeInfo@800e98a3; boundsInParent: Rect(0, 0 - 0, 0); boundsInScreen: Rect(720, 106 - 720, 106); packageName: com.wanda.app.wanhui; className: android.widget.LinearLayout; text: null; error: null; maxTextLength: -1; contentDescription: null; viewIdResName: com.wanda.app.wanhui:id/common_title_view_layout_right_container; checkable: false; checked: false; focusable: false; focused: false; selected: false; clickable: false; longClickable: false; enabled: true; password: false; scrollable: false; actions: [AccessibilityAction: ACTION_SELECT - null, AccessibilityAction: ACTION_CLEAR_SELECTION - null, AccessibilityAction: ACTION_ACCESSIBILITY_FOCUS - null]
02-22 13:58:29.476 I/AccessibilityNodeInfoDumper( 9748): Skipping invisible child: android.view.accessibility.AccessibilityNodeInfo@800e09fd; boundsInParent: Rect(0, 0 - 0, 112); boundsInScreen: Rect(720, 50 - 720, 162); packageName: com.wanda.app.wanhui; className: android.support.v7.widget.LinearLayoutCompat; text: null; error: null; maxTextLength: -1; contentDescription: null; viewIdResName: null; checkable: false; checked: false; focusable: false; focused: false; selected: false; clickable: false; longClickable: false; enabled: true; password: false; scrollable: false; actions: [AccessibilityAction: ACTION_SELECT - null, AccessibilityAction: ACTION_CLEAR_SELECTION - null, AccessibilityAction: ACTION_ACCESSIBILITY_FOCUS - null]
02-22 13:58:29.476 I/AccessibilityNodeInfoDumper( 9748): Skipping invisible child: android.view.accessibility.AccessibilityNodeInfo@800e0dbe; boundsInParent: Rect(0, 0 - 720, 130); boundsInScreen: Rect(0, 162 - 720, 162); packageName: com.wanda.app.wanhui; className: android.widget.LinearLayout; text: null; error: null; maxTextLength: -1; contentDescription: null; viewIdResName: null; checkable: false; checked: false; focusable: false; focused: false; selected: false; clickable: false; longClickable: false; enabled: true; password: false; scrollable: false; actions: [AccessibilityAction: ACTION_SELECT - null, AccessibilityAction: ACTION_CLEAR_SELECTION - null, AccessibilityAction: ACTION_ACCESSIBILITY_FOCUS - null]
02-22 13:58:29.486 I/AccessibilityNodeInfoDumper( 9748): Skipping invisible child: android.view.accessibility.AccessibilityNodeInfo@80100885; boundsInParent: Rect(0, 0 - 720, 144); boundsInScreen: Rect(0, 737 - 0, 881); packageName: com.wanda.app.wanhui; className: android.widget.ImageView; text: null; error: null; maxTextLength: -1; contentDescription: null; viewIdResName: com.wanda.app.wanhui:id/film_gallery_item_poster; checkable: false; checked: false; focusable: false; focused: false; selected: false; clickable: true; longClickable: false; enabled: true; password: false; scrollable: false; actions: [AccessibilityAction: ACTION_SELECT - null, AccessibilityAction: ACTION_CLEAR_SELECTION - null, AccessibilityAction: ACTION_CLICK - null, AccessibilityAction: ACTION_ACCESSIBILITY_FOCUS - null]
02-22 13:58:29.486 I/AccessibilityNodeInfoDumper( 9748): Skipping invisible child: android.view.accessibility.AccessibilityNodeInfo@80104fd8; boundsInParent: Rect(0, 0 - 720, 144); boundsInScreen: Rect(720, 737 - 720, 881); packageName: com.wanda.app.wanhui; className: android.widget.ImageView; text: null; error: null; maxTextLength: -1; contentDescription: null; viewIdResName: com.wanda.app.wanhui:id/film_gallery_item_poster; checkable: false; checked: false; focusable: false; focused: false; selected: false; clickable: true; longClickable: false; enabled: true; password: false; scrollable: false; actions: [AccessibilityAction: ACTION_SELECT - null, AccessibilityAction: ACTION_CLEAR_SELECTION - null, AccessibilityAction: ACTION_CLICK - null, AccessibilityAction: ACTION_ACCESSIBILITY_FOCUS - null]
02-22 13:58:29.496 I/AccessibilityNodeInfoDumper( 9748): Skipping invisible child: android.view.accessibility.AccessibilityNodeInfo@800e3aca; boundsInParent: Rect(0, 0 - 720, 1); boundsInScreen: Rect(0, 1332 - 720, 1280); packageName: com.wanda.app.wanhui; className: android.view.View; text: null; error: null; maxTextLength: -1; contentDescription: null; viewIdResName: null; checkable: false; checked: false; focusable: false; focused: false; selected: false; clickable: false; longClickable: false; enabled: true; password: false; scrollable: false; actions: [AccessibilityAction: ACTION_SELECT - null, AccessibilityAction: ACTION_CLEAR_SELECTION - null, AccessibilityAction: ACTION_ACCESSIBILITY_FOCUS - null]
02-22 13:58:29.496 I/AccessibilityNodeInfoDumper( 9748): Skipping invisible child: android.view.accessibility.AccessibilityNodeInfo@800e3e8b; boundsInParent: Rect(0, 0 - 720, 921); boundsInScreen: Rect(0, 1333 - 720, 1280); packageName: com.wanda.app.wanhui; className: android.widget.FrameLayout; text: null; error: null; maxTextLength: -1; contentDescription: null; viewIdResName: com.wanda.app.wanhui:id/park_layout_near_plaza; checkable: false; checked: false; focusable: false; focused: false; selected: false; clickable: false; longClickable: false; enabled: true; password: false; scrollable: false; actions: [AccessibilityAction: ACTION_SELECT - null, AccessibilityAction: ACTION_CLEAR_SELECTION - null, AccessibilityAction: ACTION_ACCESSIBILITY_FOCUS - null]
02-22 13:58:29.496 I/AccessibilityNodeInfoDumper( 9748): Skipping invisible child: android.view.accessibility.AccessibilityNodeInfo@800df738; boundsInParent: Rect(0, 0 - 720, 0); boundsInScreen: Rect(0, 1280 - 720, 1280); packageName: com.wanda.app.wanhui; className: android.widget.LinearLayout; text: null; error: null; maxTextLength: -1; contentDescription: null; viewIdResName: com.wanda.app.wanhui:id/park_bottom_sheet_container; checkable: false; checked: false; focusable: false; focused: false; selected: false; clickable: false; longClickable: false; enabled: true; password: false; scrollable: false; actions: [AccessibilityAction: ACTION_SELECT - null, AccessibilityAction: ACTION_CLEAR_SELECTION - null, AccessibilityAction: ACTION_ACCESSIBILITY_FOCUS - null]
02-22 13:58:29.496 I/AccessibilityNodeInfoDumper( 9748): Skipping invisible child: android.view.accessibility.AccessibilityNodeInfo@8010268d; boundsInParent: Rect(0, 0 - 0, 0); boundsInScreen: Rect(720, 106 - 720, 106); packageName: com.wanda.app.wanhui; className: android.widget.LinearLayout; text: null; error: null; maxTextLength: -1; contentDescription: null; viewIdResName: com.wanda.app.wanhui:id/common_title_view_layout_right_container; checkable: false; checked: false; focusable: false; focused: false; selected: false; clickable: false; longClickable: false; enabled: true; password: false; scrollable: false; actions: [AccessibilityAction: ACTION_SELECT - null, AccessibilityAction: ACTION_CLEAR_SELECTION - null, AccessibilityAction: ACTION_ACCESSIBILITY_FOCUS - null]
02-22 13:58:29.496 I/AccessibilityNodeInfoDumper( 9748): Skipping invisible child: android.view.accessibility.AccessibilityNodeInfo@80102e0f; boundsInParent: Rect(0, 0 - 720, 130); boundsInScreen: Rect(0, 162 - 720, 162); packageName: com.wanda.app.wanhui; className: android.widget.LinearLayout; text: null; error: null; maxTextLength: -1; contentDescription: null; viewIdResName: null; checkable: false; checked: false; focusable: false; focused: false; selected: false; clickable: false; longClickable: false; enabled: true; password: false; scrollable: false; actions: [AccessibilityAction: ACTION_SELECT - null, AccessibilityAction: ACTION_CLEAR_SELECTION - null, AccessibilityAction: ACTION_ACCESSIBILITY_FOCUS - null]
02-22 13:58:29.506 I/AccessibilityNodeInfoDumper( 9748): Skipping invisible child: android.view.accessibility.AccessibilityNodeInfo@80104495; boundsInParent: Rect(0, 0 - 720, 0); boundsInScreen: Rect(0, 162 - 720, 162); packageName: com.wanda.app.wanhui; className: android.widget.FrameLayout; text: null; error: null; maxTextLength: -1; contentDescription: null; viewIdResName: null; checkable: false; checked: false; focusable: false; focused: false; selected: false; clickable: false; longClickable: false; enabled: false; password: false; scrollable: false; actions: [AccessibilityAction: ACTION_SELECT - null, AccessibilityAction: ACTION_CLEAR_SELECTION - null, AccessibilityAction: ACTION_ACCESSIBILITY_FOCUS - null]
02-22 13:58:29.506 I/AccessibilityNodeInfoDumper( 9748): Skipping invisible child: android.view.accessibility.AccessibilityNodeInfo@80104856; boundsInParent: Rect(0, 0 - 720, 0); boundsInScreen: Rect(0, 162 - 720, 162); packageName: com.wanda.app.wanhui; className: android.widget.FrameLayout; text: null; error: null; maxTextLength: -1; contentDescription: null; viewIdResName: null; checkable: false; checked: false; focusable: false; focused: false; selected: false; clickable: false; longClickable: false; enabled: false; password: false; scrollable: false; actions: [AccessibilityAction: ACTION_SELECT - null, AccessibilityAction: ACTION_CLEAR_SELECTION - null, AccessibilityAction: ACTION_ACCESSIBILITY_FOCUS - null]
02-22 13:58:29.506 I/AccessibilityNodeInfoDumper( 9748): Skipping invisible child: android.view.accessibility.AccessibilityNodeInfo@80103591; boundsInParent: Rect(0, 0 - 720, 130); boundsInScreen: Rect(0, 1280 - 720, 1280); packageName: com.wanda.app.wanhui; className: android.widget.LinearLayout; text: null; error: null; maxTextLength: -1; contentDescription: null; viewIdResName: null; checkable: false; checked: false; focusable: false; focused: false; selected: false; clickable: false; longClickable: false; enabled: true; password: false; scrollable: false; actions: [AccessibilityAction: ACTION_SELECT - null, AccessibilityAction: ACTION_CLEAR_SELECTION - null, AccessibilityAction: ACTION_ACCESSIBILITY_FOCUS - null]
02-22 13:58:29.506 W/AccessibilityNodeInfoDumper( 9748): Fetch time: 42ms
02-22 13:58:29.986 I/SurfaceFlinger(  307): FPS: 3
02-22 13:58:30.086 E/anti    (18454): anti once
02-22 13:58:30.106 I/AccessibilityNodeInfoDumper( 9748): Skipping invisible child: android.view.accessibility.AccessibilityNodeInfo@800e98a3; boundsInParent: Rect(0, 0 - 0, 0); boundsInScreen: Rect(720, 106 - 720, 106); packageName: com.wanda.app.wanhui; className: android.widget.LinearLayout; text: null; error: null; maxTextLength: -1; contentDescription: null; viewIdResName: com.wanda.app.wanhui:id/common_title_view_layout_right_container; checkable: false; checked: false; focusable: false; focused: false; selected: false; clickable: false; longClickable: false; enabled: true; password: false; scrollable: false; actions: [AccessibilityAction: ACTION_SELECT - null, AccessibilityAction: ACTION_CLEAR_SELECTION - null, AccessibilityAction: ACTION_ACCESSIBILITY_FOCUS - null]
02-22 13:58:30.106 I/AccessibilityNodeInfoDumper( 9748): Skipping invisible child: android.view.accessibility.AccessibilityNodeInfo@800e09fd; boundsInParent: Rect(0, 0 - 0, 112); boundsInScreen: Rect(720, 50 - 720, 162); packageName: com.wanda.app.wanhui; className: android.support.v7.widget.LinearLayoutCompat; text: null; error: null; maxTextLength: -1; contentDescription: null; viewIdResName: null; checkable: false; checked: false; focusable: false; focused: false; selected: false; clickable: false; longClickable: false; enabled: true; password: false; scrollable: false; actions: [AccessibilityAction: ACTION_SELECT - null, AccessibilityAction: ACTION_CLEAR_SELECTION - null, AccessibilityAction: ACTION_ACCESSIBILITY_FOCUS - null]
02-22 13:58:30.106 I/AccessibilityNodeInfoDumper( 9748): Skipping invisible child: android.view.accessibility.AccessibilityNodeInfo@800e0dbe; boundsInParent: Rect(0, 0 - 720, 130); boundsInScreen: Rect(0, 162 - 720, 162); packageName: com.wanda.app.wanhui; className: android.widget.LinearLayout; text: null; error: null; maxTextLength: -1; contentDescription: null; viewIdResName: null; checkable: false; checked: false; focusable: false; focused: false; selected: false; clickable: false; longClickable: false; enabled: true; password: false; scrollable: false; actions: [AccessibilityAction: ACTION_SELECT - null, AccessibilityAction: ACTION_CLEAR_SELECTION - null, AccessibilityAction: ACTION_ACCESSIBILITY_FOCUS - null]
02-22 13:58:30.126 I/AccessibilityNodeInfoDumper( 9748): Skipping invisible child: android.view.accessibility.AccessibilityNodeInfo@80105399; boundsInParent: Rect(0, 0 - 720, 144); boundsInScreen: Rect(0, 737 - 0, 881); packageName: com.wanda.app.wanhui; className: android.widget.ImageView; text: null; error: null; maxTextLength: -1; contentDescription: null; viewIdResName: com.wanda.app.wanhui:id/film_gallery_item_poster; checkable: false; checked: false; focusable: false; focused: false; selected: false; clickable: true; longClickable: false; enabled: true; password: false; scrollable: false; actions: [AccessibilityAction: ACTION_SELECT - null, AccessibilityAction: ACTION_CLEAR_SELECTION - null, AccessibilityAction: ACTION_CLICK - null, AccessibilityAction: ACTION_ACCESSIBILITY_FOCUS - null]
02-22 13:58:30.126 I/AccessibilityNodeInfoDumper( 9748): Skipping invisible child: android.view.accessibility.AccessibilityNodeInfo@80105b1b; boundsInParent: Rect(0, 0 - 720, 144); boundsInScreen: Rect(720, 737 - 720, 881); packageName: com.wanda.app.wanhui; className: android.widget.ImageView; text: null; error: null; maxTextLength: -1; contentDescription: null; viewIdResName: com.wanda.app.wanhui:id/film_gallery_item_poster; checkable: false; checked: false; focusable: false; focused: false; selected: false; clickable: true; longClickable: false; enabled: true; password: false; scrollable: false; actions: [AccessibilityAction: ACTION_SELECT - null, AccessibilityAction: ACTION_CLEAR_SELECTION - null, AccessibilityAction: ACTION_CLICK - null, AccessibilityAction: ACTION_ACCESSIBILITY_FOCUS - null]
02-22 13:58:30.146 I/AccessibilityNodeInfoDumper( 9748): Skipping invisible child: android.view.accessibility.AccessibilityNodeInfo@800e3aca; boundsInParent: Rect(0, 0 - 720, 1); boundsInScreen: Rect(0, 1332 - 720, 1280); packageName: com.wanda.app.wanhui; className: android.view.View; text: null; error: null; maxTextLength: -1; contentDescription: null; viewIdResName: null; checkable: false; checked: false; focusable: false; focused: false; selected: false; clickable: false; longClickable: false; enabled: true; password: false; scrollable: false; actions: [AccessibilityAction: ACTION_SELECT - null, AccessibilityAction: ACTION_CLEAR_SELECTION - null, AccessibilityAction: ACTION_ACCESSIBILITY_FOCUS - null]
02-22 13:58:30.146 I/AccessibilityNodeInfoDumper( 9748): Skipping invisible child: android.view.accessibility.AccessibilityNodeInfo@800e3e8b; boundsInParent: Rect(0, 0 - 720, 921); boundsInScreen: Rect(0, 1333 - 720, 1280); packageName: com.wanda.app.wanhui; className: android.widget.FrameLayout; text: null; error: null; maxTextLength: -1; contentDescription: null; viewIdResName: com.wanda.app.wanhui:id/park_layout_near_plaza; checkable: false; checked: false; focusable: false; focused: false; selected: false; clickable: false; longClickable: false; enabled: true; password: false; scrollable: false; actions: [AccessibilityAction: ACTION_SELECT - null, AccessibilityAction: ACTION_CLEAR_SELECTION - null, AccessibilityAction: ACTION_ACCESSIBILITY_FOCUS - null]
02-22 13:58:30.146 I/AccessibilityNodeInfoDumper( 9748): Skipping invisible child: android.view.accessibility.AccessibilityNodeInfo@800df738; boundsInParent: Rect(0, 0 - 720, 0); boundsInScreen: Rect(0, 1280 - 720, 1280); packageName: com.wanda.app.wanhui; className: android.widget.LinearLayout; text: null; error: null; maxTextLength: -1; contentDescription: null; viewIdResName: com.wanda.app.wanhui:id/park_bottom_sheet_container; checkable: false; checked: false; focusable: false; focused: false; selected: false; clickable: false; longClickable: false; enabled: true; password: false; scrollable: false; actions: [AccessibilityAction: ACTION_SELECT - null, AccessibilityAction: ACTION_CLEAR_SELECTION - null, AccessibilityAction: ACTION_ACCESSIBILITY_FOCUS - null]
02-22 13:58:30.146 I/AccessibilityNodeInfoDumper( 9748): Skipping invisible child: android.view.accessibility.AccessibilityNodeInfo@8010268d; boundsInParent: Rect(0, 0 - 0, 0); boundsInScreen: Rect(720, 106 - 720, 106); packageName: com.wanda.app.wanhui; className: android.widget.LinearLayout; text: null; error: null; maxTextLength: -1; contentDescription: null; viewIdResName: com.wanda.app.wanhui:id/common_title_view_layout_right_container; checkable: false; checked: false; focusable: false; focused: false; selected: false; clickable: false; longClickable: false; enabled: true; password: false; scrollable: false; actions: [AccessibilityAction: ACTION_SELECT - null, AccessibilityAction: ACTION_CLEAR_SELECTION - null, AccessibilityAction: ACTION_ACCESSIBILITY_FOCUS - null]
02-22 13:58:30.156 I/AccessibilityNodeInfoDumper( 9748): Skipping invisible child: android.view.accessibility.AccessibilityNodeInfo@80102e0f; boundsInParent: Rect(0, 0 - 720, 130); boundsInScreen: Rect(0, 162 - 720, 162); packageName: com.wanda.app.wanhui; className: android.widget.LinearLayout; text: null; error: null; maxTextLength: -1; contentDescription: null; viewIdResName: null; checkable: false; checked: false; focusable: false; focused: false; selected: false; clickable: false; longClickable: false; enabled: true; password: false; scrollable: false; actions: [AccessibilityAction: ACTION_SELECT - null, AccessibilityAction: ACTION_CLEAR_SELECTION - null, AccessibilityAction: ACTION_ACCESSIBILITY_FOCUS - null]
02-22 13:58:30.156 I/AccessibilityNodeInfoDumper( 9748): Skipping invisible child: android.view.accessibility.AccessibilityNodeInfo@80104495; boundsInParent: Rect(0, 0 - 720, 0); boundsInScreen: Rect(0, 162 - 720, 162); packageName: com.wanda.app.wanhui; className: android.widget.FrameLayout; text: null; error: null; maxTextLength: -1; contentDescription: null; viewIdResName: null; checkable: false; checked: false; focusable: false; focused: false; selected: false; clickable: false; longClickable: false; enabled: false; password: false; scrollable: false; actions: [AccessibilityAction: ACTION_SELECT - null, AccessibilityAction: ACTION_CLEAR_SELECTION - null, AccessibilityAction: ACTION_ACCESSIBILITY_FOCUS - null]
02-22 13:58:30.156 I/AccessibilityNodeInfoDumper( 9748): Skipping invisible child: android.view.accessibility.AccessibilityNodeInfo@80104856; boundsInParent: Rect(0, 0 - 720, 0); boundsInScreen: Rect(0, 162 - 720, 162); packageName: com.wanda.app.wanhui; className: android.widget.FrameLayout; text: null; error: null; maxTextLength: -1; contentDescription: null; viewIdResName: null; checkable: false; checked: false; focusable: false; focused: false; selected: false; clickable: false; longClickable: false; enabled: false; password: false; scrollable: false; actions: [AccessibilityAction: ACTION_SELECT - null, AccessibilityAction: ACTION_CLEAR_SELECTION - null, AccessibilityAction: ACTION_ACCESSIBILITY_FOCUS - null]
02-22 13:58:30.156 I/AccessibilityNodeInfoDumper( 9748): Skipping invisible child: android.view.accessibility.AccessibilityNodeInfo@80103591; boundsInParent: Rect(0, 0 - 720, 130); boundsInScreen: Rect(0, 1280 - 720, 1280); packageName: com.wanda.app.wanhui; className: android.widget.LinearLayout; text: null; error: null; maxTextLength: -1; contentDescription: null; viewIdResName: null; checkable: false; checked: false; focusable: false; focused: false; selected: false; clickable: false; longClickable: false; enabled: true; password: false; scrollable: false; actions: [AccessibilityAction: ACTION_SELECT - null, AccessibilityAction: ACTION_CLEAR_SELECTION - null, AccessibilityAction: ACTION_ACCESSIBILITY_FOCUS - null]
02-22 13:58:30.156 W/AccessibilityNodeInfoDumper( 9748): Fetch time: 61ms
02-22 13:58:30.756 I/AccessibilityNodeInfoDumper( 9748): Skipping invisible child: android.view.accessibility.AccessibilityNodeInfo@800e98a3; boundsInParent: Rect(0, 0 - 0, 0); boundsInScreen: Rect(720, 106 - 720, 106); packageName: com.wanda.app.wanhui; className: android.widget.LinearLayout; text: null; error: null; maxTextLength: -1; contentDescription: null; viewIdResName: com.wanda.app.wanhui:id/common_title_view_layout_right_container; checkable: false; checked: false; focusable: false; focused: false; selected: false; clickable: false; longClickable: false; enabled: true; password: false; scrollable: false; actions: [AccessibilityAction: ACTION_SELECT - null, AccessibilityAction: ACTION_CLEAR_SELECTION - null, AccessibilityAction: ACTION_ACCESSIBILITY_FOCUS - null]
02-22 13:58:30.756 I/AccessibilityNodeInfoDumper( 9748): Skipping invisible child: android.view.accessibility.AccessibilityNodeInfo@800e09fd; boundsInParent: Rect(0, 0 - 0, 112); boundsInScreen: Rect(720, 50 - 720, 162); packageName: com.wanda.app.wanhui; className: android.support.v7.widget.LinearLayoutCompat; text: null; error: null; maxTextLength: -1; contentDescription: null; viewIdResName: null; checkable: false; checked: false; focusable: false; focused: false; selected: false; clickable: false; longClickable: false; enabled: true; password: false; scrollable: false; actions: [AccessibilityAction: ACTION_SELECT - null, AccessibilityAction: ACTION_CLEAR_SELECTION - null, AccessibilityAction: ACTION_ACCESSIBILITY_FOCUS - null]
02-22 13:58:30.756 I/AccessibilityNodeInfoDumper( 9748): Skipping invisible child: android.view.accessibility.AccessibilityNodeInfo@800e0dbe; boundsInParent: Rect(0, 0 - 720, 130); boundsInScreen: Rect(0, 162 - 720, 162); packageName: com.wanda.app.wanhui; className: android.widget.LinearLayout; text: null; error: null; maxTextLength: -1; contentDescription: null; viewIdResName: null; checkable: false; checked: false; focusable: false; focused: false; selected: false; clickable: false; longClickable: false; enabled: true; password: false; scrollable: false; actions: [AccessibilityAction: ACTION_SELECT - null, AccessibilityAction: ACTION_CLEAR_SELECTION - null, AccessibilityAction: ACTION_ACCESSIBILITY_FOCUS - null]
02-22 13:58:30.766 I/AccessibilityNodeInfoDumper( 9748): Skipping invisible child: android.view.accessibility.AccessibilityNodeInfo@80105399; boundsInParent: Rect(0, 0 - 720, 144); boundsInScreen: Rect(0, 737 - 0, 881); packageName: com.wanda.app.wanhui; className: android.widget.ImageView; text: null; error: null; maxTextLength: -1; contentDescription: null; viewIdResName: com.wanda.app.wanhui:id/film_gallery_item_poster; checkable: false; checked: false; focusable: false; focused: false; selected: false; clickable: true; longClickable: false; enabled: true; password: false; scrollable: false; actions: [AccessibilityAction: ACTION_SELECT - null, AccessibilityAction: ACTION_CLEAR_SELECTION - null, AccessibilityAction: ACTION_CLICK - null, AccessibilityAction: ACTION_ACCESSIBILITY_FOCUS - null]
02-22 13:58:30.766 I/AccessibilityNodeInfoDumper( 9748): Skipping invisible child: android.view.accessibility.AccessibilityNodeInfo@80105b1b; boundsInParent: Rect(0, 0 - 720, 144); boundsInScreen: Rect(720, 737 - 720, 881); packageName: com.wanda.app.wanhui; className: android.widget.ImageView; text: null; error: null; maxTextLength: -1; contentDescription: null; viewIdResName: com.wanda.app.wanhui:id/film_gallery_item_poster; checkable: false; checked: false; focusable: false; focused: false; selected: false; clickable: true; longClickable: false; enabled: true; password: false; scrollable: false; actions: [AccessibilityAction: ACTION_SELECT - null, AccessibilityAction: ACTION_CLEAR_SELECTION - null, AccessibilityAction: ACTION_CLICK - null, AccessibilityAction: ACTION_ACCESSIBILITY_FOCUS - null]
02-22 13:58:30.776 I/AccessibilityNodeInfoDumper( 9748): Skipping invisible child: android.view.accessibility.AccessibilityNodeInfo@800e3aca; boundsInParent: Rect(0, 0 - 720, 1); boundsInScreen: Rect(0, 1332 - 720, 1280); packageName: com.wanda.app.wanhui; className: android.view.View; text: null; error: null; maxTextLength: -1; contentDescription: null; viewIdResName: null; checkable: false; checked: false; focusable: false; focused: false; selected: false; clickable: false; longClickable: false; enabled: true; password: false; scrollable: false; actions: [AccessibilityAction: ACTION_SELECT - null, AccessibilityAction: ACTION_CLEAR_SELECTION - null, AccessibilityAction: ACTION_ACCESSIBILITY_FOCUS - null]
02-22 13:58:30.776 I/AccessibilityNodeInfoDumper( 9748): Skipping invisible child: android.view.accessibility.AccessibilityNodeInfo@800e3e8b; boundsInParent: Rect(0, 0 - 720, 921); boundsInScreen: Rect(0, 1333 - 720, 1280); packageName: com.wanda.app.wanhui; className: android.widget.FrameLayout; text: null; error: null; maxTextLength: -1; contentDescription: null; viewIdResName: com.wanda.app.wanhui:id/park_layout_near_plaza; checkable: false; checked: false; focusable: false; focused: false; selected: false; clickable: false; longClickable: false; enabled: true; password: false; scrollable: false; actions: [AccessibilityAction: ACTION_SELECT - null, AccessibilityAction: ACTION_CLEAR_SELECTION - null, AccessibilityAction: ACTION_ACCESSIBILITY_FOCUS - null]
02-22 13:58:30.776 I/AccessibilityNodeInfoDumper( 9748): Skipping invisible child: android.view.accessibility.AccessibilityNodeInfo@800df738; boundsInParent: Rect(0, 0 - 720, 0); boundsInScreen: Rect(0, 1280 - 720, 1280); packageName: com.wanda.app.wanhui; className: android.widget.LinearLayout; text: null; error: null; maxTextLength: -1; contentDescription: null; viewIdResName: com.wanda.app.wanhui:id/park_bottom_sheet_container; checkable: false; checked: false; focusable: false; focused: false; selected: false; clickable: false; longClickable: false; enabled: true; password: false; scrollable: false; actions: [AccessibilityAction: ACTION_SELECT - null, AccessibilityAction: ACTION_CLEAR_SELECTION - null, AccessibilityAction: ACTION_ACCESSIBILITY_FOCUS - null]
02-22 13:58:30.786 I/AccessibilityNodeInfoDumper( 9748): Skipping invisible child: android.view.accessibility.AccessibilityNodeInfo@8010268d; boundsInParent: Rect(0, 0 - 0, 0); boundsInScreen: Rect(720, 106 - 720, 106); packageName: com.wanda.app.wanhui; className: android.widget.LinearLayout; text: null; error: null; maxTextLength: -1; contentDescription: null; viewIdResName: com.wanda.app.wanhui:id/common_title_view_layout_right_container; checkable: false; checked: false; focusable: false; focused: false; selected: false; clickable: false; longClickable: false; enabled: true; password: false; scrollable: false; actions: [AccessibilityAction: ACTION_SELECT - null, AccessibilityAction: ACTION_CLEAR_SELECTION - null, AccessibilityAction: ACTION_ACCESSIBILITY_FOCUS - null]
02-22 13:58:30.796 I/AccessibilityNodeInfoDumper( 9748): Skipping invisible child: android.view.accessibility.AccessibilityNodeInfo@80102e0f; boundsInParent: Rect(0, 0 - 720, 130); boundsInScreen: Rect(0, 162 - 720, 162); packageName: com.wanda.app.wanhui; className: android.widget.LinearLayout; text: null; error: null; maxTextLength: -1; contentDescription: null; viewIdResName: null; checkable: false; checked: false; focusable: false; focused: false; selected: false; clickable: false; longClickable: false; enabled: true; password: false; scrollable: false; actions: [AccessibilityAction: ACTION_SELECT - null, AccessibilityAction: ACTION_CLEAR_SELECTION - null, AccessibilityAction: ACTION_ACCESSIBILITY_FOCUS - null]
02-22 13:58:30.796 I/AccessibilityNodeInfoDumper( 9748): Skipping invisible child: android.view.accessibility.AccessibilityNodeInfo@80104495; boundsInParent: Rect(0, 0 - 720, 0); boundsInScreen: Rect(0, 162 - 720, 162); packageName: com.wanda.app.wanhui; className: android.widget.FrameLayout; text: null; error: null; maxTextLength: -1; contentDescription: null; viewIdResName: null; checkable: false; checked: false; focusable: false; focused: false; selected: false; clickable: false; longClickable: false; enabled: false; password: false; scrollable: false; actions: [AccessibilityAction: ACTION_SELECT - null, AccessibilityAction: ACTION_CLEAR_SELECTION - null, AccessibilityAction: ACTION_ACCESSIBILITY_FOCUS - null]
02-22 13:58:30.796 I/AccessibilityNodeInfoDumper( 9748): Skipping invisible child: android.view.accessibility.AccessibilityNodeInfo@80104856; boundsInParent: Rect(0, 0 - 720, 0); boundsInScreen: Rect(0, 162 - 720, 162); packageName: com.wanda.app.wanhui; className: android.widget.FrameLayout; text: null; error: null; maxTextLength: -1; contentDescription: null; viewIdResName: null; checkable: false; checked: false; focusable: false; focused: false; selected: false; clickable: false; longClickable: false; enabled: false; password: false; scrollable: false; actions: [AccessibilityAction: ACTION_SELECT - null, AccessibilityAction: ACTION_CLEAR_SELECTION - null, AccessibilityAction: ACTION_ACCESSIBILITY_FOCUS - null]
02-22 13:58:30.796 I/AccessibilityNodeInfoDumper( 9748): Skipping invisible child: android.view.accessibility.AccessibilityNodeInfo@80103591; boundsInParent: Rect(0, 0 - 720, 130); boundsInScreen: Rect(0, 1280 - 720, 1280); packageName: com.wanda.app.wanhui; className: android.widget.LinearLayout; text: null; error: null; maxTextLength: -1; contentDescription: null; viewIdResName: null; checkable: false; checked: false; focusable: false; focused: false; selected: false; clickable: false; longClickable: false; enabled: true; password: false; scrollable: false; actions: [AccessibilityAction: ACTION_SELECT - null, AccessibilityAction: ACTION_CLEAR_SELECTION - null, AccessibilityAction: ACTION_ACCESSIBILITY_FOCUS - null]
02-22 13:58:30.796 W/AccessibilityNodeInfoDumper( 9748): Fetch time: 46ms
02-22 13:58:30.876 W/        (11048): [ColorAdjust] gammamode=2, cemode=10
02-22 13:58:30.876 W/        (11048): [ColorAdjust] temp_gammavalue=2, temp_cevalue=10
02-22 13:58:30.876 W/        (11048): [ColorAdjust] Don't setGamma!
02-22 13:58:30.876 W/        (11048): [ColorAdjust] Don't setCe!
02-22 13:58:30.896 W/        (11048): [ColorAdjust] Set temp_prefer temp_ce!
02-22 13:58:31.096 E/anti    (18454): anti once
02-22 13:58:31.366 I/QueryController( 9748): Matched selector: UiSelector[TEXT=] <<==>> [android.view.accessibility.AccessibilityNodeInfo@800d7796; boundsInParent: Rect(0, 0 - 112, 33); boundsInScreen: Rect(214, 1028 - 326, 1061); packageName: com.wanda.app.wanhui; className: android.widget.TextView; text: ; error: null; maxTextLength: -1; contentDescription: null; viewIdResName: null; checkable: false; checked: false; focusable: false; focused: false; selected: false; clickable: false; longClickable: false; enabled: true; password: false; scrollable: false; actions: [AccessibilityAction: ACTION_SELECT - null, AccessibilityAction: ACTION_CLEAR_SELECTION - null, AccessibilityAction: ACTION_ACCESSIBILITY_FOCUS - null, AccessibilityAction: ACTION_NEXT_AT_MOVEMENT_GRANULARITY - null, AccessibilityAction: ACTION_PREVIOUS_AT_MOVEMENT_GRANULARITY - null, AccessibilityAction: ACTION_SET_SELECTION - null]]
02-22 13:58:31.376 D/BaseMiuiPhoneWindowManager( 2395): keyCode:4 down:true 41743694 41743694
02-22 13:58:31.376 I/AppiumUnicodeIME( 4641): onKeyDown (keyCode='4', event.keyCode='4', metaState='0')
02-22 13:58:31.376 D/BaseMiuiPhoneWindowManager( 2395): keyCode:4 down:false 41743694 41743694
02-22 13:58:31.376 I/AppiumUnicodeIME( 4641): onKeyUp (keyCode='4', event.keyCode='4', metaState='0')
02-22 13:58:31.406 I/SurfaceFlinger(  307): FPS: 2
02-22 13:58:31.596 E/commonUtil( 9786): imsi is null
02-22 13:58:32.106 E/anti    (18454): anti once
02-22 13:58:32.236 I/ServiceManager( 9694): Waiting for service AtCmdFwd...
02-22 13:58:32.586 I/SurfaceFlinger(  307): FPS: 16
02-22 13:58:32.646 D/BatteryService( 2395): Processing new values: chargerAcOnline=false, chargerUsbOnline=true, chargerWirelessOnline=false, batteryStatus=5, batteryHealth=2, batteryPresent=true, batteryLevel=100, batteryTechnology=Li-ion, batteryVoltage=4376, batteryTemperature=328, mBatteryLevelCritical=false, mPlugType=2
02-22 13:58:32.646 D/BatteryService( 2395): Sending ACTION_BATTERY_CHANGED.  level:100, scale:100, status:5, health:2, present:true, voltage: 4376, temperature: 328, technology: Li-ion, AC powered:false, USB powered:true, Wireless powered:false, icon:17303157, invalid charger:0
02-22 13:58:32.646 D/BatteryService( 2395): zhaoqf_sh batteryServices call state : 0 mPlugType : 2
02-22 13:58:32.776 V/WLAN_PSA(  366): NL MSG, len[4037], NL type[0x1C] WNI type[0x5900] len[44303]
02-22 13:58:32.776 V/WLAN_PSA(  366): NL MSG, PID: 366
02-22 13:58:33.126 E/anti    (18454): anti once
02-22 13:58:33.236 I/ServiceManager( 9694): Waiting for service AtCmdFwd...
02-22 13:58:33.426 I/QueryController( 9748): Matched selector: UiSelector[TEXT=] <<==>> [android.view.accessibility.AccessibilityNodeInfo@800d7b57; boundsInParent: Rect(0, 0 - 84, 33); boundsInScreen: Rect(408, 1028 - 492, 1061); packageName: com.wanda.app.wanhui; className: android.widget.TextView; text: ; error: null; maxTextLength: -1; contentDescription: null; viewIdResName: null; checkable: false; checked: false; focusable: false; focused: false; selected: false; clickable: false; longClickable: false; enabled: true; password: false; scrollable: false; actions: [AccessibilityAction: ACTION_SELECT - null, AccessibilityAction: ACTION_CLEAR_SELECTION - null, AccessibilityAction: ACTION_ACCESSIBILITY_FOCUS - null, AccessibilityAction: ACTION_NEXT_AT_MOVEMENT_GRANULARITY - null, AccessibilityAction: ACTION_PREVIOUS_AT_MOVEMENT_GRANULARITY - null, AccessibilityAction: ACTION_SET_SELECTION - null]]
02-22 13:58:33.566 I/QueryController( 9748): Matched selector: UiSelector[TEXT=] <<==>> [android.view.accessibility.AccessibilityNodeInfo@800d7b57; boundsInParent: Rect(0, 0 - 84, 33); boundsInScreen: Rect(408, 1028 - 492, 1061); packageName: com.wanda.app.wanhui; className: android.widget.TextView; text: ; error: null; maxTextLength: -1; contentDescription: null; viewIdResName: null; checkable: false; checked: false; focusable: false; focused: false; selected: false; clickable: false; longClickable: false; enabled: true; password: false; scrollable: false; actions: [AccessibilityAction: ACTION_SELECT - null, AccessibilityAction: ACTION_CLEAR_SELECTION - null, AccessibilityAction: ACTION_ACCESSIBILITY_FOCUS - null, AccessibilityAction: ACTION_NEXT_AT_MOVEMENT_GRANULARITY - null, AccessibilityAction: ACTION_PREVIOUS_AT_MOVEMENT_GRANULARITY - null, AccessibilityAction: ACTION_SET_SELECTION - null]]
02-22 13:58:33.576 D/InteractionController( 9748): clickAndSync(450, 1044)
02-22 13:58:33.586 I/SurfaceFlinger(  307): FPS: 4
02-22 13:58:33.696 E/commonUtil( 9786): imsi is null
02-22 13:58:33.696 I/ActivityManager( 2395): START u0 {cmp=com.wanda.app.wanhui/com.feifan.o2o.business.parking.activity.ParkingCouponListActivity} from uid 10175 on display 0
02-22 13:58:33.706 V/WindowManager( 2395): addAppToken: AppWindowToken{2190fdcf token=Token{303fce2e ActivityRecord{1b2638a9 u0 com.wanda.app.wanhui/com.feifan.o2o.business.parking.activity.ParkingCouponListActivity t158}}} to stack=1 task=158 at 2
02-22 13:58:33.716 E/commonUtil( 9786): imsi is null
02-22 13:58:33.726 I/ActivityManager( 2395): Killing 4992:com.miui.weather2/u0a29 (adj 15): empty for 606s
02-22 13:58:33.726 I/ActivityManager( 2395): Killing 23147:com.cleanmaster.sdk/u0a54 (adj 15): empty for 622s
02-22 13:58:33.736 I/Timeline( 2395): Timeline: App_transition_ready time:41746050
02-22 13:58:33.736 D/PowerKeeperEventLogManager( 5386): notifyForegroundCompomentChanged ComponentInfo{com.wanda.app.wanhui/com.feifan.o2o.business.parking.activity.ParkingCouponListActivity}
02-22 13:58:33.746 E/commonUtil( 9786): imsi is null
02-22 13:58:33.756 I/Timeline( 2395): Timeline: App_transition_ready time:41746074
02-22 13:58:33.836 I/Timeline( 2395): Timeline: App_transition_ready time:41746156
02-22 13:58:33.846 V/WindowManager( 2395): Adding window Window{c00b665 u0 com.wanda.app.wanhui/com.feifan.o2o.business.parking.activity.ParkingCouponListActivity} at 5 of 12 (after Window{18b02430 u0 com.wanda.app.wanhui/com.feifan.o2o.business.parking.activity.ParkActivity})
02-22 13:58:33.866 I/Timeline( 2395): Timeline: App_transition_ready time:41746189
02-22 13:58:33.876 I/Timeline( 2395): Timeline: App_transition_ready time:41746192
02-22 13:58:33.896 I/XiaomiFirewall( 5196): firewall pkgName:com.wanda.app.wanhui, result:0x0
02-22 13:58:33.966 I/MSM-irqbalance(  555): Decided to move IRQ215 from CPU4 to CPU5
02-22 13:58:33.966 E/GsmCellLocation Error( 9786): GsmCellLocation is null
02-22 13:58:33.976 E/commonUtil( 9786): imsi is null
02-22 13:58:34.016 I/Timeline( 2395): Timeline: App_transition_ready time:41746336
02-22 13:58:34.026 I/ActivityManager( 2395): Displayed com.wanda.app.wanhui/com.feifan.o2o.business.parking.activity.ParkingCouponListActivity: +295ms
02-22 13:58:34.026 I/AppiumUnicodeIME( 4641): onFinishInput
02-22 13:58:34.026 I/AppiumUnicodeIME( 4641): onStartInput
02-22 13:58:34.136 E/anti    (18454): anti once
02-22 13:58:34.156 I/Timeline( 2395): Timeline: Activity_windows_visible id: ActivityRecord{1b2638a9 u0 com.wanda.app.wanhui/com.feifan.o2o.business.parking.activity.ParkingCouponListActivity t158} time:41746477
02-22 13:58:34.156 I/Timeline( 2395): Timeline: App_transition_stopped time:41746478
02-22 13:58:34.236 I/ServiceManager( 9694): Waiting for service AtCmdFwd...
02-22 13:58:34.296 I/art     ( 9786): Background partial concurrent mark sweep GC freed 102003(5MB) AllocSpace objects, 70(5MB) LOS objects, 21% free, 57MB/73MB, paused 2.397ms total 174.789ms
02-22 13:58:34.416 V/WLAN_PSA(  366): NL MSG, len[048], NL type[0x11] WNI type[0x5050] len[028]
02-22 13:58:34.416 V/WLAN_PSA(  366): NL MSG, PID: 366
02-22 13:58:35.086 I/SurfaceFlinger(  307): FPS: 43
02-22 13:58:35.146 E/anti    (18454): anti once
02-22 13:58:35.236 I/ServiceManager( 9694): Waiting for service AtCmdFwd...
02-22 13:58:35.906 W/        (11066): [ColorAdjust] gammamode=2, cemode=10
02-22 13:58:35.906 W/        (11066): [ColorAdjust] temp_gammavalue=2, temp_cevalue=10
02-22 13:58:35.906 W/        (11066): [ColorAdjust] Don't setGamma!
02-22 13:58:35.906 W/        (11066): [ColorAdjust] Don't setCe!
02-22 13:58:35.936 W/        (11066): [ColorAdjust] Set temp_prefer temp_ce!
02-22 13:58:36.046 I/AccessibilityNodeInfoDumper( 9748): Skipping invisible child: android.view.accessibility.AccessibilityNodeInfo@8010b173; boundsInParent: Rect(0, 0 - 0, 0); boundsInScreen: Rect(720, 106 - 720, 106); packageName: com.wanda.app.wanhui; className: android.widget.LinearLayout; text: null; error: null; maxTextLength: -1; contentDescription: null; viewIdResName: com.wanda.app.wanhui:id/common_title_view_layout_right_container; checkable: false; checked: false; focusable: false; focused: false; selected: false; clickable: false; longClickable: false; enabled: true; password: false; scrollable: false; actions: [AccessibilityAction: ACTION_SELECT - null, AccessibilityAction: ACTION_CLEAR_SELECTION - null, AccessibilityAction: ACTION_ACCESSIBILITY_FOCUS - null]
02-22 13:58:36.046 I/AccessibilityNodeInfoDumper( 9748): Skipping invisible child: android.view.accessibility.AccessibilityNodeInfo@8010a630; boundsInParent: Rect(0, 0 - 0, 112); boundsInScreen: Rect(720, 50 - 720, 162); packageName: com.wanda.app.wanhui; className: android.support.v7.widget.LinearLayoutCompat; text: null; error: null; maxTextLength: -1; contentDescription: null; viewIdResName: null; checkable: false; checked: false; focusable: false; focused: false; selected: false; clickable: false; longClickable: false; enabled: true; password: false; scrollable: false; actions: [AccessibilityAction: ACTION_SELECT - null, AccessibilityAction: ACTION_CLEAR_SELECTION - null, AccessibilityAction: ACTION_ACCESSIBILITY_FOCUS - null]
02-22 13:58:36.056 W/AccessibilityNodeInfoDumper( 9748): Fetch time: 9ms
02-22 13:58:36.106 I/art     ( 9748): Background sticky concurrent mark sweep GC freed 7067(538KB) AllocSpace objects, 5(92KB) LOS objects, 26% free, 1517KB/2MB, paused 12.174ms total 27.041ms
02-22 13:58:36.166 E/anti    (18454): anti once
02-22 13:58:36.236 I/ServiceManager( 9694): Waiting for service AtCmdFwd...
02-22 13:58:36.586 I/SurfaceFlinger(  307): FPS: 20
02-22 13:58:36.636 I/AccessibilityNodeInfoDumper( 9748): Skipping invisible child: android.view.accessibility.AccessibilityNodeInfo@8010b173; boundsInParent: Rect(0, 0 - 0, 0); boundsInScreen: Rect(720, 106 - 720, 106); packageName: com.wanda.app.wanhui; className: android.widget.LinearLayout; text: null; error: null; maxTextLength: -1; contentDescription: null; viewIdResName: com.wanda.app.wanhui:id/common_title_view_layout_right_container; checkable: false; checked: false; focusable: false; focused: false; selected: false; clickable: false; longClickable: false; enabled: true; password: false; scrollable: false; actions: [AccessibilityAction: ACTION_SELECT - null, AccessibilityAction: ACTION_CLEAR_SELECTION - null, AccessibilityAction: ACTION_ACCESSIBILITY_FOCUS - null]
02-22 13:58:36.636 I/AccessibilityNodeInfoDumper( 9748): Skipping invisible child: android.view.accessibility.AccessibilityNodeInfo@8010a630; boundsInParent: Rect(0, 0 - 0, 112); boundsInScreen: Rect(720, 50 - 720, 162); packageName: com.wanda.app.wanhui; className: android.support.v7.widget.LinearLayoutCompat; text: null; error: null; maxTextLength: -1; contentDescription: null; viewIdResName: null; checkable: false; checked: false; focusable: false; focused: false; selected: false; clickable: false; longClickable: false; enabled: true; password: false; scrollable: false; actions: [AccessibilityAction: ACTION_SELECT - null, AccessibilityAction: ACTION_CLEAR_SELECTION - null, AccessibilityAction: ACTION_ACCESSIBILITY_FOCUS - null]
02-22 13:58:36.636 W/AccessibilityNodeInfoDumper( 9748): Fetch time: 8ms
02-22 13:58:36.906 V/WLAN_PSA(  366): NL MSG, len[4078], NL type[0x1C] WNI type[0x5900] len[54799]
02-22 13:58:36.906 V/WLAN_PSA(  366): NL MSG, PID: 366
02-22 13:58:37.176 E/anti    (18454): anti once
02-22 13:58:37.196 I/AccessibilityNodeInfoDumper( 9748): Skipping invisible child: android.view.accessibility.AccessibilityNodeInfo@8010b173; boundsInParent: Rect(0, 0 - 0, 0); boundsInScreen: Rect(720, 106 - 720, 106); packageName: com.wanda.app.wanhui; className: android.widget.LinearLayout; text: null; error: null; maxTextLength: -1; contentDescription: null; viewIdResName: com.wanda.app.wanhui:id/common_title_view_layout_right_container; checkable: false; checked: false; focusable: false; focused: false; selected: false; clickable: false; longClickable: false; enabled: true; password: false; scrollable: false; actions: [AccessibilityAction: ACTION_SELECT - null, AccessibilityAction: ACTION_CLEAR_SELECTION - null, AccessibilityAction: ACTION_ACCESSIBILITY_FOCUS - null]
02-22 13:58:37.196 I/AccessibilityNodeInfoDumper( 9748): Skipping invisible child: android.view.accessibility.AccessibilityNodeInfo@8010a630; boundsInParent: Rect(0, 0 - 0, 112); boundsInScreen: Rect(720, 50 - 720, 162); packageName: com.wanda.app.wanhui; className: android.support.v7.widget.LinearLayoutCompat; text: null; error: null; maxTextLength: -1; contentDescription: null; viewIdResName: null; checkable: false; checked: false; focusable: false; focused: false; selected: false; clickable: false; longClickable: false; enabled: true; password: false; scrollable: false; actions: [AccessibilityAction: ACTION_SELECT - null, AccessibilityAction: ACTION_CLEAR_SELECTION - null, AccessibilityAction: ACTION_ACCESSIBILITY_FOCUS - null]
02-22 13:58:37.196 W/AccessibilityNodeInfoDumper( 9748): Fetch time: 7ms
02-22 13:58:37.236 W/Atfwd_Sendcmd( 9694): AtCmdFwd service not published, waiting... retryCnt : 4
02-22 13:58:37.756 I/AccessibilityNodeInfoDumper( 9748): Skipping invisible child: android.view.accessibility.AccessibilityNodeInfo@8010b173; boundsInParent: Rect(0, 0 - 0, 0); boundsInScreen: Rect(720, 106 - 720, 106); packageName: com.wanda.app.wanhui; className: android.widget.LinearLayout; text: null; error: null; maxTextLength: -1; contentDescription: null; viewIdResName: com.wanda.app.wanhui:id/common_title_view_layout_right_container; checkable: false; checked: false; focusable: false; focused: false; selected: false; clickable: false; longClickable: false; enabled: true; password: false; scrollable: false; actions: [AccessibilityAction: ACTION_SELECT - null, AccessibilityAction: ACTION_CLEAR_SELECTION - null, AccessibilityAction: ACTION_ACCESSIBILITY_FOCUS - null]
